OpenJDK 64-Bit Server VM (25.402-b06) for linux-amd64 JRE (1.8.0_402-8u402-ga-2ubuntu1~22.04-b06), built on Feb 27 2024 07:25:38 by "buildd" with gcc 11.4.0
Memory: 4k page, physical 8086124k(3138456k free), swap 2097148k(2097148k free)
CommandLine flags: -XX:+HeapDumpOnOutOfMemoryError -XX:HeapDumpPath=/home/noob/logs/oomDemo/heapdump.hprof -XX:InitialHeapSize=1048576000 -XX:MaxHeapSize=4194304000 -XX:+PrintGC -XX:+PrintGCDetails -XX:+PrintGCTimeStamps -XX:+UseCompressedClassPointers -XX:+UseCompressedOops -XX:+UseParallelGC 
0.871: [GC (Metadata GC Threshold) [PSYoungGen: 179204K->5728K(298496K)] 179204K->5744K(981504K), 0.0056838 secs] [Times: user=0.02 sys=0.00, real=0.01 secs] 
0.877: [Full GC (Metadata GC Threshold) [PSYoungGen: 5728K->0K(298496K)] [ParOldGen: 16K->5620K(683008K)] 5744K->5620K(981504K), [Metaspace: 20267K->20267K(1067008K)], 0.0185403 secs] [Times: user=0.05 sys=0.00, real=0.01 secs] 
731.814: [GC (Allocation Failure) [PSYoungGen: 219410K->7343K(298496K)] 2846471K->2634412K(3029504K), 0.0555507 secs] [Times: user=0.18 sys=0.03, real=0.06 secs] 
731.974: [GC (Allocation Failure) --[PSYoungGen: 178846K->178846K(298496K)] 2805915K->2805923K(3029504K), 0.0302661 secs] [Times: user=0.11 sys=0.00, real=0.04 secs] 
732.004: [Full GC (Ergonomics) [PSYoungGen: 178846K->0K(298496K)] [ParOldGen: 2627077K->2633153K(2731008K)] 2805923K->2633153K(3029504K), [Metaspace: 32422K->32422K(1079296K)], 0.9225464 secs] [Times: user=1.79 sys=0.00, real=0.92 secs] 
733.004: [GC (Allocation Failure) --[PSYoungGen: 172499K->172499K(298496K)] 2805653K->2805653K(3029504K), 0.0176711 secs] [Times: user=0.06 sys=0.00, real=0.01 secs] 
733.022: [Full GC (Ergonomics) [PSYoungGen: 172499K->0K(298496K)] [ParOldGen: 2633153K->2467825K(2731008K)] 2805653K->2467825K(3029504K), [Metaspace: 32422K->32422K(1079296K)], 0.6422295 secs] [Times: user=1.58 sys=0.00, real=0.65 secs] 
733.834: [GC (Allocation Failure) --[PSYoungGen: 175151K->175151K(298496K)] 2806816K->2806816K(3029504K), 0.0229024 secs] [Times: user=0.09 sys=0.00, real=0.03 secs] 
733.857: [Full GC (Ergonomics) [PSYoungGen: 175151K->0K(298496K)] [ParOldGen: 2631665K->2631665K(2731008K)] 2806816K->2631665K(3029504K), [Metaspace: 32422K->32422K(1079296K)], 0.4724106 secs] [Times: user=1.27 sys=0.00, real=0.47 secs] 
734.434: [GC (Allocation Failure) --[PSYoungGen: 171770K->171770K(298496K)] 2803435K->2803443K(3029504K), 0.0231478 secs] [Times: user=0.09 sys=0.00, real=0.03 secs] 
734.457: [Full GC (Ergonomics) [PSYoungGen: 171770K->0K(298496K)] [ParOldGen: 2631673K->2467825K(2731008K)] 2803443K->2467825K(3029504K), [Metaspace: 32422K->32422K(1079296K)], 0.6819367 secs] [Times: user=1.75 sys=0.00, real=0.68 secs] 
735.326: [GC (Allocation Failure) --[PSYoungGen: 175326K->175326K(298496K)] 2806991K->2806991K(3029504K), 0.0548070 secs] [Times: user=0.21 sys=0.00, real=0.05 secs] 
735.381: [Full GC (Ergonomics) [PSYoungGen: 175326K->0K(298496K)] [ParOldGen: 2631665K->2303985K(2731008K)] 2806991K->2303985K(3029504K), [Metaspace: 32426K->32426K(1079296K)], 0.6016564 secs] [Times: user=1.57 sys=0.00, real=0.60 secs] 
736.233: [GC (Allocation Failure) --[PSYoungGen: 178654K->178654K(298496K)] 2810319K->2810319K(3029504K), 0.0951952 secs] [Times: user=0.35 sys=0.00, real=0.10 secs] 
736.328: [Full GC (Ergonomics) [PSYoungGen: 178654K->163844K(298496K)] [ParOldGen: 2631665K->2631660K(2731008K)] 2810319K->2795505K(3029504K), [Metaspace: 32429K->32429K(1079296K)], 0.5732748 secs] [Times: user=1.65 sys=0.00, real=0.57 secs] 
736.901: [GC (Allocation Failure) --[PSYoungGen: 163844K->163844K(298496K)] 2795505K->2795505K(3029504K), 0.1783048 secs] [Times: user=0.68 sys=0.00, real=0.18 secs] 
737.080: [Full GC (Allocation Failure) [PSYoungGen: 163844K->163844K(298496K)] [ParOldGen: 2631660K->2629906K(2731008K)] 2795505K->2793751K(3029504K), [Metaspace: 32429K->32334K(1079296K)], 0.8174065 secs] [Times: user=2.07 sys=0.00, real=0.82 secs] 
802.966: [GC (Allocation Failure) --[PSYoungGen: 176117K->176117K(298496K)] 2806024K->2806024K(3029504K), 0.2612220 secs] [Times: user=0.99 sys=0.00, real=0.26 secs] 
803.227: [Full GC (Ergonomics) [PSYoungGen: 176117K->0K(298496K)] [ParOldGen: 2629906K->2630150K(2731008K)] 2806024K->2630150K(3029504K), [Metaspace: 32915K->32915K(1079296K)], 0.6430187 secs] [Times: user=1.76 sys=0.00, real=0.64 secs] 
803.949: [GC (Allocation Failure) --[PSYoungGen: 169207K->169207K(298496K)] 2799358K->2799358K(3029504K), 0.0672474 secs] [Times: user=0.24 sys=0.00, real=0.07 secs] 
804.017: [Full GC (Ergonomics) [PSYoungGen: 169207K->163849K(298496K)] [ParOldGen: 2630150K->2630098K(2731008K)] 2799358K->2793947K(3029504K), [Metaspace: 32917K->32917K(1079296K)], 0.7838335 secs] [Times: user=1.97 sys=0.00, real=0.78 secs] 
804.801: [GC (Allocation Failure) --[PSYoungGen: 163849K->163849K(298496K)] 2793947K->2793947K(3029504K), 0.1574942 secs] [Times: user=0.60 sys=0.00, real=0.16 secs] 
804.958: [Full GC (Allocation Failure) [PSYoungGen: 163849K->163845K(298496K)] [ParOldGen: 2630098K->2629983K(2731008K)] 2793947K->2793829K(3029504K), [Metaspace: 32917K->32913K(1079296K)], 0.2620282 secs] [Times: user=0.93 sys=0.00, real=0.26 secs] 
805.318: [GC (Allocation Failure) --[PSYoungGen: 171049K->171049K(298496K)] 2801033K->2801033K(3029504K), 0.1885348 secs] [Times: user=0.74 sys=0.00, real=0.19 secs] 
805.507: [Full GC (Ergonomics) [PSYoungGen: 171049K->0K(298496K)] [ParOldGen: 2629983K->2466224K(2731008K)] 2801033K->2466224K(3029504K), [Metaspace: 32919K->32919K(1079296K)], 0.4779663 secs] [Times: user=1.41 sys=0.00, real=0.48 secs] 
806.148: [GC (Allocation Failure) --[PSYoungGen: 174140K->174140K(298496K)] 2804204K->2804212K(3029504K), 0.0834873 secs] [Times: user=0.32 sys=0.00, real=0.08 secs] 
806.232: [Full GC (Ergonomics) [PSYoungGen: 174140K->0K(298496K)] [ParOldGen: 2630072K->2466230K(2731008K)] 2804212K->2466230K(3029504K), [Metaspace: 32923K->32923K(1079296K)], 0.4835114 secs] [Times: user=1.41 sys=0.00, real=0.48 secs] 
806.870: [GC (Allocation Failure) --[PSYoungGen: 173518K->173518K(298496K)] 2803588K->2803588K(3029504K), 0.0514349 secs] [Times: user=0.20 sys=0.00, real=0.05 secs] 
806.922: [Full GC (Ergonomics) [PSYoungGen: 173518K->163844K(298496K)] [ParOldGen: 2630070K->2630065K(2731008K)] 2803588K->2793909K(3029504K), [Metaspace: 32930K->32930K(1079296K)], 0.7618084 secs] [Times: user=1.85 sys=0.00, real=0.77 secs] 
807.684: [GC (Allocation Failure) --[PSYoungGen: 163844K->163844K(298496K)] 2793909K->2793909K(3029504K), 0.1693889 secs] [Times: user=0.65 sys=0.00, real=0.16 secs] 
807.853: [Full GC (Allocation Failure) [PSYoungGen: 163844K->163844K(298496K)] [ParOldGen: 2630065K->2629986K(2731008K)] 2793909K->2793830K(3029504K), [Metaspace: 32930K->32930K(1079296K)], 0.3304481 secs] [Times: user=1.03 sys=0.00, real=0.34 secs] 
808.271: [GC (Allocation Failure) --[PSYoungGen: 171414K->171414K(298496K)] 2801400K->2801408K(3029504K), 0.2117410 secs] [Times: user=0.82 sys=0.00, real=0.21 secs] 
808.482: [Full GC (Ergonomics) [PSYoungGen: 171414K->0K(298496K)] [ParOldGen: 2629994K->2466225K(2731008K)] 2801408K->2466225K(3029504K), [Metaspace: 32978K->32978K(1079296K)], 0.4450028 secs] [Times: user=1.35 sys=0.00, real=0.45 secs] 
809.069: [GC (Allocation Failure) --[PSYoungGen: 172361K->172361K(298496K)] 2802427K->2802427K(3029504K), 0.0741860 secs] [Times: user=0.22 sys=0.00, real=0.07 secs] 
809.143: [Full GC (Ergonomics) [PSYoungGen: 172361K->163851K(298496K)] [ParOldGen: 2630065K->2630060K(2731008K)] 2802427K->2793911K(3029504K), [Metaspace: 32983K->32983K(1079296K)], 0.5268653 secs] [Times: user=1.45 sys=0.00, real=0.53 secs] 
809.670: [GC (Allocation Failure) --[PSYoungGen: 163851K->163851K(298496K)] 2793911K->2793911K(3029504K), 0.2359727 secs] [Times: user=0.83 sys=0.00, real=0.24 secs] 
809.906: [Full GC (Allocation Failure) [PSYoungGen: 163851K->163845K(298496K)] [ParOldGen: 2630060K->2629986K(2731008K)] 2793911K->2793832K(3029504K), [Metaspace: 32983K->32983K(1079296K)], 0.3105673 secs] [Times: user=1.06 sys=0.00, real=0.31 secs] 
810.301: [GC (Allocation Failure) --[PSYoungGen: 168777K->168777K(298496K)] 2798764K->2798772K(3029504K), 0.2566505 secs] [Times: user=0.99 sys=0.00, real=0.26 secs] 
810.557: [Full GC (Ergonomics) [PSYoungGen: 168777K->0K(298496K)] [ParOldGen: 2629994K->2630065K(2731008K)] 2798772K->2630065K(3029504K), [Metaspace: 32985K->32985K(1079296K)], 0.4608279 secs] [Times: user=1.41 sys=0.00, real=0.46 secs] 
811.114: [GC (Allocation Failure) --[PSYoungGen: 167398K->167398K(298496K)] 2797463K->2797471K(3029504K), 0.0373149 secs] [Times: user=0.15 sys=0.00, real=0.04 secs] 
811.151: [Full GC (Ergonomics) [PSYoungGen: 167398K->163851K(298496K)] [ParOldGen: 2630073K->2630060K(2731008K)] 2797471K->2793911K(3029504K), [Metaspace: 32988K->32988K(1079296K)], 0.4923151 secs] [Times: user=1.45 sys=0.00, real=0.50 secs] 
811.644: [GC (Allocation Failure) --[PSYoungGen: 163851K->163851K(298496K)] 2793911K->2793911K(3029504K), 0.2263215 secs] [Times: user=0.86 sys=0.00, real=0.22 secs] 
811.870: [Full GC (Allocation Failure) [PSYoungGen: 163851K->163845K(298496K)] [ParOldGen: 2630060K->2629987K(2731008K)] 2793911K->2793832K(3029504K), [Metaspace: 32988K->32988K(1079296K)], 0.2582870 secs] [Times: user=0.92 sys=0.00, real=0.26 secs] 
812.222: [GC (Allocation Failure) --[PSYoungGen: 168365K->168365K(298496K)] 2798352K->2798352K(3029504K), 0.2934219 secs] [Times: user=1.11 sys=0.00, real=0.29 secs] 
812.515: [Full GC (Ergonomics) [PSYoungGen: 168365K->0K(298496K)] [ParOldGen: 2629987K->2630065K(2731008K)] 2798352K->2630065K(3029504K), [Metaspace: 32989K->32989K(1079296K)], 0.4256883 secs] [Times: user=1.33 sys=0.00, real=0.43 secs] 
813.036: [GC (Allocation Failure) --[PSYoungGen: 169763K->169763K(298496K)] 2799829K->2799829K(3029504K), 0.0669824 secs] [Times: user=0.25 sys=0.00, real=0.06 secs] 
813.103: [Full GC (Ergonomics) [PSYoungGen: 169763K->0K(298496K)] [ParOldGen: 2630065K->2630071K(2731008K)] 2799829K->2630071K(3029504K), [Metaspace: 32991K->32991K(1079296K)], 0.4574868 secs] [Times: user=1.39 sys=0.00, real=0.46 secs] 
813.666: [GC (Allocation Failure) --[PSYoungGen: 169314K->169314K(298496K)] 2799386K->2799386K(3029504K), 0.0626323 secs] [Times: user=0.24 sys=0.00, real=0.06 secs] 
813.729: [Full GC (Ergonomics) [PSYoungGen: 169314K->163844K(298496K)] [ParOldGen: 2630071K->2630067K(2731008K)] 2799386K->2793911K(3029504K), [Metaspace: 32991K->32991K(1079296K)], 0.4816751 secs] [Times: user=1.42 sys=0.00, real=0.48 secs] 
814.211: [GC (Allocation Failure) --[PSYoungGen: 163844K->163844K(298496K)] 2793911K->2793911K(3029504K), 0.2138450 secs] [Times: user=0.81 sys=0.00, real=0.22 secs] 
814.425: [Full GC (Allocation Failure) [PSYoungGen: 163844K->163844K(298496K)] [ParOldGen: 2630067K->2629988K(2731008K)] 2793911K->2793832K(3029504K), [Metaspace: 32991K->32991K(1079296K)], 0.2726730 secs] [Times: user=0.92 sys=0.00, real=0.27 secs] 
814.790: [GC (Allocation Failure) --[PSYoungGen: 170600K->170600K(298496K)] 2800588K->2800596K(3029504K), 0.2956960 secs] [Times: user=1.12 sys=0.00, real=0.30 secs] 
815.085: [Full GC (Ergonomics) [PSYoungGen: 170600K->0K(298496K)] [ParOldGen: 2629996K->2466227K(2731008K)] 2800596K->2466227K(3029504K), [Metaspace: 32998K->32998K(1079296K)], 0.4047645 secs] [Times: user=1.24 sys=0.00, real=0.40 secs] 
815.698: [GC (Allocation Failure) --[PSYoungGen: 171536K->171536K(298496K)] 2801603K->2801603K(3029504K), 0.0623634 secs] [Times: user=0.24 sys=0.00, real=0.06 secs] 
815.760: [Full GC (Ergonomics) [PSYoungGen: 171536K->0K(298496K)] [ParOldGen: 2630067K->2138553K(2731008K)] 2801603K->2138553K(3029504K), [Metaspace: 33002K->33002K(1079296K)], 0.6066708 secs] [Times: user=1.57 sys=0.00, real=0.61 secs] 
816.768: [GC (Allocation Failure) --[PSYoungGen: 174878K->174878K(298496K)] 2804951K->2804951K(3029504K), 0.0491272 secs] [Times: user=0.18 sys=0.00, real=0.05 secs] 
816.818: [Full GC (Ergonomics) [PSYoungGen: 174878K->0K(298496K)] [ParOldGen: 2630073K->2630073K(2731008K)] 2804951K->2630073K(3029504K), [Metaspace: 33012K->33012K(1079296K)], 0.7607172 secs] [Times: user=2.01 sys=0.00, real=0.76 secs] 
817.664: [GC (Allocation Failure) --[PSYoungGen: 167379K->167379K(298496K)] 2797453K->2797453K(3029504K), 0.0566375 secs] [Times: user=0.22 sys=0.00, real=0.05 secs] 
817.721: [Full GC (Ergonomics) [PSYoungGen: 167379K->163844K(298496K)] [ParOldGen: 2630073K->2630069K(2731008K)] 2797453K->2793913K(3029504K), [Metaspace: 33014K->33014K(1079296K)], 0.5166398 secs] [Times: user=1.42 sys=0.00, real=0.52 secs] 
818.238: [GC (Allocation Failure) --[PSYoungGen: 163844K->163844K(298496K)] 2793913K->2793913K(3029504K), 0.1506532 secs] [Times: user=0.58 sys=0.00, real=0.15 secs] 
818.389: [Full GC (Allocation Failure) [PSYoungGen: 163844K->163844K(298496K)] [ParOldGen: 2630069K->2629990K(2731008K)] 2793913K->2793834K(3029504K), [Metaspace: 33014K->33014K(1079296K)], 0.4131503 secs] [Times: user=1.18 sys=0.00, real=0.41 secs] 
818.895: [GC (Allocation Failure) --[PSYoungGen: 169304K->169304K(298496K)] 2799294K->2799294K(3029504K), 0.2371037 secs] [Times: user=0.90 sys=0.00, real=0.24 secs] 
819.133: [Full GC (Ergonomics) [PSYoungGen: 169304K->0K(298496K)] [ParOldGen: 2629990K->2466229K(2731008K)] 2799294K->2466229K(3029504K), [Metaspace: 33019K->33019K(1079296K)], 0.6725872 secs] [Times: user=1.72 sys=0.00, real=0.68 secs] 
819.986: [GC (Allocation Failure) --[PSYoungGen: 170857K->170857K(298496K)] 2800926K->2800926K(3029504K), 0.0938201 secs] [Times: user=0.35 sys=0.00, real=0.09 secs] 
820.080: [Full GC (Ergonomics) [PSYoungGen: 170857K->0K(298496K)] [ParOldGen: 2630069K->2630075K(2731008K)] 2800926K->2630075K(3029504K), [Metaspace: 33020K->33020K(1079296K)], 0.5500080 secs] [Times: user=1.51 sys=0.00, real=0.55 secs] 
820.724: [GC (Allocation Failure) --[PSYoungGen: 168772K->168772K(298496K)] 2798847K->2798847K(3029504K), 0.0432473 secs] [Times: user=0.16 sys=0.00, real=0.04 secs] 
820.768: [Full GC (Ergonomics) [PSYoungGen: 168772K->0K(298496K)] [ParOldGen: 2630075K->2630075K(2731008K)] 2798847K->2630075K(3029504K), [Metaspace: 33026K->33026K(1079296K)], 0.5407828 secs] [Times: user=1.53 sys=0.00, real=0.54 secs] 
821.385: [GC (Allocation Failure) --[PSYoungGen: 168679K->168679K(298496K)] 2798754K->2798754K(3029504K), 0.0639293 secs] [Times: user=0.25 sys=0.00, real=0.06 secs] 
821.449: [Full GC (Ergonomics) [PSYoungGen: 168679K->163844K(298496K)] [ParOldGen: 2630075K->2630071K(2731008K)] 2798754K->2793915K(3029504K), [Metaspace: 33027K->33027K(1079296K)], 0.7259988 secs] [Times: user=1.81 sys=0.00, real=0.72 secs] 
822.175: [GC (Allocation Failure) --[PSYoungGen: 163844K->163844K(298496K)] 2793915K->2793915K(3029504K), 0.1826604 secs] [Times: user=0.65 sys=0.00, real=0.19 secs] 
822.358: [Full GC (Allocation Failure) [PSYoungGen: 163844K->163844K(298496K)] [ParOldGen: 2630071K->2629991K(2731008K)] 2793915K->2793836K(3029504K), [Metaspace: 33027K->33027K(1079296K)], 0.3541306 secs] [Times: user=1.10 sys=0.00, real=0.35 secs] 
822.785: [GC (Allocation Failure) --[PSYoungGen: 170487K->170487K(298496K)] 2800479K->2800479K(3029504K), 0.2468841 secs] [Times: user=0.95 sys=0.00, real=0.24 secs] 
823.032: [Full GC (Ergonomics) [PSYoungGen: 170487K->163924K(298496K)] [ParOldGen: 2629991K->2629986K(2731008K)] 2800479K->2793911K(3029504K), [Metaspace: 33032K->33032K(1079296K)], 0.5432522 secs] [Times: user=1.48 sys=0.00, real=0.54 secs] 
823.576: [GC (Allocation Failure) --[PSYoungGen: 163924K->163924K(298496K)] 2793911K->2793911K(3029504K), 0.2224320 secs] [Times: user=0.85 sys=0.00, real=0.23 secs] 
823.798: [Full GC (Allocation Failure) [PSYoungGen: 163924K->163850K(298496K)] [ParOldGen: 2629986K->2629986K(2731008K)] 2793911K->2793837K(3029504K), [Metaspace: 33032K->33032K(1079296K)], 0.2565020 secs] [Times: user=0.92 sys=0.00, real=0.25 secs] 
824.153: [GC (Allocation Failure) --[PSYoungGen: 168977K->168977K(298496K)] 2798964K->2798964K(3029504K), 0.2691334 secs] [Times: user=1.03 sys=0.00, real=0.27 secs] 
824.423: [Full GC (Ergonomics) [PSYoungGen: 168977K->0K(298496K)] [ParOldGen: 2629986K->2138549K(2731008K)] 2798964K->2138549K(3029504K), [Metaspace: 33041K->33041K(1079296K)], 0.6191881 secs] [Times: user=1.59 sys=0.00, real=0.62 secs] 
825.383: [GC (Allocation Failure) --[PSYoungGen: 175398K->175398K(298496K)] 2805468K->2805476K(3029504K), 0.0655894 secs] [Times: user=0.25 sys=0.00, real=0.07 secs] 
825.449: [Full GC (Ergonomics) [PSYoungGen: 175398K->0K(298496K)] [ParOldGen: 2630077K->2466236K(2731008K)] 2805476K->2466236K(3029504K), [Metaspace: 33056K->33056K(1079296K)], 0.7057969 secs] [Times: user=1.77 sys=0.00, real=0.70 secs] 
826.290: [GC (Allocation Failure) --[PSYoungGen: 171679K->171679K(298496K)] 2801756K->2801756K(3029504K), 0.0789735 secs] [Times: user=0.30 sys=0.00, real=0.08 secs] 
826.369: [Full GC (Ergonomics) [PSYoungGen: 171679K->0K(298496K)] [ParOldGen: 2630076K->2466236K(2731008K)] 2801756K->2466236K(3029504K), [Metaspace: 33057K->33057K(1079296K)], 0.7129266 secs] [Times: user=1.80 sys=0.00, real=0.71 secs] 
827.274: [GC (Allocation Failure) --[PSYoungGen: 170126K->170126K(298496K)] 2800202K->2800202K(3029504K), 0.0534128 secs] [Times: user=0.20 sys=0.00, real=0.06 secs] 
827.328: [Full GC (Ergonomics) [PSYoungGen: 170126K->163844K(298496K)] [ParOldGen: 2630076K->2630071K(2731008K)] 2800202K->2793916K(3029504K), [Metaspace: 33061K->33061K(1081344K)], 0.5301747 secs] [Times: user=1.46 sys=0.00, real=0.53 secs] 
827.858: [GC (Allocation Failure) --[PSYoungGen: 163844K->163844K(298496K)] 2793916K->2793916K(3029504K), 0.1886306 secs] [Times: user=0.72 sys=0.00, real=0.19 secs] 
828.047: [Full GC (Allocation Failure) [PSYoungGen: 163844K->163844K(298496K)] [ParOldGen: 2630071K->2629994K(2731008K)] 2793916K->2793839K(3029504K), [Metaspace: 33061K->33061K(1081344K)], 0.4645383 secs] [Times: user=1.30 sys=0.00, real=0.46 secs] 
828.530: [GC (Allocation Failure) --[PSYoungGen: 166654K->166654K(298496K)] 2796649K->2796649K(3029504K), 0.3073193 secs] [Times: user=1.16 sys=0.00, real=0.31 secs] 
828.837: [Full GC (Ergonomics) [PSYoungGen: 166654K->163922K(298496K)] [ParOldGen: 2629994K->2629990K(2731008K)] 2796649K->2793912K(3029504K), [Metaspace: 33063K->33063K(1081344K)], 0.4834025 secs] [Times: user=1.39 sys=0.00, real=0.48 secs] 
829.321: [GC (Allocation Failure) --[PSYoungGen: 163922K->163922K(298496K)] 2793912K->2793912K(3029504K), 0.2609874 secs] [Times: user=0.98 sys=0.00, real=0.26 secs] 
829.582: [Full GC (Allocation Failure) [PSYoungGen: 163922K->163849K(298496K)] [ParOldGen: 2629990K->2629990K(2731008K)] 2793912K->2793839K(3029504K), [Metaspace: 33063K->33063K(1081344K)], 0.2507488 secs] [Times: user=0.90 sys=0.00, real=0.25 secs] 
829.908: [GC (Allocation Failure) --[PSYoungGen: 167692K->167692K(298496K)] 2797682K->2797682K(3029504K), 0.3266851 secs] [Times: user=1.23 sys=0.00, real=0.32 secs] 
830.235: [Full GC (Ergonomics) [PSYoungGen: 167692K->163922K(298496K)] [ParOldGen: 2629990K->2629989K(2731008K)] 2797682K->2793912K(3029504K), [Metaspace: 33068K->33068K(1081344K)], 0.4967036 secs] [Times: user=1.43 sys=0.00, real=0.50 secs] 
830.731: [GC (Allocation Failure) --[PSYoungGen: 163922K->163922K(298496K)] 2793912K->2793912K(3029504K), 0.2695696 secs] [Times: user=1.01 sys=0.00, real=0.27 secs] 
831.001: [Full GC (Allocation Failure) [PSYoungGen: 163922K->163849K(298496K)] [ParOldGen: 2629989K->2629989K(2731008K)] 2793912K->2793839K(3029504K), [Metaspace: 33068K->33068K(1081344K)], 0.2695906 secs] [Times: user=0.96 sys=0.00, real=0.27 secs] 
831.365: [GC (Allocation Failure) --[PSYoungGen: 169586K->169586K(298496K)] 2799576K->2799576K(3029504K), 0.2890390 secs] [Times: user=1.10 sys=0.00, real=0.28 secs] 
831.654: [Full GC (Ergonomics) [PSYoungGen: 169586K->163923K(298496K)] [ParOldGen: 2629989K->2629989K(2731008K)] 2799576K->2793912K(3029504K), [Metaspace: 33072K->33072K(1081344K)], 0.6770604 secs] [Times: user=1.67 sys=0.00, real=0.68 secs] 
832.331: [GC (Allocation Failure) --[PSYoungGen: 163923K->163923K(298496K)] 2793912K->2793936K(3029504K), 0.2631956 secs] [Times: user=1.00 sys=0.00, real=0.26 secs] 
832.594: [Full GC (Allocation Failure) [PSYoungGen: 163923K->163849K(298496K)] [ParOldGen: 2630013K->2629990K(2731008K)] 2793936K->2793839K(3029504K), [Metaspace: 33072K->33072K(1081344K)], 0.2678593 secs] [Times: user=0.94 sys=0.00, real=0.27 secs] 
832.949: [GC (Allocation Failure) --[PSYoungGen: 169454K->169454K(298496K)] 2799444K->2799444K(3029504K), 0.3405270 secs] [Times: user=1.29 sys=0.00, real=0.34 secs] 
833.289: [Full GC (Ergonomics) [PSYoungGen: 169454K->0K(298496K)] [ParOldGen: 2629990K->2466234K(2731008K)] 2799444K->2466234K(3029504K), [Metaspace: 33076K->33076K(1081344K)], 0.6432660 secs] [Times: user=1.65 sys=0.00, real=0.64 secs] 
834.101: [GC (Allocation Failure) --[PSYoungGen: 171343K->171343K(298496K)] 2801417K->2801417K(3029504K), 0.1184199 secs] [Times: user=0.45 sys=0.00, real=0.12 secs] 
834.220: [Full GC (Ergonomics) [PSYoungGen: 171343K->0K(298496K)] [ParOldGen: 2630074K->2630080K(2731008K)] 2801417K->2630080K(3029504K), [Metaspace: 33076K->33076K(1081344K)], 0.4899283 secs] [Times: user=1.45 sys=0.00, real=0.49 secs] 
834.793: [GC (Allocation Failure) --[PSYoungGen: 169241K->169241K(298496K)] 2799322K->2799330K(3029504K), 0.0775089 secs] [Times: user=0.30 sys=0.00, real=0.08 secs] 
834.871: [Full GC (Ergonomics) [PSYoungGen: 169241K->0K(298496K)] [ParOldGen: 2630088K->2630080K(2731008K)] 2799330K->2630080K(3029504K), [Metaspace: 33086K->33086K(1081344K)], 0.4530304 secs] [Times: user=1.37 sys=0.00, real=0.46 secs] 
835.424: [GC (Allocation Failure) --[PSYoungGen: 169136K->169136K(298496K)] 2799216K->2799216K(3029504K), 0.1054697 secs] [Times: user=0.38 sys=0.00, real=0.11 secs] 
835.529: [Full GC (Ergonomics) [PSYoungGen: 169136K->163844K(298496K)] [ParOldGen: 2630080K->2630076K(2731008K)] 2799216K->2793920K(3029504K), [Metaspace: 33089K->33089K(1081344K)], 0.4645672 secs] [Times: user=1.39 sys=0.00, real=0.46 secs] 
835.994: [GC (Allocation Failure) --[PSYoungGen: 163844K->163844K(298496K)] 2793920K->2793920K(3029504K), 0.2265904 secs] [Times: user=0.86 sys=0.00, real=0.23 secs] 
836.220: [Full GC (Allocation Failure) [PSYoungGen: 163844K->163844K(298496K)] [ParOldGen: 2630076K->2629997K(2731008K)] 2793920K->2793841K(3029504K), [Metaspace: 33089K->33089K(1081344K)], 0.3250184 secs] [Times: user=1.01 sys=0.00, real=0.33 secs] 
836.624: [GC (Allocation Failure) --[PSYoungGen: 169477K->169477K(298496K)] 2799474K->2799474K(3029504K), 0.2864350 secs] [Times: user=1.09 sys=0.00, real=0.28 secs] 
836.910: [Full GC (Ergonomics) [PSYoungGen: 169477K->163925K(298496K)] [ParOldGen: 2629997K->2629992K(2731008K)] 2799474K->2793917K(3029504K), [Metaspace: 33098K->33098K(1081344K)], 0.7235196 secs] [Times: user=1.78 sys=0.00, real=0.72 secs] 
837.634: [GC (Allocation Failure) --[PSYoungGen: 163925K->163925K(298496K)] 2793917K->2793917K(3029504K), 0.2616740 secs] [Times: user=0.99 sys=0.00, real=0.27 secs] 
837.896: [Full GC (Allocation Failure) [PSYoungGen: 163925K->163851K(298496K)] [ParOldGen: 2629992K->2629992K(2731008K)] 2793917K->2793843K(3029504K), [Metaspace: 33098K->33098K(1081344K)], 0.2688458 secs] [Times: user=0.96 sys=0.00, real=0.27 secs] 
838.238: [GC (Allocation Failure) --[PSYoungGen: 166743K->166743K(298496K)] 2796735K->2796743K(3029504K), 0.3081137 secs] [Times: user=1.12 sys=0.00, real=0.31 secs] 
838.546: [Full GC (Ergonomics) [PSYoungGen: 166743K->163931K(298496K)] [ParOldGen: 2630000K->2629991K(2731008K)] 2796743K->2793923K(3029504K), [Metaspace: 33133K->33133K(1081344K)], 0.7746498 secs] [Times: user=1.92 sys=0.00, real=0.77 secs] 
839.321: [GC (Allocation Failure) --[PSYoungGen: 163931K->163931K(298496K)] 2793923K->2793923K(3029504K), 0.2672241 secs] [Times: user=1.01 sys=0.00, real=0.27 secs] 
839.588: [Full GC (Allocation Failure) [PSYoungGen: 163931K->163857K(298496K)] [ParOldGen: 2629991K->2629991K(2731008K)] 2793923K->2793849K(3029504K), [Metaspace: 33133K->33133K(1081344K)], 0.2989573 secs] [Times: user=1.08 sys=0.00, real=0.30 secs] 
839.963: [GC (Allocation Failure) --[PSYoungGen: 165061K->165061K(298496K)] 2795053K->2795061K(3029504K), 0.3253209 secs] [Times: user=1.24 sys=0.00, real=0.33 secs] 
840.289: [Full GC (Ergonomics) [PSYoungGen: 165061K->163933K(298496K)] [ParOldGen: 2629999K->2629991K(2731008K)] 2795061K->2793925K(3029504K), [Metaspace: 33147K->33147K(1081344K)], 0.7197419 secs] [Times: user=1.77 sys=0.00, real=0.72 secs] 
841.009: [GC (Allocation Failure) --[PSYoungGen: 163933K->163933K(298496K)] 2793925K->2793941K(3029504K), 0.2598486 secs] [Times: user=0.99 sys=0.00, real=0.26 secs] 
841.268: [Full GC (Allocation Failure) [PSYoungGen: 163933K->163859K(298496K)] [ParOldGen: 2630007K->2629991K(2731008K)] 2793941K->2793851K(3029504K), [Metaspace: 33147K->33147K(1081344K)], 0.2530513 secs] [Times: user=0.91 sys=0.00, real=0.25 secs] 
841.590: [GC (Allocation Failure) --[PSYoungGen: 165481K->165481K(298496K)] 2795473K->2795473K(3029504K), 0.3337521 secs] [Times: user=1.22 sys=0.00, real=0.34 secs] 
841.924: [Full GC (Ergonomics) [PSYoungGen: 165481K->163935K(298496K)] [ParOldGen: 2629991K->2629991K(2731008K)] 2795473K->2793927K(3029504K), [Metaspace: 33148K->33148K(1081344K)], 0.7199075 secs] [Times: user=1.76 sys=0.00, real=0.72 secs] 
842.644: [GC (Allocation Failure) --[PSYoungGen: 163935K->163935K(298496K)] 2793927K->2793951K(3029504K), 0.3116916 secs] [Times: user=1.18 sys=0.00, real=0.31 secs] 
842.956: [Full GC (Allocation Failure) [PSYoungGen: 163935K->163859K(298496K)] [ParOldGen: 2630015K->2629994K(2731008K)] 2793951K->2793853K(3029504K), [Metaspace: 33148K->33148K(1081344K)], 0.2777831 secs] [Times: user=1.00 sys=0.00, real=0.27 secs] 
843.328: [GC (Allocation Failure) --[PSYoungGen: 166284K->166284K(298496K)] 2796278K->2796278K(3029504K), 0.3170790 secs] [Times: user=1.17 sys=0.00, real=0.32 secs] 
843.645: [Full GC (Ergonomics) [PSYoungGen: 166284K->163930K(298496K)] [ParOldGen: 2629994K->2629994K(2731008K)] 2796278K->2793925K(3029504K), [Metaspace: 33150K->33150K(1081344K)], 0.3730297 secs] [Times: user=1.19 sys=0.00, real=0.37 secs] 
844.018: [GC (Allocation Failure) --[PSYoungGen: 163930K->163930K(298496K)] 2793925K->2793949K(3029504K), 0.2740853 secs] [Times: user=1.05 sys=0.00, real=0.27 secs] 
844.292: [Full GC (Allocation Failure) [PSYoungGen: 163930K->163851K(298496K)] [ParOldGen: 2630018K->2630000K(2731008K)] 2793949K->2793851K(3029504K), [Metaspace: 33150K->33150K(1081344K)], 0.2599113 secs] [Times: user=0.92 sys=0.00, real=0.26 secs] 
844.636: [GC (Allocation Failure) --[PSYoungGen: 167935K->167935K(298496K)] 2797936K->2797936K(3029504K), 0.3786706 secs] [Times: user=1.39 sys=0.00, real=0.37 secs] 
845.015: [Full GC (Ergonomics) [PSYoungGen: 167935K->163922K(298496K)] [ParOldGen: 2630000K->2630000K(2731008K)] 2797936K->2793922K(3029504K), [Metaspace: 33155K->33155K(1081344K)], 0.3708942 secs] [Times: user=1.18 sys=0.00, real=0.38 secs] 
845.386: [GC (Allocation Failure) --[PSYoungGen: 163922K->163922K(298496K)] 2793922K->2793946K(3029504K), 0.2752627 secs] [Times: user=1.05 sys=0.00, real=0.27 secs] 
845.662: [Full GC (Allocation Failure) [PSYoungGen: 163922K->163848K(298496K)] [ParOldGen: 2630024K->2630002K(2731008K)] 2793946K->2793851K(3029504K), [Metaspace: 33155K->33155K(1081344K)], 0.2534000 secs] [Times: user=0.90 sys=0.00, real=0.25 secs] 
846.003: [GC (Allocation Failure) --[PSYoungGen: 169169K->169169K(298496K)] 2799171K->2799179K(3029504K), 0.3078292 secs] [Times: user=1.17 sys=0.00, real=0.31 secs] 
846.311: [Full GC (Ergonomics) [PSYoungGen: 169169K->163922K(298496K)] [ParOldGen: 2630010K->2630002K(2731008K)] 2799179K->2793925K(3029504K), [Metaspace: 33159K->33159K(1081344K)], 0.6823379 secs] [Times: user=1.67 sys=0.00, real=0.68 secs] 
846.994: [GC (Allocation Failure) --[PSYoungGen: 163922K->163922K(298496K)] 2793925K->2793941K(3029504K), 0.2776752 secs] [Times: user=1.06 sys=0.00, real=0.28 secs] 
847.271: [Full GC (Allocation Failure) [PSYoungGen: 163922K->163849K(298496K)] [ParOldGen: 2630018K->2630002K(2731008K)] 2793941K->2793851K(3029504K), [Metaspace: 33159K->33159K(1081344K)], 0.2611963 secs] [Times: user=0.93 sys=0.00, real=0.26 secs] 
847.605: [GC (Allocation Failure) --[PSYoungGen: 169059K->169059K(298496K)] 2799062K->2799062K(3029504K), 0.3070983 secs] [Times: user=1.18 sys=0.00, real=0.30 secs] 
847.913: [Full GC (Ergonomics) [PSYoungGen: 169059K->163922K(298496K)] [ParOldGen: 2630002K->2630002K(2731008K)] 2799062K->2793925K(3029504K), [Metaspace: 33161K->33161K(1081344K)], 0.6244964 secs] [Times: user=1.68 sys=0.00, real=0.63 secs] 
848.537: [GC (Allocation Failure) --[PSYoungGen: 163922K->163922K(298496K)] 2793925K->2793941K(3029504K), 0.2800687 secs] [Times: user=1.07 sys=0.00, real=0.28 secs] 
848.818: [Full GC (Allocation Failure) [PSYoungGen: 163922K->163849K(298496K)] [ParOldGen: 2630018K->2630002K(2731008K)] 2793941K->2793851K(3029504K), [Metaspace: 33161K->33161K(1081344K)], 0.2632402 secs] [Times: user=0.94 sys=0.00, real=0.26 secs] 
849.155: [GC (Allocation Failure) --[PSYoungGen: 168978K->168978K(298496K)] 2798980K->2798980K(3029504K), 0.3195993 secs] [Times: user=1.22 sys=0.00, real=0.32 secs] 
849.475: [Full GC (Ergonomics) [PSYoungGen: 168978K->0K(298496K)] [ParOldGen: 2630002K->2466246K(2731008K)] 2798980K->2466246K(3029504K), [Metaspace: 33163K->33163K(1081344K)], 0.4154974 secs] [Times: user=1.30 sys=0.00, real=0.42 secs] 
850.062: [GC (Allocation Failure) --[PSYoungGen: 168730K->168730K(298496K)] 2798817K->2798825K(3029504K), 0.0418957 secs] [Times: user=0.16 sys=0.00, real=0.04 secs] 
850.104: [Full GC (Ergonomics) [PSYoungGen: 168730K->163851K(298496K)] [ParOldGen: 2630094K->2630081K(2731008K)] 2798825K->2793933K(3029504K), [Metaspace: 33164K->33164K(1081344K)], 0.3556130 secs] [Times: user=1.17 sys=0.00, real=0.36 secs] 
850.459: [GC (Allocation Failure) --[PSYoungGen: 163851K->163851K(298496K)] 2793933K->2793933K(3029504K), 0.3212625 secs] [Times: user=1.20 sys=0.00, real=0.32 secs] 
850.781: [Full GC (Allocation Failure) [PSYoungGen: 163851K->163845K(298496K)] [ParOldGen: 2630081K->2630008K(2731008K)] 2793933K->2793853K(3029504K), [Metaspace: 33164K->33164K(1081344K)], 0.3172875 secs] [Times: user=1.09 sys=0.00, real=0.32 secs] 
851.184: [GC (Allocation Failure) --[PSYoungGen: 165077K->165077K(298496K)] 2795086K->2795094K(3029504K), 0.2881613 secs] [Times: user=1.11 sys=0.00, real=0.28 secs] 
851.473: [Full GC (Ergonomics) [PSYoungGen: 165077K->163923K(298496K)] [ParOldGen: 2630016K->2630003K(2731008K)] 2795094K->2793927K(3029504K), [Metaspace: 33169K->33169K(1081344K)], 0.3477794 secs] [Times: user=1.14 sys=0.00, real=0.35 secs] 
851.820: [GC (Allocation Failure) --[PSYoungGen: 163923K->163923K(298496K)] 2793927K->2793927K(3029504K), 0.2639052 secs] [Times: user=1.01 sys=0.00, real=0.27 secs] 
852.084: [Full GC (Allocation Failure) [PSYoungGen: 163923K->163849K(298496K)] [ParOldGen: 2630003K->2630003K(2731008K)] 2793927K->2793853K(3029504K), [Metaspace: 33169K->33169K(1081344K)], 0.2639865 secs] [Times: user=0.94 sys=0.00, real=0.26 secs] 
852.446: [GC (Allocation Failure) --[PSYoungGen: 164507K->164507K(298496K)] 2794511K->2794511K(3029504K), 0.2922052 secs] [Times: user=1.12 sys=0.00, real=0.29 secs] 
852.738: [Full GC (Ergonomics) [PSYoungGen: 164507K->163923K(298496K)] [ParOldGen: 2630003K->2630003K(2731008K)] 2794511K->2793927K(3029504K), [Metaspace: 33174K->33174K(1081344K)], 0.3519125 secs] [Times: user=1.17 sys=0.00, real=0.35 secs] 
853.090: [GC (Allocation Failure) --[PSYoungGen: 163923K->163923K(298496K)] 2793927K->2793927K(3029504K), 0.2589345 secs] [Times: user=0.99 sys=0.00, real=0.26 secs] 
853.349: [Full GC (Allocation Failure) [PSYoungGen: 163923K->163849K(298496K)] [ParOldGen: 2630003K->2630003K(2731008K)] 2793927K->2793853K(3029504K), [Metaspace: 33174K->33174K(1081344K)], 0.2526535 secs] [Times: user=0.90 sys=0.00, real=0.25 secs] 
853.675: [GC (Allocation Failure) --[PSYoungGen: 164544K->164544K(298496K)] 2794547K->2794555K(3029504K), 0.3390418 secs] [Times: user=1.21 sys=0.00, real=0.34 secs] 
854.015: [Full GC (Ergonomics) [PSYoungGen: 164544K->163923K(298496K)] [ParOldGen: 2630011K->2630003K(2731008K)] 2794555K->2793927K(3029504K), [Metaspace: 33185K->33185K(1081344K)], 0.3576210 secs] [Times: user=1.19 sys=0.00, real=0.36 secs] 
854.372: [GC (Allocation Failure) --[PSYoungGen: 163923K->163923K(298496K)] 2793927K->2793951K(3029504K), 0.2581790 secs] [Times: user=0.98 sys=0.00, real=0.26 secs] 
854.631: [Full GC (Allocation Failure) [PSYoungGen: 163923K->163849K(298496K)] [ParOldGen: 2630027K->2630004K(2731008K)] 2793951K->2793853K(3029504K), [Metaspace: 33185K->33185K(1081344K)], 0.2545082 secs] [Times: user=0.91 sys=0.00, real=0.26 secs] 
854.951: [GC (Allocation Failure) --[PSYoungGen: 164878K->164878K(298496K)] 2794882K->2794882K(3029504K), 0.3026226 secs] [Times: user=1.16 sys=0.00, real=0.30 secs] 
855.254: [Full GC (Ergonomics) [PSYoungGen: 164878K->163923K(298496K)] [ParOldGen: 2630004K->2630004K(2731008K)] 2794882K->2793927K(3029504K), [Metaspace: 33189K->33189K(1081344K)], 0.3471284 secs] [Times: user=1.15 sys=0.00, real=0.35 secs] 
855.601: [GC (Allocation Failure) --[PSYoungGen: 163923K->163923K(298496K)] 2793927K->2793943K(3029504K), 0.2763305 secs] [Times: user=1.05 sys=0.00, real=0.28 secs] 
855.878: [Full GC (Allocation Failure) [PSYoungGen: 163923K->163849K(298496K)] [ParOldGen: 2630020K->2630004K(2731008K)] 2793943K->2793853K(3029504K), [Metaspace: 33189K->33189K(1081344K)], 0.2511110 secs] [Times: user=0.90 sys=0.00, real=0.25 secs] 
856.228: [GC (Allocation Failure) --[PSYoungGen: 165579K->165579K(298496K)] 2795584K->2795584K(3029504K), 0.3593166 secs] [Times: user=1.37 sys=0.00, real=0.36 secs] 
856.587: [Full GC (Ergonomics) [PSYoungGen: 165579K->163923K(298496K)] [ParOldGen: 2630004K->2630004K(2731008K)] 2795584K->2793927K(3029504K), [Metaspace: 33195K->33195K(1081344K)], 0.3129770 secs] [Times: user=1.08 sys=0.00, real=0.31 secs] 
856.900: [GC (Allocation Failure) --[PSYoungGen: 163923K->163923K(298496K)] 2793927K->2793935K(3029504K), 0.2740881 secs] [Times: user=1.04 sys=0.00, real=0.27 secs] 
857.175: [Full GC (Allocation Failure) [PSYoungGen: 163923K->163849K(298496K)] [ParOldGen: 2630012K->2630004K(2731008K)] 2793935K->2793853K(3029504K), [Metaspace: 33195K->33195K(1081344K)], 0.2542118 secs] [Times: user=0.91 sys=0.00, real=0.26 secs] 
857.520: [GC (Allocation Failure) --[PSYoungGen: 166095K->166095K(298496K)] 2796100K->2796100K(3029504K), 0.3026558 secs] [Times: user=1.16 sys=0.00, real=0.30 secs] 
857.822: [Full GC (Ergonomics) [PSYoungGen: 166095K->163923K(298496K)] [ParOldGen: 2630004K->2630004K(2731008K)] 2796100K->2793927K(3029504K), [Metaspace: 33200K->33200K(1081344K)], 0.3279622 secs] [Times: user=1.14 sys=0.00, real=0.33 secs] 
858.150: [GC (Allocation Failure) --[PSYoungGen: 163923K->163923K(298496K)] 2793927K->2793943K(3029504K), 0.2821424 secs] [Times: user=1.07 sys=0.00, real=0.28 secs] 
858.433: [Full GC (Allocation Failure) [PSYoungGen: 163923K->163849K(298496K)] [ParOldGen: 2630020K->2630004K(2731008K)] 2793943K->2793853K(3029504K), [Metaspace: 33200K->33200K(1081344K)], 0.2759283 secs] [Times: user=0.99 sys=0.00, real=0.28 secs] 
858.782: [GC (Allocation Failure) --[PSYoungGen: 166055K->166055K(298496K)] 2796060K->2796060K(3029504K), 0.3213169 secs] [Times: user=1.23 sys=0.00, real=0.32 secs] 
859.103: [Full GC (Ergonomics) [PSYoungGen: 166055K->163922K(298496K)] [ParOldGen: 2630004K->2630004K(2731008K)] 2796060K->2793927K(3029504K), [Metaspace: 33203K->33203K(1081344K)], 0.3585836 secs] [Times: user=1.26 sys=0.00, real=0.36 secs] 
859.462: [GC (Allocation Failure) --[PSYoungGen: 163922K->163922K(298496K)] 2793927K->2793935K(3029504K), 0.2878500 secs] [Times: user=1.09 sys=0.00, real=0.29 secs] 
859.750: [Full GC (Allocation Failure) [PSYoungGen: 163922K->163849K(298496K)] [ParOldGen: 2630012K->2630004K(2731008K)] 2793935K->2793853K(3029504K), [Metaspace: 33203K->33203K(1081344K)], 0.2645591 secs] [Times: user=0.94 sys=0.00, real=0.26 secs] 
860.072: [GC (Allocation Failure) --[PSYoungGen: 167760K->167760K(298496K)] 2797765K->2797765K(3029504K), 0.3133869 secs] [Times: user=1.20 sys=0.00, real=0.32 secs] 
860.386: [Full GC (Ergonomics) [PSYoungGen: 167760K->163922K(298496K)] [ParOldGen: 2630004K->2630004K(2731008K)] 2797765K->2793927K(3029504K), [Metaspace: 33204K->33204K(1081344K)], 0.3255831 secs] [Times: user=1.13 sys=0.00, real=0.32 secs] 
860.711: [GC (Allocation Failure) --[PSYoungGen: 163922K->163922K(298496K)] 2793927K->2793935K(3029504K), 0.2729040 secs] [Times: user=1.04 sys=0.00, real=0.28 secs] 
860.984: [Full GC (Allocation Failure) [PSYoungGen: 163922K->163849K(298496K)] [ParOldGen: 2630012K->2630004K(2731008K)] 2793935K->2793853K(3029504K), [Metaspace: 33204K->33204K(1081344K)], 0.2660964 secs] [Times: user=0.95 sys=0.00, real=0.26 secs] 
861.333: [GC (Allocation Failure) --[PSYoungGen: 168447K->168447K(298496K)] 2798452K->2798452K(3029504K), 0.3674194 secs] [Times: user=1.38 sys=0.00, real=0.37 secs] 
861.701: [Full GC (Ergonomics) [PSYoungGen: 168447K->0K(298496K)] [ParOldGen: 2630004K->2630087K(2731008K)] 2798452K->2630087K(3029504K), [Metaspace: 33208K->33208K(1081344K)], 0.2947477 secs] [Times: user=1.06 sys=0.00, real=0.30 secs] 
862.086: [GC (Allocation Failure) --[PSYoungGen: 166168K->166168K(298496K)] 2796255K->2796255K(3029504K), 0.0414838 secs] [Times: user=0.16 sys=0.00, real=0.04 secs] 
862.128: [Full GC (Ergonomics) [PSYoungGen: 166168K->0K(298496K)] [ParOldGen: 2630087K->2630093K(2731008K)] 2796255K->2630093K(3029504K), [Metaspace: 33208K->33208K(1081344K)], 0.7123680 secs] [Times: user=1.90 sys=0.00, real=0.71 secs] 
862.931: [GC (Allocation Failure) --[PSYoungGen: 164362K->164362K(298496K)] 2794455K->2794455K(3029504K), 0.0176687 secs] [Times: user=0.07 sys=0.00, real=0.02 secs] 
862.949: [Full GC (Ergonomics) [PSYoungGen: 164362K->163844K(298496K)] [ParOldGen: 2630093K->2630089K(2731008K)] 2794455K->2793933K(3029504K), [Metaspace: 33210K->33210K(1081344K)], 0.3523824 secs] [Times: user=1.14 sys=0.00, real=0.35 secs] 
863.302: [GC (Allocation Failure) --[PSYoungGen: 163844K->163844K(298496K)] 2793933K->2793933K(3029504K), 0.2726875 secs] [Times: user=1.04 sys=0.00, real=0.27 secs] 
863.574: [Full GC (Allocation Failure) [PSYoungGen: 163844K->163844K(298496K)] [ParOldGen: 2630089K->2630009K(2731008K)] 2793933K->2793854K(3029504K), [Metaspace: 33210K->33210K(1081344K)], 0.2860546 secs] [Times: user=0.96 sys=0.00, real=0.29 secs] 
863.947: [GC (Allocation Failure) --[PSYoungGen: 164195K->164195K(298496K)] 2794205K->2794205K(3029504K), 0.3478665 secs] [Times: user=1.33 sys=0.00, real=0.34 secs] 
864.295: [Full GC (Ergonomics) [PSYoungGen: 164195K->163922K(298496K)] [ParOldGen: 2630009K->2630007K(2731008K)] 2794205K->2793930K(3029504K), [Metaspace: 33224K->33224K(1081344K)], 0.3703553 secs] [Times: user=1.19 sys=0.00, real=0.38 secs] 
864.665: [GC (Allocation Failure) --[PSYoungGen: 163922K->163922K(298496K)] 2793930K->2793930K(3029504K), 0.2659406 secs] [Times: user=1.02 sys=0.00, real=0.26 secs] 
864.931: [Full GC (Allocation Failure) [PSYoungGen: 163922K->163848K(298496K)] [ParOldGen: 2630007K->2630007K(2731008K)] 2793930K->2793856K(3029504K), [Metaspace: 33224K->33224K(1081344K)], 0.2564721 secs] [Times: user=0.91 sys=0.00, real=0.26 secs] 
865.269: [GC (Allocation Failure) --[PSYoungGen: 164257K->164257K(298496K)] 2794265K->2794273K(3029504K), 0.2883331 secs] [Times: user=1.08 sys=0.00, real=0.29 secs] 
865.557: [Full GC (Ergonomics) [PSYoungGen: 164257K->163923K(298496K)] [ParOldGen: 2630015K->2630004K(2731008K)] 2794273K->2793928K(3029504K), [Metaspace: 33236K->33236K(1081344K)], 0.3431250 secs] [Times: user=1.13 sys=0.00, real=0.34 secs] 
865.901: [GC (Allocation Failure) --[PSYoungGen: 163923K->163923K(298496K)] 2793928K->2793928K(3029504K), 0.2623791 secs] [Times: user=1.00 sys=0.00, real=0.26 secs] 
866.163: [Full GC (Allocation Failure) [PSYoungGen: 163923K->163850K(298496K)] [ParOldGen: 2630004K->2630004K(2731008K)] 2793928K->2793855K(3029504K), [Metaspace: 33236K->33236K(1081344K)], 0.2672314 secs] [Times: user=0.96 sys=0.00, real=0.27 secs] 
866.530: [GC (Allocation Failure) --[PSYoungGen: 164418K->164418K(298496K)] 2794422K->2794430K(3029504K), 0.3280776 secs] [Times: user=1.25 sys=0.00, real=0.33 secs] 
866.858: [Full GC (Ergonomics) [PSYoungGen: 164418K->163924K(298496K)] [ParOldGen: 2630012K->2630004K(2731008K)] 2794430K->2793928K(3029504K), [Metaspace: 33248K->33248K(1081344K)], 0.3708973 secs] [Times: user=1.24 sys=0.00, real=0.37 secs] 
867.229: [GC (Allocation Failure) --[PSYoungGen: 163924K->163924K(298496K)] 2793928K->2793944K(3029504K), 0.2632638 secs] [Times: user=1.00 sys=0.00, real=0.26 secs] 
867.493: [Full GC (Allocation Failure) [PSYoungGen: 163924K->163850K(298496K)] [ParOldGen: 2630020K->2630004K(2731008K)] 2793944K->2793855K(3029504K), [Metaspace: 33248K->33248K(1081344K)], 0.2686060 secs] [Times: user=0.97 sys=0.00, real=0.27 secs] 
867.838: [GC (Allocation Failure) --[PSYoungGen: 164586K->164586K(298496K)] 2794591K->2794591K(3029504K), 0.3313248 secs] [Times: user=1.27 sys=0.00, real=0.33 secs] 
868.170: [Full GC (Ergonomics) [PSYoungGen: 164586K->163924K(298496K)] [ParOldGen: 2630004K->2630004K(2731008K)] 2794591K->2793928K(3029504K), [Metaspace: 33250K->33250K(1081344K)], 0.3792106 secs] [Times: user=1.25 sys=0.00, real=0.38 secs] 
868.549: [GC (Allocation Failure) --[PSYoungGen: 163924K->163924K(298496K)] 2793928K->2793936K(3029504K), 0.2978689 secs] [Times: user=1.13 sys=0.00, real=0.30 secs] 
868.847: [Full GC (Allocation Failure) [PSYoungGen: 163924K->163850K(298496K)] [ParOldGen: 2630012K->2630004K(2731008K)] 2793936K->2793855K(3029504K), [Metaspace: 33250K->33250K(1081344K)], 0.2715174 secs] [Times: user=0.97 sys=0.00, real=0.27 secs] 
869.206: [GC (Allocation Failure) --[PSYoungGen: 164804K->164804K(298496K)] 2794809K->2794809K(3029504K), 0.3603714 secs] [Times: user=1.38 sys=0.00, real=0.36 secs] 
869.566: [Full GC (Ergonomics) [PSYoungGen: 164804K->163924K(298496K)] [ParOldGen: 2630004K->2630004K(2731008K)] 2794809K->2793928K(3029504K), [Metaspace: 33251K->33251K(1081344K)], 0.3738153 secs] [Times: user=1.30 sys=0.00, real=0.37 secs] 
869.940: [GC (Allocation Failure) --[PSYoungGen: 163924K->163924K(298496K)] 2793928K->2793944K(3029504K), 0.2917759 secs] [Times: user=1.12 sys=0.00, real=0.29 secs] 
870.232: [Full GC (Allocation Failure) [PSYoungGen: 163924K->163849K(298496K)] [ParOldGen: 2630020K->2630006K(2731008K)] 2793944K->2793855K(3029504K), [Metaspace: 33251K->33251K(1081344K)], 0.2650150 secs] [Times: user=0.95 sys=0.00, real=0.27 secs] 
870.589: [GC (Allocation Failure) --[PSYoungGen: 164786K->164786K(298496K)] 2794792K->2794792K(3029504K), 0.3167037 secs] [Times: user=1.21 sys=0.00, real=0.32 secs] 
870.906: [Full GC (Ergonomics) [PSYoungGen: 164786K->163922K(298496K)] [ParOldGen: 2630006K->2630005K(2731008K)] 2794792K->2793928K(3029504K), [Metaspace: 33252K->33252K(1081344K)], 0.3390450 secs] [Times: user=1.17 sys=0.00, real=0.34 secs] 
871.245: [GC (Allocation Failure) --[PSYoungGen: 163922K->163922K(298496K)] 2793928K->2793944K(3029504K), 0.2838614 secs] [Times: user=1.08 sys=0.00, real=0.28 secs] 
871.529: [Full GC (Allocation Failure) [PSYoungGen: 163922K->163849K(298496K)] [ParOldGen: 2630021K->2630006K(2731008K)] 2793944K->2793855K(3029504K), [Metaspace: 33252K->33252K(1081344K)], 0.2720788 secs] [Times: user=0.98 sys=0.00, real=0.27 secs] 
871.881: [GC (Allocation Failure) --[PSYoungGen: 165506K->165506K(298496K)] 2795512K->2795512K(3029504K), 0.3604332 secs] [Times: user=1.34 sys=0.00, real=0.36 secs] 
872.241: [Full GC (Ergonomics) [PSYoungGen: 165506K->163922K(298496K)] [ParOldGen: 2630006K->2630006K(2731008K)] 2795512K->2793928K(3029504K), [Metaspace: 33256K->33256K(1081344K)], 0.3593296 secs] [Times: user=1.20 sys=0.00, real=0.36 secs] 
872.601: [GC (Allocation Failure) --[PSYoungGen: 163922K->163922K(298496K)] 2793928K->2793936K(3029504K), 0.2722741 secs] [Times: user=1.03 sys=0.00, real=0.27 secs] 
872.873: [Full GC (Allocation Failure) [PSYoungGen: 163922K->163849K(298496K)] [ParOldGen: 2630014K->2630006K(2731008K)] 2793936K->2793855K(3029504K), [Metaspace: 33256K->33256K(1081344K)], 0.2573279 secs] [Times: user=0.92 sys=0.00, real=0.26 secs] 
873.203: [GC (Allocation Failure) --[PSYoungGen: 167565K->167565K(298496K)] 2797571K->2797579K(3029504K), 0.3019918 secs] [Times: user=1.16 sys=0.00, real=0.31 secs] 
873.505: [Full GC (Ergonomics) [PSYoungGen: 167565K->163922K(298496K)] [ParOldGen: 2630014K->2630006K(2731008K)] 2797579K->2793929K(3029504K), [Metaspace: 33273K->33273K(1081344K)], 0.3145393 secs] [Times: user=1.08 sys=0.00, real=0.31 secs] 
873.820: [GC (Allocation Failure) --[PSYoungGen: 163922K->163922K(298496K)] 2793929K->2793945K(3029504K), 0.2756396 secs] [Times: user=1.05 sys=0.00, real=0.27 secs] 
874.095: [Full GC (Allocation Failure) [PSYoungGen: 163922K->163849K(298496K)] [ParOldGen: 2630022K->2630006K(2731008K)] 2793945K->2793855K(3029504K), [Metaspace: 33273K->33273K(1081344K)], 0.2508028 secs] [Times: user=0.90 sys=0.00, real=0.26 secs] 
874.418: [GC (Allocation Failure) [PSYoungGen: 167773K->192K(298496K)] 2797779K->2630198K(3029504K), 0.2938546 secs] [Times: user=1.13 sys=0.00, real=0.29 secs] 
874.819: [GC (Allocation Failure) --[PSYoungGen: 165418K->165418K(298496K)] 2795424K->2795432K(3029504K), 0.3186464 secs] [Times: user=1.18 sys=0.00, real=0.32 secs] 
875.138: [Full GC (Ergonomics) [PSYoungGen: 165418K->0K(298496K)] [ParOldGen: 2630014K->2466255K(2731008K)] 2795432K->2466255K(3029504K), [Metaspace: 33282K->33282K(1081344K)], 0.5344920 secs] [Times: user=1.46 sys=0.00, real=0.53 secs] 
875.847: [GC (Allocation Failure) --[PSYoungGen: 164020K->164020K(298496K)] 2794115K->2794115K(3029504K), 0.0183600 secs] [Times: user=0.07 sys=0.00, real=0.02 secs] 
875.865: [Full GC (Ergonomics) [PSYoungGen: 164020K->163844K(298496K)] [ParOldGen: 2630095K->2630090K(2731008K)] 2794115K->2793935K(3029504K), [Metaspace: 33282K->33282K(1081344K)], 0.3688275 secs] [Times: user=1.20 sys=0.00, real=0.36 secs] 
876.234: [GC (Allocation Failure) --[PSYoungGen: 163844K->163844K(298496K)] 2793935K->2793935K(3029504K), 0.2867974 secs] [Times: user=1.09 sys=0.00, real=0.29 secs] 
876.521: [Full GC (Allocation Failure) [PSYoungGen: 163844K->163844K(298496K)] [ParOldGen: 2630090K->2630011K(2731008K)] 2793935K->2793855K(3029504K), [Metaspace: 33282K->33282K(1081344K)], 0.3209636 secs] [Times: user=1.11 sys=0.00, real=0.32 secs] 
876.955: [GC (Allocation Failure) --[PSYoungGen: 164200K->164200K(298496K)] 2794212K->2794220K(3029504K), 0.3468036 secs] [Times: user=1.31 sys=0.00, real=0.35 secs] 
877.301: [Full GC (Ergonomics) [PSYoungGen: 164200K->163922K(298496K)] [ParOldGen: 2630019K->2630006K(2731008K)] 2794220K->2793929K(3029504K), [Metaspace: 33291K->33291K(1081344K)], 0.3494011 secs] [Times: user=1.16 sys=0.00, real=0.35 secs] 
877.651: [GC (Allocation Failure) --[PSYoungGen: 163922K->163922K(298496K)] 2793929K->2793929K(3029504K), 0.2600664 secs] [Times: user=0.99 sys=0.00, real=0.26 secs] 
877.911: [Full GC (Allocation Failure) [PSYoungGen: 163922K->163849K(298496K)] [ParOldGen: 2630006K->2630006K(2731008K)] 2793929K->2793855K(3029504K), [Metaspace: 33291K->33291K(1081344K)], 0.2542154 secs] [Times: user=0.91 sys=0.00, real=0.26 secs] 
878.262: [GC (Allocation Failure) --[PSYoungGen: 164334K->164334K(298496K)] 2794341K->2794349K(3029504K), 0.2832250 secs] [Times: user=1.09 sys=0.00, real=0.29 secs] 
878.545: [Full GC (Ergonomics) [PSYoungGen: 164334K->163923K(298496K)] [ParOldGen: 2630014K->2630006K(2731008K)] 2794349K->2793929K(3029504K), [Metaspace: 33298K->33298K(1081344K)], 0.3531133 secs] [Times: user=1.17 sys=0.00, real=0.35 secs] 
878.898: [GC (Allocation Failure) --[PSYoungGen: 163923K->163923K(298496K)] 2793929K->2793929K(3029504K), 0.2621049 secs] [Times: user=1.00 sys=0.00, real=0.26 secs] 
879.161: [Full GC (Allocation Failure) [PSYoungGen: 163923K->163849K(298496K)] [ParOldGen: 2630006K->2630006K(2731008K)] 2793929K->2793855K(3029504K), [Metaspace: 33298K->33298K(1081344K)], 0.2538151 secs] [Times: user=0.91 sys=0.00, real=0.25 secs] 
879.451: [GC (Allocation Failure) --[PSYoungGen: 164402K->164402K(298496K)] 2794408K->2794408K(3029504K), 0.2973357 secs] [Times: user=1.14 sys=0.00, real=0.30 secs] 
879.749: [Full GC (Ergonomics) [PSYoungGen: 164402K->163923K(298496K)] [ParOldGen: 2630006K->2630006K(2731008K)] 2794408K->2793929K(3029504K), [Metaspace: 33298K->33298K(1081344K)], 0.3771336 secs] [Times: user=1.24 sys=0.00, real=0.38 secs] 
880.126: [GC (Allocation Failure) --[PSYoungGen: 163923K->163923K(298496K)] 2793929K->2793945K(3029504K), 0.2737221 secs] [Times: user=1.04 sys=0.00, real=0.27 secs] 
880.400: [Full GC (Allocation Failure) [PSYoungGen: 163923K->163849K(298496K)] [ParOldGen: 2630022K->2630006K(2731008K)] 2793945K->2793855K(3029504K), [Metaspace: 33298K->33298K(1081344K)], 0.2678524 secs] [Times: user=0.96 sys=0.00, real=0.27 secs] 
880.702: [GC (Allocation Failure) --[PSYoungGen: 164415K->164415K(298496K)] 2794421K->2794421K(3029504K), 0.3483247 secs] [Times: user=1.30 sys=0.00, real=0.35 secs] 
881.050: [Full GC (Ergonomics) [PSYoungGen: 164415K->163924K(298496K)] [ParOldGen: 2630006K->2630006K(2731008K)] 2794421K->2793930K(3029504K), [Metaspace: 33299K->33299K(1081344K)], 0.3498533 secs] [Times: user=1.16 sys=0.00, real=0.35 secs] 
881.400: [GC (Allocation Failure) --[PSYoungGen: 163924K->163924K(298496K)] 2793930K->2793946K(3029504K), 0.2764853 secs] [Times: user=1.06 sys=0.00, real=0.28 secs] 
881.677: [Full GC (Allocation Failure) [PSYoungGen: 163924K->163850K(298496K)] [ParOldGen: 2630022K->2630006K(2731008K)] 2793946K->2793856K(3029504K), [Metaspace: 33299K->33299K(1081344K)], 0.2564776 secs] [Times: user=0.91 sys=0.00, real=0.25 secs] 
882.029: [GC (Allocation Failure) --[PSYoungGen: 164706K->164706K(298496K)] 2794713K->2794713K(3029504K), 0.2992893 secs] [Times: user=1.15 sys=0.00, real=0.30 secs] 
882.329: [Full GC (Ergonomics) [PSYoungGen: 164706K->163923K(298496K)] [ParOldGen: 2630006K->2630006K(2731008K)] 2794713K->2793930K(3029504K), [Metaspace: 33299K->33299K(1081344K)], 0.3549490 secs] [Times: user=1.21 sys=0.00, real=0.35 secs] 
882.684: [GC (Allocation Failure) --[PSYoungGen: 163923K->163923K(298496K)] 2793930K->2793938K(3029504K), 0.2886512 secs] [Times: user=1.10 sys=0.00, real=0.29 secs] 
882.972: [Full GC (Allocation Failure) [PSYoungGen: 163923K->163850K(298496K)] [ParOldGen: 2630014K->2630006K(2731008K)] 2793938K->2793856K(3029504K), [Metaspace: 33299K->33299K(1081344K)], 0.2688836 secs] [Times: user=0.91 sys=0.00, real=0.27 secs] 
883.292: [GC (Allocation Failure) --[PSYoungGen: 165424K->165424K(298496K)] 2795431K->2795431K(3029504K), 0.3557882 secs] [Times: user=1.34 sys=0.00, real=0.36 secs] 
883.648: [Full GC (Ergonomics) [PSYoungGen: 165424K->163923K(298496K)] [ParOldGen: 2630006K->2630006K(2731008K)] 2795431K->2793930K(3029504K), [Metaspace: 33307K->33307K(1081344K)], 0.3256027 secs] [Times: user=1.13 sys=0.00, real=0.32 secs] 
883.973: [GC (Allocation Failure) --[PSYoungGen: 163923K->163923K(298496K)] 2793930K->2793946K(3029504K), 0.2834245 secs] [Times: user=1.08 sys=0.00, real=0.29 secs] 
884.257: [Full GC (Allocation Failure) [PSYoungGen: 163923K->163850K(298496K)] [ParOldGen: 2630022K->2630006K(2731008K)] 2793946K->2793856K(3029504K), [Metaspace: 33307K->33307K(1081344K)], 0.2724958 secs] [Times: user=0.97 sys=0.00, real=0.27 secs] 
884.613: [GC (Allocation Failure) --[PSYoungGen: 167291K->167291K(298496K)] 2797298K->2797306K(3029504K), 0.3021023 secs] [Times: user=1.16 sys=0.00, real=0.30 secs] 
884.916: [Full GC (Ergonomics) [PSYoungGen: 167291K->163924K(298496K)] [ParOldGen: 2630014K->2630006K(2731008K)] 2797306K->2793930K(3029504K), [Metaspace: 33321K->33321K(1081344K)], 0.3508117 secs] [Times: user=1.19 sys=0.00, real=0.36 secs] 
885.267: [GC (Allocation Failure) --[PSYoungGen: 163924K->163924K(298496K)] 2793930K->2793954K(3029504K), 0.2848913 secs] [Times: user=1.09 sys=0.00, real=0.28 secs] 
885.552: [Full GC (Allocation Failure) [PSYoungGen: 163924K->163849K(298496K)] [ParOldGen: 2630030K->2630008K(2731008K)] 2793954K->2793857K(3029504K), [Metaspace: 33321K->33321K(1081344K)], 0.2622964 secs] [Times: user=0.94 sys=0.00, real=0.26 secs] 
885.849: [GC (Allocation Failure) --[PSYoungGen: 167385K->167385K(298496K)] 2797393K->2797393K(3029504K), 0.3709857 secs] [Times: user=1.41 sys=0.00, real=0.37 secs] 
886.220: [Full GC (Ergonomics) [PSYoungGen: 167385K->163922K(298496K)] [ParOldGen: 2630008K->2630007K(2731008K)] 2797393K->2793930K(3029504K), [Metaspace: 33332K->33332K(1081344K)], 0.4077110 secs] [Times: user=1.25 sys=0.00, real=0.41 secs] 
886.628: [GC (Allocation Failure) --[PSYoungGen: 163922K->163922K(298496K)] 2793930K->2793946K(3029504K), 0.2858330 secs] [Times: user=1.10 sys=0.00, real=0.28 secs] 
886.914: [Full GC (Allocation Failure) [PSYoungGen: 163922K->163849K(298496K)] [ParOldGen: 2630023K->2630008K(2731008K)] 2793946K->2793857K(3029504K), [Metaspace: 33332K->33332K(1081344K)], 0.2528177 secs] [Times: user=0.90 sys=0.00, real=0.26 secs] 
887.241: [GC (Allocation Failure) --[PSYoungGen: 166865K->166865K(298496K)] 2796873K->2796881K(3029504K), 0.3311702 secs] [Times: user=1.27 sys=0.00, real=0.33 secs] 
887.572: [Full GC (Ergonomics) [PSYoungGen: 166865K->0K(298496K)] [ParOldGen: 2630016K->2630091K(2731008K)] 2796881K->2630091K(3029504K), [Metaspace: 33342K->33342K(1081344K)], 0.3132096 secs] [Times: user=1.12 sys=0.00, real=0.32 secs] 
887.979: [GC (Allocation Failure) --[PSYoungGen: 165072K->165072K(298496K)] 2795164K->2795164K(3029504K), 0.0794179 secs] [Times: user=0.22 sys=0.00, real=0.08 secs] 
888.058: [Full GC (Ergonomics) [PSYoungGen: 165072K->163851K(298496K)] [ParOldGen: 2630091K->2630086K(2731008K)] 2795164K->2793937K(3029504K), [Metaspace: 33342K->33342K(1081344K)], 0.3932883 secs] [Times: user=1.31 sys=0.00, real=0.39 secs] 
888.452: [GC (Allocation Failure) --[PSYoungGen: 163851K->163851K(298496K)] 2793937K->2793937K(3029504K), 0.2774084 secs] [Times: user=1.05 sys=0.00, real=0.28 secs] 
888.729: [Full GC (Allocation Failure) [PSYoungGen: 163851K->163845K(298496K)] [ParOldGen: 2630086K->2630012K(2731008K)] 2793937K->2793858K(3029504K), [Metaspace: 33342K->33342K(1081344K)], 0.2637247 secs] [Times: user=0.95 sys=0.00, real=0.26 secs] 
889.031: [GC (Allocation Failure) --[PSYoungGen: 164094K->164094K(298496K)] 2794106K->2794106K(3029504K), 0.2916207 secs] [Times: user=1.12 sys=0.00, real=0.29 secs] 
889.323: [Full GC (Ergonomics) [PSYoungGen: 164094K->163923K(298496K)] [ParOldGen: 2630012K->2630007K(2731008K)] 2794106K->2793931K(3029504K), [Metaspace: 33350K->33350K(1081344K)], 0.3304989 secs] [Times: user=1.14 sys=0.00, real=0.33 secs] 
889.653: [GC (Allocation Failure) --[PSYoungGen: 163923K->163923K(298496K)] 2793931K->2793931K(3029504K), 0.2627406 secs] [Times: user=1.00 sys=0.00, real=0.27 secs] 
889.916: [Full GC (Allocation Failure) [PSYoungGen: 163923K->163849K(298496K)] [ParOldGen: 2630007K->2630007K(2731008K)] 2793931K->2793857K(3029504K), [Metaspace: 33350K->33350K(1081344K)], 0.2639532 secs] [Times: user=0.94 sys=0.00, real=0.26 secs] 
890.271: [GC (Allocation Failure) --[PSYoungGen: 164142K->164142K(298496K)] 2794150K->2794150K(3029504K), 0.2872990 secs] [Times: user=1.11 sys=0.00, real=0.29 secs] 
890.558: [Full GC (Ergonomics) [PSYoungGen: 164142K->163920K(298496K)] [ParOldGen: 2630007K->2630007K(2731008K)] 2794150K->2793928K(3029504K), [Metaspace: 33351K->33351K(1081344K)], 0.3311689 secs] [Times: user=1.13 sys=0.00, real=0.33 secs] 
890.890: [GC (Allocation Failure) --[PSYoungGen: 163920K->163920K(298496K)] 2793928K->2793928K(3029504K), 0.2646792 secs] [Times: user=1.00 sys=0.00, real=0.26 secs] 
891.155: [Full GC (Allocation Failure) [PSYoungGen: 163920K->163849K(298496K)] [ParOldGen: 2630007K->2630007K(2731008K)] 2793928K->2793857K(3029504K), [Metaspace: 33351K->33351K(1081344K)], 0.2582185 secs] [Times: user=0.91 sys=0.00, real=0.26 secs] 
891.502: [GC (Allocation Failure) --[PSYoungGen: 164154K->164154K(298496K)] 2794161K->2794161K(3029504K), 0.2918214 secs] [Times: user=1.12 sys=0.00, real=0.29 secs] 
891.794: [Full GC (Ergonomics) [PSYoungGen: 164154K->163923K(298496K)] [ParOldGen: 2630007K->2630007K(2731008K)] 2794161K->2793931K(3029504K), [Metaspace: 33358K->33358K(1081344K)], 0.3183108 secs] [Times: user=1.08 sys=0.00, real=0.32 secs] 
892.112: [GC (Allocation Failure) --[PSYoungGen: 163923K->163923K(298496K)] 2793931K->2793947K(3029504K), 0.2604440 secs] [Times: user=1.00 sys=0.00, real=0.26 secs] 
892.373: [Full GC (Allocation Failure) [PSYoungGen: 163923K->163849K(298496K)] [ParOldGen: 2630023K->2630008K(2731008K)] 2793947K->2793857K(3029504K), [Metaspace: 33358K->33358K(1081344K)], 0.2637993 secs] [Times: user=0.93 sys=0.00, real=0.27 secs] 
892.733: [GC (Allocation Failure) --[PSYoungGen: 164169K->164169K(298496K)] 2794178K->2794186K(3029504K), 0.3217116 secs] [Times: user=1.20 sys=0.00, real=0.32 secs] 
893.055: [Full GC (Ergonomics) [PSYoungGen: 164169K->163922K(298496K)] [ParOldGen: 2630016K->2630008K(2731008K)] 2794186K->2793931K(3029504K), [Metaspace: 33361K->33361K(1081344K)], 0.3414820 secs] [Times: user=1.17 sys=0.00, real=0.35 secs] 
893.396: [GC (Allocation Failure) --[PSYoungGen: 163922K->163922K(298496K)] 2793931K->2793947K(3029504K), 0.2829412 secs] [Times: user=1.08 sys=0.00, real=0.28 secs] 
893.680: [Full GC (Allocation Failure) [PSYoungGen: 163922K->163849K(298496K)] [ParOldGen: 2630024K->2630008K(2731008K)] 2793947K->2793857K(3029504K), [Metaspace: 33361K->33361K(1081344K)], 0.2762250 secs] [Times: user=0.98 sys=0.00, real=0.28 secs] 
894.022: [GC (Allocation Failure) --[PSYoungGen: 164279K->164279K(298496K)] 2794288K->2794288K(3029504K), 0.3138078 secs] [Times: user=1.20 sys=0.00, real=0.32 secs] 
894.336: [Full GC (Ergonomics) [PSYoungGen: 164279K->163922K(298496K)] [ParOldGen: 2630008K->2630008K(2731008K)] 2794288K->2793931K(3029504K), [Metaspace: 33365K->33365K(1081344K)], 0.3293825 secs] [Times: user=1.14 sys=0.00, real=0.33 secs] 
894.666: [GC (Allocation Failure) --[PSYoungGen: 163922K->163922K(298496K)] 2793931K->2793947K(3029504K), 0.3018774 secs] [Times: user=1.16 sys=0.00, real=0.30 secs] 
894.968: [Full GC (Allocation Failure) [PSYoungGen: 163922K->163849K(298496K)] [ParOldGen: 2630024K->2630008K(2731008K)] 2793947K->2793857K(3029504K), [Metaspace: 33365K->33365K(1081344K)], 0.2536220 secs] [Times: user=0.90 sys=0.00, real=0.25 secs] 
895.314: [GC (Allocation Failure) --[PSYoungGen: 164671K->164671K(298496K)] 2794680K->2794688K(3029504K), 0.3063145 secs] [Times: user=1.17 sys=0.00, real=0.31 secs] 
895.620: [Full GC (Ergonomics) [PSYoungGen: 164671K->163922K(298496K)] [ParOldGen: 2630016K->2630008K(2731008K)] 2794688K->2793931K(3029504K), [Metaspace: 33369K->33369K(1081344K)], 0.3370351 secs] [Times: user=1.22 sys=0.00, real=0.34 secs] 
895.958: [GC (Allocation Failure) --[PSYoungGen: 163922K->163922K(298496K)] 2793931K->2793947K(3029504K), 0.2764075 secs] [Times: user=1.06 sys=0.00, real=0.27 secs] 
896.234: [Full GC (Allocation Failure) [PSYoungGen: 163922K->163849K(298496K)] [ParOldGen: 2630024K->2630008K(2731008K)] 2793947K->2793857K(3029504K), [Metaspace: 33369K->33369K(1081344K)], 0.2556297 secs] [Times: user=0.91 sys=0.00, real=0.26 secs] 
896.590: [GC (Allocation Failure) --[PSYoungGen: 165307K->165307K(298496K)] 2795315K->2795315K(3029504K), 0.3070655 secs] [Times: user=1.18 sys=0.00, real=0.31 secs] 
896.897: [Full GC (Ergonomics) [PSYoungGen: 165307K->163922K(298496K)] [ParOldGen: 2630008K->2630008K(2731008K)] 2795315K->2793931K(3029504K), [Metaspace: 33369K->33369K(1081344K)], 0.3010048 secs] [Times: user=1.09 sys=0.00, real=0.30 secs] 
897.199: [GC (Allocation Failure) --[PSYoungGen: 163922K->163922K(298496K)] 2793931K->2793947K(3029504K), 0.2771309 secs] [Times: user=1.07 sys=0.00, real=0.27 secs] 
897.476: [Full GC (Allocation Failure) [PSYoungGen: 163922K->163849K(298496K)] [ParOldGen: 2630024K->2630008K(2731008K)] 2793947K->2793857K(3029504K), [Metaspace: 33369K->33369K(1081344K)], 0.2526082 secs] [Times: user=0.89 sys=0.00, real=0.26 secs] 
897.805: [GC (Allocation Failure) --[PSYoungGen: 165348K->165348K(298496K)] 2795356K->2795356K(3029504K), 0.3013311 secs] [Times: user=1.15 sys=0.00, real=0.30 secs] 
898.106: [Full GC (Ergonomics) [PSYoungGen: 165348K->163922K(298496K)] [ParOldGen: 2630008K->2630008K(2731008K)] 2795356K->2793931K(3029504K), [Metaspace: 33370K->33370K(1081344K)], 0.3094751 secs] [Times: user=1.12 sys=0.00, real=0.30 secs] 
898.416: [GC (Allocation Failure) --[PSYoungGen: 163922K->163922K(298496K)] 2793931K->2793939K(3029504K), 0.2804223 secs] [Times: user=1.07 sys=0.00, real=0.29 secs] 
898.696: [Full GC (Allocation Failure) [PSYoungGen: 163922K->163849K(298496K)] [ParOldGen: 2630016K->2630008K(2731008K)] 2793939K->2793857K(3029504K), [Metaspace: 33370K->33370K(1081344K)], 0.2539864 secs] [Times: user=0.90 sys=0.00, real=0.25 secs] 
899.083: [GC (Allocation Failure) --[PSYoungGen: 166906K->166906K(298496K)] 2796914K->2796914K(3029504K), 0.3130883 secs] [Times: user=1.19 sys=0.00, real=0.32 secs] 
899.396: [Full GC (Ergonomics) [PSYoungGen: 166906K->163922K(298496K)] [ParOldGen: 2630008K->2630008K(2731008K)] 2796914K->2793931K(3029504K), [Metaspace: 33375K->33375K(1081344K)], 0.2826749 secs] [Times: user=1.01 sys=0.00, real=0.28 secs] 
899.679: [GC (Allocation Failure) --[PSYoungGen: 163922K->163922K(298496K)] 2793931K->2793939K(3029504K), 0.2733529 secs] [Times: user=1.05 sys=0.00, real=0.27 secs] 
899.953: [Full GC (Allocation Failure) [PSYoungGen: 163922K->163849K(298496K)] [ParOldGen: 2630016K->2630008K(2731008K)] 2793939K->2793857K(3029504K), [Metaspace: 33375K->33375K(1081344K)], 0.2509511 secs] [Times: user=0.89 sys=0.00, real=0.26 secs] 
900.296: [GC (Allocation Failure) --[PSYoungGen: 165533K->165533K(298496K)] 2795541K->2795541K(3029504K), 0.3097447 secs] [Times: user=1.19 sys=0.00, real=0.31 secs] 
900.606: [Full GC (Ergonomics) [PSYoungGen: 165533K->163922K(298496K)] [ParOldGen: 2630008K->2630008K(2731008K)] 2795541K->2793931K(3029504K), [Metaspace: 33380K->33380K(1081344K)], 0.3452491 secs] [Times: user=1.15 sys=0.00, real=0.34 secs] 
900.951: [GC (Allocation Failure) --[PSYoungGen: 163922K->163922K(298496K)] 2793931K->2793939K(3029504K), 0.2738936 secs] [Times: user=1.04 sys=0.00, real=0.28 secs] 
901.225: [Full GC (Allocation Failure) [PSYoungGen: 163922K->163849K(298496K)] [ParOldGen: 2630016K->2630008K(2731008K)] 2793939K->2793857K(3029504K), [Metaspace: 33380K->33380K(1081344K)], 0.2620044 secs] [Times: user=0.93 sys=0.00, real=0.26 secs] 
901.624: [GC (Allocation Failure) --[PSYoungGen: 164060K->164060K(298496K)] 2794069K->2794069K(3029504K), 0.3274322 secs] [Times: user=1.24 sys=0.00, real=0.32 secs] 
901.952: [Full GC (Ergonomics) [PSYoungGen: 164060K->163922K(298496K)] [ParOldGen: 2630008K->2630008K(2731008K)] 2794069K->2793931K(3029504K), [Metaspace: 33392K->33392K(1081344K)], 0.2830898 secs] [Times: user=1.02 sys=0.00, real=0.28 secs] 
902.235: [GC (Allocation Failure) --[PSYoungGen: 163922K->163922K(298496K)] 2793931K->2793939K(3029504K), 0.2744462 secs] [Times: user=1.04 sys=0.00, real=0.28 secs] 
902.510: [Full GC (Allocation Failure) [PSYoungGen: 163922K->163849K(298496K)] [ParOldGen: 2630016K->2630008K(2731008K)] 2793939K->2793857K(3029504K), [Metaspace: 33392K->33392K(1081344K)], 0.2509030 secs] [Times: user=0.89 sys=0.00, real=0.25 secs] 
902.850: [GC (Allocation Failure) --[PSYoungGen: 164084K->164084K(298496K)] 2794093K->2794093K(3029504K), 0.3197273 secs] [Times: user=1.23 sys=0.00, real=0.32 secs] 
903.169: [Full GC (Ergonomics) [PSYoungGen: 164084K->163922K(298496K)] [ParOldGen: 2630008K->2630008K(2731008K)] 2794093K->2793931K(3029504K), [Metaspace: 33400K->33400K(1081344K)], 0.3104933 secs] [Times: user=1.12 sys=0.00, real=0.31 secs] 
903.480: [GC (Allocation Failure) --[PSYoungGen: 163922K->163922K(298496K)] 2793931K->2793947K(3029504K), 0.2823488 secs] [Times: user=1.08 sys=0.00, real=0.28 secs] 
903.762: [Full GC (Allocation Failure) [PSYoungGen: 163922K->163849K(298496K)] [ParOldGen: 2630024K->2630008K(2731008K)] 2793947K->2793857K(3029504K), [Metaspace: 33400K->33400K(1081344K)], 0.2693252 secs] [Times: user=0.97 sys=0.00, real=0.27 secs] 
904.126: [GC (Allocation Failure) --[PSYoungGen: 164096K->164096K(298496K)] 2794104K->2794104K(3029504K), 0.3131793 secs] [Times: user=1.17 sys=0.00, real=0.31 secs] 
904.439: [Full GC (Ergonomics) [PSYoungGen: 164096K->163922K(298496K)] [ParOldGen: 2630008K->2630008K(2731008K)] 2794104K->2793931K(3029504K), [Metaspace: 33402K->33402K(1081344K)], 0.2796061 secs] [Times: user=1.01 sys=0.00, real=0.28 secs] 
904.719: [GC (Allocation Failure) --[PSYoungGen: 163922K->163922K(298496K)] 2793931K->2793939K(3029504K), 0.2737448 secs] [Times: user=1.04 sys=0.00, real=0.27 secs] 
904.993: [Full GC (Allocation Failure) [PSYoungGen: 163922K->163849K(298496K)] [ParOldGen: 2630016K->2630008K(2731008K)] 2793939K->2793857K(3029504K), [Metaspace: 33402K->33402K(1081344K)], 0.2627503 secs] [Times: user=0.94 sys=0.00, real=0.26 secs] 
905.340: [GC (Allocation Failure) --[PSYoungGen: 164103K->164103K(298496K)] 2794112K->2794120K(3029504K), 0.3024249 secs] [Times: user=1.16 sys=0.00, real=0.30 secs] 
905.643: [Full GC (Ergonomics) [PSYoungGen: 164103K->163922K(298496K)] [ParOldGen: 2630016K->2630008K(2731008K)] 2794120K->2793931K(3029504K), [Metaspace: 33429K->33429K(1081344K)], 0.2910152 secs] [Times: user=1.04 sys=0.00, real=0.29 secs] 
905.934: [GC (Allocation Failure) --[PSYoungGen: 163922K->163922K(298496K)] 2793931K->2793947K(3029504K), 0.2819705 secs] [Times: user=1.08 sys=0.00, real=0.29 secs] 
906.216: [Full GC (Allocation Failure) [PSYoungGen: 163922K->163849K(298496K)] [ParOldGen: 2630024K->2630008K(2731008K)] 2793947K->2793857K(3029504K), [Metaspace: 33429K->33429K(1081344K)], 0.2687937 secs] [Times: user=0.96 sys=0.00, real=0.27 secs] 
906.584: [GC (Allocation Failure) --[PSYoungGen: 164152K->164152K(298496K)] 2794161K->2794169K(3029504K), 0.3009356 secs] [Times: user=1.15 sys=0.00, real=0.30 secs] 
906.885: [Full GC (Ergonomics) [PSYoungGen: 164152K->163922K(298496K)] [ParOldGen: 2630016K->2630008K(2731008K)] 2794169K->2793931K(3029504K), [Metaspace: 33431K->33431K(1081344K)], 0.3206291 secs] [Times: user=1.16 sys=0.00, real=0.32 secs] 
907.206: [GC (Allocation Failure) --[PSYoungGen: 163922K->163922K(298496K)] 2793931K->2793947K(3029504K), 0.2800012 secs] [Times: user=1.07 sys=0.00, real=0.28 secs] 
907.486: [Full GC (Allocation Failure) [PSYoungGen: 163922K->163849K(298496K)] [ParOldGen: 2630024K->2630008K(2731008K)] 2793947K->2793857K(3029504K), [Metaspace: 33431K->33431K(1081344K)], 0.2634153 secs] [Times: user=0.94 sys=0.00, real=0.26 secs] 
907.808: [GC (Allocation Failure) --[PSYoungGen: 164267K->164267K(298496K)] 2794276K->2794276K(3029504K), 0.3178813 secs] [Times: user=1.22 sys=0.00, real=0.32 secs] 
908.126: [Full GC (Ergonomics) [PSYoungGen: 164267K->163922K(298496K)] [ParOldGen: 2630008K->2630008K(2731008K)] 2794276K->2793931K(3029504K), [Metaspace: 33432K->33432K(1081344K)], 0.3040254 secs] [Times: user=1.09 sys=0.00, real=0.30 secs] 
908.430: [GC (Allocation Failure) --[PSYoungGen: 163922K->163922K(298496K)] 2793931K->2793939K(3029504K), 0.2845439 secs] [Times: user=1.08 sys=0.00, real=0.28 secs] 
908.715: [Full GC (Allocation Failure) [PSYoungGen: 163922K->163849K(298496K)] [ParOldGen: 2630016K->2630008K(2731008K)] 2793939K->2793857K(3029504K), [Metaspace: 33432K->33432K(1081344K)], 0.2583470 secs] [Times: user=0.92 sys=0.00, real=0.26 secs] 
909.020: [GC (Allocation Failure) --[PSYoungGen: 164610K->164610K(298496K)] 2794618K->2794618K(3029504K), 0.3089927 secs] [Times: user=1.18 sys=0.00, real=0.31 secs] 
909.329: [Full GC (Ergonomics) [PSYoungGen: 164610K->163925K(298496K)] [ParOldGen: 2630008K->2630008K(2731008K)] 2794618K->2793933K(3029504K), [Metaspace: 33432K->33432K(1081344K)], 0.3079783 secs] [Times: user=1.12 sys=0.00, real=0.31 secs] 
909.637: [GC (Allocation Failure) --[PSYoungGen: 163925K->163925K(298496K)] 2793933K->2793949K(3029504K), 0.2764231 secs] [Times: user=1.05 sys=0.00, real=0.27 secs] 
909.914: [Full GC (Allocation Failure) [PSYoungGen: 163925K->163851K(298496K)] [ParOldGen: 2630024K->2630008K(2731008K)] 2793949K->2793860K(3029504K), [Metaspace: 33432K->33432K(1081344K)], 0.2551253 secs] [Times: user=0.91 sys=0.00, real=0.26 secs] 
910.259: [GC (Allocation Failure) --[PSYoungGen: 164491K->164491K(298496K)] 2794500K->2794508K(3029504K), 0.3036647 secs] [Times: user=1.17 sys=0.00, real=0.30 secs] 
910.563: [Full GC (Ergonomics) [PSYoungGen: 164491K->163925K(298496K)] [ParOldGen: 2630016K->2630008K(2731008K)] 2794508K->2793934K(3029504K), [Metaspace: 33445K->33445K(1081344K)], 0.2972093 secs] [Times: user=1.07 sys=0.00, real=0.30 secs] 
910.860: [GC (Allocation Failure) --[PSYoungGen: 163925K->163925K(298496K)] 2793934K->2793950K(3029504K), 0.2736631 secs] [Times: user=1.04 sys=0.00, real=0.27 secs] 
911.134: [Full GC (Allocation Failure) [PSYoungGen: 163925K->163852K(298496K)] [ParOldGen: 2630024K->2630008K(2731008K)] 2793950K->2793860K(3029504K), [Metaspace: 33445K->33445K(1081344K)], 0.2547817 secs] [Times: user=0.91 sys=0.00, real=0.26 secs] 
911.474: [GC (Allocation Failure) --[PSYoungGen: 165148K->165148K(298496K)] 2795157K->2795157K(3029504K), 0.3049265 secs] [Times: user=1.17 sys=0.00, real=0.31 secs] 
911.779: [Full GC (Ergonomics) [PSYoungGen: 165148K->163925K(298496K)] [ParOldGen: 2630008K->2630008K(2731008K)] 2795157K->2793934K(3029504K), [Metaspace: 33445K->33445K(1081344K)], 0.2942440 secs] [Times: user=1.06 sys=0.00, real=0.29 secs] 
912.073: [GC (Allocation Failure) --[PSYoungGen: 163925K->163925K(298496K)] 2793934K->2793950K(3029504K), 0.2747679 secs] [Times: user=1.05 sys=0.00, real=0.28 secs] 
912.348: [Full GC (Allocation Failure) [PSYoungGen: 163925K->163852K(298496K)] [ParOldGen: 2630024K->2630008K(2731008K)] 2793950K->2793860K(3029504K), [Metaspace: 33445K->33445K(1081344K)], 0.2542984 secs] [Times: user=0.90 sys=0.00, real=0.25 secs] 
912.658: [GC (Allocation Failure) --[PSYoungGen: 164570K->164570K(298496K)] 2794579K->2794579K(3029504K), 0.2965405 secs] [Times: user=1.13 sys=0.00, real=0.29 secs] 
912.954: [Full GC (Ergonomics) [PSYoungGen: 164570K->163925K(298496K)] [ParOldGen: 2630008K->2630008K(2731008K)] 2794579K->2793934K(3029504K), [Metaspace: 33448K->33448K(1081344K)], 0.3024976 secs] [Times: user=1.10 sys=0.00, real=0.31 secs] 
913.257: [GC (Allocation Failure) --[PSYoungGen: 163925K->163925K(298496K)] 2793934K->2793958K(3029504K), 0.2763407 secs] [Times: user=1.05 sys=0.00, real=0.27 secs] 
913.533: [Full GC (Allocation Failure) [PSYoungGen: 163925K->163849K(298496K)] [ParOldGen: 2630032K->2630011K(2731008K)] 2793958K->2793860K(3029504K), [Metaspace: 33448K->33448K(1081344K)], 0.2517237 secs] [Times: user=0.89 sys=0.00, real=0.26 secs] 
913.888: [GC (Allocation Failure) --[PSYoungGen: 164048K->164048K(298496K)] 2794059K->2794059K(3029504K), 0.3143655 secs] [Times: user=1.20 sys=0.00, real=0.31 secs] 
914.203: [Full GC (Ergonomics) [PSYoungGen: 164048K->163923K(298496K)] [ParOldGen: 2630011K->2630011K(2731008K)] 2794059K->2793934K(3029504K), [Metaspace: 33451K->33451K(1081344K)], 0.3062360 secs] [Times: user=1.10 sys=0.00, real=0.31 secs] 
914.509: [GC (Allocation Failure) --[PSYoungGen: 163923K->163923K(298496K)] 2793934K->2793958K(3029504K), 0.2778599 secs] [Times: user=1.06 sys=0.00, real=0.28 secs] 
914.787: [Full GC (Allocation Failure) [PSYoungGen: 163923K->163849K(298496K)] [ParOldGen: 2630035K->2630011K(2731008K)] 2793958K->2793861K(3029504K), [Metaspace: 33451K->33451K(1081344K)], 0.2556767 secs] [Times: user=0.91 sys=0.00, real=0.25 secs] 
915.119: [GC (Allocation Failure) --[PSYoungGen: 164061K->164061K(298496K)] 2794073K->2794073K(3029504K), 0.3121580 secs] [Times: user=1.20 sys=0.00, real=0.31 secs] 
915.431: [Full GC (Ergonomics) [PSYoungGen: 164061K->163922K(298496K)] [ParOldGen: 2630011K->2630011K(2731008K)] 2794073K->2793934K(3029504K), [Metaspace: 33453K->33453K(1081344K)], 0.2952777 secs] [Times: user=1.06 sys=0.00, real=0.30 secs] 
915.726: [GC (Allocation Failure) --[PSYoungGen: 163922K->163922K(298496K)] 2793934K->2793942K(3029504K), 0.2732003 secs] [Times: user=1.04 sys=0.00, real=0.27 secs] 
916.000: [Full GC (Allocation Failure) [PSYoungGen: 163922K->163849K(298496K)] [ParOldGen: 2630019K->2630011K(2731008K)] 2793942K->2793860K(3029504K), [Metaspace: 33453K->33453K(1081344K)], 0.2566681 secs] [Times: user=0.91 sys=0.00, real=0.26 secs] 
916.290: [GC (Allocation Failure) --[PSYoungGen: 164069K->164069K(298496K)] 2794081K->2794081K(3029504K), 0.3067368 secs] [Times: user=1.17 sys=0.00, real=0.31 secs] 
916.597: [Full GC (Ergonomics) [PSYoungGen: 164069K->163922K(298496K)] [ParOldGen: 2630011K->2630011K(2731008K)] 2794081K->2793934K(3029504K), [Metaspace: 33453K->33453K(1081344K)], 0.3060697 secs] [Times: user=1.10 sys=0.00, real=0.30 secs] 
916.903: [GC (Allocation Failure) --[PSYoungGen: 163922K->163922K(298496K)] 2793934K->2793950K(3029504K), 0.3021456 secs] [Times: user=1.16 sys=0.00, real=0.31 secs] 
917.205: [Full GC (Allocation Failure) [PSYoungGen: 163922K->163849K(298496K)] [ParOldGen: 2630027K->2630011K(2731008K)] 2793950K->2793860K(3029504K), [Metaspace: 33453K->33453K(1081344K)], 0.2650441 secs] [Times: user=0.94 sys=0.00, real=0.26 secs] 
917.563: [GC (Allocation Failure) --[PSYoungGen: 164058K->164058K(298496K)] 2794070K->2794070K(3029504K), 0.3031146 secs] [Times: user=1.16 sys=0.00, real=0.31 secs] 
917.866: [Full GC (Ergonomics) [PSYoungGen: 164058K->163922K(298496K)] [ParOldGen: 2630011K->2630011K(2731008K)] 2794070K->2793934K(3029504K), [Metaspace: 33456K->33456K(1081344K)], 0.2833660 secs] [Times: user=1.02 sys=0.00, real=0.28 secs] 
918.149: [GC (Allocation Failure) --[PSYoungGen: 163922K->163922K(298496K)] 2793934K->2793950K(3029504K), 0.2870328 secs] [Times: user=1.09 sys=0.00, real=0.29 secs] 
918.437: [Full GC (Allocation Failure) [PSYoungGen: 163922K->163849K(298496K)] [ParOldGen: 2630027K->2630011K(2731008K)] 2793950K->2793860K(3029504K), [Metaspace: 33456K->33456K(1081344K)], 0.2650208 secs] [Times: user=0.95 sys=0.00, real=0.26 secs] 
918.800: [GC (Allocation Failure) --[PSYoungGen: 164084K->164084K(298496K)] 2794096K->2794096K(3029504K), 0.3531187 secs] [Times: user=1.29 sys=0.00, real=0.35 secs] 
919.153: [Full GC (Ergonomics) [PSYoungGen: 164084K->163922K(298496K)] [ParOldGen: 2630011K->2630011K(2731008K)] 2794096K->2793934K(3029504K), [Metaspace: 33457K->33457K(1081344K)], 0.2930123 secs] [Times: user=1.05 sys=0.00, real=0.30 secs] 
919.446: [GC (Allocation Failure) --[PSYoungGen: 163922K->163922K(298496K)] 2793934K->2793950K(3029504K), 0.2810596 secs] [Times: user=1.08 sys=0.00, real=0.28 secs] 
919.727: [Full GC (Allocation Failure) [PSYoungGen: 163922K->163849K(298496K)] [ParOldGen: 2630027K->2630011K(2731008K)] 2793950K->2793860K(3029504K), [Metaspace: 33457K->33457K(1081344K)], 0.2554910 secs] [Times: user=0.91 sys=0.00, real=0.25 secs] 
920.069: [GC (Allocation Failure) --[PSYoungGen: 164148K->164148K(298496K)] 2794160K->2794160K(3029504K), 0.3134422 secs] [Times: user=1.21 sys=0.00, real=0.31 secs] 
920.383: [Full GC (Ergonomics) [PSYoungGen: 164148K->163937K(298496K)] [ParOldGen: 2630011K->2630011K(2731008K)] 2794160K->2793949K(3029504K), [Metaspace: 33457K->33457K(1081344K)], 0.3200952 secs] [Times: user=1.15 sys=0.00, real=0.32 secs] 
920.703: [GC (Allocation Failure) --[PSYoungGen: 163937K->163937K(298496K)] 2793949K->2793957K(3029504K), 0.2752660 secs] [Times: user=1.05 sys=0.00, real=0.28 secs] 
920.978: [Full GC (Allocation Failure) [PSYoungGen: 163937K->163863K(298496K)] [ParOldGen: 2630019K->2630011K(2731008K)] 2793957K->2793875K(3029504K), [Metaspace: 33457K->33457K(1081344K)], 0.2535215 secs] [Times: user=0.90 sys=0.00, real=0.25 secs] 
921.330: [GC (Allocation Failure) --[PSYoungGen: 164252K->164252K(298496K)] 2794264K->2794264K(3029504K), 0.3084636 secs] [Times: user=1.18 sys=0.00, real=0.31 secs] 
921.638: [Full GC (Ergonomics) [PSYoungGen: 164252K->163937K(298496K)] [ParOldGen: 2630011K->2630011K(2731008K)] 2794264K->2793949K(3029504K), [Metaspace: 33465K->33465K(1081344K)], 0.2928703 secs] [Times: user=1.06 sys=0.00, real=0.29 secs] 
921.931: [GC (Allocation Failure) --[PSYoungGen: 163937K->163937K(298496K)] 2793949K->2793957K(3029504K), 0.2767629 secs] [Times: user=1.06 sys=0.00, real=0.28 secs] 
922.208: [Full GC (Allocation Failure) [PSYoungGen: 163937K->163863K(298496K)] [ParOldGen: 2630019K->2630011K(2731008K)] 2793957K->2793875K(3029504K), [Metaspace: 33465K->33465K(1081344K)], 0.2611415 secs] [Times: user=0.92 sys=0.00, real=0.26 secs] 
922.529: [GC (Allocation Failure) --[PSYoungGen: 164269K->164269K(298496K)] 2794281K->2794289K(3029504K), 0.3121099 secs] [Times: user=1.20 sys=0.00, real=0.31 secs] 
922.841: [Full GC (Ergonomics) [PSYoungGen: 164269K->163937K(298496K)] [ParOldGen: 2630019K->2630011K(2731008K)] 2794289K->2793949K(3029504K), [Metaspace: 33475K->33475K(1081344K)], 0.2953814 secs] [Times: user=1.06 sys=0.00, real=0.30 secs] 
923.137: [GC (Allocation Failure) --[PSYoungGen: 163937K->163937K(298496K)] 2793949K->2793957K(3029504K), 0.2747680 secs] [Times: user=1.05 sys=0.00, real=0.27 secs] 
923.412: [Full GC (Allocation Failure) [PSYoungGen: 163937K->163863K(298496K)] [ParOldGen: 2630019K->2630011K(2731008K)] 2793957K->2793875K(3029504K), [Metaspace: 33475K->33475K(1081344K)], 0.2536555 secs] [Times: user=0.90 sys=0.00, real=0.26 secs] 
923.760: [GC (Allocation Failure) --[PSYoungGen: 164505K->164505K(298496K)] 2794516K->2794516K(3029504K), 0.3484672 secs] [Times: user=1.30 sys=0.00, real=0.35 secs] 
924.108: [Full GC (Ergonomics) [PSYoungGen: 164505K->163937K(298496K)] [ParOldGen: 2630011K->2630011K(2731008K)] 2794516K->2793949K(3029504K), [Metaspace: 33480K->33480K(1081344K)], 0.2889860 secs] [Times: user=1.03 sys=0.00, real=0.29 secs] 
924.397: [GC (Allocation Failure) --[PSYoungGen: 163937K->163937K(298496K)] 2793949K->2793973K(3029504K), 0.2766503 secs] [Times: user=1.06 sys=0.00, real=0.27 secs] 
924.674: [Full GC (Allocation Failure) [PSYoungGen: 163937K->163849K(298496K)] [ParOldGen: 2630035K->2630026K(2731008K)] 2793973K->2793875K(3029504K), [Metaspace: 33480K->33480K(1081344K)], 0.2569993 secs] [Times: user=0.91 sys=0.00, real=0.26 secs] 
925.005: [GC (Allocation Failure) --[PSYoungGen: 164165K->164165K(298496K)] 2794191K->2794191K(3029504K), 0.2992531 secs] [Times: user=1.15 sys=0.00, real=0.30 secs] 
925.304: [Full GC (Ergonomics) [PSYoungGen: 164165K->163922K(298496K)] [ParOldGen: 2630026K->2630026K(2731008K)] 2794191K->2793949K(3029504K), [Metaspace: 33489K->33489K(1081344K)], 0.2867211 secs] [Times: user=1.03 sys=0.00, real=0.28 secs] 
925.591: [GC (Allocation Failure) --[PSYoungGen: 163922K->163922K(298496K)] 2793949K->2793973K(3029504K), 0.2760604 secs] [Times: user=1.05 sys=0.00, real=0.28 secs] 
925.867: [Full GC (Allocation Failure) [PSYoungGen: 163922K->163849K(298496K)] [ParOldGen: 2630050K->2630026K(2731008K)] 2793973K->2793875K(3029504K), [Metaspace: 33489K->33489K(1081344K)], 0.2518030 secs] [Times: user=0.90 sys=0.00, real=0.25 secs] 
926.189: [GC (Allocation Failure) --[PSYoungGen: 164054K->164054K(298496K)] 2794081K->2794089K(3029504K), 0.3036543 secs] [Times: user=1.17 sys=0.00, real=0.30 secs] 
926.493: [Full GC (Ergonomics) [PSYoungGen: 164054K->163922K(298496K)] [ParOldGen: 2630034K->2630026K(2731008K)] 2794089K->2793949K(3029504K), [Metaspace: 33494K->33494K(1081344K)], 0.3394775 secs] [Times: user=1.24 sys=0.00, real=0.34 secs] 
926.833: [GC (Allocation Failure) --[PSYoungGen: 163922K->163922K(298496K)] 2793949K->2793965K(3029504K), 0.2765625 secs] [Times: user=1.05 sys=0.00, real=0.28 secs] 
927.109: [Full GC (Allocation Failure) [PSYoungGen: 163922K->163849K(298496K)] [ParOldGen: 2630042K->2630026K(2731008K)] 2793965K->2793875K(3029504K), [Metaspace: 33494K->33494K(1081344K)], 0.2513614 secs] [Times: user=0.90 sys=0.00, real=0.25 secs] 
927.465: [GC (Allocation Failure) --[PSYoungGen: 164045K->164045K(298496K)] 2794072K->2794072K(3029504K), 0.3000293 secs] [Times: user=1.14 sys=0.00, real=0.30 secs] 
927.765: [Full GC (Ergonomics) [PSYoungGen: 164045K->163922K(298496K)] [ParOldGen: 2630026K->2630026K(2731008K)] 2794072K->2793949K(3029504K), [Metaspace: 33496K->33496K(1081344K)], 0.2928042 secs] [Times: user=1.06 sys=0.00, real=0.29 secs] 
928.058: [GC (Allocation Failure) --[PSYoungGen: 163922K->163922K(298496K)] 2793949K->2793965K(3029504K), 0.2795700 secs] [Times: user=1.06 sys=0.00, real=0.28 secs] 
928.338: [Full GC (Allocation Failure) [PSYoungGen: 163922K->163849K(298496K)] [ParOldGen: 2630042K->2630026K(2731008K)] 2793965K->2793875K(3029504K), [Metaspace: 33496K->33496K(1081344K)], 0.2656753 secs] [Times: user=0.94 sys=0.00, real=0.26 secs] 
928.695: [GC (Allocation Failure) --[PSYoungGen: 164045K->164045K(298496K)] 2794072K->2794072K(3029504K), 0.3156970 secs] [Times: user=1.21 sys=0.00, real=0.32 secs] 
929.011: [Full GC (Ergonomics) [PSYoungGen: 164045K->163922K(298496K)] [ParOldGen: 2630026K->2630026K(2731008K)] 2794072K->2793949K(3029504K), [Metaspace: 33497K->33497K(1081344K)], 0.2906944 secs] [Times: user=1.05 sys=0.00, real=0.29 secs] 
929.302: [GC (Allocation Failure) --[PSYoungGen: 163922K->163922K(298496K)] 2793949K->2793965K(3029504K), 0.2738983 secs] [Times: user=1.04 sys=0.00, real=0.28 secs] 
929.576: [Full GC (Allocation Failure) [PSYoungGen: 163922K->163849K(298496K)] [ParOldGen: 2630042K->2630026K(2731008K)] 2793965K->2793876K(3029504K), [Metaspace: 33497K->33497K(1081344K)], 0.2523699 secs] [Times: user=0.89 sys=0.00, real=0.25 secs] 
929.926: [GC (Allocation Failure) --[PSYoungGen: 164050K->164050K(298496K)] 2794077K->2794085K(3029504K), 0.3428491 secs] [Times: user=1.31 sys=0.00, real=0.34 secs] 
930.269: [Full GC (Ergonomics) [PSYoungGen: 164050K->163923K(298496K)] [ParOldGen: 2630034K->2630026K(2731008K)] 2794085K->2793949K(3029504K), [Metaspace: 33506K->33506K(1081344K)], 0.2998086 secs] [Times: user=1.08 sys=0.00, real=0.30 secs] 
930.569: [GC (Allocation Failure) --[PSYoungGen: 163923K->163923K(298496K)] 2793949K->2793965K(3029504K), 0.2750626 secs] [Times: user=1.05 sys=0.00, real=0.28 secs] 
930.844: [Full GC (Allocation Failure) [PSYoungGen: 163923K->163849K(298496K)] [ParOldGen: 2630042K->2630026K(2731008K)] 2793965K->2793876K(3029504K), [Metaspace: 33506K->33506K(1081344K)], 0.2536446 secs] [Times: user=0.90 sys=0.00, real=0.25 secs] 
931.186: [GC (Allocation Failure) --[PSYoungGen: 164058K->164058K(298496K)] 2794085K->2794093K(3029504K), 0.3032339 secs] [Times: user=1.16 sys=0.00, real=0.30 secs] 
931.489: [Full GC (Ergonomics) [PSYoungGen: 164058K->163923K(298496K)] [ParOldGen: 2630034K->2630026K(2731008K)] 2794093K->2793950K(3029504K), [Metaspace: 33521K->33521K(1081344K)], 0.2902913 secs] [Times: user=1.04 sys=0.00, real=0.29 secs] 
931.779: [GC (Allocation Failure) --[PSYoungGen: 163923K->163923K(298496K)] 2793950K->2793966K(3029504K), 0.2752419 secs] [Times: user=1.06 sys=0.00, real=0.27 secs] 
932.055: [Full GC (Allocation Failure) [PSYoungGen: 163923K->163849K(298496K)] [ParOldGen: 2630042K->2630027K(2731008K)] 2793966K->2793876K(3029504K), [Metaspace: 33521K->33521K(1081344K)], 0.2527124 secs] [Times: user=0.89 sys=0.00, real=0.26 secs] 
932.385: [GC (Allocation Failure) --[PSYoungGen: 164078K->164078K(298496K)] 2794105K->2794113K(3029504K), 0.3026081 secs] [Times: user=1.16 sys=0.00, real=0.30 secs] 
932.688: [Full GC (Ergonomics) [PSYoungGen: 164078K->163923K(298496K)] [ParOldGen: 2630035K->2630026K(2731008K)] 2794113K->2793950K(3029504K), [Metaspace: 33530K->33530K(1081344K)], 0.3089798 secs] [Times: user=1.11 sys=0.00, real=0.31 secs] 
932.997: [GC (Allocation Failure) --[PSYoungGen: 163923K->163923K(298496K)] 2793950K->2793958K(3029504K), 0.2727654 secs] [Times: user=1.04 sys=0.00, real=0.27 secs] 
933.270: [Full GC (Allocation Failure) [PSYoungGen: 163923K->163850K(298496K)] [ParOldGen: 2630034K->2630027K(2731008K)] 2793958K->2793877K(3029504K), [Metaspace: 33530K->33530K(1081344K)], 0.2516409 secs] [Times: user=0.90 sys=0.00, real=0.25 secs] 
933.607: [GC (Allocation Failure) --[PSYoungGen: 164138K->164138K(298496K)] 2794165K->2794173K(3029504K), 0.3292442 secs] [Times: user=1.18 sys=0.00, real=0.33 secs] 
933.936: [Full GC (Ergonomics) [PSYoungGen: 164138K->163923K(298496K)] [ParOldGen: 2630035K->2630027K(2731008K)] 2794173K->2793950K(3029504K), [Metaspace: 33537K->33537K(1081344K)], 0.2888844 secs] [Times: user=1.04 sys=0.00, real=0.29 secs] 
934.225: [GC (Allocation Failure) --[PSYoungGen: 163923K->163923K(298496K)] 2793950K->2793974K(3029504K), 0.2761850 secs] [Times: user=1.06 sys=0.00, real=0.27 secs] 
934.501: [Full GC (Allocation Failure) [PSYoungGen: 163923K->163849K(298496K)] [ParOldGen: 2630051K->2630027K(2731008K)] 2793974K->2793877K(3029504K), [Metaspace: 33537K->33537K(1081344K)], 0.2567633 secs] [Times: user=0.91 sys=0.00, real=0.26 secs] 
934.830: [GC (Allocation Failure) --[PSYoungGen: 164139K->164139K(298496K)] 2794166K->2794166K(3029504K), 0.3072136 secs] [Times: user=1.18 sys=0.00, real=0.31 secs] 
935.137: [Full GC (Ergonomics) [PSYoungGen: 164139K->163923K(298496K)] [ParOldGen: 2630027K->2630027K(2731008K)] 2794166K->2793950K(3029504K), [Metaspace: 33538K->33538K(1081344K)], 0.2895643 secs] [Times: user=1.04 sys=0.00, real=0.29 secs] 
935.427: [GC (Allocation Failure) --[PSYoungGen: 163923K->163923K(298496K)] 2793950K->2793966K(3029504K), 0.2761242 secs] [Times: user=1.06 sys=0.00, real=0.27 secs] 
935.703: [Full GC (Allocation Failure) [PSYoungGen: 163923K->163849K(298496K)] [ParOldGen: 2630043K->2630027K(2731008K)] 2793966K->2793877K(3029504K), [Metaspace: 33538K->33538K(1081344K)], 0.2570888 secs] [Times: user=0.91 sys=0.00, real=0.26 secs] 
936.045: [GC (Allocation Failure) --[PSYoungGen: 164240K->164240K(298496K)] 2794268K->2794268K(3029504K), 0.3193545 secs] [Times: user=1.22 sys=0.00, real=0.32 secs] 
936.364: [Full GC (Ergonomics) [PSYoungGen: 164240K->163922K(298496K)] [ParOldGen: 2630027K->2630027K(2731008K)] 2794268K->2793950K(3029504K), [Metaspace: 33540K->33540K(1081344K)], 0.3685000 secs] [Times: user=1.36 sys=0.00, real=0.36 secs] 
936.733: [GC (Allocation Failure) --[PSYoungGen: 163922K->163922K(298496K)] 2793950K->2793966K(3029504K), 0.2732712 secs] [Times: user=1.04 sys=0.00, real=0.28 secs] 
937.006: [Full GC (Allocation Failure) [PSYoungGen: 163922K->163849K(298496K)] [ParOldGen: 2630043K->2630028K(2731008K)] 2793966K->2793877K(3029504K), [Metaspace: 33540K->33540K(1081344K)], 0.2574748 secs] [Times: user=0.91 sys=0.00, real=0.25 secs] 
937.367: [GC (Allocation Failure) --[PSYoungGen: 164120K->164120K(298496K)] 2794148K->2794148K(3029504K), 0.3022893 secs] [Times: user=1.16 sys=0.00, real=0.30 secs] 
937.669: [Full GC (Ergonomics) [PSYoungGen: 164120K->163922K(298496K)] [ParOldGen: 2630028K->2630028K(2731008K)] 2794148K->2793950K(3029504K), [Metaspace: 33546K->33546K(1081344K)], 0.2912811 secs] [Times: user=1.05 sys=0.00, real=0.29 secs] 
937.961: [GC (Allocation Failure) --[PSYoungGen: 163922K->163922K(298496K)] 2793950K->2793966K(3029504K), 0.2746921 secs] [Times: user=1.05 sys=0.00, real=0.27 secs] 
938.235: [Full GC (Allocation Failure) [PSYoungGen: 163922K->163849K(298496K)] [ParOldGen: 2630044K->2630028K(2731008K)] 2793966K->2793877K(3029504K), [Metaspace: 33546K->33546K(1081344K)], 0.2542027 secs] [Times: user=0.90 sys=0.00, real=0.26 secs] 
938.582: [GC (Allocation Failure) --[PSYoungGen: 164046K->164046K(298496K)] 2794075K->2794075K(3029504K), 0.3113121 secs] [Times: user=1.19 sys=0.00, real=0.31 secs] 
938.894: [Full GC (Ergonomics) [PSYoungGen: 164046K->163922K(298496K)] [ParOldGen: 2630028K->2630028K(2731008K)] 2794075K->2793950K(3029504K), [Metaspace: 33552K->33552K(1081344K)], 0.3453768 secs] [Times: user=1.25 sys=0.00, real=0.35 secs] 
939.239: [GC (Allocation Failure) --[PSYoungGen: 163922K->163922K(298496K)] 2793950K->2793966K(3029504K), 0.2771947 secs] [Times: user=1.06 sys=0.00, real=0.28 secs] 
939.516: [Full GC (Allocation Failure) [PSYoungGen: 163922K->163849K(298496K)] [ParOldGen: 2630044K->2630028K(2731008K)] 2793966K->2793877K(3029504K), [Metaspace: 33552K->33552K(1081344K)], 0.2585921 secs] [Times: user=0.92 sys=0.00, real=0.25 secs] 
939.889: [GC (Allocation Failure) --[PSYoungGen: 164048K->164048K(298496K)] 2794076K->2794076K(3029504K), 0.3054457 secs] [Times: user=1.17 sys=0.00, real=0.30 secs] 
940.194: [Full GC (Ergonomics) [PSYoungGen: 164048K->163922K(298496K)] [ParOldGen: 2630028K->2630028K(2731008K)] 2794076K->2793950K(3029504K), [Metaspace: 33555K->33555K(1081344K)], 0.2895088 secs] [Times: user=1.04 sys=0.00, real=0.30 secs] 
940.484: [GC (Allocation Failure) --[PSYoungGen: 163922K->163922K(298496K)] 2793950K->2793958K(3029504K), 0.2742825 secs] [Times: user=1.04 sys=0.00, real=0.27 secs] 
940.758: [Full GC (Allocation Failure) [PSYoungGen: 163922K->163849K(298496K)] [ParOldGen: 2630036K->2630028K(2731008K)] 2793958K->2793877K(3029504K), [Metaspace: 33555K->33555K(1081344K)], 0.2610862 secs] [Times: user=0.94 sys=0.00, real=0.26 secs] 
941.119: [GC (Allocation Failure) --[PSYoungGen: 164052K->164052K(298496K)] 2794080K->2794088K(3029504K), 0.3009254 secs] [Times: user=1.15 sys=0.00, real=0.30 secs] 
941.420: [Full GC (Ergonomics) [PSYoungGen: 164052K->163922K(298496K)] [ParOldGen: 2630036K->2630028K(2731008K)] 2794088K->2793950K(3029504K), [Metaspace: 33570K->33570K(1081344K)], 0.3469419 secs] [Times: user=1.25 sys=0.00, real=0.35 secs] 
941.767: [GC (Allocation Failure) --[PSYoungGen: 163922K->163922K(298496K)] 2793950K->2793958K(3029504K), 0.2749573 secs] [Times: user=1.04 sys=0.00, real=0.27 secs] 
942.042: [Full GC (Allocation Failure) [PSYoungGen: 163922K->163849K(298496K)] [ParOldGen: 2630036K->2630028K(2731008K)] 2793958K->2793877K(3029504K), [Metaspace: 33570K->33570K(1081344K)], 0.2537880 secs] [Times: user=0.91 sys=0.00, real=0.26 secs] 
942.380: [GC (Allocation Failure) --[PSYoungGen: 164048K->164048K(298496K)] 2794077K->2794077K(3029504K), 0.3088152 secs] [Times: user=1.19 sys=0.00, real=0.31 secs] 
942.689: [Full GC (Ergonomics) [PSYoungGen: 164048K->163920K(298496K)] [ParOldGen: 2630028K->2630028K(2731008K)] 2794077K->2793948K(3029504K), [Metaspace: 33574K->33574K(1081344K)], 0.2937606 secs] [Times: user=1.05 sys=0.00, real=0.29 secs] 
942.982: [GC (Allocation Failure) --[PSYoungGen: 163920K->163920K(298496K)] 2793948K->2793956K(3029504K), 0.2759762 secs] [Times: user=1.06 sys=0.00, real=0.28 secs] 
943.258: [Full GC (Allocation Failure) [PSYoungGen: 163920K->163848K(298496K)] [ParOldGen: 2630036K->2630028K(2731008K)] 2793956K->2793876K(3029504K), [Metaspace: 33574K->33574K(1081344K)], 0.2517863 secs] [Times: user=0.89 sys=0.00, real=0.25 secs] 
943.612: [GC (Allocation Failure) --[PSYoungGen: 164050K->164050K(298496K)] 2794079K->2794087K(3029504K), 0.3005793 secs] [Times: user=1.16 sys=0.00, real=0.30 secs] 
943.913: [Full GC (Ergonomics) [PSYoungGen: 164050K->163922K(298496K)] [ParOldGen: 2630036K->2630028K(2731008K)] 2794087K->2793951K(3029504K), [Metaspace: 33600K->33600K(1081344K)], 0.2923895 secs] [Times: user=1.05 sys=0.00, real=0.30 secs] 
944.205: [GC (Allocation Failure) --[PSYoungGen: 163922K->163922K(298496K)] 2793951K->2793959K(3029504K), 0.2748695 secs] [Times: user=1.04 sys=0.00, real=0.27 secs] 
944.480: [Full GC (Allocation Failure) [PSYoungGen: 163922K->163849K(298496K)] [ParOldGen: 2630036K->2630028K(2731008K)] 2793959K->2793877K(3029504K), [Metaspace: 33600K->33600K(1081344K)], 0.2522322 secs] [Times: user=0.90 sys=0.00, real=0.25 secs] 
944.809: [GC (Allocation Failure) --[PSYoungGen: 164057K->164057K(298496K)] 2794086K->2794086K(3029504K), 0.3742322 secs] [Times: user=1.39 sys=0.00, real=0.37 secs] 
945.183: [Full GC (Ergonomics) [PSYoungGen: 164057K->163922K(298496K)] [ParOldGen: 2630028K->2630028K(2731008K)] 2794086K->2793951K(3029504K), [Metaspace: 33603K->33603K(1081344K)], 0.2976191 secs] [Times: user=1.07 sys=0.00, real=0.30 secs] 
945.481: [GC (Allocation Failure) --[PSYoungGen: 163922K->163922K(298496K)] 2793951K->2793967K(3029504K), 0.2822577 secs] [Times: user=1.08 sys=0.00, real=0.28 secs] 
945.763: [Full GC (Allocation Failure) [PSYoungGen: 163922K->163849K(298496K)] [ParOldGen: 2630044K->2630028K(2731008K)] 2793967K->2793877K(3029504K), [Metaspace: 33603K->33603K(1081344K)], 0.2562573 secs] [Times: user=0.91 sys=0.00, real=0.26 secs] 
946.101: [GC (Allocation Failure) --[PSYoungGen: 164079K->164079K(298496K)] 2794107K->2794115K(3029504K), 0.3132373 secs] [Times: user=1.20 sys=0.00, real=0.31 secs] 
946.414: [Full GC (Ergonomics) [PSYoungGen: 164079K->163922K(298496K)] [ParOldGen: 2630036K->2630028K(2731008K)] 2794115K->2793951K(3029504K), [Metaspace: 33607K->33607K(1081344K)], 0.2880350 secs] [Times: user=1.03 sys=0.00, real=0.29 secs] 
946.702: [GC (Allocation Failure) --[PSYoungGen: 163922K->163922K(298496K)] 2793951K->2793967K(3029504K), 0.2739030 secs] [Times: user=1.05 sys=0.00, real=0.28 secs] 
946.976: [Full GC (Allocation Failure) [PSYoungGen: 163922K->163849K(298496K)] [ParOldGen: 2630044K->2630028K(2731008K)] 2793967K->2793877K(3029504K), [Metaspace: 33607K->33607K(1081344K)], 0.2530608 secs] [Times: user=0.90 sys=0.00, real=0.25 secs] 
947.300: [GC (Allocation Failure) --[PSYoungGen: 164065K->164065K(298496K)] 2794093K->2794093K(3029504K), 0.3450745 secs] [Times: user=1.31 sys=0.00, real=0.35 secs] 
947.645: [Full GC (Ergonomics) [PSYoungGen: 164065K->163922K(298496K)] [ParOldGen: 2630028K->2630028K(2731008K)] 2794093K->2793951K(3029504K), [Metaspace: 33607K->33607K(1081344K)], 0.3125861 secs] [Times: user=1.13 sys=0.00, real=0.31 secs] 
947.958: [GC (Allocation Failure) --[PSYoungGen: 163922K->163922K(298496K)] 2793951K->2793959K(3029504K), 0.2734728 secs] [Times: user=1.04 sys=0.00, real=0.27 secs] 
948.231: [Full GC (Allocation Failure) [PSYoungGen: 163922K->163849K(298496K)] [ParOldGen: 2630036K->2630028K(2731008K)] 2793959K->2793877K(3029504K), [Metaspace: 33607K->33607K(1081344K)], 0.2719735 secs] [Times: user=0.96 sys=0.00, real=0.27 secs] 
948.592: [GC (Allocation Failure) --[PSYoungGen: 164128K->164128K(298496K)] 2794156K->2794156K(3029504K), 0.3485692 secs] [Times: user=1.32 sys=0.00, real=0.35 secs] 
948.940: [Full GC (Ergonomics) [PSYoungGen: 164128K->163922K(298496K)] [ParOldGen: 2630028K->2630028K(2731008K)] 2794156K->2793951K(3029504K), [Metaspace: 33607K->33607K(1081344K)], 0.2828623 secs] [Times: user=1.01 sys=0.00, real=0.28 secs] 
949.223: [GC (Allocation Failure) --[PSYoungGen: 163922K->163922K(298496K)] 2793951K->2793967K(3029504K), 0.2759390 secs] [Times: user=1.06 sys=0.00, real=0.28 secs] 
949.499: [Full GC (Allocation Failure) [PSYoungGen: 163922K->163849K(298496K)] [ParOldGen: 2630044K->2630028K(2731008K)] 2793967K->2793877K(3029504K), [Metaspace: 33607K->33607K(1081344K)], 0.2513516 secs] [Times: user=0.89 sys=0.00, real=0.25 secs] 
949.837: [GC (Allocation Failure) --[PSYoungGen: 164083K->164083K(298496K)] 2794112K->2794112K(3029504K), 0.3040119 secs] [Times: user=1.16 sys=0.00, real=0.30 secs] 
950.141: [Full GC (Ergonomics) [PSYoungGen: 164083K->163922K(298496K)] [ParOldGen: 2630028K->2630028K(2731008K)] 2794112K->2793951K(3029504K), [Metaspace: 33607K->33607K(1081344K)], 0.3418756 secs] [Times: user=1.25 sys=0.00, real=0.34 secs] 
950.483: [GC (Allocation Failure) --[PSYoungGen: 163922K->163922K(298496K)] 2793951K->2793967K(3029504K), 0.2725063 secs] [Times: user=1.04 sys=0.00, real=0.28 secs] 
950.756: [Full GC (Allocation Failure) [PSYoungGen: 163922K->163849K(298496K)] [ParOldGen: 2630044K->2630028K(2731008K)] 2793967K->2793877K(3029504K), [Metaspace: 33607K->33607K(1081344K)], 0.2522416 secs] [Times: user=0.89 sys=0.00, real=0.25 secs] 
951.067: [GC (Allocation Failure) --[PSYoungGen: 164048K->164048K(298496K)] 2794077K->2794077K(3029504K), 0.3008745 secs] [Times: user=1.15 sys=0.00, real=0.30 secs] 
951.368: [Full GC (Ergonomics) [PSYoungGen: 164048K->163922K(298496K)] [ParOldGen: 2630028K->2630028K(2731008K)] 2794077K->2793951K(3029504K), [Metaspace: 33607K->33607K(1081344K)], 0.2933434 secs] [Times: user=1.05 sys=0.00, real=0.29 secs] 
951.662: [GC (Allocation Failure) --[PSYoungGen: 163922K->163922K(298496K)] 2793951K->2793967K(3029504K), 0.2713344 secs] [Times: user=1.04 sys=0.00, real=0.27 secs] 
951.933: [Full GC (Allocation Failure) [PSYoungGen: 163922K->163849K(298496K)] [ParOldGen: 2630044K->2630028K(2731008K)] 2793967K->2793877K(3029504K), [Metaspace: 33607K->33607K(1081344K)], 0.2525475 secs] [Times: user=0.90 sys=0.00, real=0.26 secs] 
952.266: [GC (Allocation Failure) --[PSYoungGen: 164048K->164048K(298496K)] 2794076K->2794084K(3029504K), 0.3027176 secs] [Times: user=1.15 sys=0.00, real=0.30 secs] 
952.569: [Full GC (Ergonomics) [PSYoungGen: 164048K->163922K(298496K)] [ParOldGen: 2630036K->2630028K(2731008K)] 2794084K->2793951K(3029504K), [Metaspace: 33616K->33616K(1081344K)], 0.3000944 secs] [Times: user=1.01 sys=0.00, real=0.30 secs] 
952.869: [GC (Allocation Failure) --[PSYoungGen: 163922K->163922K(298496K)] 2793951K->2793967K(3029504K), 0.2735642 secs] [Times: user=1.03 sys=0.00, real=0.27 secs] 
953.143: [Full GC (Allocation Failure) [PSYoungGen: 163922K->163849K(298496K)] [ParOldGen: 2630044K->2630028K(2731008K)] 2793967K->2793877K(3029504K), [Metaspace: 33616K->33616K(1081344K)], 0.2526936 secs] [Times: user=0.90 sys=0.00, real=0.26 secs] 
953.481: [GC (Allocation Failure) --[PSYoungGen: 164045K->164045K(298496K)] 2794073K->2794073K(3029504K), 0.3497455 secs] [Times: user=1.32 sys=0.00, real=0.35 secs] 
953.831: [Full GC (Ergonomics) [PSYoungGen: 164045K->163922K(298496K)] [ParOldGen: 2630028K->2630028K(2731008K)] 2794073K->2793951K(3029504K), [Metaspace: 33616K->33616K(1081344K)], 0.3041167 secs] [Times: user=1.09 sys=0.00, real=0.30 secs] 
954.135: [GC (Allocation Failure) --[PSYoungGen: 163922K->163922K(298496K)] 2793951K->2793967K(3029504K), 0.2747330 secs] [Times: user=1.05 sys=0.00, real=0.28 secs] 
954.410: [Full GC (Allocation Failure) [PSYoungGen: 163922K->163849K(298496K)] [ParOldGen: 2630044K->2630028K(2731008K)] 2793967K->2793877K(3029504K), [Metaspace: 33616K->33616K(1081344K)], 0.2542129 secs] [Times: user=0.90 sys=0.00, real=0.26 secs] 
954.758: [GC (Allocation Failure) --[PSYoungGen: 164047K->164047K(298496K)] 2794076K->2794076K(3029504K), 0.3001684 secs] [Times: user=1.15 sys=0.00, real=0.30 secs] 
955.058: [Full GC (Ergonomics) [PSYoungGen: 164047K->163922K(298496K)] [ParOldGen: 2630028K->2630028K(2731008K)] 2794076K->2793951K(3029504K), [Metaspace: 33617K->33617K(1081344K)], 0.2887541 secs] [Times: user=1.04 sys=0.00, real=0.29 secs] 
955.347: [GC (Allocation Failure) --[PSYoungGen: 163922K->163922K(298496K)] 2793951K->2793967K(3029504K), 0.2721371 secs] [Times: user=1.03 sys=0.00, real=0.27 secs] 
955.619: [Full GC (Allocation Failure) [PSYoungGen: 163922K->163849K(298496K)] [ParOldGen: 2630044K->2630028K(2731008K)] 2793967K->2793877K(3029504K), [Metaspace: 33617K->33617K(1081344K)], 0.2524931 secs] [Times: user=0.90 sys=0.00, real=0.25 secs] 
955.957: [GC (Allocation Failure) --[PSYoungGen: 164049K->164049K(298496K)] 2794077K->2794077K(3029504K), 0.2989620 secs] [Times: user=1.14 sys=0.00, real=0.30 secs] 
956.256: [Full GC (Ergonomics) [PSYoungGen: 164049K->163923K(298496K)] [ParOldGen: 2630028K->2630028K(2731008K)] 2794077K->2793951K(3029504K), [Metaspace: 33621K->33621K(1081344K)], 0.3341965 secs] [Times: user=1.20 sys=0.00, real=0.33 secs] 
956.590: [GC (Allocation Failure) --[PSYoungGen: 163923K->163923K(298496K)] 2793951K->2793959K(3029504K), 0.2786222 secs] [Times: user=1.07 sys=0.00, real=0.28 secs] 
956.869: [Full GC (Allocation Failure) [PSYoungGen: 163923K->163849K(298496K)] [ParOldGen: 2630036K->2630028K(2731008K)] 2793959K->2793877K(3029504K), [Metaspace: 33621K->33621K(1081344K)], 0.2707572 secs] [Times: user=0.96 sys=0.00, real=0.27 secs] 
957.233: [GC (Allocation Failure) --[PSYoungGen: 164048K->164048K(298496K)] 2794076K->2794076K(3029504K), 0.3031093 secs] [Times: user=1.16 sys=0.00, real=0.31 secs] 
957.536: [Full GC (Ergonomics) [PSYoungGen: 164048K->163922K(298496K)] [ParOldGen: 2630028K->2630028K(2731008K)] 2794076K->2793951K(3029504K), [Metaspace: 33622K->33622K(1081344K)], 0.3035705 secs] [Times: user=1.10 sys=0.00, real=0.30 secs] 
957.840: [GC (Allocation Failure) --[PSYoungGen: 163922K->163922K(298496K)] 2793951K->2793967K(3029504K), 0.3114711 secs] [Times: user=1.14 sys=0.00, real=0.31 secs] 
958.151: [Full GC (Allocation Failure) [PSYoungGen: 163922K->163849K(298496K)] [ParOldGen: 2630044K->2630028K(2731008K)] 2793967K->2793877K(3029504K), [Metaspace: 33622K->33622K(1081344K)], 0.2561237 secs] [Times: user=0.90 sys=0.00, real=0.26 secs] 
958.494: [GC (Allocation Failure) --[PSYoungGen: 164053K->164053K(298496K)] 2794081K->2794081K(3029504K), 0.3090714 secs] [Times: user=1.19 sys=0.00, real=0.31 secs] 
958.803: [Full GC (Ergonomics) [PSYoungGen: 164053K->163922K(298496K)] [ParOldGen: 2630028K->2630028K(2731008K)] 2794081K->2793951K(3029504K), [Metaspace: 33631K->33631K(1081344K)], 0.3332135 secs] [Times: user=1.21 sys=0.00, real=0.34 secs] 
959.137: [GC (Allocation Failure) --[PSYoungGen: 163922K->163922K(298496K)] 2793951K->2793967K(3029504K), 0.2759316 secs] [Times: user=1.05 sys=0.00, real=0.27 secs] 
959.413: [Full GC (Allocation Failure) [PSYoungGen: 163922K->163849K(298496K)] [ParOldGen: 2630044K->2630028K(2731008K)] 2793967K->2793877K(3029504K), [Metaspace: 33631K->33631K(1081344K)], 0.2527719 secs] [Times: user=0.90 sys=0.00, real=0.26 secs] 
959.739: [GC (Allocation Failure) --[PSYoungGen: 164056K->164056K(298496K)] 2794085K->2794085K(3029504K), 0.3176920 secs] [Times: user=1.21 sys=0.00, real=0.32 secs] 
960.057: [Full GC (Ergonomics) [PSYoungGen: 164056K->163922K(298496K)] [ParOldGen: 2630028K->2630028K(2731008K)] 2794085K->2793951K(3029504K), [Metaspace: 33632K->33632K(1081344K)], 0.3136000 secs] [Times: user=1.13 sys=0.00, real=0.31 secs] 
960.371: [GC (Allocation Failure) --[PSYoungGen: 163922K->163922K(298496K)] 2793951K->2793967K(3029504K), 0.2793375 secs] [Times: user=1.06 sys=0.00, real=0.28 secs] 
960.650: [Full GC (Allocation Failure) [PSYoungGen: 163922K->163849K(298496K)] [ParOldGen: 2630044K->2630028K(2731008K)] 2793967K->2793877K(3029504K), [Metaspace: 33632K->33632K(1081344K)], 0.2600706 secs] [Times: user=0.93 sys=0.00, real=0.26 secs] 
961.000: [GC (Allocation Failure) --[PSYoungGen: 164071K->164071K(298496K)] 2794099K->2794099K(3029504K), 0.3308604 secs] [Times: user=1.27 sys=0.00, real=0.33 secs] 
961.331: [Full GC (Ergonomics) [PSYoungGen: 164071K->163922K(298496K)] [ParOldGen: 2630028K->2630028K(2731008K)] 2794099K->2793951K(3029504K), [Metaspace: 33633K->33633K(1081344K)], 0.3461418 secs] [Times: user=1.15 sys=0.00, real=0.35 secs] 
961.677: [GC (Allocation Failure) --[PSYoungGen: 163922K->163922K(298496K)] 2793951K->2793967K(3029504K), 0.2792059 secs] [Times: user=1.05 sys=0.00, real=0.28 secs] 
961.957: [Full GC (Allocation Failure) [PSYoungGen: 163922K->163849K(298496K)] [ParOldGen: 2630044K->2630028K(2731008K)] 2793967K->2793877K(3029504K), [Metaspace: 33633K->33633K(1081344K)], 0.2524864 secs] [Times: user=0.89 sys=0.00, real=0.25 secs] 
962.279: [GC (Allocation Failure) --[PSYoungGen: 164050K->164050K(298496K)] 2794079K->2794079K(3029504K), 0.3035314 secs] [Times: user=1.16 sys=0.00, real=0.30 secs] 
962.582: [Full GC (Ergonomics) [PSYoungGen: 164050K->163922K(298496K)] [ParOldGen: 2630028K->2630028K(2731008K)] 2794079K->2793951K(3029504K), [Metaspace: 33633K->33633K(1081344K)], 0.2996704 secs] [Times: user=1.07 sys=0.00, real=0.30 secs] 
962.882: [GC (Allocation Failure) --[PSYoungGen: 163922K->163922K(298496K)] 2793951K->2793967K(3029504K), 0.2715200 secs] [Times: user=1.04 sys=0.00, real=0.27 secs] 
963.154: [Full GC (Allocation Failure) [PSYoungGen: 163922K->163849K(298496K)] [ParOldGen: 2630044K->2630028K(2731008K)] 2793967K->2793877K(3029504K), [Metaspace: 33633K->33633K(1081344K)], 0.2549145 secs] [Times: user=0.90 sys=0.00, real=0.26 secs] 
963.491: [GC (Allocation Failure) --[PSYoungGen: 164047K->164047K(298496K)] 2794076K->2794076K(3029504K), 0.3055839 secs] [Times: user=1.17 sys=0.00, real=0.31 secs] 
963.797: [Full GC (Ergonomics) [PSYoungGen: 164047K->163922K(298496K)] [ParOldGen: 2630028K->2630028K(2731008K)] 2794076K->2793951K(3029504K), [Metaspace: 33633K->33633K(1081344K)], 0.2938859 secs] [Times: user=1.05 sys=0.00, real=0.29 secs] 
964.090: [GC (Allocation Failure) --[PSYoungGen: 163922K->163922K(298496K)] 2793951K->2793959K(3029504K), 0.2745425 secs] [Times: user=1.05 sys=0.00, real=0.28 secs] 
964.365: [Full GC (Allocation Failure) [PSYoungGen: 163922K->163849K(298496K)] [ParOldGen: 2630036K->2630028K(2731008K)] 2793959K->2793877K(3029504K), [Metaspace: 33633K->33633K(1081344K)], 0.2570070 secs] [Times: user=0.91 sys=0.00, real=0.25 secs] 
964.721: [GC (Allocation Failure) --[PSYoungGen: 164048K->164048K(298496K)] 2794077K->2794077K(3029504K), 0.3526341 secs] [Times: user=1.25 sys=0.00, real=0.35 secs] 
965.074: [Full GC (Ergonomics) [PSYoungGen: 164048K->163922K(298496K)] [ParOldGen: 2630028K->2630028K(2731008K)] 2794077K->2793951K(3029504K), [Metaspace: 33634K->33634K(1081344K)], 0.3150393 secs] [Times: user=1.13 sys=0.00, real=0.32 secs] 
965.389: [GC (Allocation Failure) --[PSYoungGen: 163922K->163922K(298496K)] 2793951K->2793967K(3029504K), 0.2739337 secs] [Times: user=1.04 sys=0.00, real=0.27 secs] 
965.663: [Full GC (Allocation Failure) [PSYoungGen: 163922K->163849K(298496K)] [ParOldGen: 2630044K->2630028K(2731008K)] 2793967K->2793877K(3029504K), [Metaspace: 33634K->33634K(1081344K)], 0.2613073 secs] [Times: user=0.94 sys=0.00, real=0.27 secs] 
966.014: [GC (Allocation Failure) --[PSYoungGen: 164050K->164050K(298496K)] 2794079K->2794087K(3029504K), 0.3200737 secs] [Times: user=1.23 sys=0.00, real=0.32 secs] 
966.334: [Full GC (Ergonomics) [PSYoungGen: 164050K->163922K(298496K)] [ParOldGen: 2630036K->2630028K(2731008K)] 2794087K->2793951K(3029504K), [Metaspace: 33645K->33645K(1081344K)], 0.2994753 secs] [Times: user=1.08 sys=0.00, real=0.30 secs] 
966.634: [GC (Allocation Failure) --[PSYoungGen: 163922K->163922K(298496K)] 2793951K->2793959K(3029504K), 0.2872896 secs] [Times: user=1.10 sys=0.00, real=0.29 secs] 
966.921: [Full GC (Allocation Failure) [PSYoungGen: 163922K->163849K(298496K)] [ParOldGen: 2630036K->2630028K(2731008K)] 2793959K->2793878K(3029504K), [Metaspace: 33645K->33645K(1081344K)], 0.2629712 secs] [Times: user=0.93 sys=0.00, real=0.27 secs] 
967.274: [GC (Allocation Failure) --[PSYoungGen: 164049K->164049K(298496K)] 2794078K->2794078K(3029504K), 0.3591555 secs] [Times: user=1.35 sys=0.00, real=0.36 secs] 
967.633: [Full GC (Ergonomics) [PSYoungGen: 164049K->163922K(298496K)] [ParOldGen: 2630028K->2630028K(2731008K)] 2794078K->2793951K(3029504K), [Metaspace: 33645K->33645K(1081344K)], 0.2966403 secs] [Times: user=1.07 sys=0.00, real=0.30 secs] 
967.930: [GC (Allocation Failure) --[PSYoungGen: 163922K->163922K(298496K)] 2793951K->2793967K(3029504K), 0.2823127 secs] [Times: user=1.07 sys=0.00, real=0.28 secs] 
968.213: [Full GC (Allocation Failure) [PSYoungGen: 163922K->163849K(298496K)] [ParOldGen: 2630044K->2630028K(2731008K)] 2793967K->2793878K(3029504K), [Metaspace: 33645K->33645K(1081344K)], 0.2586859 secs] [Times: user=0.92 sys=0.00, real=0.26 secs] 
968.495: [GC (Allocation Failure) --[PSYoungGen: 164044K->164044K(298496K)] 2794073K->2794073K(3029504K), 0.3203145 secs] [Times: user=1.22 sys=0.00, real=0.33 secs] 
968.816: [Full GC (Ergonomics) [PSYoungGen: 164044K->163922K(298496K)] [ParOldGen: 2630028K->2630028K(2731008K)] 2794073K->2793951K(3029504K), [Metaspace: 33647K->33647K(1081344K)], 0.3201726 secs] [Times: user=1.15 sys=0.00, real=0.32 secs] 
969.136: [GC (Allocation Failure) --[PSYoungGen: 163922K->163922K(298496K)] 2793951K->2793967K(3029504K), 0.2826730 secs] [Times: user=1.09 sys=0.00, real=0.28 secs] 
969.419: [Full GC (Allocation Failure) [PSYoungGen: 163922K->163849K(298496K)] [ParOldGen: 2630044K->2630028K(2731008K)] 2793967K->2793878K(3029504K), [Metaspace: 33647K->33647K(1081344K)], 0.2652351 secs] [Times: user=0.95 sys=0.00, real=0.27 secs] 
969.765: [GC (Allocation Failure) --[PSYoungGen: 164049K->164049K(298496K)] 2794077K->2794077K(3029504K), 0.3203429 secs] [Times: user=1.23 sys=0.00, real=0.32 secs] 
970.086: [Full GC (Ergonomics) [PSYoungGen: 164049K->163922K(298496K)] [ParOldGen: 2630028K->2630028K(2731008K)] 2794077K->2793951K(3029504K), [Metaspace: 33650K->33650K(1081344K)], 0.3417563 secs] [Times: user=1.24 sys=0.00, real=0.34 secs] 
970.427: [GC (Allocation Failure) --[PSYoungGen: 163922K->163922K(298496K)] 2793951K->2793959K(3029504K), 0.2798760 secs] [Times: user=1.07 sys=0.00, real=0.28 secs] 
970.707: [Full GC (Allocation Failure) [PSYoungGen: 163922K->163849K(298496K)] [ParOldGen: 2630036K->2630029K(2731008K)] 2793959K->2793878K(3029504K), [Metaspace: 33650K->33650K(1081344K)], 0.2659789 secs] [Times: user=0.95 sys=0.00, real=0.26 secs] 
971.056: [GC (Allocation Failure) --[PSYoungGen: 164045K->164045K(298496K)] 2794074K->2794074K(3029504K), 0.3069280 secs] [Times: user=1.17 sys=0.00, real=0.30 secs] 
971.363: [Full GC (Ergonomics) [PSYoungGen: 164045K->163922K(298496K)] [ParOldGen: 2630029K->2630028K(2731008K)] 2794074K->2793951K(3029504K), [Metaspace: 33650K->33650K(1081344K)], 0.3019127 secs] [Times: user=1.09 sys=0.00, real=0.31 secs] 
971.665: [GC (Allocation Failure) --[PSYoungGen: 163922K->163922K(298496K)] 2793951K->2793967K(3029504K), 0.2864488 secs] [Times: user=1.10 sys=0.00, real=0.28 secs] 
971.952: [Full GC (Allocation Failure) [PSYoungGen: 163922K->163849K(298496K)] [ParOldGen: 2630044K->2630029K(2731008K)] 2793967K->2793878K(3029504K), [Metaspace: 33650K->33650K(1081344K)], 0.2882224 secs] [Times: user=1.03 sys=0.00, real=0.29 secs] 
972.332: [GC (Allocation Failure) --[PSYoungGen: 164051K->164051K(298496K)] 2794080K->2794080K(3029504K), 0.3581906 secs] [Times: user=1.32 sys=0.00, real=0.36 secs] 
972.691: [Full GC (Ergonomics) [PSYoungGen: 164051K->163922K(298496K)] [ParOldGen: 2630029K->2630029K(2731008K)] 2794080K->2793951K(3029504K), [Metaspace: 33650K->33650K(1081344K)], 0.2858063 secs] [Times: user=1.02 sys=0.00, real=0.29 secs] 
972.976: [GC (Allocation Failure) --[PSYoungGen: 163922K->163922K(298496K)] 2793951K->2793959K(3029504K), 0.2746957 secs] [Times: user=1.05 sys=0.00, real=0.27 secs] 
973.251: [Full GC (Allocation Failure) [PSYoungGen: 163922K->163849K(298496K)] [ParOldGen: 2630037K->2630029K(2731008K)] 2793959K->2793878K(3029504K), [Metaspace: 33650K->33650K(1081344K)], 0.2526266 secs] [Times: user=0.90 sys=0.00, real=0.26 secs] 
973.594: [GC (Allocation Failure) --[PSYoungGen: 164053K->164053K(298496K)] 2794082K->2794082K(3029504K), 0.3039064 secs] [Times: user=1.17 sys=0.00, real=0.31 secs] 
973.898: [Full GC (Ergonomics) [PSYoungGen: 164053K->163922K(298496K)] [ParOldGen: 2630029K->2630029K(2731008K)] 2794082K->2793951K(3029504K), [Metaspace: 33651K->33651K(1081344K)], 0.2734016 secs] [Times: user=0.97 sys=0.00, real=0.27 secs] 
974.171: [GC (Allocation Failure) --[PSYoungGen: 163922K->163922K(298496K)] 2793951K->2793959K(3029504K), 0.2732424 secs] [Times: user=1.05 sys=0.00, real=0.28 secs] 
974.445: [Full GC (Allocation Failure) [PSYoungGen: 163922K->163849K(298496K)] [ParOldGen: 2630037K->2630029K(2731008K)] 2793959K->2793878K(3029504K), [Metaspace: 33651K->33651K(1081344K)], 0.2748293 secs] [Times: user=0.98 sys=0.00, real=0.27 secs] 
974.808: [GC (Allocation Failure) --[PSYoungGen: 164045K->164045K(298496K)] 2794074K->2794074K(3029504K), 0.2828873 secs] [Times: user=1.09 sys=0.00, real=0.28 secs] 
975.091: [Full GC (Ergonomics) [PSYoungGen: 164045K->163922K(298496K)] [ParOldGen: 2630029K->2630029K(2731008K)] 2794074K->2793951K(3029504K), [Metaspace: 33652K->33652K(1081344K)], 0.2589843 secs] [Times: user=0.92 sys=0.00, real=0.26 secs] 
975.350: [GC (Allocation Failure) --[PSYoungGen: 163922K->163922K(298496K)] 2793951K->2793959K(3029504K), 0.3140794 secs] [Times: user=1.20 sys=0.00, real=0.32 secs] 
975.664: [Full GC (Allocation Failure) [PSYoungGen: 163922K->163849K(298496K)] [ParOldGen: 2630037K->2630029K(2731008K)] 2793959K->2793878K(3029504K), [Metaspace: 33652K->33652K(1081344K)], 0.2914218 secs] [Times: user=1.05 sys=0.00, real=0.28 secs] 
976.053: [GC (Allocation Failure) --[PSYoungGen: 164047K->164047K(298496K)] 2794076K->2794076K(3029504K), 0.2757645 secs] [Times: user=1.06 sys=0.00, real=0.28 secs] 
976.329: [Full GC (Ergonomics) [PSYoungGen: 164047K->163922K(298496K)] [ParOldGen: 2630029K->2630029K(2731008K)] 2794076K->2793951K(3029504K), [Metaspace: 33652K->33652K(1081344K)], 0.3040540 secs] [Times: user=1.09 sys=0.00, real=0.30 secs] 
976.633: [GC (Allocation Failure) --[PSYoungGen: 163922K->163922K(298496K)] 2793951K->2793967K(3029504K), 0.2852772 secs] [Times: user=1.08 sys=0.00, real=0.29 secs] 
976.919: [Full GC (Allocation Failure) [PSYoungGen: 163922K->163849K(298496K)] [ParOldGen: 2630045K->2630029K(2731008K)] 2793967K->2793878K(3029504K), [Metaspace: 33652K->33652K(1081344K)], 0.2524013 secs] [Times: user=0.90 sys=0.00, real=0.25 secs] 
977.237: [GC (Allocation Failure) --[PSYoungGen: 164049K->164049K(298496K)] 2794078K->2794086K(3029504K), 0.3024556 secs] [Times: user=1.16 sys=0.00, real=0.30 secs] 
977.540: [Full GC (Ergonomics) [PSYoungGen: 164049K->163922K(298496K)] [ParOldGen: 2630037K->2630029K(2731008K)] 2794086K->2793951K(3029504K), [Metaspace: 33654K->33654K(1081344K)], 0.2703035 secs] [Times: user=0.96 sys=0.00, real=0.27 secs] 
977.810: [GC (Allocation Failure) --[PSYoungGen: 163922K->163922K(298496K)] 2793951K->2793967K(3029504K), 0.3336948 secs] [Times: user=1.24 sys=0.00, real=0.34 secs] 
978.144: [Full GC (Allocation Failure) [PSYoungGen: 163922K->163849K(298496K)] [ParOldGen: 2630045K->2630029K(2731008K)] 2793967K->2793878K(3029504K), [Metaspace: 33654K->33654K(1081344K)], 0.2678523 secs] [Times: user=0.96 sys=0.00, real=0.26 secs] 
978.498: [GC (Allocation Failure) --[PSYoungGen: 164047K->164047K(298496K)] 2794076K->2794076K(3029504K), 0.3204489 secs] [Times: user=1.22 sys=0.00, real=0.32 secs] 
978.818: [Full GC (Ergonomics) [PSYoungGen: 164047K->163922K(298496K)] [ParOldGen: 2630029K->2630029K(2731008K)] 2794076K->2793951K(3029504K), [Metaspace: 33661K->33661K(1081344K)], 0.2859337 secs] [Times: user=1.03 sys=0.00, real=0.29 secs] 
979.104: [GC (Allocation Failure) --[PSYoungGen: 163922K->163922K(298496K)] 2793951K->2793959K(3029504K), 0.2711342 secs] [Times: user=1.03 sys=0.00, real=0.26 secs] 
979.375: [Full GC (Allocation Failure) [PSYoungGen: 163922K->163849K(298496K)] [ParOldGen: 2630037K->2630029K(2731008K)] 2793959K->2793878K(3029504K), [Metaspace: 33661K->33661K(1081344K)], 0.2531067 secs] [Times: user=0.90 sys=0.00, real=0.26 secs] 
979.728: [GC (Allocation Failure) --[PSYoungGen: 164047K->164047K(298496K)] 2794076K->2794076K(3029504K), 0.3036352 secs] [Times: user=1.13 sys=0.00, real=0.30 secs] 
980.032: [Full GC (Ergonomics) [PSYoungGen: 164047K->163922K(298496K)] [ParOldGen: 2630029K->2630029K(2731008K)] 2794076K->2793951K(3029504K), [Metaspace: 33663K->33663K(1081344K)], 0.2895748 secs] [Times: user=1.04 sys=0.00, real=0.29 secs] 
980.321: [GC (Allocation Failure) --[PSYoungGen: 163922K->163922K(298496K)] 2793951K->2793967K(3029504K), 0.2744565 secs] [Times: user=1.05 sys=0.00, real=0.28 secs] 
980.596: [Full GC (Allocation Failure) [PSYoungGen: 163922K->163849K(298496K)] [ParOldGen: 2630045K->2630029K(2731008K)] 2793967K->2793878K(3029504K), [Metaspace: 33663K->33663K(1081344K)], 0.2565563 secs] [Times: user=0.90 sys=0.00, real=0.25 secs] 
980.912: [GC (Allocation Failure) --[PSYoungGen: 164047K->164047K(298496K)] 2794077K->2794077K(3029504K), 0.3490730 secs] [Times: user=1.29 sys=0.00, real=0.35 secs] 
981.261: [Full GC (Ergonomics) [PSYoungGen: 164047K->163922K(298496K)] [ParOldGen: 2630029K->2630029K(2731008K)] 2794077K->2793951K(3029504K), [Metaspace: 33667K->33667K(1081344K)], 0.2584312 secs] [Times: user=0.92 sys=0.00, real=0.26 secs] 
981.520: [GC (Allocation Failure) --[PSYoungGen: 163922K->163922K(298496K)] 2793951K->2793975K(3029504K), 0.2797770 secs] [Times: user=1.07 sys=0.00, real=0.28 secs] 
981.800: [Full GC (Allocation Failure) [PSYoungGen: 163922K->163849K(298496K)] [ParOldGen: 2630053K->2630029K(2731008K)] 2793975K->2793878K(3029504K), [Metaspace: 33667K->33667K(1081344K)], 0.2818083 secs] [Times: user=1.02 sys=0.00, real=0.28 secs] 
982.174: [GC (Allocation Failure) --[PSYoungGen: 164050K->164050K(298496K)] 2794079K->2794087K(3029504K), 0.2926712 secs] [Times: user=1.12 sys=0.00, real=0.30 secs] 
982.466: [Full GC (Ergonomics) [PSYoungGen: 164050K->163922K(298496K)] [ParOldGen: 2630037K->2630029K(2731008K)] 2794087K->2793951K(3029504K), [Metaspace: 33678K->33678K(1081344K)], 0.2859521 secs] [Times: user=1.03 sys=0.00, real=0.28 secs] 
982.753: [GC (Allocation Failure) --[PSYoungGen: 163922K->163922K(298496K)] 2793951K->2793959K(3029504K), 0.2760308 secs] [Times: user=1.05 sys=0.00, real=0.28 secs] 
983.029: [Full GC (Allocation Failure) [PSYoungGen: 163922K->163849K(298496K)] [ParOldGen: 2630037K->2630029K(2731008K)] 2793959K->2793878K(3029504K), [Metaspace: 33678K->33678K(1081344K)], 0.2530420 secs] [Times: user=0.90 sys=0.00, real=0.25 secs] 
983.373: [GC (Allocation Failure) --[PSYoungGen: 164049K->164049K(298496K)] 2794079K->2794079K(3029504K), 0.2774944 secs] [Times: user=1.06 sys=0.00, real=0.28 secs] 
983.651: [Full GC (Ergonomics) [PSYoungGen: 164049K->163922K(298496K)] [ParOldGen: 2630029K->2630029K(2731008K)] 2794079K->2793952K(3029504K), [Metaspace: 33694K->33694K(1081344K)], 0.2574266 secs] [Times: user=0.92 sys=0.00, real=0.26 secs] 
983.908: [GC (Allocation Failure) --[PSYoungGen: 163922K->163922K(298496K)] 2793952K->2793968K(3029504K), 0.2745263 secs] [Times: user=1.05 sys=0.00, real=0.27 secs] 
984.183: [Full GC (Allocation Failure) [PSYoungGen: 163922K->163849K(298496K)] [ParOldGen: 2630045K->2630029K(2731008K)] 2793968K->2793878K(3029504K), [Metaspace: 33694K->33694K(1081344K)], 0.2512827 secs] [Times: user=0.89 sys=0.00, real=0.25 secs] 
984.510: [GC (Allocation Failure) --[PSYoungGen: 164045K->164045K(298496K)] 2794074K->2794082K(3029504K), 0.3418300 secs] [Times: user=1.27 sys=0.00, real=0.34 secs] 
984.852: [Full GC (Ergonomics) [PSYoungGen: 164045K->163922K(298496K)] [ParOldGen: 2630037K->2630029K(2731008K)] 2794082K->2793952K(3029504K), [Metaspace: 33696K->33696K(1081344K)], 0.2687137 secs] [Times: user=0.96 sys=0.00, real=0.27 secs] 
985.121: [GC (Allocation Failure) --[PSYoungGen: 163922K->163922K(298496K)] 2793952K->2793968K(3029504K), 0.2749270 secs] [Times: user=1.05 sys=0.00, real=0.28 secs] 
985.396: [Full GC (Allocation Failure) [PSYoungGen: 163922K->163849K(298496K)] [ParOldGen: 2630045K->2630029K(2731008K)] 2793968K->2793878K(3029504K), [Metaspace: 33696K->33696K(1081344K)], 0.2505069 secs] [Times: user=0.90 sys=0.00, real=0.25 secs] 
985.740: [GC (Allocation Failure) --[PSYoungGen: 164047K->164047K(298496K)] 2794076K->2794084K(3029504K), 0.3032112 secs] [Times: user=1.16 sys=0.00, real=0.30 secs] 
986.043: [Full GC (Ergonomics) [PSYoungGen: 164047K->163922K(298496K)] [ParOldGen: 2630037K->2630029K(2731008K)] 2794084K->2793952K(3029504K), [Metaspace: 33714K->33714K(1081344K)], 0.3061716 secs] [Times: user=1.10 sys=0.00, real=0.31 secs] 
986.350: [GC (Allocation Failure) --[PSYoungGen: 163922K->163922K(298496K)] 2793952K->2793968K(3029504K), 0.2925130 secs] [Times: user=1.12 sys=0.00, real=0.29 secs] 
986.642: [Full GC (Allocation Failure) [PSYoungGen: 163922K->163849K(298496K)] [ParOldGen: 2630045K->2630029K(2731008K)] 2793968K->2793878K(3029504K), [Metaspace: 33714K->33714K(1081344K)], 0.2603554 secs] [Times: user=0.93 sys=0.00, real=0.26 secs] 
986.970: [GC (Allocation Failure) --[PSYoungGen: 164045K->164045K(298496K)] 2794074K->2794074K(3029504K), 0.2808480 secs] [Times: user=1.07 sys=0.00, real=0.28 secs] 
987.251: [Full GC (Ergonomics) [PSYoungGen: 164045K->163922K(298496K)] [ParOldGen: 2630029K->2630029K(2731008K)] 2794074K->2793952K(3029504K), [Metaspace: 33715K->33715K(1081344K)], 0.2623642 secs] [Times: user=0.94 sys=0.00, real=0.26 secs] 
987.513: [GC (Allocation Failure) --[PSYoungGen: 163922K->163922K(298496K)] 2793952K->2793968K(3029504K), 0.2749289 secs] [Times: user=1.04 sys=0.00, real=0.28 secs] 
987.788: [Full GC (Allocation Failure) [PSYoungGen: 163922K->163849K(298496K)] [ParOldGen: 2630045K->2630029K(2731008K)] 2793968K->2793878K(3029504K), [Metaspace: 33715K->33715K(1081344K)], 0.2552919 secs] [Times: user=0.91 sys=0.00, real=0.26 secs] 
988.123: [GC (Allocation Failure) --[PSYoungGen: 164046K->164046K(298496K)] 2794075K->2794075K(3029504K), 0.3430956 secs] [Times: user=1.27 sys=0.00, real=0.35 secs] 
988.466: [Full GC (Ergonomics) [PSYoungGen: 164046K->163922K(298496K)] [ParOldGen: 2630029K->2630029K(2731008K)] 2794075K->2793952K(3029504K), [Metaspace: 33715K->33715K(1081344K)], 0.2989179 secs] [Times: user=1.07 sys=0.00, real=0.30 secs] 
988.765: [GC (Allocation Failure) --[PSYoungGen: 163922K->163922K(298496K)] 2793952K->2793968K(3029504K), 0.2846709 secs] [Times: user=1.08 sys=0.00, real=0.28 secs] 
989.050: [Full GC (Allocation Failure) [PSYoungGen: 163922K->163849K(298496K)] [ParOldGen: 2630045K->2630029K(2731008K)] 2793968K->2793878K(3029504K), [Metaspace: 33715K->33715K(1081344K)], 0.2894228 secs] [Times: user=1.04 sys=0.00, real=0.29 secs] 
989.431: [GC (Allocation Failure) --[PSYoungGen: 164045K->164045K(298496K)] 2794075K->2794075K(3029504K), 0.3094827 secs] [Times: user=1.19 sys=0.00, real=0.31 secs] 
989.740: [Full GC (Ergonomics) [PSYoungGen: 164045K->163922K(298496K)] [ParOldGen: 2630029K->2630029K(2731008K)] 2794075K->2793952K(3029504K), [Metaspace: 33715K->33715K(1081344K)], 0.2700042 secs] [Times: user=0.97 sys=0.00, real=0.27 secs] 
990.010: [GC (Allocation Failure) --[PSYoungGen: 163922K->163922K(298496K)] 2793952K->2793976K(3029504K), 0.3024959 secs] [Times: user=1.15 sys=0.00, real=0.30 secs] 
990.313: [Full GC (Allocation Failure) [PSYoungGen: 163922K->163849K(298496K)] [ParOldGen: 2630053K->2630029K(2731008K)] 2793976K->2793878K(3029504K), [Metaspace: 33715K->33715K(1081344K)], 0.2536712 secs] [Times: user=0.90 sys=0.00, real=0.26 secs] 
990.661: [GC (Allocation Failure) --[PSYoungGen: 164047K->164047K(298496K)] 2794076K->2794076K(3029504K), 0.3269787 secs] [Times: user=1.21 sys=0.00, real=0.33 secs] 
990.988: [Full GC (Ergonomics) [PSYoungGen: 164047K->163922K(298496K)] [ParOldGen: 2630029K->2630029K(2731008K)] 2794076K->2793952K(3029504K), [Metaspace: 33716K->33716K(1081344K)], 0.2985942 secs] [Times: user=1.05 sys=0.00, real=0.30 secs] 
991.286: [GC (Allocation Failure) --[PSYoungGen: 163922K->163922K(298496K)] 2793952K->2793960K(3029504K), 0.2724798 secs] [Times: user=1.04 sys=0.00, real=0.27 secs] 
991.559: [Full GC (Allocation Failure) [PSYoungGen: 163922K->163849K(298496K)] [ParOldGen: 2630037K->2630029K(2731008K)] 2793960K->2793878K(3029504K), [Metaspace: 33716K->33716K(1081344K)], 0.2531076 secs] [Times: user=0.89 sys=0.00, real=0.25 secs] 
991.891: [GC (Allocation Failure) --[PSYoungGen: 164047K->164047K(298496K)] 2794076K->2794076K(3029504K), 0.2737333 secs] [Times: user=1.05 sys=0.00, real=0.28 secs] 
992.165: [Full GC (Ergonomics) [PSYoungGen: 164047K->163922K(298496K)] [ParOldGen: 2630029K->2630029K(2731008K)] 2794076K->2793952K(3029504K), [Metaspace: 33717K->33717K(1081344K)], 0.2951843 secs] [Times: user=1.06 sys=0.00, real=0.29 secs] 
992.460: [GC (Allocation Failure) --[PSYoungGen: 163922K->163922K(298496K)] 2793952K->2793968K(3029504K), 0.3040567 secs] [Times: user=1.15 sys=0.00, real=0.31 secs] 
992.764: [Full GC (Allocation Failure) [PSYoungGen: 163922K->163849K(298496K)] [ParOldGen: 2630045K->2630029K(2731008K)] 2793968K->2793878K(3029504K), [Metaspace: 33717K->33717K(1081344K)], 0.2517071 secs] [Times: user=0.89 sys=0.00, real=0.25 secs] 
993.105: [GC (Allocation Failure) --[PSYoungGen: 164047K->164047K(298496K)] 2794077K->2794077K(3029504K), 0.3035721 secs] [Times: user=1.16 sys=0.00, real=0.30 secs] 
993.409: [Full GC (Ergonomics) [PSYoungGen: 164047K->163922K(298496K)] [ParOldGen: 2630029K->2630029K(2731008K)] 2794077K->2793952K(3029504K), [Metaspace: 33717K->33717K(1081344K)], 0.2905989 secs] [Times: user=1.05 sys=0.00, real=0.29 secs] 
993.700: [GC (Allocation Failure) --[PSYoungGen: 163922K->163922K(298496K)] 2793952K->2793960K(3029504K), 0.2727668 secs] [Times: user=1.04 sys=0.00, real=0.27 secs] 
993.972: [Full GC (Allocation Failure) [PSYoungGen: 163922K->163849K(298496K)] [ParOldGen: 2630037K->2630029K(2731008K)] 2793960K->2793878K(3029504K), [Metaspace: 33717K->33717K(1081344K)], 0.2514915 secs] [Times: user=0.89 sys=0.00, real=0.26 secs] 
994.320: [GC (Allocation Failure) --[PSYoungGen: 164048K->164048K(298496K)] 2794077K->2794077K(3029504K), 0.3268828 secs] [Times: user=1.24 sys=0.00, real=0.33 secs] 
994.647: [Full GC (Ergonomics) [PSYoungGen: 164048K->163922K(298496K)] [ParOldGen: 2630029K->2630029K(2731008K)] 2794077K->2793952K(3029504K), [Metaspace: 33717K->33717K(1081344K)], 0.3140141 secs] [Times: user=1.13 sys=0.00, real=0.31 secs] 
994.961: [GC (Allocation Failure) --[PSYoungGen: 163922K->163922K(298496K)] 2793952K->2793960K(3029504K), 0.2999550 secs] [Times: user=1.14 sys=0.00, real=0.30 secs] 
995.261: [Full GC (Allocation Failure) [PSYoungGen: 163922K->163849K(298496K)] [ParOldGen: 2630037K->2630029K(2731008K)] 2793960K->2793878K(3029504K), [Metaspace: 33717K->33717K(1081344K)], 0.2687639 secs] [Times: user=0.95 sys=0.00, real=0.27 secs] 
995.611: [GC (Allocation Failure) --[PSYoungGen: 164050K->164050K(298496K)] 2794080K->2794080K(3029504K), 0.3082492 secs] [Times: user=1.19 sys=0.00, real=0.31 secs] 
995.920: [Full GC (Ergonomics) [PSYoungGen: 164050K->163922K(298496K)] [ParOldGen: 2630029K->2630029K(2731008K)] 2794080K->2793952K(3029504K), [Metaspace: 33717K->33717K(1081344K)], 0.2914073 secs] [Times: user=1.04 sys=0.00, real=0.29 secs] 
996.211: [GC (Allocation Failure) --[PSYoungGen: 163922K->163922K(298496K)] 2793952K->2793968K(3029504K), 0.2745829 secs] [Times: user=1.06 sys=0.00, real=0.28 secs] 
996.486: [Full GC (Allocation Failure) [PSYoungGen: 163922K->163849K(298496K)] [ParOldGen: 2630045K->2630029K(2731008K)] 2793968K->2793878K(3029504K), [Metaspace: 33717K->33717K(1081344K)], 0.2828062 secs] [Times: user=1.00 sys=0.00, real=0.28 secs] 
996.857: [GC (Allocation Failure) --[PSYoungGen: 164047K->164047K(298496K)] 2794076K->2794076K(3029504K), 0.3128546 secs] [Times: user=1.17 sys=0.00, real=0.31 secs] 
997.170: [Full GC (Ergonomics) [PSYoungGen: 164047K->163922K(298496K)] [ParOldGen: 2630029K->2630029K(2731008K)] 2794076K->2793952K(3029504K), [Metaspace: 33717K->33717K(1081344K)], 0.2584773 secs] [Times: user=0.92 sys=0.00, real=0.26 secs] 
997.428: [GC (Allocation Failure) --[PSYoungGen: 163922K->163922K(298496K)] 2793952K->2793960K(3029504K), 0.2775827 secs] [Times: user=1.06 sys=0.00, real=0.28 secs] 
997.706: [Full GC (Allocation Failure) [PSYoungGen: 163922K->163849K(298496K)] [ParOldGen: 2630037K->2630029K(2731008K)] 2793960K->2793878K(3029504K), [Metaspace: 33717K->33717K(1081344K)], 0.2536875 secs] [Times: user=0.90 sys=0.00, real=0.25 secs] 
998.056: [GC (Allocation Failure) --[PSYoungGen: 164046K->164046K(298496K)] 2794076K->2794076K(3029504K), 0.2820144 secs] [Times: user=1.08 sys=0.00, real=0.28 secs] 
998.339: [Full GC (Ergonomics) [PSYoungGen: 164046K->163922K(298496K)] [ParOldGen: 2630029K->2630029K(2731008K)] 2794076K->2793952K(3029504K), [Metaspace: 33719K->33719K(1081344K)], 0.3337060 secs] [Times: user=1.08 sys=0.00, real=0.33 secs] 
998.672: [GC (Allocation Failure) --[PSYoungGen: 163922K->163922K(298496K)] 2793952K->2793968K(3029504K), 0.3122728 secs] [Times: user=1.14 sys=0.00, real=0.32 secs] 
998.985: [Full GC (Allocation Failure) [PSYoungGen: 163922K->163849K(298496K)] [ParOldGen: 2630045K->2630029K(2731008K)] 2793968K->2793878K(3029504K), [Metaspace: 33719K->33719K(1081344K)], 0.2742500 secs] [Times: user=0.97 sys=0.00, real=0.27 secs] 
999.333: [GC (Allocation Failure) --[PSYoungGen: 164044K->164044K(298496K)] 2794074K->2794074K(3029504K), 0.2843143 secs] [Times: user=1.07 sys=0.00, real=0.29 secs] 
999.617: [Full GC (Ergonomics) [PSYoungGen: 164044K->163922K(298496K)] [ParOldGen: 2630029K->2630029K(2731008K)] 2794074K->2793952K(3029504K), [Metaspace: 33719K->33719K(1081344K)], 0.2646691 secs] [Times: user=0.93 sys=0.00, real=0.26 secs] 
999.882: [GC (Allocation Failure) --[PSYoungGen: 163922K->163922K(298496K)] 2793952K->2793960K(3029504K), 0.2806540 secs] [Times: user=1.06 sys=0.00, real=0.28 secs] 
1000.163: [Full GC (Allocation Failure) [PSYoungGen: 163922K->163849K(298496K)] [ParOldGen: 2630037K->2630029K(2731008K)] 2793960K->2793878K(3029504K), [Metaspace: 33719K->33719K(1081344K)], 0.2672375 secs] [Times: user=0.90 sys=0.00, real=0.27 secs] 
1000.501: [GC (Allocation Failure) --[PSYoungGen: 164045K->164045K(298496K)] 2794075K->2794075K(3029504K), 0.3301915 secs] [Times: user=1.21 sys=0.00, real=0.33 secs] 
1000.831: [Full GC (Ergonomics) [PSYoungGen: 164045K->163922K(298496K)] [ParOldGen: 2630029K->2630029K(2731008K)] 2794075K->2793952K(3029504K), [Metaspace: 33722K->33722K(1081344K)], 0.2635245 secs] [Times: user=0.92 sys=0.00, real=0.26 secs] 
1001.095: [GC (Allocation Failure) --[PSYoungGen: 163922K->163922K(298496K)] 2793952K->2793968K(3029504K), 0.2862937 secs] [Times: user=1.08 sys=0.00, real=0.29 secs] 
1001.381: [Full GC (Allocation Failure) [PSYoungGen: 163922K->163849K(298496K)] [ParOldGen: 2630045K->2630029K(2731008K)] 2793968K->2793878K(3029504K), [Metaspace: 33722K->33722K(1081344K)], 0.2565701 secs] [Times: user=0.90 sys=0.00, real=0.26 secs] 
1001.731: [GC (Allocation Failure) --[PSYoungGen: 164046K->164046K(298496K)] 2794075K->2794075K(3029504K), 0.2783949 secs] [Times: user=1.05 sys=0.00, real=0.28 secs] 
1002.009: [Full GC (Ergonomics) [PSYoungGen: 164046K->163922K(298496K)] [ParOldGen: 2630029K->2630029K(2731008K)] 2794075K->2793952K(3029504K), [Metaspace: 33722K->33722K(1081344K)], 0.2669681 secs] [Times: user=0.94 sys=0.00, real=0.27 secs] 
1002.277: [GC (Allocation Failure) --[PSYoungGen: 163922K->163922K(298496K)] 2793952K->2793968K(3029504K), 0.2872942 secs] [Times: user=1.09 sys=0.00, real=0.29 secs] 
1002.564: [Full GC (Allocation Failure) [PSYoungGen: 163922K->163849K(298496K)] [ParOldGen: 2630045K->2630029K(2731008K)] 2793968K->2793878K(3029504K), [Metaspace: 33722K->33722K(1081344K)], 0.2674984 secs] [Times: user=0.94 sys=0.00, real=0.26 secs] 
1002.930: [GC (Allocation Failure) --[PSYoungGen: 164046K->164046K(298496K)] 2794075K->2794075K(3029504K), 0.2830867 secs] [Times: user=1.07 sys=0.00, real=0.28 secs] 
1003.213: [Full GC (Ergonomics) [PSYoungGen: 164046K->163922K(298496K)] [ParOldGen: 2630029K->2630029K(2731008K)] 2794075K->2793952K(3029504K), [Metaspace: 33722K->33722K(1081344K)], 0.2963352 secs] [Times: user=1.03 sys=0.00, real=0.30 secs] 
1003.510: [GC (Allocation Failure) --[PSYoungGen: 163922K->163922K(298496K)] 2793952K->2793960K(3029504K), 0.3575170 secs] [Times: user=1.30 sys=0.00, real=0.36 secs] 
1003.868: [Full GC (Allocation Failure) [PSYoungGen: 163922K->163849K(298496K)] [ParOldGen: 2630037K->2630029K(2731008K)] 2793960K->2793878K(3029504K), [Metaspace: 33722K->33722K(1081344K)], 0.2927165 secs] [Times: user=1.03 sys=0.00, real=0.29 secs] 
1004.253: [GC (Allocation Failure) --[PSYoungGen: 164045K->164045K(298496K)] 2794075K->2794075K(3029504K), 0.3664036 secs] [Times: user=1.37 sys=0.00, real=0.37 secs] 
1004.619: [Full GC (Ergonomics) [PSYoungGen: 164045K->163922K(298496K)] [ParOldGen: 2630029K->2630029K(2731008K)] 2794075K->2793952K(3029504K), [Metaspace: 33723K->33723K(1081344K)], 0.2869543 secs] [Times: user=1.02 sys=0.00, real=0.29 secs] 
1004.906: [GC (Allocation Failure) --[PSYoungGen: 163922K->163922K(298496K)] 2793952K->2793960K(3029504K), 0.3007135 secs] [Times: user=1.14 sys=0.00, real=0.30 secs] 
1005.207: [Full GC (Allocation Failure) [PSYoungGen: 163922K->163849K(298496K)] [ParOldGen: 2630037K->2630029K(2731008K)] 2793960K->2793878K(3029504K), [Metaspace: 33723K->33723K(1081344K)], 0.3727391 secs] [Times: user=1.32 sys=0.00, real=0.37 secs] 
1005.625: [GC (Allocation Failure) --[PSYoungGen: 164048K->164048K(298496K)] 2794077K->2794085K(3029504K), 0.3553262 secs] [Times: user=1.34 sys=0.00, real=0.35 secs] 
1005.980: [Full GC (Ergonomics) [PSYoungGen: 164048K->163922K(298496K)] [ParOldGen: 2630037K->2630029K(2731008K)] 2794085K->2793952K(3029504K), [Metaspace: 33725K->33725K(1081344K)], 0.3505830 secs] [Times: user=1.25 sys=0.00, real=0.35 secs] 
1006.331: [GC (Allocation Failure) --[PSYoungGen: 163922K->163922K(298496K)] 2793952K->2793960K(3029504K), 0.3036308 secs] [Times: user=1.15 sys=0.00, real=0.30 secs] 
1006.635: [Full GC (Allocation Failure) [PSYoungGen: 163922K->163849K(298496K)] [ParOldGen: 2630037K->2630029K(2731008K)] 2793960K->2793878K(3029504K), [Metaspace: 33725K->33725K(1081344K)], 0.2732449 secs] [Times: user=0.96 sys=0.00, real=0.28 secs] 
1007.005: [GC (Allocation Failure) --[PSYoungGen: 164047K->164047K(298496K)] 2794077K->2794077K(3029504K), 0.3608615 secs] [Times: user=1.30 sys=0.00, real=0.36 secs] 
1007.366: [Full GC (Ergonomics) [PSYoungGen: 164047K->163922K(298496K)] [ParOldGen: 2630029K->2630029K(2731008K)] 2794077K->2793952K(3029504K), [Metaspace: 33725K->33725K(1081344K)], 0.2823656 secs] [Times: user=1.01 sys=0.00, real=0.28 secs] 
1007.649: [GC (Allocation Failure) --[PSYoungGen: 163922K->163922K(298496K)] 2793952K->2793960K(3029504K), 0.2846064 secs] [Times: user=1.08 sys=0.00, real=0.28 secs] 
1007.933: [Full GC (Allocation Failure) [PSYoungGen: 163922K->163849K(298496K)] [ParOldGen: 2630037K->2630029K(2731008K)] 2793960K->2793878K(3029504K), [Metaspace: 33725K->33725K(1081344K)], 0.2699754 secs] [Times: user=0.96 sys=0.00, real=0.27 secs] 
1008.283: [GC (Allocation Failure) --[PSYoungGen: 164046K->164046K(298496K)] 2794076K->2794076K(3029504K), 0.3101886 secs] [Times: user=1.12 sys=0.00, real=0.31 secs] 
1008.593: [Full GC (Ergonomics) [PSYoungGen: 164046K->163922K(298496K)] [ParOldGen: 2630029K->2630029K(2731008K)] 2794076K->2793952K(3029504K), [Metaspace: 33725K->33725K(1081344K)], 0.3575006 secs] [Times: user=1.03 sys=0.00, real=0.36 secs] 
1008.950: [GC (Allocation Failure) --[PSYoungGen: 163922K->163922K(298496K)] 2793952K->2793968K(3029504K), 0.2859356 secs] [Times: user=1.10 sys=0.00, real=0.29 secs] 
1009.237: [Full GC (Allocation Failure) [PSYoungGen: 163922K->163849K(298496K)] [ParOldGen: 2630045K->2630029K(2731008K)] 2793968K->2793878K(3029504K), [Metaspace: 33725K->33725K(1081344K)], 0.2934818 secs] [Times: user=1.05 sys=0.00, real=0.29 secs] 
1009.604: [GC (Allocation Failure) --[PSYoungGen: 164046K->164046K(298496K)] 2794076K->2794076K(3029504K), 0.3380158 secs] [Times: user=1.27 sys=0.00, real=0.34 secs] 
1009.942: [Full GC (Ergonomics) [PSYoungGen: 164046K->163922K(298496K)] [ParOldGen: 2630029K->2630029K(2731008K)] 2794076K->2793952K(3029504K), [Metaspace: 33725K->33725K(1081344K)], 0.2659108 secs] [Times: user=0.95 sys=0.00, real=0.27 secs] 
1010.208: [GC (Allocation Failure) --[PSYoungGen: 163922K->163922K(298496K)] 2793952K->2793968K(3029504K), 0.2752621 secs] [Times: user=1.04 sys=0.00, real=0.27 secs] 
1010.483: [Full GC (Allocation Failure) [PSYoungGen: 163922K->163849K(298496K)] [ParOldGen: 2630045K->2630029K(2731008K)] 2793968K->2793878K(3029504K), [Metaspace: 33725K->33725K(1081344K)], 0.2503549 secs] [Times: user=0.89 sys=0.00, real=0.25 secs] 
1010.803: [GC (Allocation Failure) --[PSYoungGen: 164050K->164050K(298496K)] 2794079K->2794079K(3029504K), 0.2913759 secs] [Times: user=1.09 sys=0.00, real=0.29 secs] 
1011.095: [Full GC (Ergonomics) [PSYoungGen: 164050K->163922K(298496K)] [ParOldGen: 2630029K->2630029K(2731008K)] 2794079K->2793952K(3029504K), [Metaspace: 33727K->33727K(1081344K)], 0.3096012 secs] [Times: user=1.13 sys=0.00, real=0.32 secs] 
1011.405: [GC (Allocation Failure) --[PSYoungGen: 163922K->163922K(298496K)] 2793952K->2793968K(3029504K), 0.2989609 secs] [Times: user=1.14 sys=0.00, real=0.29 secs] 
1011.704: [Full GC (Allocation Failure) [PSYoungGen: 163922K->163849K(298496K)] [ParOldGen: 2630045K->2630029K(2731008K)] 2793968K->2793878K(3029504K), [Metaspace: 33727K->33727K(1081344K)], 0.2572935 secs] [Times: user=0.92 sys=0.00, real=0.26 secs] 
1012.033: [GC (Allocation Failure) --[PSYoungGen: 164045K->164045K(298496K)] 2794075K->2794075K(3029504K), 0.2788983 secs] [Times: user=1.06 sys=0.00, real=0.28 secs] 
1012.312: [Full GC (Ergonomics) [PSYoungGen: 164045K->163922K(298496K)] [ParOldGen: 2630029K->2630029K(2731008K)] 2794075K->2793952K(3029504K), [Metaspace: 33732K->33732K(1081344K)], 0.2604517 secs] [Times: user=0.94 sys=0.00, real=0.26 secs] 
1012.572: [GC (Allocation Failure) --[PSYoungGen: 163922K->163922K(298496K)] 2793952K->2793960K(3029504K), 0.2738429 secs] [Times: user=1.04 sys=0.00, real=0.28 secs] 
1012.846: [Full GC (Allocation Failure) [PSYoungGen: 163922K->163849K(298496K)] [ParOldGen: 2630037K->2630029K(2731008K)] 2793960K->2793878K(3029504K), [Metaspace: 33732K->33732K(1081344K)], 0.2642490 secs] [Times: user=0.94 sys=0.00, real=0.26 secs] 
1013.186: [GC (Allocation Failure) --[PSYoungGen: 164045K->164045K(298496K)] 2794075K->2794075K(3029504K), 0.3406357 secs] [Times: user=1.29 sys=0.00, real=0.34 secs] 
1013.527: [Full GC (Ergonomics) [PSYoungGen: 164045K->163922K(298496K)] [ParOldGen: 2630029K->2630029K(2731008K)] 2794075K->2793952K(3029504K), [Metaspace: 33732K->33732K(1081344K)], 0.2747858 secs] [Times: user=0.98 sys=0.00, real=0.27 secs] 
1013.802: [GC (Allocation Failure) --[PSYoungGen: 163922K->163922K(298496K)] 2793952K->2793960K(3029504K), 0.2946217 secs] [Times: user=1.13 sys=0.00, real=0.30 secs] 
1014.097: [Full GC (Allocation Failure) [PSYoungGen: 163922K->163849K(298496K)] [ParOldGen: 2630037K->2630029K(2731008K)] 2793960K->2793878K(3029504K), [Metaspace: 33732K->33732K(1081344K)], 0.2935738 secs] [Times: user=1.06 sys=0.00, real=0.29 secs] 
1014.478: [GC (Allocation Failure) --[PSYoungGen: 164045K->164045K(298496K)] 2794075K->2794075K(3029504K), 0.3127897 secs] [Times: user=1.20 sys=0.00, real=0.31 secs] 
1014.791: [Full GC (Ergonomics) [PSYoungGen: 164045K->163923K(298496K)] [ParOldGen: 2630029K->2630029K(2731008K)] 2794075K->2793952K(3029504K), [Metaspace: 33732K->33732K(1081344K)], 0.2835442 secs] [Times: user=1.02 sys=0.00, real=0.28 secs] 
1015.075: [GC (Allocation Failure) --[PSYoungGen: 163923K->163923K(298496K)] 2793952K->2793976K(3029504K), 0.2982977 secs] [Times: user=1.14 sys=0.00, real=0.30 secs] 
1015.373: [Full GC (Allocation Failure) [PSYoungGen: 163923K->163849K(298496K)] [ParOldGen: 2630053K->2630029K(2731008K)] 2793976K->2793879K(3029504K), [Metaspace: 33732K->33732K(1081344K)], 0.2503513 secs] [Times: user=0.90 sys=0.00, real=0.25 secs] 
1015.694: [GC (Allocation Failure) --[PSYoungGen: 164045K->164045K(298496K)] 2794075K->2794075K(3029504K), 0.3006020 secs] [Times: user=1.13 sys=0.00, real=0.30 secs] 
1015.995: [Full GC (Ergonomics) [PSYoungGen: 164045K->163923K(298496K)] [ParOldGen: 2630029K->2630029K(2731008K)] 2794075K->2793952K(3029504K), [Metaspace: 33732K->33732K(1081344K)], 0.2832020 secs] [Times: user=1.00 sys=0.00, real=0.29 secs] 
1016.278: [GC (Allocation Failure) --[PSYoungGen: 163923K->163923K(298496K)] 2793952K->2793968K(3029504K), 0.2712476 secs] [Times: user=1.04 sys=0.00, real=0.27 secs] 
1016.549: [Full GC (Allocation Failure) [PSYoungGen: 163923K->163849K(298496K)] [ParOldGen: 2630045K->2630029K(2731008K)] 2793968K->2793879K(3029504K), [Metaspace: 33732K->33732K(1081344K)], 0.2532300 secs] [Times: user=0.90 sys=0.00, real=0.25 secs] 
1016.876: [GC (Allocation Failure) --[PSYoungGen: 164046K->164046K(298496K)] 2794076K->2794076K(3029504K), 0.2745149 secs] [Times: user=1.05 sys=0.00, real=0.27 secs] 
1017.151: [Full GC (Ergonomics) [PSYoungGen: 164046K->163922K(298496K)] [ParOldGen: 2630029K->2630029K(2731008K)] 2794076K->2793952K(3029504K), [Metaspace: 33738K->33738K(1081344K)], 0.2550830 secs] [Times: user=0.91 sys=0.00, real=0.26 secs] 
1017.406: [GC (Allocation Failure) --[PSYoungGen: 163922K->163922K(298496K)] 2793952K->2793968K(3029504K), 0.2702052 secs] [Times: user=1.04 sys=0.00, real=0.27 secs] 
1017.677: [Full GC (Allocation Failure) [PSYoungGen: 163922K->163849K(298496K)] [ParOldGen: 2630045K->2630029K(2731008K)] 2793968K->2793879K(3029504K), [Metaspace: 33738K->33738K(1081344K)], 0.2502625 secs] [Times: user=0.89 sys=0.00, real=0.25 secs] 
1017.999: [GC (Allocation Failure) --[PSYoungGen: 164045K->164045K(298496K)] 2794075K->2794075K(3029504K), 0.2956874 secs] [Times: user=1.13 sys=0.00, real=0.29 secs] 
1018.295: [Full GC (Ergonomics) [PSYoungGen: 164045K->163922K(298496K)] [ParOldGen: 2630029K->2630029K(2731008K)] 2794075K->2793952K(3029504K), [Metaspace: 33738K->33738K(1081344K)], 0.2997955 secs] [Times: user=1.09 sys=0.00, real=0.30 secs] 
1018.595: [GC (Allocation Failure) --[PSYoungGen: 163922K->163922K(298496K)] 2793952K->2793968K(3029504K), 0.3014243 secs] [Times: user=1.15 sys=0.00, real=0.31 secs] 
1018.896: [Full GC (Allocation Failure) [PSYoungGen: 163922K->163849K(298496K)] [ParOldGen: 2630045K->2630030K(2731008K)] 2793968K->2793879K(3029504K), [Metaspace: 33738K->33738K(1081344K)], 0.2624413 secs] [Times: user=0.93 sys=0.00, real=0.26 secs] 
1019.229: [GC (Allocation Failure) --[PSYoungGen: 164046K->164046K(298496K)] 2794076K->2794076K(3029504K), 0.3390412 secs] [Times: user=1.28 sys=0.00, real=0.34 secs] 
1019.568: [Full GC (Ergonomics) [PSYoungGen: 164046K->163922K(298496K)] [ParOldGen: 2630030K->2630029K(2731008K)] 2794076K->2793952K(3029504K), [Metaspace: 33738K->33738K(1081344K)], 0.3730633 secs] [Times: user=1.37 sys=0.00, real=0.37 secs] 
1019.941: [GC (Allocation Failure) --[PSYoungGen: 163922K->163922K(298496K)] 2793952K->2793968K(3029504K), 0.2922983 secs] [Times: user=1.12 sys=0.00, real=0.29 secs] 
1020.234: [Full GC (Allocation Failure) [PSYoungGen: 163922K->163849K(298496K)] [ParOldGen: 2630045K->2630030K(2731008K)] 2793968K->2793879K(3029504K), [Metaspace: 33738K->33738K(1081344K)], 0.2798824 secs] [Times: user=1.00 sys=0.00, real=0.28 secs] 
1020.598: [GC (Allocation Failure) --[PSYoungGen: 164046K->164046K(298496K)] 2794076K->2794076K(3029504K), 0.3018201 secs] [Times: user=1.15 sys=0.00, real=0.30 secs] 
1020.899: [Full GC (Ergonomics) [PSYoungGen: 164046K->163922K(298496K)] [ParOldGen: 2630030K->2630029K(2731008K)] 2794076K->2793952K(3029504K), [Metaspace: 33741K->33741K(1081344K)], 0.2926614 secs] [Times: user=1.05 sys=0.00, real=0.29 secs] 
1021.192: [GC (Allocation Failure) --[PSYoungGen: 163922K->163922K(298496K)] 2793952K->2793960K(3029504K), 0.3273142 secs] [Times: user=1.25 sys=0.00, real=0.33 secs] 
1021.520: [Full GC (Allocation Failure) [PSYoungGen: 163922K->163849K(298496K)] [ParOldGen: 2630037K->2630030K(2731008K)] 2793960K->2793879K(3029504K), [Metaspace: 33741K->33741K(1081344K)], 0.3686304 secs] [Times: user=1.33 sys=0.00, real=0.37 secs] 
1021.951: [GC (Allocation Failure) --[PSYoungGen: 164046K->164046K(298496K)] 2794076K->2794076K(3029504K), 0.3689746 secs] [Times: user=1.40 sys=0.00, real=0.37 secs] 
1022.320: [Full GC (Ergonomics) [PSYoungGen: 164046K->163922K(298496K)] [ParOldGen: 2630030K->2630029K(2731008K)] 2794076K->2793952K(3029504K), [Metaspace: 33741K->33741K(1081344K)], 0.3401132 secs] [Times: user=1.24 sys=0.00, real=0.34 secs] 
1022.660: [GC (Allocation Failure) --[PSYoungGen: 163922K->163922K(298496K)] 2793952K->2793968K(3029504K), 0.2902859 secs] [Times: user=1.10 sys=0.00, real=0.29 secs] 
1022.951: [Full GC (Allocation Failure) [PSYoungGen: 163922K->163849K(298496K)] [ParOldGen: 2630045K->2630030K(2731008K)] 2793968K->2793879K(3029504K), [Metaspace: 33741K->33741K(1081344K)], 0.2857102 secs] [Times: user=1.03 sys=0.00, real=0.29 secs] 
1023.289: [GC (Allocation Failure) --[PSYoungGen: 164048K->164048K(298496K)] 2794078K->2794086K(3029504K), 0.2946771 secs] [Times: user=1.12 sys=0.00, real=0.29 secs] 
1023.584: [Full GC (Ergonomics) [PSYoungGen: 164048K->163922K(298496K)] [ParOldGen: 2630038K->2630029K(2731008K)] 2794086K->2793952K(3029504K), [Metaspace: 33747K->33747K(1081344K)], 0.2818887 secs] [Times: user=1.02 sys=0.00, real=0.29 secs] 
1023.866: [GC (Allocation Failure) --[PSYoungGen: 163922K->163922K(298496K)] 2793952K->2793968K(3029504K), 0.2853180 secs] [Times: user=1.09 sys=0.00, real=0.28 secs] 
1024.151: [Full GC (Allocation Failure) [PSYoungGen: 163922K->163849K(298496K)] [ParOldGen: 2630045K->2630030K(2731008K)] 2793968K->2793879K(3029504K), [Metaspace: 33747K->33747K(1081344K)], 0.2698163 secs] [Times: user=0.97 sys=0.00, real=0.27 secs] 
1024.503: [GC (Allocation Failure) --[PSYoungGen: 164050K->164050K(298496K)] 2794080K->2794088K(3029504K), 0.3027086 secs] [Times: user=1.17 sys=0.00, real=0.31 secs] 
1024.806: [Full GC (Ergonomics) [PSYoungGen: 164050K->163923K(298496K)] [ParOldGen: 2630038K->2630030K(2731008K)] 2794088K->2793953K(3029504K), [Metaspace: 33760K->33760K(1081344K)], 0.2772466 secs] [Times: user=0.98 sys=0.00, real=0.27 secs] 
1025.083: [GC (Allocation Failure) --[PSYoungGen: 163923K->163923K(298496K)] 2793953K->2793961K(3029504K), 0.2980235 secs] [Times: user=1.14 sys=0.00, real=0.30 secs] 
1025.381: [Full GC (Allocation Failure) [PSYoungGen: 163923K->163849K(298496K)] [ParOldGen: 2630038K->2630030K(2731008K)] 2793961K->2793879K(3029504K), [Metaspace: 33760K->33760K(1081344K)], 0.2520536 secs] [Times: user=0.90 sys=0.00, real=0.25 secs] 
1025.734: [GC (Allocation Failure) --[PSYoungGen: 164045K->164045K(298496K)] 2794076K->2794076K(3029504K), 0.3008561 secs] [Times: user=1.15 sys=0.00, real=0.30 secs] 
1026.035: [Full GC (Ergonomics) [PSYoungGen: 164045K->163923K(298496K)] [ParOldGen: 2630030K->2630030K(2731008K)] 2794076K->2793953K(3029504K), [Metaspace: 33760K->33760K(1081344K)], 0.2678914 secs] [Times: user=0.96 sys=0.00, real=0.27 secs] 
1026.303: [GC (Allocation Failure) --[PSYoungGen: 163923K->163923K(298496K)] 2793953K->2793969K(3029504K), 0.2711807 secs] [Times: user=1.04 sys=0.00, real=0.27 secs] 
1026.574: [Full GC (Allocation Failure) [PSYoungGen: 163923K->163849K(298496K)] [ParOldGen: 2630046K->2630030K(2731008K)] 2793969K->2793879K(3029504K), [Metaspace: 33760K->33760K(1081344K)], 0.2505245 secs] [Times: user=0.89 sys=0.00, real=0.26 secs] 
1026.886: [GC (Allocation Failure) --[PSYoungGen: 164046K->164046K(298496K)] 2794076K->2794076K(3029504K), 0.3305163 secs] [Times: user=1.25 sys=0.00, real=0.33 secs] 
1027.217: [Full GC (Ergonomics) [PSYoungGen: 164046K->163923K(298496K)] [ParOldGen: 2630030K->2630030K(2731008K)] 2794076K->2793953K(3029504K), [Metaspace: 33760K->33760K(1081344K)], 0.2959711 secs] [Times: user=1.07 sys=0.00, real=0.29 secs] 
1027.513: [GC (Allocation Failure) --[PSYoungGen: 163923K->163923K(298496K)] 2793953K->2793977K(3029504K), 0.2855631 secs] [Times: user=1.09 sys=0.00, real=0.29 secs] 
1027.799: [Full GC (Allocation Failure) [PSYoungGen: 163923K->163849K(298496K)] [ParOldGen: 2630054K->2630030K(2731008K)] 2793977K->2793879K(3029504K), [Metaspace: 33760K->33760K(1081344K)], 0.2643275 secs] [Times: user=0.95 sys=0.00, real=0.26 secs] 
1028.147: [GC (Allocation Failure) --[PSYoungGen: 164046K->164046K(298496K)] 2794076K->2794076K(3029504K), 0.3011845 secs] [Times: user=1.14 sys=0.00, real=0.30 secs] 
1028.448: [Full GC (Ergonomics) [PSYoungGen: 164046K->163923K(298496K)] [ParOldGen: 2630030K->2630030K(2731008K)] 2794076K->2793953K(3029504K), [Metaspace: 33760K->33760K(1081344K)], 0.2623867 secs] [Times: user=0.94 sys=0.00, real=0.26 secs] 
1028.711: [GC (Allocation Failure) --[PSYoungGen: 163923K->163923K(298496K)] 2793953K->2793977K(3029504K), 0.2837476 secs] [Times: user=1.08 sys=0.00, real=0.28 secs] 
1028.995: [Full GC (Allocation Failure) [PSYoungGen: 163923K->163849K(298496K)] [ParOldGen: 2630054K->2630030K(2731008K)] 2793977K->2793879K(3029504K), [Metaspace: 33760K->33760K(1081344K)], 0.2646317 secs] [Times: user=0.95 sys=0.00, real=0.27 secs] 
1029.315: [GC (Allocation Failure) --[PSYoungGen: 164045K->164045K(298496K)] 2794076K->2794076K(3029504K), 0.2835274 secs] [Times: user=1.09 sys=0.00, real=0.29 secs] 
1029.599: [Full GC (Ergonomics) [PSYoungGen: 164045K->163922K(298496K)] [ParOldGen: 2630030K->2630030K(2731008K)] 2794076K->2793953K(3029504K), [Metaspace: 33761K->33761K(1081344K)], 0.2683094 secs] [Times: user=0.96 sys=0.00, real=0.27 secs] 
1029.868: [GC (Allocation Failure) --[PSYoungGen: 163922K->163922K(298496K)] 2793953K->2793969K(3029504K), 0.3011491 secs] [Times: user=1.16 sys=0.00, real=0.30 secs] 
1030.169: [Full GC (Allocation Failure) [PSYoungGen: 163922K->163849K(298496K)] [ParOldGen: 2630046K->2630030K(2731008K)] 2793969K->2793879K(3029504K), [Metaspace: 33761K->33761K(1081344K)], 0.2804457 secs] [Times: user=1.00 sys=0.00, real=0.28 secs] 
1030.561: [GC (Allocation Failure) --[PSYoungGen: 164045K->164045K(298496K)] 2794076K->2794076K(3029504K), 0.2959379 secs] [Times: user=1.14 sys=0.00, real=0.30 secs] 
1030.857: [Full GC (Ergonomics) [PSYoungGen: 164045K->163922K(298496K)] [ParOldGen: 2630030K->2630030K(2731008K)] 2794076K->2793953K(3029504K), [Metaspace: 33761K->33761K(1081344K)], 0.2917729 secs] [Times: user=1.06 sys=0.00, real=0.29 secs] 
1031.149: [GC (Allocation Failure) --[PSYoungGen: 163922K->163922K(298496K)] 2793953K->2793969K(3029504K), 0.2715531 secs] [Times: user=1.04 sys=0.00, real=0.27 secs] 
1031.421: [Full GC (Allocation Failure) [PSYoungGen: 163922K->163849K(298496K)] [ParOldGen: 2630046K->2630030K(2731008K)] 2793969K->2793879K(3029504K), [Metaspace: 33761K->33761K(1081344K)], 0.2505991 secs] [Times: user=0.89 sys=0.00, real=0.25 secs] 
1031.760: [GC (Allocation Failure) --[PSYoungGen: 164045K->164045K(298496K)] 2794076K->2794076K(3029504K), 0.3254044 secs] [Times: user=1.22 sys=0.00, real=0.33 secs] 
1032.086: [Full GC (Ergonomics) [PSYoungGen: 164045K->163922K(298496K)] [ParOldGen: 2630030K->2630030K(2731008K)] 2794076K->2793953K(3029504K), [Metaspace: 33764K->33764K(1081344K)], 0.2768762 secs] [Times: user=0.99 sys=0.00, real=0.27 secs] 
1032.363: [GC (Allocation Failure) --[PSYoungGen: 163922K->163922K(298496K)] 2793953K->2793969K(3029504K), 0.2937558 secs] [Times: user=1.13 sys=0.00, real=0.30 secs] 
1032.657: [Full GC (Allocation Failure) [PSYoungGen: 163922K->163849K(298496K)] [ParOldGen: 2630046K->2630030K(2731008K)] 2793969K->2793879K(3029504K), [Metaspace: 33764K->33764K(1081344K)], 0.2835761 secs] [Times: user=0.98 sys=0.00, real=0.28 secs] 
1033.037: [GC (Allocation Failure) --[PSYoungGen: 164046K->164046K(298496K)] 2794077K->2794077K(3029504K), 0.3016613 secs] [Times: user=1.16 sys=0.00, real=0.30 secs] 
1033.339: [Full GC (Ergonomics) [PSYoungGen: 164046K->163922K(298496K)] [ParOldGen: 2630030K->2630030K(2731008K)] 2794077K->2793953K(3029504K), [Metaspace: 33764K->33764K(1081344K)], 0.2939691 secs] [Times: user=1.06 sys=0.00, real=0.29 secs] 
1033.633: [GC (Allocation Failure) --[PSYoungGen: 163922K->163922K(298496K)] 2793953K->2793961K(3029504K), 0.3072388 secs] [Times: user=1.18 sys=0.00, real=0.31 secs] 
1033.940: [Full GC (Allocation Failure) [PSYoungGen: 163922K->163849K(298496K)] [ParOldGen: 2630038K->2630030K(2731008K)] 2793961K->2793879K(3029504K), [Metaspace: 33764K->33764K(1081344K)], 0.3078227 secs] [Times: user=1.11 sys=0.00, real=0.31 secs] 
1034.345: [GC (Allocation Failure) --[PSYoungGen: 164046K->164046K(298496K)] 2794077K->2794077K(3029504K), 0.3027861 secs] [Times: user=1.16 sys=0.00, real=0.30 secs] 
1034.648: [Full GC (Ergonomics) [PSYoungGen: 164046K->163922K(298496K)] [ParOldGen: 2630030K->2630030K(2731008K)] 2794077K->2793953K(3029504K), [Metaspace: 33764K->33764K(1081344K)], 0.3056368 secs] [Times: user=1.11 sys=0.00, real=0.30 secs] 
1034.954: [GC (Allocation Failure) --[PSYoungGen: 163922K->163922K(298496K)] 2793953K->2793961K(3029504K), 0.2837782 secs] [Times: user=1.09 sys=0.00, real=0.29 secs] 
1035.238: [Full GC (Allocation Failure) [PSYoungGen: 163922K->163849K(298496K)] [ParOldGen: 2630038K->2630030K(2731008K)] 2793961K->2793879K(3029504K), [Metaspace: 33764K->33764K(1081344K)], 0.2799301 secs] [Times: user=1.01 sys=0.00, real=0.28 secs] 
1035.605: [GC (Allocation Failure) --[PSYoungGen: 164046K->164046K(298496K)] 2794077K->2794077K(3029504K), 0.2775678 secs] [Times: user=1.06 sys=0.00, real=0.27 secs] 
1035.882: [Full GC (Ergonomics) [PSYoungGen: 164046K->163922K(298496K)] [ParOldGen: 2630030K->2630030K(2731008K)] 2794077K->2793953K(3029504K), [Metaspace: 33764K->33764K(1081344K)], 0.2637348 secs] [Times: user=0.95 sys=0.00, real=0.27 secs] 
1036.146: [GC (Allocation Failure) --[PSYoungGen: 163922K->163922K(298496K)] 2793953K->2793969K(3029504K), 0.2698772 secs] [Times: user=1.03 sys=0.00, real=0.27 secs] 
1036.416: [Full GC (Allocation Failure) [PSYoungGen: 163922K->163849K(298496K)] [ParOldGen: 2630046K->2630030K(2731008K)] 2793969K->2793879K(3029504K), [Metaspace: 33764K->33764K(1081344K)], 0.2499945 secs] [Times: user=0.89 sys=0.00, real=0.25 secs] 
1036.743: [GC (Allocation Failure) --[PSYoungGen: 164046K->164046K(298496K)] 2794077K->2794077K(3029504K), 0.2739386 secs] [Times: user=1.05 sys=0.00, real=0.28 secs] 
1037.017: [Full GC (Ergonomics) [PSYoungGen: 164046K->163922K(298496K)] [ParOldGen: 2630030K->2630030K(2731008K)] 2794077K->2793953K(3029504K), [Metaspace: 33766K->33766K(1081344K)], 0.2565307 secs] [Times: user=0.92 sys=0.00, real=0.25 secs] 
1037.273: [GC (Allocation Failure) --[PSYoungGen: 163922K->163922K(298496K)] 2793953K->2793969K(3029504K), 0.2711526 secs] [Times: user=1.03 sys=0.00, real=0.28 secs] 
1037.544: [Full GC (Allocation Failure) [PSYoungGen: 163922K->163849K(298496K)] [ParOldGen: 2630046K->2630030K(2731008K)] 2793969K->2793879K(3029504K), [Metaspace: 33766K->33766K(1081344K)], 0.2496973 secs] [Times: user=0.89 sys=0.00, real=0.24 secs] 
1037.880: [GC (Allocation Failure) --[PSYoungGen: 164045K->164045K(298496K)] 2794076K->2794076K(3029504K), 0.3062971 secs] [Times: user=1.12 sys=0.00, real=0.31 secs] 
1038.187: [Full GC (Ergonomics) [PSYoungGen: 164045K->163922K(298496K)] [ParOldGen: 2630030K->2630030K(2731008K)] 2794076K->2793953K(3029504K), [Metaspace: 33766K->33766K(1081344K)], 0.2640223 secs] [Times: user=0.94 sys=0.00, real=0.26 secs] 
1038.451: [GC (Allocation Failure) --[PSYoungGen: 163922K->163922K(298496K)] 2793953K->2793969K(3029504K), 0.2787639 secs] [Times: user=1.07 sys=0.00, real=0.28 secs] 
1038.730: [Full GC (Allocation Failure) [PSYoungGen: 163922K->163849K(298496K)] [ParOldGen: 2630046K->2630030K(2731008K)] 2793969K->2793879K(3029504K), [Metaspace: 33766K->33766K(1081344K)], 0.2629542 secs] [Times: user=0.94 sys=0.00, real=0.26 secs] 
1039.079: [GC (Allocation Failure) --[PSYoungGen: 164045K->164045K(298496K)] 2794076K->2794076K(3029504K), 0.2789520 secs] [Times: user=1.07 sys=0.00, real=0.28 secs] 
1039.358: [Full GC (Ergonomics) [PSYoungGen: 164045K->163922K(298496K)] [ParOldGen: 2630030K->2630030K(2731008K)] 2794076K->2793953K(3029504K), [Metaspace: 33768K->33768K(1081344K)], 0.2571568 secs] [Times: user=0.92 sys=0.00, real=0.25 secs] 
1039.615: [GC (Allocation Failure) --[PSYoungGen: 163922K->163922K(298496K)] 2793953K->2793969K(3029504K), 0.2834898 secs] [Times: user=1.08 sys=0.00, real=0.29 secs] 
1039.899: [Full GC (Allocation Failure) [PSYoungGen: 163922K->163849K(298496K)] [ParOldGen: 2630046K->2630030K(2731008K)] 2793969K->2793879K(3029504K), [Metaspace: 33768K->33768K(1081344K)], 0.2835656 secs] [Times: user=1.02 sys=0.00, real=0.28 secs] 
1040.279: [GC (Allocation Failure) --[PSYoungGen: 164045K->164045K(298496K)] 2794076K->2794076K(3029504K), 0.3052137 secs] [Times: user=1.17 sys=0.00, real=0.31 secs] 
1040.584: [Full GC (Ergonomics) [PSYoungGen: 164045K->163922K(298496K)] [ParOldGen: 2630030K->2630030K(2731008K)] 2794076K->2793953K(3029504K), [Metaspace: 33768K->33768K(1081344K)], 0.2833193 secs] [Times: user=1.00 sys=0.00, real=0.28 secs] 
1040.868: [GC (Allocation Failure) --[PSYoungGen: 163922K->163922K(298496K)] 2793953K->2793969K(3029504K), 0.2827711 secs] [Times: user=1.06 sys=0.00, real=0.28 secs] 
1041.150: [Full GC (Allocation Failure) [PSYoungGen: 163922K->163849K(298496K)] [ParOldGen: 2630046K->2630030K(2731008K)] 2793969K->2793880K(3029504K), [Metaspace: 33768K->33768K(1081344K)], 0.3272489 secs] [Times: user=1.20 sys=0.00, real=0.33 secs] 
1041.571: [GC (Allocation Failure) --[PSYoungGen: 164045K->164045K(298496K)] 2794076K->2794076K(3029504K), 0.3105026 secs] [Times: user=1.20 sys=0.00, real=0.31 secs] 
1041.882: [Full GC (Ergonomics) [PSYoungGen: 164045K->163922K(298496K)] [ParOldGen: 2630030K->2630030K(2731008K)] 2794076K->2793953K(3029504K), [Metaspace: 33785K->33785K(1081344K)], 0.2576521 secs] [Times: user=0.92 sys=0.00, real=0.26 secs] 
1042.139: [GC (Allocation Failure) --[PSYoungGen: 163922K->163922K(298496K)] 2793953K->2793961K(3029504K), 0.2724172 secs] [Times: user=1.04 sys=0.00, real=0.27 secs] 
1042.412: [Full GC (Allocation Failure) [PSYoungGen: 163922K->163849K(298496K)] [ParOldGen: 2630038K->2630030K(2731008K)] 2793961K->2793879K(3029504K), [Metaspace: 33785K->33785K(1081344K)], 0.2519219 secs] [Times: user=0.90 sys=0.00, real=0.26 secs] 
1042.723: [GC (Allocation Failure) --[PSYoungGen: 164045K->164045K(298496K)] 2794076K->2794076K(3029504K), 0.3336034 secs] [Times: user=1.24 sys=0.00, real=0.34 secs] 
1043.057: [Full GC (Ergonomics) [PSYoungGen: 164045K->163922K(298496K)] [ParOldGen: 2630030K->2630030K(2731008K)] 2794076K->2793953K(3029504K), [Metaspace: 33785K->33785K(1081344K)], 0.2592648 secs] [Times: user=0.93 sys=0.00, real=0.26 secs] 
1043.316: [GC (Allocation Failure) --[PSYoungGen: 163922K->163922K(298496K)] 2793953K->2793969K(3029504K), 0.2713839 secs] [Times: user=1.04 sys=0.00, real=0.27 secs] 
1043.588: [Full GC (Allocation Failure) [PSYoungGen: 163922K->163849K(298496K)] [ParOldGen: 2630046K->2630030K(2731008K)] 2793969K->2793879K(3029504K), [Metaspace: 33785K->33785K(1081344K)], 0.2496455 secs] [Times: user=0.89 sys=0.00, real=0.25 secs] 
1043.923: [GC (Allocation Failure) --[PSYoungGen: 164045K->164045K(298496K)] 2794076K->2794076K(3029504K), 0.2860647 secs] [Times: user=1.09 sys=0.00, real=0.29 secs] 
1044.209: [Full GC (Ergonomics) [PSYoungGen: 164045K->163920K(298496K)] [ParOldGen: 2630030K->2630030K(2731008K)] 2794076K->2793950K(3029504K), [Metaspace: 33786K->33786K(1081344K)], 0.2536610 secs] [Times: user=0.91 sys=0.00, real=0.25 secs] 
1044.463: [GC (Allocation Failure) --[PSYoungGen: 163920K->163920K(298496K)] 2793950K->2793966K(3029504K), 0.2727633 secs] [Times: user=1.04 sys=0.00, real=0.28 secs] 
1044.736: [Full GC (Allocation Failure) [PSYoungGen: 163920K->163848K(298496K)] [ParOldGen: 2630046K->2630030K(2731008K)] 2793966K->2793879K(3029504K), [Metaspace: 33786K->33786K(1081344K)], 0.2568652 secs] [Times: user=0.92 sys=0.00, real=0.25 secs] 
1045.092: [GC (Allocation Failure) --[PSYoungGen: 164046K->164046K(298496K)] 2794077K->2794077K(3029504K), 0.2821633 secs] [Times: user=1.07 sys=0.00, real=0.28 secs] 
1045.374: [Full GC (Ergonomics) [PSYoungGen: 164046K->163922K(298496K)] [ParOldGen: 2630030K->2630030K(2731008K)] 2794077K->2793953K(3029504K), [Metaspace: 33786K->33786K(1081344K)], 0.2572335 secs] [Times: user=0.92 sys=0.00, real=0.26 secs] 
1045.631: [GC (Allocation Failure) --[PSYoungGen: 163922K->163922K(298496K)] 2793953K->2793961K(3029504K), 0.2740752 secs] [Times: user=1.05 sys=0.00, real=0.28 secs] 
1045.905: [Full GC (Allocation Failure) [PSYoungGen: 163922K->163849K(298496K)] [ParOldGen: 2630038K->2630030K(2731008K)] 2793961K->2793879K(3029504K), [Metaspace: 33786K->33786K(1081344K)], 0.2504814 secs] [Times: user=0.89 sys=0.00, real=0.25 secs] 
1046.244: [GC (Allocation Failure) --[PSYoungGen: 164048K->164048K(298496K)] 2794079K->2794087K(3029504K), 0.2803090 secs] [Times: user=1.07 sys=0.00, real=0.28 secs] 
1046.525: [Full GC (Ergonomics) [PSYoungGen: 164048K->163923K(298496K)] [ParOldGen: 2630038K->2630030K(2731008K)] 2794087K->2793953K(3029504K), [Metaspace: 33796K->33796K(1081344K)], 0.2657978 secs] [Times: user=0.96 sys=0.00, real=0.26 secs] 
1046.791: [GC (Allocation Failure) --[PSYoungGen: 163923K->163923K(298496K)] 2793953K->2793961K(3029504K), 0.2767965 secs] [Times: user=1.06 sys=0.00, real=0.28 secs] 
1047.068: [Full GC (Allocation Failure) [PSYoungGen: 163923K->163849K(298496K)] [ParOldGen: 2630038K->2630030K(2731008K)] 2793961K->2793880K(3029504K), [Metaspace: 33796K->33796K(1081344K)], 0.2860936 secs] [Times: user=1.02 sys=0.00, real=0.28 secs] 
1047.445: [GC (Allocation Failure) --[PSYoungGen: 164046K->164046K(298496K)] 2794077K->2794077K(3029504K), 0.2838371 secs] [Times: user=1.08 sys=0.00, real=0.28 secs] 
1047.729: [Full GC (Ergonomics) [PSYoungGen: 164046K->163923K(298496K)] [ParOldGen: 2630030K->2630030K(2731008K)] 2794077K->2793953K(3029504K), [Metaspace: 33798K->33798K(1081344K)], 0.2693083 secs] [Times: user=0.96 sys=0.00, real=0.27 secs] 
1047.998: [GC (Allocation Failure) --[PSYoungGen: 163923K->163923K(298496K)] 2793953K->2793961K(3029504K), 0.2752744 secs] [Times: user=1.06 sys=0.00, real=0.27 secs] 
1048.273: [Full GC (Allocation Failure) [PSYoungGen: 163923K->163849K(298496K)] [ParOldGen: 2630038K->2630030K(2731008K)] 2793961K->2793880K(3029504K), [Metaspace: 33798K->33798K(1081344K)], 0.2553785 secs] [Times: user=0.91 sys=0.00, real=0.26 secs] 
1048.644: [GC (Allocation Failure) --[PSYoungGen: 164047K->164047K(298496K)] 2794078K->2794078K(3029504K), 0.2921429 secs] [Times: user=1.11 sys=0.00, real=0.29 secs] 
1048.937: [Full GC (Ergonomics) [PSYoungGen: 164047K->163924K(298496K)] [ParOldGen: 2630030K->2630030K(2731008K)] 2794078K->2793954K(3029504K), [Metaspace: 33799K->33799K(1081344K)], 0.3030578 secs] [Times: user=1.08 sys=0.00, real=0.30 secs] 
1049.240: [GC (Allocation Failure) --[PSYoungGen: 163924K->163924K(298496K)] 2793954K->2793970K(3029504K), 0.2730147 secs] [Times: user=1.05 sys=0.00, real=0.27 secs] 
1049.513: [Full GC (Allocation Failure) [PSYoungGen: 163924K->163850K(298496K)] [ParOldGen: 2630046K->2630030K(2731008K)] 2793970K->2793881K(3029504K), [Metaspace: 33799K->33799K(1081344K)], 0.2515780 secs] [Times: user=0.89 sys=0.00, real=0.26 secs] 
1049.858: [GC (Allocation Failure) --[PSYoungGen: 164048K->164048K(298496K)] 2794079K->2794079K(3029504K), 0.2766932 secs] [Times: user=1.06 sys=0.00, real=0.27 secs] 
1050.135: [Full GC (Ergonomics) [PSYoungGen: 164048K->163924K(298496K)] [ParOldGen: 2630030K->2630030K(2731008K)] 2794079K->2793954K(3029504K), [Metaspace: 33801K->33801K(1081344K)], 0.2554480 secs] [Times: user=0.91 sys=0.00, real=0.26 secs] 
1050.390: [GC (Allocation Failure) --[PSYoungGen: 163924K->163924K(298496K)] 2793954K->2793978K(3029504K), 0.2720966 secs] [Times: user=1.04 sys=0.00, real=0.27 secs] 
1050.662: [Full GC (Allocation Failure) [PSYoungGen: 163924K->163850K(298496K)] [ParOldGen: 2630054K->2630031K(2731008K)] 2793978K->2793881K(3029504K), [Metaspace: 33801K->33801K(1081344K)], 0.2492714 secs] [Times: user=0.89 sys=0.00, real=0.25 secs] 
1050.996: [GC (Allocation Failure) --[PSYoungGen: 164046K->164046K(298496K)] 2794077K->2794077K(3029504K), 0.2749403 secs] [Times: user=1.06 sys=0.00, real=0.27 secs] 
1051.271: [Full GC (Ergonomics) [PSYoungGen: 164046K->163923K(298496K)] [ParOldGen: 2630031K->2630031K(2731008K)] 2794077K->2793954K(3029504K), [Metaspace: 33802K->33802K(1081344K)], 0.2572152 secs] [Times: user=0.91 sys=0.00, real=0.26 secs] 
1051.528: [GC (Allocation Failure) --[PSYoungGen: 163923K->163923K(298496K)] 2793954K->2793970K(3029504K), 0.2721510 secs] [Times: user=1.04 sys=0.00, real=0.27 secs] 
1051.800: [Full GC (Allocation Failure) [PSYoungGen: 163923K->163850K(298496K)] [ParOldGen: 2630047K->2630031K(2731008K)] 2793970K->2793881K(3029504K), [Metaspace: 33802K->33802K(1081344K)], 0.2514474 secs] [Times: user=0.90 sys=0.00, real=0.25 secs] 
1052.150: [GC (Allocation Failure) --[PSYoungGen: 164046K->164046K(298496K)] 2794077K->2794077K(3029504K), 0.3344257 secs] [Times: user=1.27 sys=0.00, real=0.34 secs] 
1052.484: [Full GC (Ergonomics) [PSYoungGen: 164046K->163923K(298496K)] [ParOldGen: 2630031K->2630031K(2731008K)] 2794077K->2793954K(3029504K), [Metaspace: 33802K->33802K(1081344K)], 0.2628953 secs] [Times: user=0.94 sys=0.00, real=0.26 secs] 
1052.747: [GC (Allocation Failure) --[PSYoungGen: 163923K->163923K(298496K)] 2793954K->2793970K(3029504K), 0.2706786 secs] [Times: user=1.03 sys=0.00, real=0.27 secs] 
1053.018: [Full GC (Allocation Failure) [PSYoungGen: 163923K->163849K(298496K)] [ParOldGen: 2630047K->2630032K(2731008K)] 2793970K->2793881K(3029504K), [Metaspace: 33802K->33802K(1081344K)], 0.2545858 secs] [Times: user=0.91 sys=0.00, real=0.25 secs] 
1053.364: [GC (Allocation Failure) --[PSYoungGen: 164045K->164045K(298496K)] 2794077K->2794077K(3029504K), 0.2763344 secs] [Times: user=1.05 sys=0.00, real=0.27 secs] 
1053.640: [Full GC (Ergonomics) [PSYoungGen: 164045K->163922K(298496K)] [ParOldGen: 2630032K->2630032K(2731008K)] 2794077K->2793954K(3029504K), [Metaspace: 33802K->33802K(1081344K)], 0.2584144 secs] [Times: user=0.93 sys=0.00, real=0.26 secs] 
1053.899: [GC (Allocation Failure) --[PSYoungGen: 163922K->163922K(298496K)] 2793954K->2793970K(3029504K), 0.2816529 secs] [Times: user=1.08 sys=0.00, real=0.28 secs] 
1054.180: [Full GC (Allocation Failure) [PSYoungGen: 163922K->163849K(298496K)] [ParOldGen: 2630048K->2630032K(2731008K)] 2793970K->2793881K(3029504K), [Metaspace: 33802K->33802K(1081344K)], 0.2597153 secs] [Times: user=0.92 sys=0.00, real=0.26 secs] 
1054.517: [GC (Allocation Failure) --[PSYoungGen: 164045K->164045K(298496K)] 2794077K->2794077K(3029504K), 0.3132283 secs] [Times: user=1.20 sys=0.00, real=0.31 secs] 
1054.831: [Full GC (Ergonomics) [PSYoungGen: 164045K->163922K(298496K)] [ParOldGen: 2630032K->2630032K(2731008K)] 2794077K->2793954K(3029504K), [Metaspace: 33802K->33802K(1081344K)], 0.2643364 secs] [Times: user=0.94 sys=0.00, real=0.26 secs] 
1055.095: [GC (Allocation Failure) --[PSYoungGen: 163922K->163922K(298496K)] 2793954K->2793962K(3029504K), 0.2757787 secs] [Times: user=1.06 sys=0.00, real=0.28 secs] 
1055.371: [Full GC (Allocation Failure) [PSYoungGen: 163922K->163849K(298496K)] [ParOldGen: 2630040K->2630032K(2731008K)] 2793962K->2793881K(3029504K), [Metaspace: 33802K->33802K(1081344K)], 0.2548734 secs] [Times: user=0.90 sys=0.00, real=0.26 secs] 
1055.716: [GC (Allocation Failure) --[PSYoungGen: 164045K->164045K(298496K)] 2794077K->2794077K(3029504K), 0.3266716 secs] [Times: user=1.24 sys=0.00, real=0.32 secs] 
1056.043: [Full GC (Ergonomics) [PSYoungGen: 164045K->163922K(298496K)] [ParOldGen: 2630032K->2630032K(2731008K)] 2794077K->2793954K(3029504K), [Metaspace: 33804K->33804K(1081344K)], 0.2627383 secs] [Times: user=0.94 sys=0.00, real=0.27 secs] 
1056.306: [GC (Allocation Failure) --[PSYoungGen: 163922K->163922K(298496K)] 2793954K->2793970K(3029504K), 0.2835257 secs] [Times: user=1.09 sys=0.00, real=0.28 secs] 
1056.590: [Full GC (Allocation Failure) [PSYoungGen: 163922K->163849K(298496K)] [ParOldGen: 2630048K->2630032K(2731008K)] 2793970K->2793881K(3029504K), [Metaspace: 33804K->33804K(1081344K)], 0.2511293 secs] [Times: user=0.89 sys=0.00, real=0.25 secs] 
1056.946: [GC (Allocation Failure) --[PSYoungGen: 164046K->164046K(298496K)] 2794078K->2794078K(3029504K), 0.2746393 secs] [Times: user=1.05 sys=0.00, real=0.27 secs] 
1057.221: [Full GC (Ergonomics) [PSYoungGen: 164046K->163922K(298496K)] [ParOldGen: 2630032K->2630032K(2731008K)] 2794078K->2793954K(3029504K), [Metaspace: 33805K->33805K(1081344K)], 0.2644762 secs] [Times: user=0.94 sys=0.00, real=0.27 secs] 
1057.486: [GC (Allocation Failure) --[PSYoungGen: 163922K->163922K(298496K)] 2793954K->2793962K(3029504K), 0.2812031 secs] [Times: user=1.08 sys=0.00, real=0.28 secs] 
1057.767: [Full GC (Allocation Failure) [PSYoungGen: 163922K->163849K(298496K)] [ParOldGen: 2630040K->2630032K(2731008K)] 2793962K->2793881K(3029504K), [Metaspace: 33805K->33805K(1081344K)], 0.2612940 secs] [Times: user=0.93 sys=0.00, real=0.26 secs] 
1058.090: [GC (Allocation Failure) --[PSYoungGen: 164046K->164046K(298496K)] 2794078K->2794078K(3029504K), 0.2829232 secs] [Times: user=1.09 sys=0.00, real=0.28 secs] 
1058.373: [Full GC (Ergonomics) [PSYoungGen: 164046K->163922K(298496K)] [ParOldGen: 2630032K->2630032K(2731008K)] 2794078K->2793954K(3029504K), [Metaspace: 33807K->33807K(1081344K)], 0.2691180 secs] [Times: user=0.96 sys=0.00, real=0.27 secs] 
1058.642: [GC (Allocation Failure) --[PSYoungGen: 163922K->163922K(298496K)] 2793954K->2793970K(3029504K), 0.2824392 secs] [Times: user=1.08 sys=0.00, real=0.29 secs] 
1058.925: [Full GC (Allocation Failure) [PSYoungGen: 163922K->163849K(298496K)] [ParOldGen: 2630048K->2630032K(2731008K)] 2793970K->2793881K(3029504K), [Metaspace: 33807K->33807K(1081344K)], 0.2610990 secs] [Times: user=0.94 sys=0.00, real=0.26 secs] 
1059.268: [GC (Allocation Failure) --[PSYoungGen: 164048K->164048K(298496K)] 2794080K->2794080K(3029504K), 0.3473084 secs] [Times: user=1.31 sys=0.00, real=0.34 secs] 
1059.616: [Full GC (Ergonomics) [PSYoungGen: 164048K->163923K(298496K)] [ParOldGen: 2630032K->2630032K(2731008K)] 2794080K->2793955K(3029504K), [Metaspace: 33810K->33810K(1081344K)], 0.2644645 secs] [Times: user=0.95 sys=0.00, real=0.27 secs] 
1059.880: [GC (Allocation Failure) --[PSYoungGen: 163923K->163923K(298496K)] 2793955K->2793971K(3029504K), 0.2877209 secs] [Times: user=1.10 sys=0.00, real=0.29 secs] 
1060.168: [Full GC (Allocation Failure) [PSYoungGen: 163923K->163849K(298496K)] [ParOldGen: 2630048K->2630032K(2731008K)] 2793971K->2793881K(3029504K), [Metaspace: 33810K->33810K(1081344K)], 0.2587401 secs] [Times: user=0.93 sys=0.00, real=0.26 secs] 
1060.498: [GC (Allocation Failure) --[PSYoungGen: 164048K->164048K(298496K)] 2794080K->2794088K(3029504K), 0.2777186 secs] [Times: user=1.06 sys=0.00, real=0.28 secs] 
1060.776: [Full GC (Ergonomics) [PSYoungGen: 164048K->163924K(298496K)] [ParOldGen: 2630040K->2630032K(2731008K)] 2794088K->2793956K(3029504K), [Metaspace: 33848K->33848K(1081344K)], 0.2693512 secs] [Times: user=0.96 sys=0.00, real=0.27 secs] 
1061.045: [GC (Allocation Failure) --[PSYoungGen: 163924K->163924K(298496K)] 2793956K->2793972K(3029504K), 0.2716496 secs] [Times: user=1.04 sys=0.00, real=0.27 secs] 
1061.317: [Full GC (Allocation Failure) [PSYoungGen: 163924K->163850K(298496K)] [ParOldGen: 2630048K->2630032K(2731008K)] 2793972K->2793882K(3029504K), [Metaspace: 33848K->33848K(1081344K)], 0.2505470 secs] [Times: user=0.89 sys=0.00, real=0.25 secs] 
1061.682: [GC (Allocation Failure) --[PSYoungGen: 164048K->164048K(298496K)] 2794081K->2794089K(3029504K), 0.2785507 secs] [Times: user=1.07 sys=0.00, real=0.28 secs] 
1061.961: [Full GC (Ergonomics) [PSYoungGen: 164048K->163924K(298496K)] [ParOldGen: 2630040K->2630032K(2731008K)] 2794089K->2793956K(3029504K), [Metaspace: 33854K->33854K(1081344K)], 0.2677658 secs] [Times: user=0.95 sys=0.00, real=0.27 secs] 
1062.229: [GC (Allocation Failure) --[PSYoungGen: 163924K->163924K(298496K)] 2793956K->2793964K(3029504K), 0.2761672 secs] [Times: user=1.06 sys=0.00, real=0.28 secs] 
1062.505: [Full GC (Allocation Failure) [PSYoungGen: 163924K->163850K(298496K)] [ParOldGen: 2630040K->2630032K(2731008K)] 2793964K->2793883K(3029504K), [Metaspace: 33854K->33854K(1081344K)], 0.2510530 secs] [Times: user=0.89 sys=0.00, real=0.25 secs] 
1062.821: [GC (Allocation Failure) --[PSYoungGen: 164048K->164048K(298496K)] 2794081K->2794089K(3029504K), 0.3228504 secs] [Times: user=1.20 sys=0.00, real=0.33 secs] 
1063.144: [Full GC (Ergonomics) [PSYoungGen: 164048K->163924K(298496K)] [ParOldGen: 2630040K->2630032K(2731008K)] 2794089K->2793957K(3029504K), [Metaspace: 33868K->33868K(1081344K)], 0.2614356 secs] [Times: user=0.94 sys=0.00, real=0.26 secs] 
1063.406: [GC (Allocation Failure) --[PSYoungGen: 163924K->163924K(298496K)] 2793957K->2793973K(3029504K), 0.2759300 secs] [Times: user=1.05 sys=0.00, real=0.27 secs] 
1063.682: [Full GC (Allocation Failure) [PSYoungGen: 163924K->163850K(298496K)] [ParOldGen: 2630048K->2630033K(2731008K)] 2793973K->2793883K(3029504K), [Metaspace: 33868K->33868K(1081344K)], 0.2602147 secs] [Times: user=0.93 sys=0.00, real=0.26 secs] 
1064.035: [GC (Allocation Failure) --[PSYoungGen: 164051K->164051K(298496K)] 2794084K->2794092K(3029504K), 0.2825810 secs] [Times: user=1.08 sys=0.00, real=0.29 secs] 
1064.317: [Full GC (Ergonomics) [PSYoungGen: 164051K->163924K(298496K)] [ParOldGen: 2630041K->2630033K(2731008K)] 2794092K->2793957K(3029504K), [Metaspace: 33878K->33878K(1081344K)], 0.2627993 secs] [Times: user=0.94 sys=0.00, real=0.26 secs] 
1064.580: [GC (Allocation Failure) --[PSYoungGen: 163924K->163924K(298496K)] 2793957K->2793981K(3029504K), 0.2784373 secs] [Times: user=1.07 sys=0.00, real=0.28 secs] 
1064.859: [Full GC (Allocation Failure) [PSYoungGen: 163924K->163849K(298496K)] [ParOldGen: 2630057K->2630034K(2731008K)] 2793981K->2793883K(3029504K), [Metaspace: 33878K->33878K(1081344K)], 0.2524308 secs] [Times: user=0.90 sys=0.00, real=0.25 secs] 
1065.203: [GC (Allocation Failure) --[PSYoungGen: 164046K->164046K(298496K)] 2794080K->2794080K(3029504K), 0.2772985 secs] [Times: user=1.06 sys=0.00, real=0.28 secs] 
1065.481: [Full GC (Ergonomics) [PSYoungGen: 164046K->163923K(298496K)] [ParOldGen: 2630034K->2630034K(2731008K)] 2794080K->2793958K(3029504K), [Metaspace: 33878K->33878K(1081344K)], 0.2642686 secs] [Times: user=0.95 sys=0.00, real=0.27 secs] 
1065.745: [GC (Allocation Failure) --[PSYoungGen: 163923K->163923K(298496K)] 2793958K->2793974K(3029504K), 0.2765804 secs] [Times: user=1.06 sys=0.00, real=0.27 secs] 
1066.022: [Full GC (Allocation Failure) [PSYoungGen: 163923K->163850K(298496K)] [ParOldGen: 2630050K->2630034K(2731008K)] 2793974K->2793884K(3029504K), [Metaspace: 33878K->33878K(1081344K)], 0.2568607 secs] [Times: user=0.91 sys=0.00, real=0.26 secs] 
1066.372: [GC (Allocation Failure) --[PSYoungGen: 164048K->164048K(298496K)] 2794082K->2794082K(3029504K), 0.3376939 secs] [Times: user=1.27 sys=0.00, real=0.34 secs] 
1066.710: [Full GC (Ergonomics) [PSYoungGen: 164048K->163923K(298496K)] [ParOldGen: 2630034K->2630034K(2731008K)] 2794082K->2793958K(3029504K), [Metaspace: 33878K->33878K(1081344K)], 0.2569078 secs] [Times: user=0.92 sys=0.00, real=0.26 secs] 
1066.967: [GC (Allocation Failure) --[PSYoungGen: 163923K->163923K(298496K)] 2793958K->2793974K(3029504K), 0.2736750 secs] [Times: user=1.05 sys=0.00, real=0.27 secs] 
1067.241: [Full GC (Allocation Failure) [PSYoungGen: 163923K->163849K(298496K)] [ParOldGen: 2630050K->2630034K(2731008K)] 2793974K->2793884K(3029504K), [Metaspace: 33878K->33878K(1081344K)], 0.2496358 secs] [Times: user=0.89 sys=0.00, real=0.25 secs] 
1067.587: [GC (Allocation Failure) --[PSYoungGen: 164047K->164047K(298496K)] 2794082K->2794090K(3029504K), 0.2747936 secs] [Times: user=1.05 sys=0.00, real=0.27 secs] 
1067.861: [Full GC (Ergonomics) [PSYoungGen: 164047K->163923K(298496K)] [ParOldGen: 2630042K->2630034K(2731008K)] 2794090K->2793958K(3029504K), [Metaspace: 33878K->33878K(1081344K)], 0.2563220 secs] [Times: user=0.92 sys=0.00, real=0.26 secs] 
1068.118: [GC (Allocation Failure) --[PSYoungGen: 163923K->163923K(298496K)] 2793958K->2793966K(3029504K), 0.2726420 secs] [Times: user=1.04 sys=0.00, real=0.27 secs] 
1068.391: [Full GC (Allocation Failure) [PSYoungGen: 163923K->163849K(298496K)] [ParOldGen: 2630042K->2630034K(2731008K)] 2793966K->2793884K(3029504K), [Metaspace: 33878K->33878K(1081344K)], 0.2563956 secs] [Times: user=0.92 sys=0.00, real=0.26 secs] 
1068.755: [GC (Allocation Failure) --[PSYoungGen: 164046K->164046K(298496K)] 2794080K->2794080K(3029504K), 0.2814810 secs] [Times: user=1.08 sys=0.00, real=0.29 secs] 
1069.036: [Full GC (Ergonomics) [PSYoungGen: 164046K->163923K(298496K)] [ParOldGen: 2630034K->2630034K(2731008K)] 2794080K->2793958K(3029504K), [Metaspace: 33879K->33879K(1081344K)], 0.2653783 secs] [Times: user=0.95 sys=0.00, real=0.26 secs] 
1069.302: [GC (Allocation Failure) --[PSYoungGen: 163923K->163923K(298496K)] 2793958K->2793982K(3029504K), 0.2902155 secs] [Times: user=1.11 sys=0.00, real=0.29 secs] 
1069.592: [Full GC (Allocation Failure) [PSYoungGen: 163923K->163849K(298496K)] [ParOldGen: 2630058K->2630035K(2731008K)] 2793982K->2793884K(3029504K), [Metaspace: 33879K->33879K(1081344K)], 0.2570805 secs] [Times: user=0.92 sys=0.00, real=0.26 secs] 
1069.908: [GC (Allocation Failure) --[PSYoungGen: 164045K->164045K(298496K)] 2794081K->2794081K(3029504K), 0.3561512 secs] [Times: user=1.35 sys=0.00, real=0.36 secs] 
1070.265: [Full GC (Ergonomics) [PSYoungGen: 164045K->163922K(298496K)] [ParOldGen: 2630035K->2630035K(2731008K)] 2794081K->2793958K(3029504K), [Metaspace: 33879K->33879K(1081344K)], 0.2690819 secs] [Times: user=0.96 sys=0.00, real=0.26 secs] 
1070.534: [GC (Allocation Failure) --[PSYoungGen: 163922K->163922K(298496K)] 2793958K->2793974K(3029504K), 0.2804478 secs] [Times: user=1.08 sys=0.00, real=0.28 secs] 
1070.814: [Full GC (Allocation Failure) [PSYoungGen: 163922K->163849K(298496K)] [ParOldGen: 2630051K->2630035K(2731008K)] 2793974K->2793884K(3029504K), [Metaspace: 33879K->33879K(1081344K)], 0.2552008 secs] [Times: user=0.91 sys=0.00, real=0.26 secs] 
1071.142: [GC (Allocation Failure) --[PSYoungGen: 164046K->164046K(298496K)] 2794081K->2794081K(3029504K), 0.2828870 secs] [Times: user=1.08 sys=0.00, real=0.29 secs] 
1071.425: [Full GC (Ergonomics) [PSYoungGen: 164046K->163922K(298496K)] [ParOldGen: 2630035K->2630035K(2731008K)] 2794081K->2793958K(3029504K), [Metaspace: 33879K->33879K(1081344K)], 0.2706931 secs] [Times: user=0.97 sys=0.00, real=0.27 secs] 
1071.696: [GC (Allocation Failure) --[PSYoungGen: 163922K->163922K(298496K)] 2793958K->2793974K(3029504K), 0.2811248 secs] [Times: user=1.08 sys=0.00, real=0.28 secs] 
1071.978: [Full GC (Allocation Failure) [PSYoungGen: 163922K->163849K(298496K)] [ParOldGen: 2630051K->2630035K(2731008K)] 2793974K->2793884K(3029504K), [Metaspace: 33879K->33879K(1081344K)], 0.2550154 secs] [Times: user=0.91 sys=0.00, real=0.25 secs] 
1072.307: [GC (Allocation Failure) --[PSYoungGen: 164046K->164046K(298496K)] 2794081K->2794081K(3029504K), 0.2926336 secs] [Times: user=1.13 sys=0.00, real=0.29 secs] 
1072.599: [Full GC (Ergonomics) [PSYoungGen: 164046K->163922K(298496K)] [ParOldGen: 2630035K->2630035K(2731008K)] 2794081K->2793958K(3029504K), [Metaspace: 33879K->33879K(1081344K)], 0.2696040 secs] [Times: user=0.95 sys=0.00, real=0.27 secs] 
1072.869: [GC (Allocation Failure) --[PSYoungGen: 163922K->163922K(298496K)] 2793958K->2793974K(3029504K), 0.2752821 secs] [Times: user=1.05 sys=0.00, real=0.28 secs] 
1073.145: [Full GC (Allocation Failure) [PSYoungGen: 163922K->163849K(298496K)] [ParOldGen: 2630051K->2630035K(2731008K)] 2793974K->2793884K(3029504K), [Metaspace: 33879K->33879K(1081344K)], 0.2574135 secs] [Times: user=0.92 sys=0.00, real=0.25 secs] 
1073.477: [GC (Allocation Failure) --[PSYoungGen: 164045K->164045K(298496K)] 2794080K->2794080K(3029504K), 0.3201466 secs] [Times: user=1.19 sys=0.00, real=0.32 secs] 
1073.797: [Full GC (Ergonomics) [PSYoungGen: 164045K->163922K(298496K)] [ParOldGen: 2630035K->2630035K(2731008K)] 2794080K->2793958K(3029504K), [Metaspace: 33879K->33879K(1081344K)], 0.2736898 secs] [Times: user=0.98 sys=0.00, real=0.27 secs] 
1074.071: [GC (Allocation Failure) --[PSYoungGen: 163922K->163922K(298496K)] 2793958K->2793974K(3029504K), 0.2748455 secs] [Times: user=1.05 sys=0.00, real=0.28 secs] 
1074.346: [Full GC (Allocation Failure) [PSYoungGen: 163922K->163849K(298496K)] [ParOldGen: 2630051K->2630035K(2731008K)] 2793974K->2793884K(3029504K), [Metaspace: 33879K->33879K(1081344K)], 0.2511652 secs] [Times: user=0.89 sys=0.00, real=0.25 secs] 
1074.690: [GC (Allocation Failure) --[PSYoungGen: 164047K->164047K(298496K)] 2794083K->2794083K(3029504K), 0.2766192 secs] [Times: user=1.06 sys=0.00, real=0.28 secs] 
1074.967: [Full GC (Ergonomics) [PSYoungGen: 164047K->163922K(298496K)] [ParOldGen: 2630035K->2630035K(2731008K)] 2794083K->2793958K(3029504K), [Metaspace: 33879K->33879K(1081344K)], 0.2637264 secs] [Times: user=0.94 sys=0.00, real=0.26 secs] 
1075.231: [GC (Allocation Failure) --[PSYoungGen: 163922K->163922K(298496K)] 2793958K->2793974K(3029504K), 0.2740297 secs] [Times: user=1.05 sys=0.00, real=0.28 secs] 
1075.505: [Full GC (Allocation Failure) [PSYoungGen: 163922K->163849K(298496K)] [ParOldGen: 2630051K->2630035K(2731008K)] 2793974K->2793884K(3029504K), [Metaspace: 33879K->33879K(1081344K)], 0.2523988 secs] [Times: user=0.90 sys=0.00, real=0.25 secs] 
1075.828: [GC (Allocation Failure) --[PSYoungGen: 164047K->164047K(298496K)] 2794083K->2794083K(3029504K), 0.2775309 secs] [Times: user=1.06 sys=0.00, real=0.28 secs] 
1076.106: [Full GC (Ergonomics) [PSYoungGen: 164047K->163923K(298496K)] [ParOldGen: 2630035K->2630035K(2731008K)] 2794083K->2793958K(3029504K), [Metaspace: 33879K->33879K(1081344K)], 0.2604080 secs] [Times: user=0.93 sys=0.00, real=0.26 secs] 
1076.366: [GC (Allocation Failure) --[PSYoungGen: 163923K->163923K(298496K)] 2793958K->2793966K(3029504K), 0.2731624 secs] [Times: user=1.05 sys=0.00, real=0.27 secs] 
1076.640: [Full GC (Allocation Failure) [PSYoungGen: 163923K->163849K(298496K)] [ParOldGen: 2630043K->2630035K(2731008K)] 2793966K->2793884K(3029504K), [Metaspace: 33879K->33879K(1081344K)], 0.2548318 secs] [Times: user=0.91 sys=0.00, real=0.25 secs] 
1076.981: [GC (Allocation Failure) --[PSYoungGen: 164045K->164045K(298496K)] 2794081K->2794081K(3029504K), 0.3134107 secs] [Times: user=1.16 sys=0.00, real=0.31 secs] 
1077.295: [Full GC (Ergonomics) [PSYoungGen: 164045K->163923K(298496K)] [ParOldGen: 2630035K->2630035K(2731008K)] 2794081K->2793958K(3029504K), [Metaspace: 33882K->33882K(1081344K)], 0.2624758 secs] [Times: user=0.94 sys=0.00, real=0.27 secs] 
1077.557: [GC (Allocation Failure) --[PSYoungGen: 163923K->163923K(298496K)] 2793958K->2793966K(3029504K), 0.2793670 secs] [Times: user=1.07 sys=0.00, real=0.28 secs] 
1077.837: [Full GC (Allocation Failure) [PSYoungGen: 163923K->163849K(298496K)] [ParOldGen: 2630043K->2630035K(2731008K)] 2793966K->2793884K(3029504K), [Metaspace: 33882K->33882K(1081344K)], 0.2546273 secs] [Times: user=0.91 sys=0.00, real=0.25 secs] 
1078.182: [GC (Allocation Failure) --[PSYoungGen: 164045K->164045K(298496K)] 2794081K->2794081K(3029504K), 0.3022393 secs] [Times: user=1.16 sys=0.00, real=0.31 secs] 
1078.484: [Full GC (Ergonomics) [PSYoungGen: 164045K->163923K(298496K)] [ParOldGen: 2630035K->2630035K(2731008K)] 2794081K->2793958K(3029504K), [Metaspace: 33882K->33882K(1081344K)], 0.2559378 secs] [Times: user=0.91 sys=0.00, real=0.25 secs] 
1078.740: [GC (Allocation Failure) --[PSYoungGen: 163923K->163923K(298496K)] 2793958K->2793974K(3029504K), 0.2862585 secs] [Times: user=1.10 sys=0.00, real=0.29 secs] 
1079.027: [Full GC (Allocation Failure) [PSYoungGen: 163923K->163849K(298496K)] [ParOldGen: 2630051K->2630035K(2731008K)] 2793974K->2793884K(3029504K), [Metaspace: 33882K->33882K(1081344K)], 0.2617969 secs] [Times: user=0.93 sys=0.00, real=0.26 secs] 
1079.395: [GC (Allocation Failure) --[PSYoungGen: 164047K->164047K(298496K)] 2794083K->2794083K(3029504K), 0.2880338 secs] [Times: user=1.10 sys=0.00, real=0.29 secs] 
1079.684: [Full GC (Ergonomics) [PSYoungGen: 164047K->163922K(298496K)] [ParOldGen: 2630035K->2630035K(2731008K)] 2794083K->2793958K(3029504K), [Metaspace: 33883K->33883K(1081344K)], 0.2763369 secs] [Times: user=0.99 sys=0.00, real=0.28 secs] 
1079.960: [GC (Allocation Failure) --[PSYoungGen: 163922K->163922K(298496K)] 2793958K->2793974K(3029504K), 0.2729630 secs] [Times: user=1.05 sys=0.00, real=0.27 secs] 
1080.233: [Full GC (Allocation Failure) [PSYoungGen: 163922K->163849K(298496K)] [ParOldGen: 2630051K->2630035K(2731008K)] 2793974K->2793884K(3029504K), [Metaspace: 33883K->33883K(1081344K)], 0.2502329 secs] [Times: user=0.89 sys=0.00, real=0.25 secs] 
1080.564: [GC (Allocation Failure) --[PSYoungGen: 164044K->164044K(298496K)] 2794080K->2794080K(3029504K), 0.3247103 secs] [Times: user=1.24 sys=0.00, real=0.32 secs] 
1080.889: [Full GC (Ergonomics) [PSYoungGen: 164044K->163922K(298496K)] [ParOldGen: 2630035K->2630035K(2731008K)] 2794080K->2793958K(3029504K), [Metaspace: 33883K->33883K(1081344K)], 0.2586171 secs] [Times: user=0.93 sys=0.00, real=0.26 secs] 
1081.148: [GC (Allocation Failure) --[PSYoungGen: 163922K->163922K(298496K)] 2793958K->2793974K(3029504K), 0.2741982 secs] [Times: user=1.05 sys=0.00, real=0.27 secs] 
1081.422: [Full GC (Allocation Failure) [PSYoungGen: 163922K->163849K(298496K)] [ParOldGen: 2630051K->2630035K(2731008K)] 2793974K->2793884K(3029504K), [Metaspace: 33883K->33883K(1081344K)], 0.2619645 secs] [Times: user=0.92 sys=0.00, real=0.27 secs] 
1081.738: [GC (Allocation Failure) --[PSYoungGen: 164047K->164047K(298496K)] 2794083K->2794091K(3029504K), 0.2809798 secs] [Times: user=1.08 sys=0.00, real=0.28 secs] 
1082.019: [Full GC (Ergonomics) [PSYoungGen: 164047K->163922K(298496K)] [ParOldGen: 2630043K->2630035K(2731008K)] 2794091K->2793958K(3029504K), [Metaspace: 33884K->33884K(1081344K)], 0.2737237 secs] [Times: user=0.98 sys=0.00, real=0.27 secs] 
1082.293: [GC (Allocation Failure) --[PSYoungGen: 163922K->163922K(298496K)] 2793958K->2793974K(3029504K), 0.2805556 secs] [Times: user=1.07 sys=0.00, real=0.28 secs] 
1082.574: [Full GC (Allocation Failure) [PSYoungGen: 163922K->163849K(298496K)] [ParOldGen: 2630051K->2630035K(2731008K)] 2793974K->2793885K(3029504K), [Metaspace: 33884K->33884K(1081344K)], 0.2587719 secs] [Times: user=0.93 sys=0.00, real=0.26 secs] 
1082.947: [GC (Allocation Failure) --[PSYoungGen: 164045K->164045K(298496K)] 2794081K->2794081K(3029504K), 0.2833320 secs] [Times: user=1.08 sys=0.00, real=0.28 secs] 
1083.231: [Full GC (Ergonomics) [PSYoungGen: 164045K->163922K(298496K)] [ParOldGen: 2630035K->2630035K(2731008K)] 2794081K->2793958K(3029504K), [Metaspace: 33884K->33884K(1081344K)], 0.2661506 secs] [Times: user=0.95 sys=0.00, real=0.27 secs] 
1083.497: [GC (Allocation Failure) --[PSYoungGen: 163922K->163922K(298496K)] 2793958K->2793966K(3029504K), 0.2793905 secs] [Times: user=1.07 sys=0.00, real=0.28 secs] 
1083.776: [Full GC (Allocation Failure) [PSYoungGen: 163922K->163849K(298496K)] [ParOldGen: 2630043K->2630035K(2731008K)] 2793966K->2793885K(3029504K), [Metaspace: 33884K->33884K(1081344K)], 0.2524239 secs] [Times: user=0.90 sys=0.00, real=0.25 secs] 
1084.131: [GC (Allocation Failure) --[PSYoungGen: 164045K->164045K(298496K)] 2794081K->2794081K(3029504K), 0.3081804 secs] [Times: user=1.15 sys=0.00, real=0.31 secs] 
1084.440: [Full GC (Ergonomics) [PSYoungGen: 164045K->163922K(298496K)] [ParOldGen: 2630035K->2630035K(2731008K)] 2794081K->2793958K(3029504K), [Metaspace: 33884K->33884K(1081344K)], 0.2580511 secs] [Times: user=0.92 sys=0.00, real=0.26 secs] 
1084.698: [GC (Allocation Failure) --[PSYoungGen: 163922K->163922K(298496K)] 2793958K->2793974K(3029504K), 0.2791818 secs] [Times: user=1.07 sys=0.00, real=0.28 secs] 
1084.977: [Full GC (Allocation Failure) [PSYoungGen: 163922K->163849K(298496K)] [ParOldGen: 2630051K->2630035K(2731008K)] 2793974K->2793885K(3029504K), [Metaspace: 33884K->33884K(1081344K)], 0.2524308 secs] [Times: user=0.90 sys=0.00, real=0.25 secs] 
1085.285: [GC (Allocation Failure) --[PSYoungGen: 164045K->164045K(298496K)] 2794081K->2794081K(3029504K), 0.2829766 secs] [Times: user=1.07 sys=0.00, real=0.28 secs] 
1085.568: [Full GC (Ergonomics) [PSYoungGen: 164045K->163922K(298496K)] [ParOldGen: 2630035K->2630035K(2731008K)] 2794081K->2793958K(3029504K), [Metaspace: 33884K->33884K(1081344K)], 0.2714105 secs] [Times: user=0.97 sys=0.00, real=0.27 secs] 
1085.839: [GC (Allocation Failure) --[PSYoungGen: 163922K->163922K(298496K)] 2793958K->2793974K(3029504K), 0.2782795 secs] [Times: user=1.06 sys=0.00, real=0.28 secs] 
1086.118: [Full GC (Allocation Failure) [PSYoungGen: 163922K->163849K(298496K)] [ParOldGen: 2630051K->2630035K(2731008K)] 2793974K->2793885K(3029504K), [Metaspace: 33884K->33884K(1081344K)], 0.2512472 secs] [Times: user=0.90 sys=0.00, real=0.25 secs] 
1086.453: [GC (Allocation Failure) --[PSYoungGen: 164045K->164045K(298496K)] 2794081K->2794081K(3029504K), 0.2770915 secs] [Times: user=1.06 sys=0.00, real=0.28 secs] 
1086.730: [Full GC (Ergonomics) [PSYoungGen: 164045K->163922K(298496K)] [ParOldGen: 2630035K->2630035K(2731008K)] 2794081K->2793958K(3029504K), [Metaspace: 33884K->33884K(1081344K)], 0.2600134 secs] [Times: user=0.93 sys=0.00, real=0.26 secs] 
1086.990: [GC (Allocation Failure) --[PSYoungGen: 163922K->163922K(298496K)] 2793958K->2793966K(3029504K), 0.2730244 secs] [Times: user=1.04 sys=0.00, real=0.27 secs] 
1087.263: [Full GC (Allocation Failure) [PSYoungGen: 163922K->163849K(298496K)] [ParOldGen: 2630043K->2630035K(2731008K)] 2793966K->2793885K(3029504K), [Metaspace: 33884K->33884K(1081344K)], 0.2520814 secs] [Times: user=0.90 sys=0.00, real=0.25 secs] 
1087.575: [GC (Allocation Failure) --[PSYoungGen: 164046K->164046K(298496K)] 2794082K->2794082K(3029504K), 0.3053628 secs] [Times: user=1.11 sys=0.00, real=0.31 secs] 
1087.881: [Full GC (Ergonomics) [PSYoungGen: 164046K->163922K(298496K)] [ParOldGen: 2630035K->2630035K(2731008K)] 2794082K->2793958K(3029504K), [Metaspace: 33884K->33884K(1081344K)], 0.2596447 secs] [Times: user=0.93 sys=0.00, real=0.26 secs] 
1088.141: [GC (Allocation Failure) --[PSYoungGen: 163922K->163922K(298496K)] 2793958K->2793966K(3029504K), 0.2725901 secs] [Times: user=1.04 sys=0.00, real=0.27 secs] 
1088.413: [Full GC (Allocation Failure) [PSYoungGen: 163922K->163849K(298496K)] [ParOldGen: 2630043K->2630035K(2731008K)] 2793966K->2793885K(3029504K), [Metaspace: 33884K->33884K(1081344K)], 0.2508451 secs] [Times: user=0.90 sys=0.00, real=0.26 secs] 
1088.744: [GC (Allocation Failure) --[PSYoungGen: 164045K->164045K(298496K)] 2794081K->2794081K(3029504K), 0.2903329 secs] [Times: user=1.11 sys=0.00, real=0.28 secs] 
1089.034: [Full GC (Ergonomics) [PSYoungGen: 164045K->163922K(298496K)] [ParOldGen: 2630035K->2630035K(2731008K)] 2794081K->2793958K(3029504K), [Metaspace: 33884K->33884K(1081344K)], 0.2588416 secs] [Times: user=0.93 sys=0.00, real=0.26 secs] 
1089.293: [GC (Allocation Failure) --[PSYoungGen: 163922K->163922K(298496K)] 2793958K->2793974K(3029504K), 0.2805295 secs] [Times: user=1.08 sys=0.00, real=0.28 secs] 
1089.574: [Full GC (Allocation Failure) [PSYoungGen: 163922K->163849K(298496K)] [ParOldGen: 2630051K->2630035K(2731008K)] 2793974K->2793885K(3029504K), [Metaspace: 33884K->33884K(1081344K)], 0.2521953 secs] [Times: user=0.89 sys=0.00, real=0.26 secs] 
1089.913: [GC (Allocation Failure) --[PSYoungGen: 164045K->164045K(298496K)] 2794081K->2794081K(3029504K), 0.3182607 secs] [Times: user=1.22 sys=0.00, real=0.32 secs] 
1090.231: [Full GC (Ergonomics) [PSYoungGen: 164045K->163922K(298496K)] [ParOldGen: 2630035K->2630035K(2731008K)] 2794081K->2793958K(3029504K), [Metaspace: 33884K->33884K(1081344K)], 0.2639775 secs] [Times: user=0.94 sys=0.00, real=0.26 secs] 
1090.496: [GC (Allocation Failure) --[PSYoungGen: 163922K->163922K(298496K)] 2793958K->2793974K(3029504K), 0.2736554 secs] [Times: user=1.05 sys=0.00, real=0.28 secs] 
1090.769: [Full GC (Allocation Failure) [PSYoungGen: 163922K->163849K(298496K)] [ParOldGen: 2630051K->2630035K(2731008K)] 2793974K->2793885K(3029504K), [Metaspace: 33884K->33884K(1081344K)], 0.2506839 secs] [Times: user=0.89 sys=0.00, real=0.25 secs] 
1091.113: [GC (Allocation Failure) --[PSYoungGen: 164045K->164045K(298496K)] 2794081K->2794081K(3029504K), 0.3107397 secs] [Times: user=1.19 sys=0.00, real=0.31 secs] 
1091.424: [Full GC (Ergonomics) [PSYoungGen: 164045K->163922K(298496K)] [ParOldGen: 2630035K->2630035K(2731008K)] 2794081K->2793958K(3029504K), [Metaspace: 33884K->33884K(1081344K)], 0.2866402 secs] [Times: user=1.03 sys=0.00, real=0.29 secs] 
1091.710: [GC (Allocation Failure) --[PSYoungGen: 163922K->163922K(298496K)] 2793958K->2793966K(3029504K), 0.2852950 secs] [Times: user=1.10 sys=0.00, real=0.28 secs] 
1091.996: [Full GC (Allocation Failure) [PSYoungGen: 163922K->163849K(298496K)] [ParOldGen: 2630043K->2630035K(2731008K)] 2793966K->2793885K(3029504K), [Metaspace: 33884K->33884K(1081344K)], 0.2570574 secs] [Times: user=0.92 sys=0.00, real=0.26 secs] 
1092.342: [GC (Allocation Failure) --[PSYoungGen: 164047K->164047K(298496K)] 2794083K->2794083K(3029504K), 0.2750428 secs] [Times: user=1.05 sys=0.00, real=0.28 secs] 
1092.617: [Full GC (Ergonomics) [PSYoungGen: 164047K->163922K(298496K)] [ParOldGen: 2630035K->2630035K(2731008K)] 2794083K->2793958K(3029504K), [Metaspace: 33884K->33884K(1081344K)], 0.2578978 secs] [Times: user=0.92 sys=0.00, real=0.25 secs] 
1092.875: [GC (Allocation Failure) --[PSYoungGen: 163922K->163922K(298496K)] 2793958K->2793974K(3029504K), 0.2705537 secs] [Times: user=1.04 sys=0.00, real=0.28 secs] 
1093.146: [Full GC (Allocation Failure) [PSYoungGen: 163922K->163849K(298496K)] [ParOldGen: 2630051K->2630035K(2731008K)] 2793974K->2793885K(3029504K), [Metaspace: 33884K->33884K(1081344K)], 0.2505662 secs] [Times: user=0.89 sys=0.00, real=0.25 secs] 
1093.496: [GC (Allocation Failure) --[PSYoungGen: 164054K->164054K(298496K)] 2794090K->2794098K(3029504K), 0.2752997 secs] [Times: user=1.06 sys=0.00, real=0.28 secs] 
1093.771: [Full GC (Ergonomics) [PSYoungGen: 164054K->163928K(298496K)] [ParOldGen: 2630043K->2630035K(2731008K)] 2794098K->2793964K(3029504K), [Metaspace: 33885K->33885K(1081344K)], 0.2551865 secs] [Times: user=0.91 sys=0.00, real=0.26 secs] 
1094.026: [GC (Allocation Failure) --[PSYoungGen: 163928K->163928K(298496K)] 2793964K->2793972K(3029504K), 0.2709780 secs] [Times: user=1.04 sys=0.00, real=0.27 secs] 
1094.297: [Full GC (Allocation Failure) [PSYoungGen: 163928K->163854K(298496K)] [ParOldGen: 2630043K->2630035K(2731008K)] 2793972K->2793890K(3029504K), [Metaspace: 33885K->33885K(1081344K)], 0.2486642 secs] [Times: user=0.88 sys=0.00, real=0.25 secs] 
1094.633: [GC (Allocation Failure) --[PSYoungGen: 164053K->164053K(298496K)] 2794089K->2794089K(3029504K), 0.3179412 secs] [Times: user=1.17 sys=0.00, real=0.32 secs] 
1094.951: [Full GC (Ergonomics) [PSYoungGen: 164053K->163925K(298496K)] [ParOldGen: 2630035K->2630035K(2731008K)] 2794089K->2793961K(3029504K), [Metaspace: 33885K->33885K(1081344K)], 0.2620225 secs] [Times: user=0.94 sys=0.00, real=0.26 secs] 
1095.213: [GC (Allocation Failure) --[PSYoungGen: 163925K->163925K(298496K)] 2793961K->2793969K(3029504K), 0.2727799 secs] [Times: user=1.04 sys=0.00, real=0.28 secs] 
1095.486: [Full GC (Allocation Failure) [PSYoungGen: 163925K->163854K(298496K)] [ParOldGen: 2630043K->2630035K(2731008K)] 2793969K->2793890K(3029504K), [Metaspace: 33885K->33885K(1081344K)], 0.2513010 secs] [Times: user=0.90 sys=0.00, real=0.25 secs] 
1095.817: [GC (Allocation Failure) --[PSYoungGen: 164050K->164050K(298496K)] 2794086K->2794086K(3029504K), 0.2748144 secs] [Times: user=1.05 sys=0.00, real=0.27 secs] 
1096.092: [Full GC (Ergonomics) [PSYoungGen: 164050K->163928K(298496K)] [ParOldGen: 2630035K->2630035K(2731008K)] 2794086K->2793964K(3029504K), [Metaspace: 33885K->33885K(1081344K)], 0.2587274 secs] [Times: user=0.93 sys=0.00, real=0.26 secs] 
1096.351: [GC (Allocation Failure) --[PSYoungGen: 163928K->163928K(298496K)] 2793964K->2793980K(3029504K), 0.2712534 secs] [Times: user=1.03 sys=0.00, real=0.27 secs] 
1096.622: [Full GC (Allocation Failure) [PSYoungGen: 163928K->163855K(298496K)] [ParOldGen: 2630051K->2630035K(2731008K)] 2793980K->2793890K(3029504K), [Metaspace: 33885K->33885K(1081344K)], 0.2505548 secs] [Times: user=0.90 sys=0.00, real=0.25 secs] 
1096.939: [GC (Allocation Failure) --[PSYoungGen: 164053K->164053K(298496K)] 2794089K->2794089K(3029504K), 0.2747067 secs] [Times: user=1.05 sys=0.00, real=0.27 secs] 
1097.214: [Full GC (Ergonomics) [PSYoungGen: 164053K->163928K(298496K)] [ParOldGen: 2630035K->2630035K(2731008K)] 2794089K->2793964K(3029504K), [Metaspace: 33885K->33885K(1081344K)], 0.2563105 secs] [Times: user=0.91 sys=0.00, real=0.26 secs] 
1097.470: [GC (Allocation Failure) --[PSYoungGen: 163928K->163928K(298496K)] 2793964K->2793988K(3029504K), 0.2718223 secs] [Times: user=1.04 sys=0.00, real=0.27 secs] 
1097.742: [Full GC (Allocation Failure) [PSYoungGen: 163928K->163849K(298496K)] [ParOldGen: 2630059K->2630041K(2731008K)] 2793988K->2793890K(3029504K), [Metaspace: 33885K->33885K(1081344K)], 0.2544227 secs] [Times: user=0.90 sys=0.00, real=0.26 secs] 
1098.093: [GC (Allocation Failure) --[PSYoungGen: 164047K->164047K(298496K)] 2794088K->2794096K(3029504K), 0.3115134 secs] [Times: user=1.19 sys=0.00, real=0.32 secs] 
1098.404: [Full GC (Ergonomics) [PSYoungGen: 164047K->163923K(298496K)] [ParOldGen: 2630049K->2630041K(2731008K)] 2794096K->2793964K(3029504K), [Metaspace: 33890K->33890K(1081344K)], 0.2651754 secs] [Times: user=0.95 sys=0.00, real=0.26 secs] 
1098.670: [GC (Allocation Failure) --[PSYoungGen: 163923K->163923K(298496K)] 2793964K->2793980K(3029504K), 0.2993887 secs] [Times: user=1.13 sys=0.00, real=0.30 secs] 
1098.969: [Full GC (Allocation Failure) [PSYoungGen: 163923K->163849K(298496K)] [ParOldGen: 2630057K->2630041K(2731008K)] 2793980K->2793891K(3029504K), [Metaspace: 33890K->33890K(1081344K)], 0.2808599 secs] [Times: user=1.01 sys=0.00, real=0.28 secs] 
1099.355: [GC (Allocation Failure) --[PSYoungGen: 164047K->164047K(298496K)] 2794089K->2794089K(3029504K), 0.2807008 secs] [Times: user=1.07 sys=0.00, real=0.28 secs] 
1099.635: [Full GC (Ergonomics) [PSYoungGen: 164047K->163922K(298496K)] [ParOldGen: 2630041K->2630041K(2731008K)] 2794089K->2793964K(3029504K), [Metaspace: 33989K->33989K(1081344K)], 0.2671824 secs] [Times: user=0.96 sys=0.00, real=0.27 secs] 
1099.903: [GC (Allocation Failure) --[PSYoungGen: 163922K->163922K(298496K)] 2793964K->2793972K(3029504K), 0.2780523 secs] [Times: user=1.06 sys=0.00, real=0.28 secs] 
1100.181: [Full GC (Allocation Failure) [PSYoungGen: 163922K->163849K(298496K)] [ParOldGen: 2630049K->2630041K(2731008K)] 2793972K->2793891K(3029504K), [Metaspace: 33989K->33989K(1081344K)], 0.2559743 secs] [Times: user=0.91 sys=0.00, real=0.26 secs] 
1100.537: [GC (Allocation Failure) --[PSYoungGen: 164048K->164048K(298496K)] 2794090K->2794098K(3029504K), 0.2778652 secs] [Times: user=1.07 sys=0.00, real=0.27 secs] 
1100.815: [Full GC (Ergonomics) [PSYoungGen: 164048K->163923K(298496K)] [ParOldGen: 2630049K->2630041K(2731008K)] 2794098K->2793965K(3029504K), [Metaspace: 34013K->34013K(1081344K)], 0.2616213 secs] [Times: user=0.93 sys=0.00, real=0.27 secs] 
1101.077: [GC (Allocation Failure) --[PSYoungGen: 163923K->163923K(298496K)] 2793965K->2793981K(3029504K), 0.2735344 secs] [Times: user=1.04 sys=0.00, real=0.27 secs] 
1101.351: [Full GC (Allocation Failure) [PSYoungGen: 163923K->163849K(298496K)] [ParOldGen: 2630057K->2630041K(2731008K)] 2793981K->2793891K(3029504K), [Metaspace: 34013K->34013K(1081344K)], 0.2524631 secs] [Times: user=0.90 sys=0.00, real=0.25 secs] 
1101.675: [GC (Allocation Failure) --[PSYoungGen: 164045K->164045K(298496K)] 2794087K->2794087K(3029504K), 0.3172219 secs] [Times: user=1.17 sys=0.00, real=0.32 secs] 
1101.992: [Full GC (Ergonomics) [PSYoungGen: 164045K->163923K(298496K)] [ParOldGen: 2630041K->2630041K(2731008K)] 2794087K->2793964K(3029504K), [Metaspace: 34013K->34013K(1081344K)], 0.2640296 secs] [Times: user=0.95 sys=0.00, real=0.27 secs] 
1102.257: [GC (Allocation Failure) --[PSYoungGen: 163923K->163923K(298496K)] 2793964K->2793980K(3029504K), 0.2734544 secs] [Times: user=1.05 sys=0.00, real=0.27 secs] 
1102.530: [Full GC (Allocation Failure) [PSYoungGen: 163923K->163849K(298496K)] [ParOldGen: 2630057K->2630042K(2731008K)] 2793980K->2793891K(3029504K), [Metaspace: 34013K->34013K(1081344K)], 0.2586012 secs] [Times: user=0.92 sys=0.00, real=0.26 secs] 
1102.874: [GC (Allocation Failure) --[PSYoungGen: 164045K->164045K(298496K)] 2794087K->2794087K(3029504K), 0.3158058 secs] [Times: user=1.22 sys=0.00, real=0.32 secs] 
1103.190: [Full GC (Ergonomics) [PSYoungGen: 164045K->163923K(298496K)] [ParOldGen: 2630042K->2630041K(2731008K)] 2794087K->2793964K(3029504K), [Metaspace: 34015K->34015K(1081344K)], 0.2556281 secs] [Times: user=0.91 sys=0.00, real=0.26 secs] 
1103.446: [GC (Allocation Failure) --[PSYoungGen: 163923K->163923K(298496K)] 2793964K->2793980K(3029504K), 0.2818318 secs] [Times: user=1.08 sys=0.00, real=0.28 secs] 
1103.728: [Full GC (Allocation Failure) [PSYoungGen: 163923K->163849K(298496K)] [ParOldGen: 2630057K->2630042K(2731008K)] 2793980K->2793891K(3029504K), [Metaspace: 34015K->34015K(1081344K)], 0.2567547 secs] [Times: user=0.92 sys=0.00, real=0.26 secs] 
1104.074: [GC (Allocation Failure) --[PSYoungGen: 164045K->164045K(298496K)] 2794088K->2794096K(3029504K), 0.2864467 secs] [Times: user=1.10 sys=0.00, real=0.29 secs] 
1104.360: [Full GC (Ergonomics) [PSYoungGen: 164045K->163922K(298496K)] [ParOldGen: 2630050K->2630042K(2731008K)] 2794096K->2793964K(3029504K), [Metaspace: 34015K->34015K(1081344K)], 0.2632450 secs] [Times: user=0.94 sys=0.00, real=0.26 secs] 
1104.624: [GC (Allocation Failure) --[PSYoungGen: 163922K->163922K(298496K)] 2793964K->2793980K(3029504K), 0.2736799 secs] [Times: user=1.05 sys=0.00, real=0.28 secs] 
1104.897: [Full GC (Allocation Failure) [PSYoungGen: 163922K->163849K(298496K)] [ParOldGen: 2630058K->2630042K(2731008K)] 2793980K->2793891K(3029504K), [Metaspace: 34015K->34015K(1081344K)], 0.2650925 secs] [Times: user=0.95 sys=0.00, real=0.26 secs] 
1105.242: [GC (Allocation Failure) --[PSYoungGen: 164047K->164047K(298496K)] 2794089K->2794089K(3029504K), 0.3309642 secs] [Times: user=1.25 sys=0.00, real=0.33 secs] 
1105.573: [Full GC (Ergonomics) [PSYoungGen: 164047K->163922K(298496K)] [ParOldGen: 2630042K->2630042K(2731008K)] 2794089K->2793964K(3029504K), [Metaspace: 34017K->34017K(1081344K)], 0.2712867 secs] [Times: user=0.97 sys=0.00, real=0.28 secs] 
1105.845: [GC (Allocation Failure) --[PSYoungGen: 163922K->163922K(298496K)] 2793964K->2793980K(3029504K), 0.2727432 secs] [Times: user=1.04 sys=0.00, real=0.27 secs] 
1106.117: [Full GC (Allocation Failure) [PSYoungGen: 163922K->163849K(298496K)] [ParOldGen: 2630058K->2630042K(2731008K)] 2793980K->2793891K(3029504K), [Metaspace: 34017K->34017K(1081344K)], 0.2490968 secs] [Times: user=0.88 sys=0.00, real=0.25 secs] 
1106.442: [GC (Allocation Failure) --[PSYoungGen: 164046K->164046K(298496K)] 2794088K->2794088K(3029504K), 0.2759881 secs] [Times: user=1.05 sys=0.00, real=0.28 secs] 
1106.718: [Full GC (Ergonomics) [PSYoungGen: 164046K->163922K(298496K)] [ParOldGen: 2630042K->2630042K(2731008K)] 2794088K->2793964K(3029504K), [Metaspace: 34021K->34021K(1081344K)], 0.2580732 secs] [Times: user=0.93 sys=0.00, real=0.26 secs] 
1106.976: [GC (Allocation Failure) --[PSYoungGen: 163922K->163922K(298496K)] 2793964K->2793980K(3029504K), 0.2714585 secs] [Times: user=1.04 sys=0.00, real=0.27 secs] 
1107.248: [Full GC (Allocation Failure) [PSYoungGen: 163922K->163849K(298496K)] [ParOldGen: 2630058K->2630042K(2731008K)] 2793980K->2793891K(3029504K), [Metaspace: 34021K->34021K(1081344K)], 0.2499691 secs] [Times: user=0.89 sys=0.00, real=0.25 secs] 
1107.610: [GC (Allocation Failure) --[PSYoungGen: 164045K->164045K(298496K)] 2794087K->2794087K(3029504K), 0.2783747 secs] [Times: user=1.07 sys=0.00, real=0.28 secs] 
1107.888: [Full GC (Ergonomics) [PSYoungGen: 164045K->163922K(298496K)] [ParOldGen: 2630042K->2630042K(2731008K)] 2794087K->2793964K(3029504K), [Metaspace: 34021K->34021K(1081344K)], 0.2816540 secs] [Times: user=1.00 sys=0.00, real=0.28 secs] 
1108.170: [GC (Allocation Failure) --[PSYoungGen: 163922K->163922K(298496K)] 2793964K->2793972K(3029504K), 0.2840708 secs] [Times: user=1.09 sys=0.00, real=0.28 secs] 
1108.454: [Full GC (Allocation Failure) [PSYoungGen: 163922K->163849K(298496K)] [ParOldGen: 2630050K->2630042K(2731008K)] 2793972K->2793891K(3029504K), [Metaspace: 34021K->34021K(1081344K)], 0.2635965 secs] [Times: user=0.95 sys=0.00, real=0.27 secs] 
1108.809: [GC (Allocation Failure) --[PSYoungGen: 164045K->164045K(298496K)] 2794087K->2794087K(3029504K), 0.3601483 secs] [Times: user=1.35 sys=0.00, real=0.36 secs] 
1109.170: [Full GC (Ergonomics) [PSYoungGen: 164045K->163922K(298496K)] [ParOldGen: 2630042K->2630042K(2731008K)] 2794087K->2793964K(3029504K), [Metaspace: 34021K->34021K(1081344K)], 0.2826808 secs] [Times: user=1.01 sys=0.00, real=0.28 secs] 
1109.453: [GC (Allocation Failure) --[PSYoungGen: 163922K->163922K(298496K)] 2793964K->2793980K(3029504K), 0.2788515 secs] [Times: user=1.07 sys=0.00, real=0.28 secs] 
1109.731: [Full GC (Allocation Failure) [PSYoungGen: 163922K->163849K(298496K)] [ParOldGen: 2630058K->2630042K(2731008K)] 2793980K->2793891K(3029504K), [Metaspace: 34021K->34021K(1081344K)], 0.2711314 secs] [Times: user=0.96 sys=0.00, real=0.27 secs] 
1110.087: [GC (Allocation Failure) --[PSYoungGen: 164048K->164048K(298496K)] 2794091K->2794099K(3029504K), 0.2837684 secs] [Times: user=1.09 sys=0.00, real=0.28 secs] 
1110.371: [Full GC (Ergonomics) [PSYoungGen: 164048K->163922K(298496K)] [ParOldGen: 2630050K->2630042K(2731008K)] 2794099K->2793965K(3029504K), [Metaspace: 34022K->34022K(1081344K)], 0.2659062 secs] [Times: user=0.95 sys=0.00, real=0.27 secs] 
1110.637: [GC (Allocation Failure) --[PSYoungGen: 163922K->163922K(298496K)] 2793965K->2793981K(3029504K), 0.2759998 secs] [Times: user=1.06 sys=0.00, real=0.27 secs] 
1110.913: [Full GC (Allocation Failure) [PSYoungGen: 163922K->163849K(298496K)] [ParOldGen: 2630058K->2630042K(2731008K)] 2793981K->2793891K(3029504K), [Metaspace: 34022K->34022K(1081344K)], 0.2565528 secs] [Times: user=0.91 sys=0.00, real=0.26 secs] 
1111.254: [GC (Allocation Failure) --[PSYoungGen: 164047K->164047K(298496K)] 2794089K->2794097K(3029504K), 0.2828886 secs] [Times: user=1.09 sys=0.00, real=0.29 secs] 
1111.537: [Full GC (Ergonomics) [PSYoungGen: 164047K->163922K(298496K)] [ParOldGen: 2630050K->2630042K(2731008K)] 2794097K->2793965K(3029504K), [Metaspace: 34025K->34025K(1081344K)], 0.2669675 secs] [Times: user=0.95 sys=0.00, real=0.27 secs] 
1111.804: [GC (Allocation Failure) --[PSYoungGen: 163922K->163922K(298496K)] 2793965K->2793981K(3029504K), 0.2780710 secs] [Times: user=1.06 sys=0.00, real=0.27 secs] 
1112.083: [Full GC (Allocation Failure) [PSYoungGen: 163922K->163849K(298496K)] [ParOldGen: 2630058K->2630042K(2731008K)] 2793981K->2793891K(3029504K), [Metaspace: 34025K->34025K(1081344K)], 0.2554332 secs] [Times: user=0.92 sys=0.00, real=0.26 secs] 
1112.438: [GC (Allocation Failure) --[PSYoungGen: 164045K->164045K(298496K)] 2794088K->2794088K(3029504K), 0.3159559 secs] [Times: user=1.18 sys=0.00, real=0.31 secs] 
1112.754: [Full GC (Ergonomics) [PSYoungGen: 164045K->163922K(298496K)] [ParOldGen: 2630042K->2630042K(2731008K)] 2794088K->2793965K(3029504K), [Metaspace: 34025K->34025K(1081344K)], 0.2854076 secs] [Times: user=1.02 sys=0.00, real=0.29 secs] 
1113.040: [GC (Allocation Failure) --[PSYoungGen: 163922K->163922K(298496K)] 2793965K->2793981K(3029504K), 0.2876083 secs] [Times: user=1.11 sys=0.00, real=0.29 secs] 
1113.328: [Full GC (Allocation Failure) [PSYoungGen: 163922K->163849K(298496K)] [ParOldGen: 2630058K->2630042K(2731008K)] 2793981K->2793891K(3029504K), [Metaspace: 34025K->34025K(1081344K)], 0.2559709 secs] [Times: user=0.91 sys=0.00, real=0.26 secs] 
1113.668: [GC (Allocation Failure) --[PSYoungGen: 164047K->164047K(298496K)] 2794090K->2794090K(3029504K), 0.3053590 secs] [Times: user=1.16 sys=0.00, real=0.30 secs] 
1113.974: [Full GC (Ergonomics) [PSYoungGen: 164047K->163922K(298496K)] [ParOldGen: 2630042K->2630042K(2731008K)] 2794090K->2793965K(3029504K), [Metaspace: 34025K->34025K(1081344K)], 0.2644288 secs] [Times: user=0.95 sys=0.00, real=0.27 secs] 
1114.238: [GC (Allocation Failure) --[PSYoungGen: 163922K->163922K(298496K)] 2793965K->2793989K(3029504K), 0.2828681 secs] [Times: user=1.09 sys=0.00, real=0.28 secs] 
1114.521: [Full GC (Allocation Failure) [PSYoungGen: 163922K->163849K(298496K)] [ParOldGen: 2630066K->2630042K(2731008K)] 2793989K->2793891K(3029504K), [Metaspace: 34025K->34025K(1081344K)], 0.2601101 secs] [Times: user=0.92 sys=0.00, real=0.26 secs] 
1114.868: [GC (Allocation Failure) --[PSYoungGen: 164045K->164045K(298496K)] 2794087K->2794087K(3029504K), 0.2791973 secs] [Times: user=1.07 sys=0.00, real=0.28 secs] 
1115.147: [Full GC (Ergonomics) [PSYoungGen: 164045K->163922K(298496K)] [ParOldGen: 2630042K->2630042K(2731008K)] 2794087K->2793965K(3029504K), [Metaspace: 34025K->34025K(1081344K)], 0.2614233 secs] [Times: user=0.93 sys=0.00, real=0.26 secs] 
1115.409: [GC (Allocation Failure) --[PSYoungGen: 163922K->163922K(298496K)] 2793965K->2793973K(3029504K), 0.2815312 secs] [Times: user=1.08 sys=0.00, real=0.28 secs] 
1115.690: [Full GC (Allocation Failure) [PSYoungGen: 163922K->163849K(298496K)] [ParOldGen: 2630050K->2630042K(2731008K)] 2793973K->2793891K(3029504K), [Metaspace: 34025K->34025K(1081344K)], 0.2603836 secs] [Times: user=0.93 sys=0.00, real=0.26 secs] 
1116.036: [GC (Allocation Failure) --[PSYoungGen: 164045K->164045K(298496K)] 2794087K->2794087K(3029504K), 0.3447045 secs] [Times: user=1.28 sys=0.00, real=0.34 secs] 
1116.381: [Full GC (Ergonomics) [PSYoungGen: 164045K->163922K(298496K)] [ParOldGen: 2630042K->2630042K(2731008K)] 2794087K->2793965K(3029504K), [Metaspace: 34025K->34025K(1081344K)], 0.2755458 secs] [Times: user=0.97 sys=0.00, real=0.28 secs] 
1116.657: [GC (Allocation Failure) --[PSYoungGen: 163922K->163922K(298496K)] 2793965K->2793981K(3029504K), 0.2846326 secs] [Times: user=1.09 sys=0.00, real=0.28 secs] 
1116.942: [Full GC (Allocation Failure) [PSYoungGen: 163922K->163849K(298496K)] [ParOldGen: 2630058K->2630042K(2731008K)] 2793981K->2793891K(3029504K), [Metaspace: 34025K->34025K(1081344K)], 0.2649756 secs] [Times: user=0.95 sys=0.00, real=0.27 secs] 
1117.229: [GC (Allocation Failure) --[PSYoungGen: 164048K->164048K(298496K)] 2794090K->2794098K(3029504K), 0.2841839 secs] [Times: user=1.09 sys=0.00, real=0.28 secs] 
1117.513: [Full GC (Ergonomics) [PSYoungGen: 164048K->163922K(298496K)] [ParOldGen: 2630050K->2630042K(2731008K)] 2794098K->2793965K(3029504K), [Metaspace: 34027K->34027K(1081344K)], 0.2622613 secs] [Times: user=0.94 sys=0.00, real=0.26 secs] 
1117.775: [GC (Allocation Failure) --[PSYoungGen: 163922K->163922K(298496K)] 2793965K->2793973K(3029504K), 0.2751711 secs] [Times: user=1.05 sys=0.00, real=0.28 secs] 
1118.051: [Full GC (Allocation Failure) [PSYoungGen: 163922K->163849K(298496K)] [ParOldGen: 2630050K->2630042K(2731008K)] 2793973K->2793891K(3029504K), [Metaspace: 34027K->34027K(1081344K)], 0.2554533 secs] [Times: user=0.91 sys=0.00, real=0.26 secs] 
1118.404: [GC (Allocation Failure) --[PSYoungGen: 164045K->164045K(298496K)] 2794088K->2794088K(3029504K), 0.2780930 secs] [Times: user=1.07 sys=0.00, real=0.27 secs] 
1118.683: [Full GC (Ergonomics) [PSYoungGen: 164045K->163922K(298496K)] [ParOldGen: 2630042K->2630042K(2731008K)] 2794088K->2793965K(3029504K), [Metaspace: 34027K->34027K(1081344K)], 0.2732595 secs] [Times: user=0.98 sys=0.00, real=0.28 secs] 
1118.956: [GC (Allocation Failure) --[PSYoungGen: 163922K->163922K(298496K)] 2793965K->2793981K(3029504K), 0.2787736 secs] [Times: user=1.07 sys=0.00, real=0.27 secs] 
1119.235: [Full GC (Allocation Failure) [PSYoungGen: 163922K->163849K(298496K)] [ParOldGen: 2630058K->2630042K(2731008K)] 2793981K->2793891K(3029504K), [Metaspace: 34027K->34027K(1081344K)], 0.2692078 secs] [Times: user=0.96 sys=0.00, real=0.28 secs] 
1119.548: [GC (Allocation Failure) --[PSYoungGen: 164047K->164047K(298496K)] 2794090K->2794090K(3029504K), 0.3197385 secs] [Times: user=1.21 sys=0.00, real=0.32 secs] 
1119.868: [Full GC (Ergonomics) [PSYoungGen: 164047K->163922K(298496K)] [ParOldGen: 2630042K->2630042K(2731008K)] 2794090K->2793965K(3029504K), [Metaspace: 34028K->34028K(1081344K)], 0.2828041 secs] [Times: user=1.01 sys=0.00, real=0.28 secs] 
1120.151: [GC (Allocation Failure) --[PSYoungGen: 163922K->163922K(298496K)] 2793965K->2793981K(3029504K), 0.2804876 secs] [Times: user=1.08 sys=0.00, real=0.28 secs] 
1120.432: [Full GC (Allocation Failure) [PSYoungGen: 163922K->163849K(298496K)] [ParOldGen: 2630058K->2630042K(2731008K)] 2793981K->2793891K(3029504K), [Metaspace: 34028K->34028K(1081344K)], 0.2811601 secs] [Times: user=1.00 sys=0.00, real=0.28 secs] 
1120.732: [GC (Allocation Failure) --[PSYoungGen: 164045K->164045K(298496K)] 2794087K->2794087K(3029504K), 0.2931689 secs] [Times: user=1.12 sys=0.00, real=0.30 secs] 
1121.026: [Full GC (Ergonomics) [PSYoungGen: 164045K->163922K(298496K)] [ParOldGen: 2630042K->2630042K(2731008K)] 2794087K->2793965K(3029504K), [Metaspace: 34029K->34029K(1081344K)], 0.2704532 secs] [Times: user=0.96 sys=0.00, real=0.27 secs] 
1121.296: [GC (Allocation Failure) --[PSYoungGen: 163922K->163922K(298496K)] 2793965K->2793981K(3029504K), 0.2727656 secs] [Times: user=1.04 sys=0.00, real=0.27 secs] 
1121.569: [Full GC (Allocation Failure) [PSYoungGen: 163922K->163849K(298496K)] [ParOldGen: 2630058K->2630042K(2731008K)] 2793981K->2793891K(3029504K), [Metaspace: 34029K->34029K(1081344K)], 0.2665425 secs] [Times: user=0.96 sys=0.00, real=0.26 secs] 
1121.926: [GC (Allocation Failure) --[PSYoungGen: 164045K->164045K(298496K)] 2794088K->2794088K(3029504K), 0.2751149 secs] [Times: user=1.05 sys=0.00, real=0.27 secs] 
1122.201: [Full GC (Ergonomics) [PSYoungGen: 164045K->163922K(298496K)] [ParOldGen: 2630042K->2630042K(2731008K)] 2794088K->2793965K(3029504K), [Metaspace: 34029K->34029K(1081344K)], 0.2733222 secs] [Times: user=0.98 sys=0.00, real=0.27 secs] 
1122.474: [GC (Allocation Failure) --[PSYoungGen: 163922K->163922K(298496K)] 2793965K->2793981K(3029504K), 0.2851310 secs] [Times: user=1.09 sys=0.00, real=0.29 secs] 
1122.760: [Full GC (Allocation Failure) [PSYoungGen: 163922K->163849K(298496K)] [ParOldGen: 2630058K->2630042K(2731008K)] 2793981K->2793891K(3029504K), [Metaspace: 34029K->34029K(1081344K)], 0.2772834 secs] [Times: user=0.98 sys=0.00, real=0.28 secs] 
1123.094: [GC (Allocation Failure) --[PSYoungGen: 164045K->164045K(298496K)] 2794087K->2794087K(3029504K), 0.3151204 secs] [Times: user=1.17 sys=0.00, real=0.32 secs] 
1123.409: [Full GC (Ergonomics) [PSYoungGen: 164045K->163922K(298496K)] [ParOldGen: 2630042K->2630042K(2731008K)] 2794087K->2793965K(3029504K), [Metaspace: 34030K->34030K(1081344K)], 0.2739072 secs] [Times: user=0.99 sys=0.00, real=0.27 secs] 
1123.683: [GC (Allocation Failure) --[PSYoungGen: 163922K->163922K(298496K)] 2793965K->2793989K(3029504K), 0.2831052 secs] [Times: user=1.08 sys=0.00, real=0.29 secs] 
1123.967: [Full GC (Allocation Failure) [PSYoungGen: 163922K->163849K(298496K)] [ParOldGen: 2630066K->2630042K(2731008K)] 2793989K->2793891K(3029504K), [Metaspace: 34030K->34030K(1081344K)], 0.2758931 secs] [Times: user=0.97 sys=0.00, real=0.27 secs] 
1124.261: [GC (Allocation Failure) --[PSYoungGen: 164049K->164049K(298496K)] 2794091K->2794099K(3029504K), 0.2912972 secs] [Times: user=1.09 sys=0.00, real=0.29 secs] 
1124.552: [Full GC (Ergonomics) [PSYoungGen: 164049K->163923K(298496K)] [ParOldGen: 2630050K->2630042K(2731008K)] 2794099K->2793966K(3029504K), [Metaspace: 34038K->34038K(1081344K)], 0.2756281 secs] [Times: user=0.99 sys=0.00, real=0.28 secs] 
1124.828: [GC (Allocation Failure) --[PSYoungGen: 163923K->163923K(298496K)] 2793966K->2793982K(3029504K), 0.2749777 secs] [Times: user=1.05 sys=0.00, real=0.27 secs] 
1125.103: [Full GC (Allocation Failure) [PSYoungGen: 163923K->163849K(298496K)] [ParOldGen: 2630058K->2630042K(2731008K)] 2793982K->2793892K(3029504K), [Metaspace: 34038K->34038K(1081344K)], 0.2618514 secs] [Times: user=0.93 sys=0.00, real=0.27 secs] 
1125.389: [GC (Allocation Failure) --[PSYoungGen: 164045K->164045K(298496K)] 2794088K->2794088K(3029504K), 0.3110616 secs] [Times: user=1.20 sys=0.00, real=0.31 secs] 
1125.700: [Full GC (Ergonomics) [PSYoungGen: 164045K->163923K(298496K)] [ParOldGen: 2630042K->2630042K(2731008K)] 2794088K->2793966K(3029504K), [Metaspace: 34040K->34040K(1081344K)], 0.2870049 secs] [Times: user=1.03 sys=0.00, real=0.29 secs] 
1125.988: [GC (Allocation Failure) --[PSYoungGen: 163923K->163923K(298496K)] 2793966K->2793982K(3029504K), 0.2785294 secs] [Times: user=1.07 sys=0.00, real=0.28 secs] 
1126.266: [Full GC (Allocation Failure) [PSYoungGen: 163923K->163849K(298496K)] [ParOldGen: 2630058K->2630042K(2731008K)] 2793982K->2793892K(3029504K), [Metaspace: 34040K->34040K(1081344K)], 0.2764061 secs] [Times: user=0.99 sys=0.00, real=0.27 secs] 
1126.630: [GC (Allocation Failure) --[PSYoungGen: 164048K->164048K(298496K)] 2794091K->2794091K(3029504K), 0.3344891 secs] [Times: user=1.27 sys=0.00, real=0.34 secs] 
1126.965: [Full GC (Ergonomics) [PSYoungGen: 164048K->163923K(298496K)] [ParOldGen: 2630042K->2630042K(2731008K)] 2794091K->2793966K(3029504K), [Metaspace: 34040K->34040K(1081344K)], 0.2690989 secs] [Times: user=0.96 sys=0.00, real=0.26 secs] 
1127.234: [GC (Allocation Failure) --[PSYoungGen: 163923K->163923K(298496K)] 2793966K->2793982K(3029504K), 0.2861452 secs] [Times: user=1.10 sys=0.00, real=0.29 secs] 
1127.520: [Full GC (Allocation Failure) [PSYoungGen: 163923K->163849K(298496K)] [ParOldGen: 2630058K->2630042K(2731008K)] 2793982K->2793892K(3029504K), [Metaspace: 34040K->34040K(1081344K)], 0.2557733 secs] [Times: user=0.92 sys=0.00, real=0.26 secs] 
1127.809: [GC (Allocation Failure) --[PSYoungGen: 164048K->164048K(298496K)] 2794090K->2794098K(3029504K), 0.2965407 secs] [Times: user=1.14 sys=0.00, real=0.30 secs] 
1128.106: [Full GC (Ergonomics) [PSYoungGen: 164048K->163923K(298496K)] [ParOldGen: 2630050K->2630042K(2731008K)] 2794098K->2793966K(3029504K), [Metaspace: 34045K->34045K(1081344K)], 0.2623936 secs] [Times: user=0.94 sys=0.00, real=0.26 secs] 
1128.368: [GC (Allocation Failure) --[PSYoungGen: 163923K->163923K(298496K)] 2793966K->2793982K(3029504K), 0.2737836 secs] [Times: user=1.05 sys=0.00, real=0.27 secs] 
1128.642: [Full GC (Allocation Failure) [PSYoungGen: 163923K->163849K(298496K)] [ParOldGen: 2630058K->2630043K(2731008K)] 2793982K->2793892K(3029504K), [Metaspace: 34045K->34045K(1081344K)], 0.2730496 secs] [Times: user=0.98 sys=0.00, real=0.27 secs] 
1128.998: [GC (Allocation Failure) --[PSYoungGen: 164046K->164046K(298496K)] 2794090K->2794090K(3029504K), 0.2847532 secs] [Times: user=1.09 sys=0.00, real=0.28 secs] 
1129.283: [Full GC (Ergonomics) [PSYoungGen: 164046K->163923K(298496K)] [ParOldGen: 2630043K->2630043K(2731008K)] 2794090K->2793966K(3029504K), [Metaspace: 34046K->34046K(1081344K)], 0.2769436 secs] [Times: user=1.00 sys=0.00, real=0.28 secs] 
1129.560: [GC (Allocation Failure) --[PSYoungGen: 163923K->163923K(298496K)] 2793966K->2793982K(3029504K), 0.2783258 secs] [Times: user=1.07 sys=0.00, real=0.28 secs] 
1129.839: [Full GC (Allocation Failure) [PSYoungGen: 163923K->163849K(298496K)] [ParOldGen: 2630059K->2630043K(2731008K)] 2793982K->2793892K(3029504K), [Metaspace: 34046K->34046K(1081344K)], 0.2591834 secs] [Times: user=0.92 sys=0.00, real=0.26 secs] 
1130.155: [GC (Allocation Failure) --[PSYoungGen: 164047K->164047K(298496K)] 2794090K->2794090K(3029504K), 0.3372290 secs] [Times: user=1.27 sys=0.00, real=0.34 secs] 
1130.492: [Full GC (Ergonomics) [PSYoungGen: 164047K->163923K(298496K)] [ParOldGen: 2630043K->2630043K(2731008K)] 2794090K->2793966K(3029504K), [Metaspace: 34046K->34046K(1081344K)], 0.2655087 secs] [Times: user=0.95 sys=0.00, real=0.27 secs] 
1130.757: [GC (Allocation Failure) --[PSYoungGen: 163923K->163923K(298496K)] 2793966K->2793982K(3029504K), 0.2751533 secs] [Times: user=1.05 sys=0.00, real=0.27 secs] 
1131.033: [Full GC (Allocation Failure) [PSYoungGen: 163923K->163849K(298496K)] [ParOldGen: 2630059K->2630043K(2731008K)] 2793982K->2793892K(3029504K), [Metaspace: 34046K->34046K(1081344K)], 0.2561448 secs] [Times: user=0.91 sys=0.00, real=0.26 secs] 
1131.366: [GC (Allocation Failure) --[PSYoungGen: 164045K->164045K(298496K)] 2794089K->2794089K(3029504K), 0.2792706 secs] [Times: user=1.07 sys=0.00, real=0.28 secs] 
1131.645: [Full GC (Ergonomics) [PSYoungGen: 164045K->163923K(298496K)] [ParOldGen: 2630043K->2630043K(2731008K)] 2794089K->2793966K(3029504K), [Metaspace: 34049K->34049K(1081344K)], 0.2733041 secs] [Times: user=0.98 sys=0.00, real=0.27 secs] 
1131.919: [GC (Allocation Failure) --[PSYoungGen: 163923K->163923K(298496K)] 2793966K->2793990K(3029504K), 0.2768393 secs] [Times: user=1.06 sys=0.00, real=0.28 secs] 
1132.196: [Full GC (Allocation Failure) [PSYoungGen: 163923K->163849K(298496K)] [ParOldGen: 2630067K->2630043K(2731008K)] 2793990K->2793892K(3029504K), [Metaspace: 34049K->34049K(1081344K)], 0.2597560 secs] [Times: user=0.93 sys=0.00, real=0.25 secs] 
1132.551: [GC (Allocation Failure) --[PSYoungGen: 164048K->164048K(298496K)] 2794092K->2794100K(3029504K), 0.2799598 secs] [Times: user=1.06 sys=0.00, real=0.28 secs] 
1132.831: [Full GC (Ergonomics) [PSYoungGen: 164048K->163922K(298496K)] [ParOldGen: 2630051K->2630043K(2731008K)] 2794100K->2793966K(3029504K), [Metaspace: 34056K->34056K(1081344K)], 0.2714898 secs] [Times: user=0.97 sys=0.00, real=0.27 secs] 
1133.102: [GC (Allocation Failure) --[PSYoungGen: 163922K->163922K(298496K)] 2793966K->2793982K(3029504K), 0.2835101 secs] [Times: user=1.08 sys=0.00, real=0.29 secs] 
1133.386: [Full GC (Allocation Failure) [PSYoungGen: 163922K->163849K(298496K)] [ParOldGen: 2630059K->2630043K(2731008K)] 2793982K->2793893K(3029504K), [Metaspace: 34056K->34056K(1081344K)], 0.2611854 secs] [Times: user=0.92 sys=0.00, real=0.26 secs] 
1133.665: [GC (Allocation Failure) --[PSYoungGen: 164047K->164047K(298496K)] 2794091K->2794091K(3029504K), 0.3498538 secs] [Times: user=1.33 sys=0.00, real=0.34 secs] 
1134.015: [Full GC (Ergonomics) [PSYoungGen: 164047K->163922K(298496K)] [ParOldGen: 2630043K->2630043K(2731008K)] 2794091K->2793966K(3029504K), [Metaspace: 34058K->34058K(1081344K)], 0.2692878 secs] [Times: user=0.97 sys=0.00, real=0.28 secs] 
1134.284: [GC (Allocation Failure) --[PSYoungGen: 163922K->163922K(298496K)] 2793966K->2793982K(3029504K), 0.2811253 secs] [Times: user=1.08 sys=0.00, real=0.28 secs] 
1134.566: [Full GC (Allocation Failure) [PSYoungGen: 163922K->163849K(298496K)] [ParOldGen: 2630059K->2630043K(2731008K)] 2793982K->2793893K(3029504K), [Metaspace: 34058K->34058K(1081344K)], 0.2696967 secs] [Times: user=0.96 sys=0.00, real=0.26 secs] 
1134.934: [GC (Allocation Failure) --[PSYoungGen: 164046K->164046K(298496K)] 2794090K->2794090K(3029504K), 0.2996006 secs] [Times: user=1.15 sys=0.00, real=0.30 secs] 
1135.233: [Full GC (Ergonomics) [PSYoungGen: 164046K->163923K(298496K)] [ParOldGen: 2630043K->2630043K(2731008K)] 2794090K->2793966K(3029504K), [Metaspace: 34060K->34060K(1081344K)], 0.2736670 secs] [Times: user=0.97 sys=0.00, real=0.28 secs] 
1135.507: [GC (Allocation Failure) --[PSYoungGen: 163923K->163923K(298496K)] 2793966K->2793982K(3029504K), 0.2870830 secs] [Times: user=1.10 sys=0.00, real=0.28 secs] 
1135.794: [Full GC (Allocation Failure) [PSYoungGen: 163923K->163849K(298496K)] [ParOldGen: 2630059K->2630043K(2731008K)] 2793982K->2793893K(3029504K), [Metaspace: 34060K->34060K(1081344K)], 0.2714249 secs] [Times: user=0.96 sys=0.00, real=0.28 secs] 
1136.148: [GC (Allocation Failure) --[PSYoungGen: 164048K->164048K(298496K)] 2794092K->2794100K(3029504K), 0.2801441 secs] [Times: user=1.07 sys=0.00, real=0.28 secs] 
1136.429: [Full GC (Ergonomics) [PSYoungGen: 164048K->163923K(298496K)] [ParOldGen: 2630051K->2630043K(2731008K)] 2794100K->2793967K(3029504K), [Metaspace: 34069K->34069K(1081344K)], 0.2919640 secs] [Times: user=1.05 sys=0.00, real=0.29 secs] 
1136.721: [GC (Allocation Failure) --[PSYoungGen: 163923K->163923K(298496K)] 2793967K->2793983K(3029504K), 0.2822383 secs] [Times: user=1.08 sys=0.00, real=0.28 secs] 
1137.003: [Full GC (Allocation Failure) [PSYoungGen: 163923K->163849K(298496K)] [ParOldGen: 2630059K->2630044K(2731008K)] 2793983K->2793893K(3029504K), [Metaspace: 34069K->34069K(1081344K)], 0.2573492 secs] [Times: user=0.92 sys=0.00, real=0.26 secs] 
1137.332: [GC (Allocation Failure) --[PSYoungGen: 164045K->164045K(298496K)] 2794090K->2794090K(3029504K), 0.3237646 secs] [Times: user=1.22 sys=0.00, real=0.33 secs] 
1137.656: [Full GC (Ergonomics) [PSYoungGen: 164045K->163920K(298496K)] [ParOldGen: 2630044K->2630044K(2731008K)] 2794090K->2793964K(3029504K), [Metaspace: 34073K->34073K(1081344K)], 0.2694528 secs] [Times: user=0.96 sys=0.00, real=0.27 secs] 
1137.926: [GC (Allocation Failure) --[PSYoungGen: 163920K->163920K(298496K)] 2793964K->2793980K(3029504K), 0.2791937 secs] [Times: user=1.08 sys=0.00, real=0.28 secs] 
1138.205: [Full GC (Allocation Failure) [PSYoungGen: 163920K->163848K(298496K)] [ParOldGen: 2630060K->2630044K(2731008K)] 2793980K->2793892K(3029504K), [Metaspace: 34073K->34073K(1081344K)], 0.2590795 secs] [Times: user=0.92 sys=0.00, real=0.26 secs] 
1138.532: [GC (Allocation Failure) --[PSYoungGen: 164045K->164045K(298496K)] 2794089K->2794089K(3029504K), 0.2794519 secs] [Times: user=1.07 sys=0.00, real=0.28 secs] 
1138.811: [Full GC (Ergonomics) [PSYoungGen: 164045K->163922K(298496K)] [ParOldGen: 2630044K->2630044K(2731008K)] 2794089K->2793966K(3029504K), [Metaspace: 34080K->34080K(1081344K)], 0.3000088 secs] [Times: user=1.07 sys=0.00, real=0.30 secs] 
1139.111: [GC (Allocation Failure) --[PSYoungGen: 163922K->163922K(298496K)] 2793966K->2793974K(3029504K), 0.2709672 secs] [Times: user=1.04 sys=0.00, real=0.27 secs] 
1139.382: [Full GC (Allocation Failure) [PSYoungGen: 163922K->163849K(298496K)] [ParOldGen: 2630052K->2630044K(2731008K)] 2793974K->2793893K(3029504K), [Metaspace: 34080K->34080K(1081344K)], 0.2612286 secs] [Times: user=0.93 sys=0.00, real=0.27 secs] 
1139.746: [GC (Allocation Failure) --[PSYoungGen: 164048K->164048K(298496K)] 2794093K->2794101K(3029504K), 0.2872809 secs] [Times: user=1.10 sys=0.00, real=0.28 secs] 
1140.034: [Full GC (Ergonomics) [PSYoungGen: 164048K->163923K(298496K)] [ParOldGen: 2630052K->2630044K(2731008K)] 2794101K->2793967K(3029504K), [Metaspace: 34101K->34101K(1081344K)], 0.2613649 secs] [Times: user=0.93 sys=0.00, real=0.26 secs] 
1140.295: [GC (Allocation Failure) --[PSYoungGen: 163923K->163923K(298496K)] 2793967K->2793975K(3029504K), 0.2768547 secs] [Times: user=1.06 sys=0.00, real=0.28 secs] 
1140.572: [Full GC (Allocation Failure) [PSYoungGen: 163923K->163849K(298496K)] [ParOldGen: 2630052K->2630044K(2731008K)] 2793975K->2793893K(3029504K), [Metaspace: 34101K->34101K(1081344K)], 0.2500097 secs] [Times: user=0.89 sys=0.00, real=0.25 secs] 
1140.899: [GC (Allocation Failure) --[PSYoungGen: 164045K->164045K(298496K)] 2794090K->2794090K(3029504K), 0.3105449 secs] [Times: user=1.19 sys=0.00, real=0.31 secs] 
1141.210: [Full GC (Ergonomics) [PSYoungGen: 164045K->163922K(298496K)] [ParOldGen: 2630044K->2630044K(2731008K)] 2794090K->2793967K(3029504K), [Metaspace: 34101K->34101K(1081344K)], 0.2573624 secs] [Times: user=0.92 sys=0.00, real=0.26 secs] 
1141.467: [GC (Allocation Failure) --[PSYoungGen: 163922K->163922K(298496K)] 2793967K->2793975K(3029504K), 0.2728100 secs] [Times: user=1.04 sys=0.00, real=0.27 secs] 
1141.740: [Full GC (Allocation Failure) [PSYoungGen: 163922K->163849K(298496K)] [ParOldGen: 2630052K->2630044K(2731008K)] 2793975K->2793893K(3029504K), [Metaspace: 34101K->34101K(1081344K)], 0.2577892 secs] [Times: user=0.92 sys=0.00, real=0.26 secs] 
1142.083: [GC (Allocation Failure) --[PSYoungGen: 164045K->164045K(298496K)] 2794090K->2794090K(3029504K), 0.2844720 secs] [Times: user=1.09 sys=0.00, real=0.29 secs] 
1142.368: [Full GC (Ergonomics) [PSYoungGen: 164045K->163922K(298496K)] [ParOldGen: 2630044K->2630044K(2731008K)] 2794090K->2793967K(3029504K), [Metaspace: 34105K->34105K(1081344K)], 0.2575765 secs] [Times: user=0.92 sys=0.00, real=0.26 secs] 
1142.625: [GC (Allocation Failure) --[PSYoungGen: 163922K->163922K(298496K)] 2793967K->2793983K(3029504K), 0.2731436 secs] [Times: user=1.05 sys=0.00, real=0.27 secs] 
1142.899: [Full GC (Allocation Failure) [PSYoungGen: 163922K->163849K(298496K)] [ParOldGen: 2630060K->2630044K(2731008K)] 2793983K->2793893K(3029504K), [Metaspace: 34105K->34105K(1081344K)], 0.2543660 secs] [Times: user=0.90 sys=0.00, real=0.25 secs] 
1143.221: [GC (Allocation Failure) --[PSYoungGen: 164047K->164047K(298496K)] 2794091K->2794091K(3029504K), 0.2823696 secs] [Times: user=1.08 sys=0.00, real=0.28 secs] 
1143.504: [Full GC (Ergonomics) [PSYoungGen: 164047K->163922K(298496K)] [ParOldGen: 2630044K->2630044K(2731008K)] 2794091K->2793967K(3029504K), [Metaspace: 34105K->34105K(1081344K)], 0.2681546 secs] [Times: user=0.95 sys=0.00, real=0.27 secs] 
1143.772: [GC (Allocation Failure) --[PSYoungGen: 163922K->163922K(298496K)] 2793967K->2793983K(3029504K), 0.2821060 secs] [Times: user=1.08 sys=0.00, real=0.28 secs] 
1144.054: [Full GC (Allocation Failure) [PSYoungGen: 163922K->163849K(298496K)] [ParOldGen: 2630060K->2630044K(2731008K)] 2793983K->2793893K(3029504K), [Metaspace: 34105K->34105K(1081344K)], 0.2620428 secs] [Times: user=0.94 sys=0.00, real=0.27 secs] 
1144.351: [GC (Allocation Failure) --[PSYoungGen: 164045K->164045K(298496K)] 2794090K->2794090K(3029504K), 0.3106047 secs] [Times: user=1.19 sys=0.00, real=0.31 secs] 
1144.662: [Full GC (Ergonomics) [PSYoungGen: 164045K->163922K(298496K)] [ParOldGen: 2630044K->2630044K(2731008K)] 2794090K->2793967K(3029504K), [Metaspace: 34105K->34105K(1081344K)], 0.2717816 secs] [Times: user=0.96 sys=0.00, real=0.27 secs] 
1144.933: [GC (Allocation Failure) --[PSYoungGen: 163922K->163922K(298496K)] 2793967K->2793983K(3029504K), 0.2872634 secs] [Times: user=1.10 sys=0.00, real=0.29 secs] 
1145.221: [Full GC (Allocation Failure) [PSYoungGen: 163922K->163849K(298496K)] [ParOldGen: 2630060K->2630044K(2731008K)] 2793983K->2793893K(3029504K), [Metaspace: 34105K->34105K(1081344K)], 0.2637622 secs] [Times: user=0.93 sys=0.00, real=0.27 secs] 
1145.530: [GC (Allocation Failure) --[PSYoungGen: 164045K->164045K(298496K)] 2794090K->2794090K(3029504K), 0.2883368 secs] [Times: user=1.10 sys=0.00, real=0.29 secs] 
1145.818: [Full GC (Ergonomics) [PSYoungGen: 164045K->163922K(298496K)] [ParOldGen: 2630044K->2630044K(2731008K)] 2794090K->2793967K(3029504K), [Metaspace: 34105K->34105K(1081344K)], 0.2566656 secs] [Times: user=0.92 sys=0.00, real=0.25 secs] 
1146.075: [GC (Allocation Failure) --[PSYoungGen: 163922K->163922K(298496K)] 2793967K->2793975K(3029504K), 0.2709893 secs] [Times: user=1.03 sys=0.00, real=0.28 secs] 
1146.346: [Full GC (Allocation Failure) [PSYoungGen: 163922K->163849K(298496K)] [ParOldGen: 2630052K->2630044K(2731008K)] 2793975K->2793893K(3029504K), [Metaspace: 34105K->34105K(1081344K)], 0.2528569 secs] [Times: user=0.90 sys=0.00, real=0.25 secs] 
1146.712: [GC (Allocation Failure) --[PSYoungGen: 164046K->164046K(298496K)] 2794091K->2794091K(3029504K), 0.2747806 secs] [Times: user=1.05 sys=0.00, real=0.28 secs] 
1146.986: [Full GC (Ergonomics) [PSYoungGen: 164046K->163922K(298496K)] [ParOldGen: 2630044K->2630044K(2731008K)] 2794091K->2793967K(3029504K), [Metaspace: 34105K->34105K(1081344K)], 0.2704425 secs] [Times: user=0.97 sys=0.00, real=0.27 secs] 
1147.257: [GC (Allocation Failure) --[PSYoungGen: 163922K->163922K(298496K)] 2793967K->2793975K(3029504K), 0.3146312 secs] [Times: user=1.20 sys=0.00, real=0.31 secs] 
1147.572: [Full GC (Allocation Failure) [PSYoungGen: 163922K->163849K(298496K)] [ParOldGen: 2630052K->2630044K(2731008K)] 2793975K->2793893K(3029504K), [Metaspace: 34105K->34105K(1081344K)], 0.2834529 secs] [Times: user=1.02 sys=0.00, real=0.28 secs] 
1147.942: [GC (Allocation Failure) --[PSYoungGen: 164046K->164046K(298496K)] 2794091K->2794091K(3029504K), 0.3724272 secs] [Times: user=1.38 sys=0.00, real=0.37 secs] 
1148.314: [Full GC (Ergonomics) [PSYoungGen: 164046K->163922K(298496K)] [ParOldGen: 2630044K->2630044K(2731008K)] 2794091K->2793967K(3029504K), [Metaspace: 34106K->34106K(1081344K)], 0.2614052 secs] [Times: user=0.93 sys=0.00, real=0.26 secs] 
1148.576: [GC (Allocation Failure) --[PSYoungGen: 163922K->163922K(298496K)] 2793967K->2793975K(3029504K), 0.2756961 secs] [Times: user=1.06 sys=0.00, real=0.28 secs] 
1148.851: [Full GC (Allocation Failure) [PSYoungGen: 163922K->163849K(298496K)] [ParOldGen: 2630052K->2630044K(2731008K)] 2793975K->2793893K(3029504K), [Metaspace: 34106K->34106K(1081344K)], 0.2607454 secs] [Times: user=0.93 sys=0.00, real=0.26 secs] 
1149.203: [GC (Allocation Failure) --[PSYoungGen: 164046K->164046K(298496K)] 2794091K->2794091K(3029504K), 0.3011157 secs] [Times: user=1.15 sys=0.00, real=0.31 secs] 
1149.504: [Full GC (Ergonomics) [PSYoungGen: 164046K->163922K(298496K)] [ParOldGen: 2630044K->2630044K(2731008K)] 2794091K->2793967K(3029504K), [Metaspace: 34106K->34106K(1081344K)], 0.2693071 secs] [Times: user=0.96 sys=0.00, real=0.26 secs] 
1149.774: [GC (Allocation Failure) --[PSYoungGen: 163922K->163922K(298496K)] 2793967K->2793975K(3029504K), 0.2723364 secs] [Times: user=1.04 sys=0.00, real=0.28 secs] 
1150.046: [Full GC (Allocation Failure) [PSYoungGen: 163922K->163849K(298496K)] [ParOldGen: 2630052K->2630044K(2731008K)] 2793975K->2793893K(3029504K), [Metaspace: 34106K->34106K(1081344K)], 0.2504526 secs] [Times: user=0.89 sys=0.00, real=0.25 secs] 
1150.387: [GC (Allocation Failure) --[PSYoungGen: 164046K->164046K(298496K)] 2794091K->2794091K(3029504K), 0.2797044 secs] [Times: user=1.07 sys=0.00, real=0.28 secs] 
1150.667: [Full GC (Ergonomics) [PSYoungGen: 164046K->163922K(298496K)] [ParOldGen: 2630044K->2630044K(2731008K)] 2794091K->2793967K(3029504K), [Metaspace: 34106K->34106K(1081344K)], 0.2998470 secs] [Times: user=1.08 sys=0.00, real=0.30 secs] 
1150.967: [GC (Allocation Failure) --[PSYoungGen: 163922K->163922K(298496K)] 2793967K->2793983K(3029504K), 0.2899008 secs] [Times: user=1.12 sys=0.00, real=0.29 secs] 
1151.257: [Full GC (Allocation Failure) [PSYoungGen: 163922K->163849K(298496K)] [ParOldGen: 2630060K->2630044K(2731008K)] 2793983K->2793893K(3029504K), [Metaspace: 34106K->34106K(1081344K)], 0.3045319 secs] [Times: user=1.09 sys=0.00, real=0.30 secs] 
1151.647: [GC (Allocation Failure) --[PSYoungGen: 164045K->164045K(298496K)] 2794090K->2794090K(3029504K), 0.3344122 secs] [Times: user=1.28 sys=0.00, real=0.33 secs] 
1151.982: [Full GC (Ergonomics) [PSYoungGen: 164045K->163922K(298496K)] [ParOldGen: 2630044K->2630044K(2731008K)] 2794090K->2793967K(3029504K), [Metaspace: 34106K->34106K(1081344K)], 0.2693674 secs] [Times: user=0.96 sys=0.00, real=0.27 secs] 
1152.251: [GC (Allocation Failure) --[PSYoungGen: 163922K->163922K(298496K)] 2793967K->2793975K(3029504K), 0.2770231 secs] [Times: user=1.07 sys=0.00, real=0.28 secs] 
1152.528: [Full GC (Allocation Failure) [PSYoungGen: 163922K->163849K(298496K)] [ParOldGen: 2630052K->2630044K(2731008K)] 2793975K->2793893K(3029504K), [Metaspace: 34106K->34106K(1081344K)], 0.2495630 secs] [Times: user=0.88 sys=0.00, real=0.25 secs] 
1152.847: [GC (Allocation Failure) --[PSYoungGen: 164046K->164046K(298496K)] 2794091K->2794091K(3029504K), 0.2746829 secs] [Times: user=1.05 sys=0.00, real=0.27 secs] 
1153.121: [Full GC (Ergonomics) [PSYoungGen: 164046K->163922K(298496K)] [ParOldGen: 2630044K->2630044K(2731008K)] 2794091K->2793967K(3029504K), [Metaspace: 34106K->34106K(1081344K)], 0.2572455 secs] [Times: user=0.92 sys=0.00, real=0.26 secs] 
1153.379: [GC (Allocation Failure) --[PSYoungGen: 163922K->163922K(298496K)] 2793967K->2793983K(3029504K), 0.3043661 secs] [Times: user=1.17 sys=0.00, real=0.30 secs] 
1153.683: [Full GC (Allocation Failure) [PSYoungGen: 163922K->163849K(298496K)] [ParOldGen: 2630060K->2630044K(2731008K)] 2793983K->2793893K(3029504K), [Metaspace: 34106K->34106K(1081344K)], 0.3013838 secs] [Times: user=1.09 sys=0.00, real=0.31 secs] 
1154.077: [GC (Allocation Failure) --[PSYoungGen: 164048K->164048K(298496K)] 2794093K->2794101K(3029504K), 0.2746446 secs] [Times: user=1.05 sys=0.00, real=0.27 secs] 
1154.351: [Full GC (Ergonomics) [PSYoungGen: 164048K->163923K(298496K)] [ParOldGen: 2630052K->2630044K(2731008K)] 2794101K->2793967K(3029504K), [Metaspace: 34106K->34106K(1081344K)], 0.2631263 secs] [Times: user=0.94 sys=0.00, real=0.26 secs] 
1154.615: [GC (Allocation Failure) --[PSYoungGen: 163923K->163923K(298496K)] 2793967K->2793983K(3029504K), 0.3011578 secs] [Times: user=1.16 sys=0.00, real=0.31 secs] 
1154.916: [Full GC (Allocation Failure) [PSYoungGen: 163923K->163849K(298496K)] [ParOldGen: 2630060K->2630044K(2731008K)] 2793983K->2793894K(3029504K), [Metaspace: 34106K->34106K(1081344K)], 0.2979008 secs] [Times: user=1.07 sys=0.00, real=0.29 secs] 
1155.292: [GC (Allocation Failure) --[PSYoungGen: 164045K->164045K(298496K)] 2794090K->2794090K(3029504K), 0.3409149 secs] [Times: user=1.27 sys=0.00, real=0.34 secs] 
1155.633: [Full GC (Ergonomics) [PSYoungGen: 164045K->163923K(298496K)] [ParOldGen: 2630044K->2630044K(2731008K)] 2794090K->2793967K(3029504K), [Metaspace: 34106K->34106K(1081344K)], 0.2830288 secs] [Times: user=1.02 sys=0.00, real=0.29 secs] 
1155.916: [GC (Allocation Failure) --[PSYoungGen: 163923K->163923K(298496K)] 2793967K->2793983K(3029504K), 0.3025447 secs] [Times: user=1.16 sys=0.00, real=0.30 secs] 
1156.219: [Full GC (Allocation Failure) [PSYoungGen: 163923K->163849K(298496K)] [ParOldGen: 2630060K->2630044K(2731008K)] 2793983K->2793894K(3029504K), [Metaspace: 34106K->34106K(1081344K)], 0.2761579 secs] [Times: user=0.99 sys=0.00, real=0.27 secs] 
1156.569: [GC (Allocation Failure) --[PSYoungGen: 164047K->164047K(298496K)] 2794091K->2794091K(3029504K), 0.3147883 secs] [Times: user=1.21 sys=0.00, real=0.32 secs] 
1156.884: [Full GC (Ergonomics) [PSYoungGen: 164047K->163923K(298496K)] [ParOldGen: 2630044K->2630044K(2731008K)] 2794091K->2793967K(3029504K), [Metaspace: 34106K->34106K(1081344K)], 0.2970672 secs] [Times: user=1.06 sys=0.00, real=0.29 secs] 
1157.181: [GC (Allocation Failure) --[PSYoungGen: 163923K->163923K(298496K)] 2793967K->2793983K(3029504K), 0.2890847 secs] [Times: user=1.11 sys=0.00, real=0.29 secs] 
1157.470: [Full GC (Allocation Failure) [PSYoungGen: 163923K->163849K(298496K)] [ParOldGen: 2630060K->2630044K(2731008K)] 2793983K->2793894K(3029504K), [Metaspace: 34106K->34106K(1081344K)], 0.2496455 secs] [Times: user=0.89 sys=0.00, real=0.25 secs] 
1157.828: [GC (Allocation Failure) --[PSYoungGen: 164047K->164047K(298496K)] 2794091K->2794091K(3029504K), 0.3473274 secs] [Times: user=1.27 sys=0.00, real=0.35 secs] 
1158.176: [Full GC (Ergonomics) [PSYoungGen: 164047K->163923K(298496K)] [ParOldGen: 2630044K->2630044K(2731008K)] 2794091K->2793967K(3029504K), [Metaspace: 34108K->34108K(1081344K)], 0.3171669 secs] [Times: user=1.15 sys=0.00, real=0.31 secs] 
1158.493: [GC (Allocation Failure) --[PSYoungGen: 163923K->163923K(298496K)] 2793967K->2793991K(3029504K), 0.2758537 secs] [Times: user=1.05 sys=0.00, real=0.28 secs] 
1158.769: [Full GC (Allocation Failure) [PSYoungGen: 163923K->163849K(298496K)] [ParOldGen: 2630068K->2630044K(2731008K)] 2793991K->2793894K(3029504K), [Metaspace: 34108K->34108K(1081344K)], 0.2575709 secs] [Times: user=0.92 sys=0.00, real=0.26 secs] 
1159.089: [GC (Allocation Failure) --[PSYoungGen: 164045K->164045K(298496K)] 2794090K->2794090K(3029504K), 0.2748938 secs] [Times: user=1.05 sys=0.00, real=0.28 secs] 
1159.364: [Full GC (Ergonomics) [PSYoungGen: 164045K->163922K(298496K)] [ParOldGen: 2630044K->2630044K(2731008K)] 2794090K->2793967K(3029504K), [Metaspace: 34111K->34111K(1081344K)], 0.2589841 secs] [Times: user=0.93 sys=0.00, real=0.25 secs] 
1159.624: [GC (Allocation Failure) --[PSYoungGen: 163922K->163922K(298496K)] 2793967K->2793983K(3029504K), 0.2705395 secs] [Times: user=1.02 sys=0.00, real=0.27 secs] 
1159.894: [Full GC (Allocation Failure) [PSYoungGen: 163922K->163849K(298496K)] [ParOldGen: 2630060K->2630044K(2731008K)] 2793983K->2793894K(3029504K), [Metaspace: 34111K->34111K(1081344K)], 0.2554905 secs] [Times: user=0.92 sys=0.00, real=0.26 secs] 
1160.242: [GC (Allocation Failure) --[PSYoungGen: 164045K->164045K(298496K)] 2794090K->2794090K(3029504K), 0.2745775 secs] [Times: user=1.05 sys=0.00, real=0.28 secs] 
1160.517: [Full GC (Ergonomics) [PSYoungGen: 164045K->163922K(298496K)] [ParOldGen: 2630044K->2630044K(2731008K)] 2794090K->2793967K(3029504K), [Metaspace: 34112K->34112K(1081344K)], 0.2581150 secs] [Times: user=0.92 sys=0.00, real=0.25 secs] 
1160.775: [GC (Allocation Failure) --[PSYoungGen: 163922K->163922K(298496K)] 2793967K->2793975K(3029504K), 0.2695482 secs] [Times: user=1.04 sys=0.00, real=0.28 secs] 
1161.045: [Full GC (Allocation Failure) [PSYoungGen: 163922K->163849K(298496K)] [ParOldGen: 2630052K->2630044K(2731008K)] 2793975K->2793894K(3029504K), [Metaspace: 34112K->34112K(1081344K)], 0.2709973 secs] [Times: user=0.93 sys=0.00, real=0.27 secs] 
1161.381: [GC (Allocation Failure) --[PSYoungGen: 164045K->164045K(298496K)] 2794090K->2794090K(3029504K), 0.3277053 secs] [Times: user=1.26 sys=0.00, real=0.33 secs] 
1161.709: [Full GC (Ergonomics) [PSYoungGen: 164045K->163922K(298496K)] [ParOldGen: 2630044K->2630044K(2731008K)] 2794090K->2793967K(3029504K), [Metaspace: 34114K->34114K(1081344K)], 0.2984548 secs] [Times: user=1.07 sys=0.00, real=0.30 secs] 
1162.008: [GC (Allocation Failure) --[PSYoungGen: 163922K->163922K(298496K)] 2793967K->2793975K(3029504K), 0.2724873 secs] [Times: user=1.04 sys=0.00, real=0.27 secs] 
1162.280: [Full GC (Allocation Failure) [PSYoungGen: 163922K->163849K(298496K)] [ParOldGen: 2630052K->2630044K(2731008K)] 2793975K->2793894K(3029504K), [Metaspace: 34114K->34114K(1081344K)], 0.2543577 secs] [Times: user=0.91 sys=0.00, real=0.25 secs] 
1162.626: [GC (Allocation Failure) --[PSYoungGen: 164045K->164045K(298496K)] 2794090K->2794090K(3029504K), 0.2931728 secs] [Times: user=1.12 sys=0.00, real=0.29 secs] 
1162.919: [Full GC (Ergonomics) [PSYoungGen: 164045K->163922K(298496K)] [ParOldGen: 2630044K->2630044K(2731008K)] 2794090K->2793967K(3029504K), [Metaspace: 34114K->34114K(1081344K)], 0.2683230 secs] [Times: user=0.97 sys=0.00, real=0.27 secs] 
1163.187: [GC (Allocation Failure) --[PSYoungGen: 163922K->163922K(298496K)] 2793967K->2793975K(3029504K), 0.2860571 secs] [Times: user=1.09 sys=0.00, real=0.28 secs] 
1163.473: [Full GC (Allocation Failure) [PSYoungGen: 163922K->163849K(298496K)] [ParOldGen: 2630052K->2630044K(2731008K)] 2793975K->2793894K(3029504K), [Metaspace: 34114K->34114K(1081344K)], 0.2739724 secs] [Times: user=0.99 sys=0.00, real=0.28 secs] 
1163.840: [GC (Allocation Failure) --[PSYoungGen: 164045K->164045K(298496K)] 2794090K->2794090K(3029504K), 0.3019919 secs] [Times: user=1.16 sys=0.00, real=0.30 secs] 
1164.143: [Full GC (Ergonomics) [PSYoungGen: 164045K->163922K(298496K)] [ParOldGen: 2630044K->2630044K(2731008K)] 2794090K->2793967K(3029504K), [Metaspace: 34114K->34114K(1081344K)], 0.2709557 secs] [Times: user=0.96 sys=0.00, real=0.27 secs] 
1164.414: [GC (Allocation Failure) --[PSYoungGen: 163922K->163922K(298496K)] 2793967K->2793975K(3029504K), 0.2689886 secs] [Times: user=1.03 sys=0.00, real=0.27 secs] 
1164.683: [Full GC (Allocation Failure) [PSYoungGen: 163922K->163849K(298496K)] [ParOldGen: 2630052K->2630044K(2731008K)] 2793975K->2793894K(3029504K), [Metaspace: 34114K->34114K(1081344K)], 0.2813792 secs] [Times: user=1.00 sys=0.00, real=0.29 secs] 
1165.055: [GC (Allocation Failure) --[PSYoungGen: 164045K->164045K(298496K)] 2794090K->2794090K(3029504K), 0.3164897 secs] [Times: user=1.18 sys=0.00, real=0.32 secs] 
1165.372: [Full GC (Ergonomics) [PSYoungGen: 164045K->163922K(298496K)] [ParOldGen: 2630044K->2630044K(2731008K)] 2794090K->2793967K(3029504K), [Metaspace: 34115K->34115K(1081344K)], 0.2581301 secs] [Times: user=0.93 sys=0.00, real=0.26 secs] 
1165.630: [GC (Allocation Failure) --[PSYoungGen: 163922K->163922K(298496K)] 2793967K->2793983K(3029504K), 0.2791459 secs] [Times: user=1.05 sys=0.00, real=0.28 secs] 
1165.909: [Full GC (Allocation Failure) [PSYoungGen: 163922K->163849K(298496K)] [ParOldGen: 2630060K->2630044K(2731008K)] 2793983K->2793894K(3029504K), [Metaspace: 34115K->34115K(1081344K)], 0.2539348 secs] [Times: user=0.90 sys=0.00, real=0.25 secs] 
1166.255: [GC (Allocation Failure) --[PSYoungGen: 164045K->164045K(298496K)] 2794090K->2794090K(3029504K), 0.3002861 secs] [Times: user=1.15 sys=0.00, real=0.30 secs] 
1166.555: [Full GC (Ergonomics) [PSYoungGen: 164045K->163922K(298496K)] [ParOldGen: 2630044K->2630044K(2731008K)] 2794090K->2793967K(3029504K), [Metaspace: 34115K->34115K(1081344K)], 0.2904086 secs] [Times: user=1.03 sys=0.00, real=0.30 secs] 
1166.845: [GC (Allocation Failure) --[PSYoungGen: 163922K->163922K(298496K)] 2793967K->2793983K(3029504K), 0.3005276 secs] [Times: user=1.16 sys=0.00, real=0.30 secs] 
1167.146: [Full GC (Allocation Failure) [PSYoungGen: 163922K->163849K(298496K)] [ParOldGen: 2630060K->2630044K(2731008K)] 2793983K->2793894K(3029504K), [Metaspace: 34115K->34115K(1081344K)], 0.2592065 secs] [Times: user=0.92 sys=0.00, real=0.26 secs] 
1167.434: [GC (Allocation Failure) --[PSYoungGen: 164046K->164046K(298496K)] 2794091K->2794091K(3029504K), 0.2855372 secs] [Times: user=1.09 sys=0.00, real=0.29 secs] 
1167.719: [Full GC (Ergonomics) [PSYoungGen: 164046K->163922K(298496K)] [ParOldGen: 2630044K->2630044K(2731008K)] 2794091K->2793967K(3029504K), [Metaspace: 34115K->34115K(1081344K)], 0.2577100 secs] [Times: user=0.92 sys=0.00, real=0.26 secs] 
1167.977: [GC (Allocation Failure) --[PSYoungGen: 163922K->163922K(298496K)] 2793967K->2793975K(3029504K), 0.2731970 secs] [Times: user=1.04 sys=0.00, real=0.27 secs] 
1168.250: [Full GC (Allocation Failure) [PSYoungGen: 163922K->163849K(298496K)] [ParOldGen: 2630052K->2630044K(2731008K)] 2793975K->2793894K(3029504K), [Metaspace: 34115K->34115K(1081344K)], 0.2722211 secs] [Times: user=0.97 sys=0.00, real=0.27 secs] 
1168.607: [GC (Allocation Failure) --[PSYoungGen: 164045K->164045K(298496K)] 2794090K->2794090K(3029504K), 0.3199376 secs] [Times: user=1.20 sys=0.00, real=0.32 secs] 
1168.927: [Full GC (Ergonomics) [PSYoungGen: 164045K->163922K(298496K)] [ParOldGen: 2630044K->2630044K(2731008K)] 2794090K->2793967K(3029504K), [Metaspace: 34115K->34115K(1081344K)], 0.2574294 secs] [Times: user=0.92 sys=0.00, real=0.26 secs] 
1169.185: [GC (Allocation Failure) --[PSYoungGen: 163922K->163922K(298496K)] 2793967K->2793983K(3029504K), 0.2750841 secs] [Times: user=1.06 sys=0.00, real=0.27 secs] 
1169.460: [Full GC (Allocation Failure) [PSYoungGen: 163922K->163849K(298496K)] [ParOldGen: 2630060K->2630044K(2731008K)] 2793983K->2793894K(3029504K), [Metaspace: 34115K->34115K(1081344K)], 0.2720496 secs] [Times: user=0.97 sys=0.00, real=0.27 secs] 
1169.807: [GC (Allocation Failure) --[PSYoungGen: 164045K->164045K(298496K)] 2794090K->2794090K(3029504K), 0.2984564 secs] [Times: user=1.15 sys=0.00, real=0.30 secs] 
1170.106: [Full GC (Ergonomics) [PSYoungGen: 164045K->163922K(298496K)] [ParOldGen: 2630044K->2630044K(2731008K)] 2794090K->2793967K(3029504K), [Metaspace: 34115K->34115K(1081344K)], 0.2741056 secs] [Times: user=0.98 sys=0.00, real=0.27 secs] 
1170.380: [GC (Allocation Failure) --[PSYoungGen: 163922K->163922K(298496K)] 2793967K->2793983K(3029504K), 0.2835090 secs] [Times: user=1.08 sys=0.00, real=0.29 secs] 
1170.664: [Full GC (Allocation Failure) [PSYoungGen: 163922K->163849K(298496K)] [ParOldGen: 2630060K->2630044K(2731008K)] 2793983K->2793894K(3029504K), [Metaspace: 34115K->34115K(1081344K)], 0.2705370 secs] [Times: user=0.98 sys=0.00, real=0.26 secs] 
1171.021: [GC (Allocation Failure) --[PSYoungGen: 164046K->164046K(298496K)] 2794091K->2794091K(3029504K), 0.2751236 secs] [Times: user=1.05 sys=0.00, real=0.28 secs] 
1171.296: [Full GC (Ergonomics) [PSYoungGen: 164046K->163922K(298496K)] [ParOldGen: 2630044K->2630044K(2731008K)] 2794091K->2793967K(3029504K), [Metaspace: 34115K->34115K(1081344K)], 0.3140060 secs] [Times: user=1.14 sys=0.00, real=0.31 secs] 
1171.610: [GC (Allocation Failure) --[PSYoungGen: 163922K->163922K(298496K)] 2793967K->2793983K(3029504K), 0.2748213 secs] [Times: user=1.05 sys=0.00, real=0.28 secs] 
1171.885: [Full GC (Allocation Failure) [PSYoungGen: 163922K->163849K(298496K)] [ParOldGen: 2630060K->2630044K(2731008K)] 2793983K->2793894K(3029504K), [Metaspace: 34115K->34115K(1081344K)], 0.2555103 secs] [Times: user=0.91 sys=0.00, real=0.25 secs] 
1172.236: [GC (Allocation Failure) --[PSYoungGen: 164046K->164046K(298496K)] 2794091K->2794091K(3029504K), 0.3266488 secs] [Times: user=1.23 sys=0.00, real=0.32 secs] 
1172.563: [Full GC (Ergonomics) [PSYoungGen: 164046K->163922K(298496K)] [ParOldGen: 2630044K->2630044K(2731008K)] 2794091K->2793967K(3029504K), [Metaspace: 34115K->34115K(1081344K)], 0.2962894 secs] [Times: user=1.07 sys=0.00, real=0.30 secs] 
1172.859: [GC (Allocation Failure) --[PSYoungGen: 163922K->163922K(298496K)] 2793967K->2793975K(3029504K), 0.2737487 secs] [Times: user=1.05 sys=0.00, real=0.27 secs] 
1173.133: [Full GC (Allocation Failure) [PSYoungGen: 163922K->163849K(298496K)] [ParOldGen: 2630052K->2630044K(2731008K)] 2793975K->2793894K(3029504K), [Metaspace: 34115K->34115K(1081344K)], 0.2610948 secs] [Times: user=0.93 sys=0.00, real=0.26 secs] 
1173.481: [GC (Allocation Failure) --[PSYoungGen: 164046K->164046K(298496K)] 2794091K->2794091K(3029504K), 0.2853491 secs] [Times: user=1.10 sys=0.00, real=0.29 secs] 
1173.766: [Full GC (Ergonomics) [PSYoungGen: 164046K->163922K(298496K)] [ParOldGen: 2630044K->2630044K(2731008K)] 2794091K->2793967K(3029504K), [Metaspace: 34115K->34115K(1081344K)], 0.2725490 secs] [Times: user=0.97 sys=0.00, real=0.27 secs] 
1174.039: [GC (Allocation Failure) --[PSYoungGen: 163922K->163922K(298496K)] 2793967K->2793983K(3029504K), 0.2840451 secs] [Times: user=1.10 sys=0.00, real=0.28 secs] 
1174.323: [Full GC (Allocation Failure) [PSYoungGen: 163922K->163849K(298496K)] [ParOldGen: 2630060K->2630044K(2731008K)] 2793983K->2793894K(3029504K), [Metaspace: 34115K->34115K(1081344K)], 0.3003151 secs] [Times: user=1.08 sys=0.00, real=0.30 secs] 
1174.697: [GC (Allocation Failure) --[PSYoungGen: 164046K->164046K(298496K)] 2794091K->2794091K(3029504K), 0.2972904 secs] [Times: user=1.14 sys=0.00, real=0.29 secs] 
1174.994: [Full GC (Ergonomics) [PSYoungGen: 164046K->163922K(298496K)] [ParOldGen: 2630044K->2630044K(2731008K)] 2794091K->2793967K(3029504K), [Metaspace: 34115K->34115K(1081344K)], 0.3253472 secs] [Times: user=1.19 sys=0.00, real=0.33 secs] 
1175.319: [GC (Allocation Failure) --[PSYoungGen: 163922K->163922K(298496K)] 2793967K->2793975K(3029504K), 0.2722385 secs] [Times: user=1.04 sys=0.00, real=0.27 secs] 
1175.592: [Full GC (Allocation Failure) [PSYoungGen: 163922K->163849K(298496K)] [ParOldGen: 2630052K->2630044K(2731008K)] 2793975K->2793894K(3029504K), [Metaspace: 34115K->34115K(1081344K)], 0.2549556 secs] [Times: user=0.91 sys=0.00, real=0.26 secs] 
1175.942: [GC (Allocation Failure) --[PSYoungGen: 164046K->164046K(298496K)] 2794091K->2794091K(3029504K), 0.2799383 secs] [Times: user=1.07 sys=0.00, real=0.28 secs] 
1176.222: [Full GC (Ergonomics) [PSYoungGen: 164046K->163922K(298496K)] [ParOldGen: 2630044K->2630044K(2731008K)] 2794091K->2793967K(3029504K), [Metaspace: 34116K->34116K(1081344K)], 0.2593327 secs] [Times: user=0.93 sys=0.00, real=0.26 secs] 
1176.481: [GC (Allocation Failure) --[PSYoungGen: 163922K->163922K(298496K)] 2793967K->2793983K(3029504K), 0.2889363 secs] [Times: user=1.11 sys=0.00, real=0.29 secs] 
1176.770: [Full GC (Allocation Failure) [PSYoungGen: 163922K->163849K(298496K)] [ParOldGen: 2630060K->2630044K(2731008K)] 2793983K->2793894K(3029504K), [Metaspace: 34116K->34116K(1081344K)], 0.2813552 secs] [Times: user=1.01 sys=0.00, real=0.28 secs] 
1177.125: [GC (Allocation Failure) --[PSYoungGen: 164048K->164048K(298496K)] 2794093K->2794101K(3029504K), 0.3412783 secs] [Times: user=1.28 sys=0.00, real=0.34 secs] 
1177.467: [Full GC (Ergonomics) [PSYoungGen: 164048K->163923K(298496K)] [ParOldGen: 2630052K->2630044K(2731008K)] 2794101K->2793968K(3029504K), [Metaspace: 34123K->34123K(1081344K)], 0.2778287 secs] [Times: user=1.00 sys=0.00, real=0.28 secs] 
1177.745: [GC (Allocation Failure) --[PSYoungGen: 163923K->163923K(298496K)] 2793968K->2793984K(3029504K), 0.2770441 secs] [Times: user=1.06 sys=0.00, real=0.27 secs] 
1178.022: [Full GC (Allocation Failure) [PSYoungGen: 163923K->163849K(298496K)] [ParOldGen: 2630060K->2630045K(2731008K)] 2793984K->2793894K(3029504K), [Metaspace: 34123K->34123K(1081344K)], 0.2501391 secs] [Times: user=0.89 sys=0.00, real=0.25 secs] 
1178.371: [GC (Allocation Failure) --[PSYoungGen: 164047K->164047K(298496K)] 2794092K->2794092K(3029504K), 0.2777898 secs] [Times: user=1.06 sys=0.00, real=0.28 secs] 
1178.649: [Full GC (Ergonomics) [PSYoungGen: 164047K->163923K(298496K)] [ParOldGen: 2630045K->2630044K(2731008K)] 2794092K->2793968K(3029504K), [Metaspace: 34123K->34123K(1081344K)], 0.2808644 secs] [Times: user=0.99 sys=0.00, real=0.28 secs] 
1178.930: [GC (Allocation Failure) --[PSYoungGen: 163923K->163923K(298496K)] 2793968K->2793976K(3029504K), 0.2936480 secs] [Times: user=1.13 sys=0.00, real=0.29 secs] 
1179.224: [Full GC (Allocation Failure) [PSYoungGen: 163923K->163849K(298496K)] [ParOldGen: 2630052K->2630045K(2731008K)] 2793976K->2793894K(3029504K), [Metaspace: 34123K->34123K(1081344K)], 0.2629495 secs] [Times: user=0.94 sys=0.00, real=0.27 secs] 
1179.570: [GC (Allocation Failure) --[PSYoungGen: 164046K->164046K(298496K)] 2794091K->2794091K(3029504K), 0.3369523 secs] [Times: user=1.29 sys=0.00, real=0.34 secs] 
1179.907: [Full GC (Ergonomics) [PSYoungGen: 164046K->163923K(298496K)] [ParOldGen: 2630045K->2630044K(2731008K)] 2794091K->2793968K(3029504K), [Metaspace: 34123K->34123K(1081344K)], 0.3032519 secs] [Times: user=1.09 sys=0.00, real=0.30 secs] 
1180.211: [GC (Allocation Failure) --[PSYoungGen: 163923K->163923K(298496K)] 2793968K->2793984K(3029504K), 0.2739854 secs] [Times: user=1.05 sys=0.00, real=0.28 secs] 
1180.485: [Full GC (Allocation Failure) [PSYoungGen: 163923K->163849K(298496K)] [ParOldGen: 2630060K->2630045K(2731008K)] 2793984K->2793894K(3029504K), [Metaspace: 34123K->34123K(1081344K)], 0.2505291 secs] [Times: user=0.89 sys=0.00, real=0.24 secs] 
1180.846: [GC (Allocation Failure) --[PSYoungGen: 164047K->164047K(298496K)] 2794092K->2794092K(3029504K), 0.3098189 secs] [Times: user=1.18 sys=0.00, real=0.31 secs] 
1181.156: [Full GC (Ergonomics) [PSYoungGen: 164047K->163923K(298496K)] [ParOldGen: 2630045K->2630044K(2731008K)] 2794092K->2793968K(3029504K), [Metaspace: 34124K->34124K(1081344K)], 0.2829892 secs] [Times: user=1.02 sys=0.00, real=0.28 secs] 
1181.439: [GC (Allocation Failure) --[PSYoungGen: 163923K->163923K(298496K)] 2793968K->2793992K(3029504K), 0.2850185 secs] [Times: user=1.10 sys=0.00, real=0.29 secs] 
1181.724: [Full GC (Allocation Failure) [PSYoungGen: 163923K->163849K(298496K)] [ParOldGen: 2630068K->2630045K(2731008K)] 2793992K->2793894K(3029504K), [Metaspace: 34124K->34124K(1081344K)], 0.2829700 secs] [Times: user=1.01 sys=0.00, real=0.28 secs] 
1182.107: [GC (Allocation Failure) --[PSYoungGen: 164044K->164044K(298496K)] 2794090K->2794090K(3029504K), 0.3075131 secs] [Times: user=1.13 sys=0.00, real=0.30 secs] 
1182.415: [Full GC (Ergonomics) [PSYoungGen: 164044K->163922K(298496K)] [ParOldGen: 2630045K->2630045K(2731008K)] 2794090K->2793968K(3029504K), [Metaspace: 34124K->34124K(1081344K)], 0.2958956 secs] [Times: user=1.06 sys=0.00, real=0.30 secs] 
1182.711: [GC (Allocation Failure) --[PSYoungGen: 163922K->163922K(298496K)] 2793968K->2793976K(3029504K), 0.2786833 secs] [Times: user=1.07 sys=0.00, real=0.28 secs] 
1182.990: [Full GC (Allocation Failure) [PSYoungGen: 163922K->163849K(298496K)] [ParOldGen: 2630053K->2630045K(2731008K)] 2793976K->2793894K(3029504K), [Metaspace: 34124K->34124K(1081344K)], 0.2548764 secs] [Times: user=0.90 sys=0.00, real=0.26 secs] 
1183.338: [GC (Allocation Failure) --[PSYoungGen: 164045K->164045K(298496K)] 2794091K->2794091K(3029504K), 0.3098275 secs] [Times: user=1.18 sys=0.00, real=0.31 secs] 
1183.648: [Full GC (Ergonomics) [PSYoungGen: 164045K->163922K(298496K)] [ParOldGen: 2630045K->2630045K(2731008K)] 2794091K->2793968K(3029504K), [Metaspace: 34124K->34124K(1081344K)], 0.2874670 secs] [Times: user=1.04 sys=0.00, real=0.28 secs] 
1183.935: [GC (Allocation Failure) --[PSYoungGen: 163922K->163922K(298496K)] 2793968K->2793984K(3029504K), 0.3037761 secs] [Times: user=1.16 sys=0.00, real=0.31 secs] 
1184.239: [Full GC (Allocation Failure) [PSYoungGen: 163922K->163849K(298496K)] [ParOldGen: 2630061K->2630045K(2731008K)] 2793984K->2793894K(3029504K), [Metaspace: 34124K->34124K(1081344K)], 0.2982287 secs] [Times: user=1.07 sys=0.00, real=0.30 secs] 
1184.629: [GC (Allocation Failure) --[PSYoungGen: 164045K->164045K(298496K)] 2794091K->2794091K(3029504K), 0.3177476 secs] [Times: user=1.22 sys=0.00, real=0.32 secs] 
1184.946: [Full GC (Ergonomics) [PSYoungGen: 164045K->163922K(298496K)] [ParOldGen: 2630045K->2630045K(2731008K)] 2794091K->2793968K(3029504K), [Metaspace: 34124K->34124K(1081344K)], 0.2983759 secs] [Times: user=1.07 sys=0.00, real=0.30 secs] 
1185.245: [GC (Allocation Failure) --[PSYoungGen: 163922K->163922K(298496K)] 2793968K->2793984K(3029504K), 0.2839951 secs] [Times: user=1.09 sys=0.00, real=0.28 secs] 
1185.529: [Full GC (Allocation Failure) [PSYoungGen: 163922K->163849K(298496K)] [ParOldGen: 2630061K->2630045K(2731008K)] 2793984K->2793894K(3029504K), [Metaspace: 34124K->34124K(1081344K)], 0.2939879 secs] [Times: user=1.06 sys=0.00, real=0.29 secs] 
1185.859: [GC (Allocation Failure) --[PSYoungGen: 164045K->164045K(298496K)] 2794091K->2794091K(3029504K), 0.3019792 secs] [Times: user=1.16 sys=0.00, real=0.30 secs] 
1186.161: [Full GC (Ergonomics) [PSYoungGen: 164045K->163922K(298496K)] [ParOldGen: 2630045K->2630045K(2731008K)] 2794091K->2793968K(3029504K), [Metaspace: 34124K->34124K(1081344K)], 0.3031226 secs] [Times: user=1.09 sys=0.00, real=0.31 secs] 
1186.464: [GC (Allocation Failure) --[PSYoungGen: 163922K->163922K(298496K)] 2793968K->2793984K(3029504K), 0.2923419 secs] [Times: user=1.12 sys=0.00, real=0.29 secs] 
1186.757: [Full GC (Allocation Failure) [PSYoungGen: 163922K->163849K(298496K)] [ParOldGen: 2630061K->2630045K(2731008K)] 2793984K->2793894K(3029504K), [Metaspace: 34124K->34124K(1081344K)], 0.3419617 secs] [Times: user=1.25 sys=0.00, real=0.34 secs] 
1187.181: [GC (Allocation Failure) --[PSYoungGen: 164045K->164045K(298496K)] 2794091K->2794091K(3029504K), 0.3042703 secs] [Times: user=1.17 sys=0.00, real=0.31 secs] 
1187.485: [Full GC (Ergonomics) [PSYoungGen: 164045K->163922K(298496K)] [ParOldGen: 2630045K->2630045K(2731008K)] 2794091K->2793968K(3029504K), [Metaspace: 34124K->34124K(1081344K)], 0.2958483 secs] [Times: user=1.06 sys=0.00, real=0.29 secs] 
1187.781: [GC (Allocation Failure) --[PSYoungGen: 163922K->163922K(298496K)] 2793968K->2793984K(3029504K), 0.2942332 secs] [Times: user=1.12 sys=0.00, real=0.30 secs] 
1188.076: [Full GC (Allocation Failure) [PSYoungGen: 163922K->163849K(298496K)] [ParOldGen: 2630061K->2630045K(2731008K)] 2793984K->2793894K(3029504K), [Metaspace: 34124K->34124K(1081344K)], 0.3118960 secs] [Times: user=1.13 sys=0.00, real=0.31 secs] 
1188.473: [GC (Allocation Failure) --[PSYoungGen: 164045K->164045K(298496K)] 2794090K->2794090K(3029504K), 0.2904957 secs] [Times: user=1.11 sys=0.00, real=0.29 secs] 
1188.763: [Full GC (Ergonomics) [PSYoungGen: 164045K->163922K(298496K)] [ParOldGen: 2630045K->2630045K(2731008K)] 2794090K->2793968K(3029504K), [Metaspace: 34124K->34124K(1081344K)], 0.2783695 secs] [Times: user=1.00 sys=0.00, real=0.28 secs] 
1189.042: [GC (Allocation Failure) --[PSYoungGen: 163922K->163922K(298496K)] 2793968K->2793984K(3029504K), 0.2721534 secs] [Times: user=1.04 sys=0.00, real=0.27 secs] 
1189.314: [Full GC (Allocation Failure) [PSYoungGen: 163922K->163849K(298496K)] [ParOldGen: 2630061K->2630045K(2731008K)] 2793984K->2793894K(3029504K), [Metaspace: 34124K->34124K(1081344K)], 0.2530626 secs] [Times: user=0.91 sys=0.00, real=0.26 secs] 
1189.672: [GC (Allocation Failure) --[PSYoungGen: 164045K->164045K(298496K)] 2794091K->2794091K(3029504K), 0.2838808 secs] [Times: user=1.08 sys=0.00, real=0.29 secs] 
1189.956: [Full GC (Ergonomics) [PSYoungGen: 164045K->163922K(298496K)] [ParOldGen: 2630045K->2630045K(2731008K)] 2794091K->2793968K(3029504K), [Metaspace: 34125K->34125K(1081344K)], 0.2554813 secs] [Times: user=0.92 sys=0.00, real=0.25 secs] 
1190.212: [GC (Allocation Failure) --[PSYoungGen: 163922K->163922K(298496K)] 2793968K->2793984K(3029504K), 0.2722854 secs] [Times: user=1.04 sys=0.00, real=0.28 secs] 
1190.484: [Full GC (Allocation Failure) [PSYoungGen: 163922K->163849K(298496K)] [ParOldGen: 2630061K->2630045K(2731008K)] 2793984K->2793894K(3029504K), [Metaspace: 34125K->34125K(1081344K)], 0.2497106 secs] [Times: user=0.89 sys=0.00, real=0.24 secs] 
1190.825: [GC (Allocation Failure) --[PSYoungGen: 164045K->164045K(298496K)] 2794090K->2794090K(3029504K), 0.2805855 secs] [Times: user=1.08 sys=0.00, real=0.28 secs] 
1191.106: [Full GC (Ergonomics) [PSYoungGen: 164045K->163922K(298496K)] [ParOldGen: 2630045K->2630045K(2731008K)] 2794090K->2793968K(3029504K), [Metaspace: 34125K->34125K(1081344K)], 0.2586118 secs] [Times: user=0.91 sys=0.00, real=0.26 secs] 
1191.365: [GC (Allocation Failure) --[PSYoungGen: 163922K->163922K(298496K)] 2793968K->2793984K(3029504K), 0.2721290 secs] [Times: user=1.04 sys=0.00, real=0.27 secs] 
1191.637: [Full GC (Allocation Failure) [PSYoungGen: 163922K->163849K(298496K)] [ParOldGen: 2630061K->2630045K(2731008K)] 2793984K->2793894K(3029504K), [Metaspace: 34125K->34125K(1081344K)], 0.2505398 secs] [Times: user=0.89 sys=0.00, real=0.25 secs] 
1191.964: [GC (Allocation Failure) --[PSYoungGen: 166607K->166607K(298496K)] 2796653K->2796653K(3029504K), 0.2774879 secs] [Times: user=1.06 sys=0.00, real=0.27 secs] 
1192.241: [Full GC (Ergonomics) [PSYoungGen: 166607K->163923K(298496K)] [ParOldGen: 2630045K->2630045K(2731008K)] 2796653K->2793968K(3029504K), [Metaspace: 34125K->34125K(1081344K)], 0.2856122 secs] [Times: user=1.02 sys=0.00, real=0.29 secs] 
1192.527: [GC (Allocation Failure) --[PSYoungGen: 163923K->163923K(298496K)] 2793968K->2793984K(3029504K), 0.2875057 secs] [Times: user=1.09 sys=0.00, real=0.28 secs] 
1192.815: [Full GC (Allocation Failure) [PSYoungGen: 163923K->163849K(298496K)] [ParOldGen: 2630061K->2630045K(2731008K)] 2793984K->2793895K(3029504K), [Metaspace: 34125K->34125K(1081344K)], 0.2777152 secs] [Times: user=1.00 sys=0.00, real=0.28 secs] 
1193.195: [GC (Allocation Failure) --[PSYoungGen: 164046K->164046K(298496K)] 2794091K->2794091K(3029504K), 0.3339882 secs] [Times: user=1.19 sys=0.00, real=0.34 secs] 
1193.529: [Full GC (Ergonomics) [PSYoungGen: 164046K->163923K(298496K)] [ParOldGen: 2630045K->2630045K(2731008K)] 2794091K->2793968K(3029504K), [Metaspace: 34125K->34125K(1081344K)], 0.2841343 secs] [Times: user=1.01 sys=0.00, real=0.28 secs] 
1193.813: [GC (Allocation Failure) --[PSYoungGen: 163923K->163923K(298496K)] 2793968K->2793976K(3029504K), 0.2895552 secs] [Times: user=1.11 sys=0.00, real=0.29 secs] 
1194.103: [Full GC (Allocation Failure) [PSYoungGen: 163923K->163849K(298496K)] [ParOldGen: 2630053K->2630045K(2731008K)] 2793976K->2793895K(3029504K), [Metaspace: 34125K->34125K(1081344K)], 0.2657338 secs] [Times: user=0.95 sys=0.00, real=0.27 secs] 
1194.454: [GC (Allocation Failure) --[PSYoungGen: 164048K->164048K(298496K)] 2794093K->2794101K(3029504K), 0.3063307 secs] [Times: user=1.18 sys=0.00, real=0.31 secs] 
1194.760: [Full GC (Ergonomics) [PSYoungGen: 164048K->163923K(298496K)] [ParOldGen: 2630053K->2630045K(2731008K)] 2794101K->2793969K(3029504K), [Metaspace: 34128K->34128K(1081344K)], 0.3027088 secs] [Times: user=1.09 sys=0.00, real=0.30 secs] 
1195.063: [GC (Allocation Failure) --[PSYoungGen: 163923K->163923K(298496K)] 2793969K->2793985K(3029504K), 0.2972229 secs] [Times: user=1.14 sys=0.00, real=0.30 secs] 
1195.361: [Full GC (Allocation Failure) [PSYoungGen: 163923K->163850K(298496K)] [ParOldGen: 2630061K->2630045K(2731008K)] 2793985K->2793895K(3029504K), [Metaspace: 34128K->34128K(1081344K)], 0.2681252 secs] [Times: user=0.96 sys=0.00, real=0.27 secs] 
1195.715: [GC (Allocation Failure) --[PSYoungGen: 164046K->164046K(298496K)] 2794092K->2794092K(3029504K), 0.2833067 secs] [Times: user=1.08 sys=0.00, real=0.29 secs] 
1195.999: [Full GC (Ergonomics) [PSYoungGen: 164046K->163923K(298496K)] [ParOldGen: 2630045K->2630045K(2731008K)] 2794092K->2793969K(3029504K), [Metaspace: 34130K->34130K(1081344K)], 0.2548419 secs] [Times: user=0.89 sys=0.00, real=0.25 secs] 
1196.253: [GC (Allocation Failure) --[PSYoungGen: 163923K->163923K(298496K)] 2793969K->2793985K(3029504K), 0.2931254 secs] [Times: user=1.12 sys=0.00, real=0.30 secs] 
1196.547: [Full GC (Allocation Failure) [PSYoungGen: 163923K->163849K(298496K)] [ParOldGen: 2630061K->2630046K(2731008K)] 2793985K->2793895K(3029504K), [Metaspace: 34130K->34130K(1081344K)], 0.2510647 secs] [Times: user=0.89 sys=0.00, real=0.25 secs] 
1196.883: [GC (Allocation Failure) --[PSYoungGen: 164045K->164045K(298496K)] 2794091K->2794091K(3029504K), 0.2751071 secs] [Times: user=1.06 sys=0.00, real=0.28 secs] 
1197.159: [Full GC (Ergonomics) [PSYoungGen: 164045K->163922K(298496K)] [ParOldGen: 2630046K->2630046K(2731008K)] 2794091K->2793969K(3029504K), [Metaspace: 34130K->34130K(1081344K)], 0.2549307 secs] [Times: user=0.90 sys=0.00, real=0.25 secs] 
1197.414: [GC (Allocation Failure) --[PSYoungGen: 163922K->163922K(298496K)] 2793969K->2793985K(3029504K), 0.2716386 secs] [Times: user=1.05 sys=0.00, real=0.28 secs] 
1197.685: [Full GC (Allocation Failure) [PSYoungGen: 163922K->163849K(298496K)] [ParOldGen: 2630062K->2630046K(2731008K)] 2793985K->2793895K(3029504K), [Metaspace: 34130K->34130K(1081344K)], 0.2496184 secs] [Times: user=0.88 sys=0.00, real=0.24 secs] 
1198.021: [GC (Allocation Failure) --[PSYoungGen: 164045K->164045K(298496K)] 2794092K->2794092K(3029504K), 0.2845790 secs] [Times: user=1.09 sys=0.00, real=0.29 secs] 
1198.306: [Full GC (Ergonomics) [PSYoungGen: 164045K->163922K(298496K)] [ParOldGen: 2630046K->2630046K(2731008K)] 2794092K->2793969K(3029504K), [Metaspace: 34130K->34130K(1081344K)], 0.2606519 secs] [Times: user=0.93 sys=0.00, real=0.26 secs] 
1198.567: [GC (Allocation Failure) --[PSYoungGen: 163922K->163922K(298496K)] 2793969K->2793985K(3029504K), 0.2720879 secs] [Times: user=1.04 sys=0.00, real=0.27 secs] 
1198.839: [Full GC (Allocation Failure) [PSYoungGen: 163922K->163849K(298496K)] [ParOldGen: 2630062K->2630046K(2731008K)] 2793985K->2793895K(3029504K), [Metaspace: 34130K->34130K(1081344K)], 0.2645631 secs] [Times: user=0.95 sys=0.00, real=0.27 secs] 
1199.179: [GC (Allocation Failure) --[PSYoungGen: 164045K->164045K(298496K)] 2794092K->2794092K(3029504K), 0.2825971 secs] [Times: user=1.09 sys=0.00, real=0.28 secs] 
1199.461: [Full GC (Ergonomics) [PSYoungGen: 164045K->163922K(298496K)] [ParOldGen: 2630046K->2630046K(2731008K)] 2794092K->2793969K(3029504K), [Metaspace: 34130K->34130K(1081344K)], 0.2550602 secs] [Times: user=0.91 sys=0.00, real=0.26 secs] 
1199.716: [GC (Allocation Failure) --[PSYoungGen: 163922K->163922K(298496K)] 2793969K->2793985K(3029504K), 0.2716777 secs] [Times: user=1.04 sys=0.00, real=0.27 secs] 
1199.988: [Full GC (Allocation Failure) [PSYoungGen: 163922K->163849K(298496K)] [ParOldGen: 2630062K->2630046K(2731008K)] 2793985K->2793895K(3029504K), [Metaspace: 34130K->34130K(1081344K)], 0.2606133 secs] [Times: user=0.93 sys=0.00, real=0.26 secs] 
1200.344: [GC (Allocation Failure) --[PSYoungGen: 164045K->164045K(298496K)] 2794092K->2794092K(3029504K), 0.3034432 secs] [Times: user=1.16 sys=0.00, real=0.30 secs] 
1200.648: [Full GC (Ergonomics) [PSYoungGen: 164045K->163922K(298496K)] [ParOldGen: 2630046K->2630046K(2731008K)] 2794092K->2793969K(3029504K), [Metaspace: 34138K->34138K(1081344K)], 0.2648985 secs] [Times: user=0.94 sys=0.00, real=0.26 secs] 
1200.913: [GC (Allocation Failure) --[PSYoungGen: 163922K->163922K(298496K)] 2793969K->2793977K(3029504K), 0.2836982 secs] [Times: user=1.09 sys=0.00, real=0.29 secs] 
1201.197: [Full GC (Allocation Failure) [PSYoungGen: 163922K->163849K(298496K)] [ParOldGen: 2630054K->2630046K(2731008K)] 2793977K->2793895K(3029504K), [Metaspace: 34138K->34138K(1081344K)], 0.2513671 secs] [Times: user=0.89 sys=0.00, real=0.25 secs] 
1201.542: [GC (Allocation Failure) --[PSYoungGen: 164045K->164045K(298496K)] 2794092K->2794092K(3029504K), 0.3066058 secs] [Times: user=1.17 sys=0.00, real=0.31 secs] 
1201.849: [Full GC (Ergonomics) [PSYoungGen: 164045K->163922K(298496K)] [ParOldGen: 2630046K->2630046K(2731008K)] 2794092K->2793969K(3029504K), [Metaspace: 34138K->34138K(1081344K)], 0.2722910 secs] [Times: user=0.98 sys=0.00, real=0.27 secs] 
1202.122: [GC (Allocation Failure) --[PSYoungGen: 163922K->163922K(298496K)] 2793969K->2793977K(3029504K), 0.2819420 secs] [Times: user=1.08 sys=0.00, real=0.28 secs] 
1202.404: [Full GC (Allocation Failure) [PSYoungGen: 163922K->163849K(298496K)] [ParOldGen: 2630054K->2630046K(2731008K)] 2793977K->2793895K(3029504K), [Metaspace: 34138K->34138K(1081344K)], 0.2754696 secs] [Times: user=0.99 sys=0.00, real=0.28 secs] 
1202.772: [GC (Allocation Failure) --[PSYoungGen: 164045K->164045K(298496K)] 2794092K->2794092K(3029504K), 0.2852347 secs] [Times: user=1.09 sys=0.00, real=0.29 secs] 
1203.058: [Full GC (Ergonomics) [PSYoungGen: 164045K->163922K(298496K)] [ParOldGen: 2630046K->2630046K(2731008K)] 2794092K->2793969K(3029504K), [Metaspace: 34138K->34138K(1081344K)], 0.2634576 secs] [Times: user=0.94 sys=0.00, real=0.26 secs] 
1203.321: [GC (Allocation Failure) --[PSYoungGen: 163922K->163922K(298496K)] 2793969K->2793985K(3029504K), 0.2716435 secs] [Times: user=1.04 sys=0.00, real=0.27 secs] 
1203.593: [Full GC (Allocation Failure) [PSYoungGen: 163922K->163849K(298496K)] [ParOldGen: 2630062K->2630046K(2731008K)] 2793985K->2793895K(3029504K), [Metaspace: 34138K->34138K(1081344K)], 0.2553664 secs] [Times: user=0.91 sys=0.00, real=0.26 secs] 
1203.957: [GC (Allocation Failure) --[PSYoungGen: 164045K->164045K(298496K)] 2794091K->2794091K(3029504K), 0.2856063 secs] [Times: user=1.08 sys=0.00, real=0.28 secs] 
1204.242: [Full GC (Ergonomics) [PSYoungGen: 164045K->163922K(298496K)] [ParOldGen: 2630046K->2630046K(2731008K)] 2794091K->2793969K(3029504K), [Metaspace: 34138K->34138K(1081344K)], 0.2620969 secs] [Times: user=0.94 sys=0.00, real=0.27 secs] 
1204.504: [GC (Allocation Failure) --[PSYoungGen: 163922K->163922K(298496K)] 2793969K->2793985K(3029504K), 0.2777671 secs] [Times: user=1.06 sys=0.00, real=0.27 secs] 
1204.782: [Full GC (Allocation Failure) [PSYoungGen: 163922K->163849K(298496K)] [ParOldGen: 2630062K->2630046K(2731008K)] 2793985K->2793895K(3029504K), [Metaspace: 34138K->34138K(1081344K)], 0.2593147 secs] [Times: user=0.93 sys=0.00, real=0.26 secs] 
1205.141: [GC (Allocation Failure) --[PSYoungGen: 164045K->164045K(298496K)] 2794092K->2794092K(3029504K), 0.2841261 secs] [Times: user=1.08 sys=0.00, real=0.29 secs] 
1205.426: [Full GC (Ergonomics) [PSYoungGen: 164045K->163922K(298496K)] [ParOldGen: 2630046K->2630046K(2731008K)] 2794092K->2793969K(3029504K), [Metaspace: 34138K->34138K(1081344K)], 0.2562212 secs] [Times: user=0.91 sys=0.00, real=0.25 secs] 
1205.682: [GC (Allocation Failure) --[PSYoungGen: 163922K->163922K(298496K)] 2793969K->2793985K(3029504K), 0.2724154 secs] [Times: user=1.04 sys=0.00, real=0.27 secs] 
1205.954: [Full GC (Allocation Failure) [PSYoungGen: 163922K->163849K(298496K)] [ParOldGen: 2630062K->2630046K(2731008K)] 2793985K->2793895K(3029504K), [Metaspace: 34138K->34138K(1081344K)], 0.2545536 secs] [Times: user=0.91 sys=0.00, real=0.26 secs] 
1206.294: [GC (Allocation Failure) --[PSYoungGen: 164045K->164045K(298496K)] 2794091K->2794091K(3029504K), 0.3352983 secs] [Times: user=1.25 sys=0.00, real=0.34 secs] 
1206.629: [Full GC (Ergonomics) [PSYoungGen: 164045K->163922K(298496K)] [ParOldGen: 2630046K->2630046K(2731008K)] 2794091K->2793969K(3029504K), [Metaspace: 34138K->34138K(1081344K)], 0.2575073 secs] [Times: user=0.92 sys=0.00, real=0.26 secs] 
1206.887: [GC (Allocation Failure) --[PSYoungGen: 163922K->163922K(298496K)] 2793969K->2793977K(3029504K), 0.2712630 secs] [Times: user=1.04 sys=0.00, real=0.27 secs] 
1207.158: [Full GC (Allocation Failure) [PSYoungGen: 163922K->163849K(298496K)] [ParOldGen: 2630054K->2630046K(2731008K)] 2793977K->2793895K(3029504K), [Metaspace: 34138K->34138K(1081344K)], 0.2517853 secs] [Times: user=0.90 sys=0.00, real=0.25 secs] 
1207.478: [GC (Allocation Failure) --[PSYoungGen: 164045K->164045K(298496K)] 2794092K->2794092K(3029504K), 0.2762259 secs] [Times: user=1.05 sys=0.00, real=0.27 secs] 
1207.754: [Full GC (Ergonomics) [PSYoungGen: 164045K->163922K(298496K)] [ParOldGen: 2630046K->2630046K(2731008K)] 2794092K->2793969K(3029504K), [Metaspace: 34138K->34138K(1081344K)], 0.2584942 secs] [Times: user=0.92 sys=0.00, real=0.26 secs] 
1208.013: [GC (Allocation Failure) --[PSYoungGen: 163922K->163922K(298496K)] 2793969K->2793977K(3029504K), 0.2704272 secs] [Times: user=0.97 sys=0.00, real=0.27 secs] 
1208.283: [Full GC (Allocation Failure) [PSYoungGen: 163922K->163849K(298496K)] [ParOldGen: 2630054K->2630046K(2731008K)] 2793977K->2793895K(3029504K), [Metaspace: 34138K->34138K(1081344K)], 0.2728948 secs] [Times: user=0.98 sys=0.00, real=0.28 secs] 
1208.647: [GC (Allocation Failure) --[PSYoungGen: 164045K->164045K(298496K)] 2794091K->2794091K(3029504K), 0.2945580 secs] [Times: user=1.13 sys=0.00, real=0.29 secs] 
1208.942: [Full GC (Ergonomics) [PSYoungGen: 164045K->163922K(298496K)] [ParOldGen: 2630046K->2630046K(2731008K)] 2794091K->2793969K(3029504K), [Metaspace: 34138K->34138K(1081344K)], 0.2590212 secs] [Times: user=0.93 sys=0.00, real=0.26 secs] 
1209.201: [GC (Allocation Failure) --[PSYoungGen: 163922K->163922K(298496K)] 2793969K->2793977K(3029504K), 0.2752544 secs] [Times: user=1.05 sys=0.00, real=0.28 secs] 
1209.476: [Full GC (Allocation Failure) [PSYoungGen: 163922K->163849K(298496K)] [ParOldGen: 2630054K->2630046K(2731008K)] 2793977K->2793895K(3029504K), [Metaspace: 34138K->34138K(1081344K)], 0.3079649 secs] [Times: user=1.12 sys=0.00, real=0.31 secs] 
1209.861: [GC (Allocation Failure) --[PSYoungGen: 164045K->164045K(298496K)] 2794091K->2794091K(3029504K), 0.3089784 secs] [Times: user=1.18 sys=0.00, real=0.31 secs] 
1210.170: [Full GC (Ergonomics) [PSYoungGen: 164045K->163922K(298496K)] [ParOldGen: 2630046K->2630046K(2731008K)] 2794091K->2793969K(3029504K), [Metaspace: 34138K->34138K(1081344K)], 0.2556266 secs] [Times: user=0.92 sys=0.00, real=0.26 secs] 
1210.426: [GC (Allocation Failure) --[PSYoungGen: 163922K->163922K(298496K)] 2793969K->2793985K(3029504K), 0.2715809 secs] [Times: user=1.04 sys=0.00, real=0.27 secs] 
1210.697: [Full GC (Allocation Failure) [PSYoungGen: 163922K->163849K(298496K)] [ParOldGen: 2630062K->2630046K(2731008K)] 2793985K->2793895K(3029504K), [Metaspace: 34138K->34138K(1081344K)], 0.2531802 secs] [Times: user=0.89 sys=0.00, real=0.25 secs] 
1211.030: [GC (Allocation Failure) --[PSYoungGen: 164047K->164047K(298496K)] 2794093K->2794101K(3029504K), 0.2740425 secs] [Times: user=1.05 sys=0.00, real=0.28 secs] 
1211.304: [Full GC (Ergonomics) [PSYoungGen: 164047K->163923K(298496K)] [ParOldGen: 2630054K->2630046K(2731008K)] 2794101K->2793969K(3029504K), [Metaspace: 34142K->34142K(1081344K)], 0.2547218 secs] [Times: user=0.91 sys=0.00, real=0.25 secs] 
1211.559: [GC (Allocation Failure) --[PSYoungGen: 163923K->163923K(298496K)] 2793969K->2793977K(3029504K), 0.2710019 secs] [Times: user=1.04 sys=0.00, real=0.27 secs] 
1211.830: [Full GC (Allocation Failure) [PSYoungGen: 163923K->163849K(298496K)] [ParOldGen: 2630054K->2630046K(2731008K)] 2793977K->2793896K(3029504K), [Metaspace: 34142K->34142K(1081344K)], 0.2496807 secs] [Times: user=0.89 sys=0.00, real=0.25 secs] 
1212.167: [GC (Allocation Failure) --[PSYoungGen: 164045K->164045K(298496K)] 2794092K->2794092K(3029504K), 0.3265333 secs] [Times: user=1.24 sys=0.00, real=0.32 secs] 
1212.494: [Full GC (Ergonomics) [PSYoungGen: 164045K->163923K(298496K)] [ParOldGen: 2630046K->2630046K(2731008K)] 2794092K->2793969K(3029504K), [Metaspace: 34144K->34144K(1081344K)], 0.2574239 secs] [Times: user=0.91 sys=0.00, real=0.26 secs] 
1212.751: [GC (Allocation Failure) --[PSYoungGen: 163923K->163923K(298496K)] 2793969K->2793985K(3029504K), 0.2749671 secs] [Times: user=1.06 sys=0.00, real=0.28 secs] 
1213.027: [Full GC (Allocation Failure) [PSYoungGen: 163923K->163849K(298496K)] [ParOldGen: 2630062K->2630046K(2731008K)] 2793985K->2793896K(3029504K), [Metaspace: 34144K->34144K(1081344K)], 0.2511151 secs] [Times: user=0.89 sys=0.00, real=0.25 secs] 
1213.351: [GC (Allocation Failure) --[PSYoungGen: 164047K->164047K(298496K)] 2794094K->2794102K(3029504K), 0.2744244 secs] [Times: user=1.05 sys=0.00, real=0.28 secs] 
1213.626: [Full GC (Ergonomics) [PSYoungGen: 164047K->163923K(298496K)] [ParOldGen: 2630054K->2630046K(2731008K)] 2794102K->2793970K(3029504K), [Metaspace: 34155K->34155K(1081344K)], 0.2639675 secs] [Times: user=0.94 sys=0.00, real=0.26 secs] 
1213.890: [GC (Allocation Failure) --[PSYoungGen: 163923K->163923K(298496K)] 2793970K->2793986K(3029504K), 0.2729755 secs] [Times: user=1.05 sys=0.00, real=0.27 secs] 
1214.163: [Full GC (Allocation Failure) [PSYoungGen: 163923K->163849K(298496K)] [ParOldGen: 2630062K->2630046K(2731008K)] 2793986K->2793896K(3029504K), [Metaspace: 34155K->34155K(1081344K)], 0.2506311 secs] [Times: user=0.89 sys=0.00, real=0.25 secs] 
1214.504: [GC (Allocation Failure) --[PSYoungGen: 164046K->164046K(298496K)] 2794092K->2794100K(3029504K), 0.2769927 secs] [Times: user=1.05 sys=0.00, real=0.27 secs] 
1214.781: [Full GC (Ergonomics) [PSYoungGen: 164046K->163923K(298496K)] [ParOldGen: 2630054K->2630046K(2731008K)] 2794100K->2793970K(3029504K), [Metaspace: 34157K->34157K(1081344K)], 0.2662686 secs] [Times: user=0.95 sys=0.00, real=0.27 secs] 
1215.048: [GC (Allocation Failure) --[PSYoungGen: 163923K->163923K(298496K)] 2793970K->2793986K(3029504K), 0.2747660 secs] [Times: user=1.05 sys=0.00, real=0.27 secs] 
1215.323: [Full GC (Allocation Failure) [PSYoungGen: 163923K->163849K(298496K)] [ParOldGen: 2630062K->2630047K(2731008K)] 2793986K->2793896K(3029504K), [Metaspace: 34157K->34157K(1081344K)], 0.3382634 secs] [Times: user=1.23 sys=0.00, real=0.34 secs] 
1215.735: [GC (Allocation Failure) --[PSYoungGen: 164045K->164045K(298496K)] 2794092K->2794092K(3029504K), 0.3482110 secs] [Times: user=1.28 sys=0.00, real=0.35 secs] 
1216.083: [Full GC (Ergonomics) [PSYoungGen: 164045K->163923K(298496K)] [ParOldGen: 2630047K->2630047K(2731008K)] 2794092K->2793970K(3029504K), [Metaspace: 34157K->34157K(1081344K)], 0.2992263 secs] [Times: user=1.07 sys=0.00, real=0.30 secs] 
1216.383: [GC (Allocation Failure) --[PSYoungGen: 163923K->163923K(298496K)] 2793970K->2793986K(3029504K), 0.2966084 secs] [Times: user=1.14 sys=0.00, real=0.30 secs] 
1216.679: [Full GC (Allocation Failure) [PSYoungGen: 163923K->163849K(298496K)] [ParOldGen: 2630063K->2630047K(2731008K)] 2793986K->2793896K(3029504K), [Metaspace: 34157K->34157K(1081344K)], 0.2773179 secs] [Times: user=1.00 sys=0.00, real=0.28 secs] 
1217.042: [GC (Allocation Failure) --[PSYoungGen: 164047K->164047K(298496K)] 2794094K->2794102K(3029504K), 0.3499680 secs] [Times: user=1.34 sys=0.00, real=0.35 secs] 
1217.392: [Full GC (Ergonomics) [PSYoungGen: 164047K->163923K(298496K)] [ParOldGen: 2630055K->2630047K(2731008K)] 2794102K->2793970K(3029504K), [Metaspace: 34163K->34163K(1081344K)], 0.3297235 secs] [Times: user=1.18 sys=0.00, real=0.33 secs] 
1217.722: [GC (Allocation Failure) --[PSYoungGen: 163923K->163923K(298496K)] 2793970K->2793994K(3029504K), 0.3271851 secs] [Times: user=1.25 sys=0.00, real=0.33 secs] 
1218.050: [Full GC (Allocation Failure) [PSYoungGen: 163923K->163849K(298496K)] [ParOldGen: 2630071K->2630047K(2731008K)] 2793994K->2793897K(3029504K), [Metaspace: 34163K->34163K(1081344K)], 0.3443707 secs] [Times: user=1.26 sys=0.00, real=0.34 secs] 
1218.456: [GC (Allocation Failure) --[PSYoungGen: 164045K->164045K(298496K)] 2794093K->2794093K(3029504K), 0.3796225 secs] [Times: user=1.44 sys=0.00, real=0.38 secs] 
1218.836: [Full GC (Ergonomics) [PSYoungGen: 164045K->163923K(298496K)] [ParOldGen: 2630047K->2630047K(2731008K)] 2794093K->2793970K(3029504K), [Metaspace: 34163K->34163K(1081344K)], 0.3288224 secs] [Times: user=1.20 sys=0.00, real=0.33 secs] 
1219.165: [GC (Allocation Failure) --[PSYoungGen: 163923K->163923K(298496K)] 2793970K->2793986K(3029504K), 0.2982836 secs] [Times: user=1.14 sys=0.00, real=0.29 secs] 
1219.463: [Full GC (Allocation Failure) [PSYoungGen: 163923K->163849K(298496K)] [ParOldGen: 2630063K->2630047K(2731008K)] 2793986K->2793897K(3029504K), [Metaspace: 34163K->34163K(1081344K)], 0.2871379 secs] [Times: user=1.03 sys=0.00, real=0.29 secs] 
1219.825: [GC (Allocation Failure) --[PSYoungGen: 164095K->164095K(298496K)] 2794143K->2794143K(3029504K), 0.3029593 secs] [Times: user=1.16 sys=0.00, real=0.30 secs] 
1220.128: [Full GC (Ergonomics) [PSYoungGen: 164095K->163924K(298496K)] [ParOldGen: 2630047K->2630047K(2731008K)] 2794143K->2793971K(3029504K), [Metaspace: 34167K->34167K(1081344K)], 0.2767706 secs] [Times: user=0.99 sys=0.00, real=0.28 secs] 
1220.405: [GC (Allocation Failure) --[PSYoungGen: 163924K->163924K(298496K)] 2793971K->2793987K(3029504K), 0.2839436 secs] [Times: user=1.09 sys=0.00, real=0.28 secs] 
1220.689: [Full GC (Allocation Failure) [PSYoungGen: 163924K->163850K(298496K)] [ParOldGen: 2630063K->2630047K(2731008K)] 2793987K->2793898K(3029504K), [Metaspace: 34167K->34167K(1081344K)], 0.2791996 secs] [Times: user=1.00 sys=0.00, real=0.28 secs] 
1221.041: [GC (Allocation Failure) --[PSYoungGen: 164046K->164046K(298496K)] 2794094K->2794102K(3029504K), 0.3371544 secs] [Times: user=1.26 sys=0.00, real=0.34 secs] 
1221.378: [Full GC (Ergonomics) [PSYoungGen: 164046K->163924K(298496K)] [ParOldGen: 2630055K->2630047K(2731008K)] 2794102K->2793971K(3029504K), [Metaspace: 34168K->34168K(1081344K)], 0.2838539 secs] [Times: user=1.02 sys=0.00, real=0.28 secs] 
1221.662: [GC (Allocation Failure) --[PSYoungGen: 163924K->163924K(298496K)] 2793971K->2793995K(3029504K), 0.2972061 secs] [Times: user=1.14 sys=0.00, real=0.30 secs] 
1221.959: [Full GC (Allocation Failure) [PSYoungGen: 163924K->163850K(298496K)] [ParOldGen: 2630071K->2630048K(2731008K)] 2793995K->2793898K(3029504K), [Metaspace: 34168K->34168K(1081344K)], 0.2788439 secs] [Times: user=1.00 sys=0.00, real=0.28 secs] 
1222.331: [GC (Allocation Failure) --[PSYoungGen: 164046K->164046K(298496K)] 2794094K->2794094K(3029504K), 0.3070155 secs] [Times: user=1.18 sys=0.00, real=0.31 secs] 
1222.638: [Full GC (Ergonomics) [PSYoungGen: 164046K->163923K(298496K)] [ParOldGen: 2630048K->2630047K(2731008K)] 2794094K->2793971K(3029504K), [Metaspace: 34168K->34168K(1081344K)], 0.2803254 secs] [Times: user=1.00 sys=0.00, real=0.28 secs] 
1222.918: [GC (Allocation Failure) --[PSYoungGen: 163923K->163923K(298496K)] 2793971K->2793987K(3029504K), 0.2812915 secs] [Times: user=1.08 sys=0.00, real=0.28 secs] 
1223.200: [Full GC (Allocation Failure) [PSYoungGen: 163923K->163850K(298496K)] [ParOldGen: 2630063K->2630048K(2731008K)] 2793987K->2793898K(3029504K), [Metaspace: 34168K->34168K(1081344K)], 0.2715236 secs] [Times: user=0.97 sys=0.00, real=0.27 secs] 
1223.561: [GC (Allocation Failure) --[PSYoungGen: 164045K->164045K(298496K)] 2794093K->2794093K(3029504K), 0.3542867 secs] [Times: user=1.34 sys=0.00, real=0.35 secs] 
1223.915: [Full GC (Ergonomics) [PSYoungGen: 164045K->163923K(298496K)] [ParOldGen: 2630048K->2630047K(2731008K)] 2794093K->2793971K(3029504K), [Metaspace: 34168K->34168K(1081344K)], 0.2777641 secs] [Times: user=0.99 sys=0.00, real=0.28 secs] 
1224.193: [GC (Allocation Failure) --[PSYoungGen: 163923K->163923K(298496K)] 2793971K->2793987K(3029504K), 0.2924426 secs] [Times: user=1.12 sys=0.00, real=0.30 secs] 
1224.486: [Full GC (Allocation Failure) [PSYoungGen: 163923K->163849K(298496K)] [ParOldGen: 2630063K->2630049K(2731008K)] 2793987K->2793898K(3029504K), [Metaspace: 34168K->34168K(1081344K)], 0.2513990 secs] [Times: user=0.89 sys=0.00, real=0.25 secs] 
1224.822: [GC (Allocation Failure) --[PSYoungGen: 164045K->164045K(298496K)] 2794094K->2794094K(3029504K), 0.2892740 secs] [Times: user=1.11 sys=0.00, real=0.29 secs] 
1225.112: [Full GC (Ergonomics) [PSYoungGen: 164045K->163922K(298496K)] [ParOldGen: 2630049K->2630048K(2731008K)] 2794094K->2793971K(3029504K), [Metaspace: 34168K->34168K(1081344K)], 0.2721529 secs] [Times: user=0.98 sys=0.00, real=0.28 secs] 
1225.384: [GC (Allocation Failure) --[PSYoungGen: 163922K->163922K(298496K)] 2793971K->2793987K(3029504K), 0.2889877 secs] [Times: user=1.11 sys=0.00, real=0.28 secs] 
1225.673: [Full GC (Allocation Failure) [PSYoungGen: 163922K->163849K(298496K)] [ParOldGen: 2630064K->2630049K(2731008K)] 2793987K->2793898K(3029504K), [Metaspace: 34168K->34168K(1081344K)], 0.2896469 secs] [Times: user=1.04 sys=0.00, real=0.29 secs] 
1226.037: [GC (Allocation Failure) --[PSYoungGen: 164045K->164045K(298496K)] 2794094K->2794094K(3029504K), 0.2900551 secs] [Times: user=1.11 sys=0.00, real=0.29 secs] 
1226.327: [Full GC (Ergonomics) [PSYoungGen: 164045K->163923K(298496K)] [ParOldGen: 2630049K->2630048K(2731008K)] 2794094K->2793972K(3029504K), [Metaspace: 34168K->34168K(1081344K)], 0.2688943 secs] [Times: user=0.96 sys=0.00, real=0.27 secs] 
1226.596: [GC (Allocation Failure) --[PSYoungGen: 163923K->163923K(298496K)] 2793972K->2793980K(3029504K), 0.2851678 secs] [Times: user=1.09 sys=0.00, real=0.28 secs] 
1226.882: [Full GC (Allocation Failure) [PSYoungGen: 163923K->163849K(298496K)] [ParOldGen: 2630056K->2630049K(2731008K)] 2793980K->2793898K(3029504K), [Metaspace: 34168K->34168K(1081344K)], 0.2796083 secs] [Times: user=1.00 sys=0.00, real=0.28 secs] 
1227.273: [GC (Allocation Failure) --[PSYoungGen: 164046K->164046K(298496K)] 2794095K->2794095K(3029504K), 0.3294379 secs] [Times: user=1.16 sys=0.00, real=0.33 secs] 
1227.603: [Full GC (Ergonomics) [PSYoungGen: 164046K->163923K(298496K)] [ParOldGen: 2630049K->2630048K(2731008K)] 2794095K->2793972K(3029504K), [Metaspace: 34168K->34168K(1081344K)], 0.3034474 secs] [Times: user=1.09 sys=0.00, real=0.31 secs] 
1227.907: [GC (Allocation Failure) --[PSYoungGen: 163923K->163923K(298496K)] 2793972K->2793988K(3029504K), 0.2846160 secs] [Times: user=1.10 sys=0.00, real=0.28 secs] 
1228.191: [Full GC (Allocation Failure) [PSYoungGen: 163923K->163849K(298496K)] [ParOldGen: 2630064K->2630049K(2731008K)] 2793988K->2793898K(3029504K), [Metaspace: 34168K->34168K(1081344K)], 0.2653979 secs] [Times: user=0.94 sys=0.00, real=0.27 secs] 
1228.528: [GC (Allocation Failure) --[PSYoungGen: 164046K->164046K(298496K)] 2794095K->2794095K(3029504K), 0.2870834 secs] [Times: user=1.10 sys=0.00, real=0.28 secs] 
1228.815: [Full GC (Ergonomics) [PSYoungGen: 164046K->163923K(298496K)] [ParOldGen: 2630049K->2630048K(2731008K)] 2794095K->2793972K(3029504K), [Metaspace: 34169K->34169K(1081344K)], 0.2870267 secs] [Times: user=1.02 sys=0.00, real=0.29 secs] 
1229.102: [GC (Allocation Failure) --[PSYoungGen: 163923K->163923K(298496K)] 2793972K->2793988K(3029504K), 0.2814027 secs] [Times: user=1.07 sys=0.00, real=0.28 secs] 
1229.383: [Full GC (Allocation Failure) [PSYoungGen: 163923K->163849K(298496K)] [ParOldGen: 2630064K->2630049K(2731008K)] 2793988K->2793898K(3029504K), [Metaspace: 34169K->34169K(1081344K)], 0.2673650 secs] [Times: user=0.96 sys=0.00, real=0.27 secs] 
1229.758: [GC (Allocation Failure) --[PSYoungGen: 164046K->164046K(298496K)] 2794095K->2794095K(3029504K), 0.3256167 secs] [Times: user=1.24 sys=0.00, real=0.32 secs] 
1230.083: [Full GC (Ergonomics) [PSYoungGen: 164046K->163923K(298496K)] [ParOldGen: 2630049K->2630048K(2731008K)] 2794095K->2793972K(3029504K), [Metaspace: 34177K->34177K(1081344K)], 0.2639278 secs] [Times: user=0.94 sys=0.00, real=0.27 secs] 
1230.347: [GC (Allocation Failure) --[PSYoungGen: 163923K->163923K(298496K)] 2793972K->2793988K(3029504K), 0.2824911 secs] [Times: user=1.08 sys=0.00, real=0.28 secs] 
1230.630: [Full GC (Allocation Failure) [PSYoungGen: 163923K->163849K(298496K)] [ParOldGen: 2630064K->2630049K(2731008K)] 2793988K->2793898K(3029504K), [Metaspace: 34177K->34177K(1081344K)], 0.2570832 secs] [Times: user=0.92 sys=0.00, real=0.26 secs] 
1230.987: [GC (Allocation Failure) --[PSYoungGen: 164046K->164046K(298496K)] 2794096K->2794096K(3029504K), 0.2914412 secs] [Times: user=1.12 sys=0.00, real=0.29 secs] 
1231.279: [Full GC (Ergonomics) [PSYoungGen: 164046K->163922K(298496K)] [ParOldGen: 2630049K->2630049K(2731008K)] 2794096K->2793972K(3029504K), [Metaspace: 34179K->34179K(1081344K)], 0.2611272 secs] [Times: user=0.93 sys=0.00, real=0.26 secs] 
1231.540: [GC (Allocation Failure) --[PSYoungGen: 163922K->163922K(298496K)] 2793972K->2793988K(3029504K), 0.2823070 secs] [Times: user=1.08 sys=0.00, real=0.28 secs] 
1231.823: [Full GC (Allocation Failure) [PSYoungGen: 163922K->163849K(298496K)] [ParOldGen: 2630065K->2630049K(2731008K)] 2793988K->2793898K(3029504K), [Metaspace: 34179K->34179K(1081344K)], 0.2582694 secs] [Times: user=0.92 sys=0.00, real=0.26 secs] 
1232.156: [GC (Allocation Failure) --[PSYoungGen: 164045K->164045K(298496K)] 2794095K->2794095K(3029504K), 0.2862339 secs] [Times: user=1.09 sys=0.00, real=0.28 secs] 
1232.443: [Full GC (Ergonomics) [PSYoungGen: 164045K->163922K(298496K)] [ParOldGen: 2630049K->2630049K(2731008K)] 2794095K->2793972K(3029504K), [Metaspace: 34179K->34179K(1081344K)], 0.2616285 secs] [Times: user=0.92 sys=0.00, real=0.27 secs] 
1232.704: [GC (Allocation Failure) --[PSYoungGen: 163922K->163922K(298496K)] 2793972K->2793980K(3029504K), 0.2790636 secs] [Times: user=1.07 sys=0.00, real=0.27 secs] 
1232.983: [Full GC (Allocation Failure) [PSYoungGen: 163922K->163849K(298496K)] [ParOldGen: 2630057K->2630049K(2731008K)] 2793980K->2793898K(3029504K), [Metaspace: 34179K->34179K(1081344K)], 0.2572116 secs] [Times: user=0.91 sys=0.00, real=0.26 secs] 
1233.356: [GC (Allocation Failure) --[PSYoungGen: 164045K->164045K(298496K)] 2794095K->2794095K(3029504K), 0.3277563 secs] [Times: user=1.26 sys=0.00, real=0.33 secs] 
1233.684: [Full GC (Ergonomics) [PSYoungGen: 164045K->163922K(298496K)] [ParOldGen: 2630049K->2630049K(2731008K)] 2794095K->2793972K(3029504K), [Metaspace: 34179K->34179K(1081344K)], 0.2657562 secs] [Times: user=0.95 sys=0.00, real=0.27 secs] 
1233.950: [GC (Allocation Failure) --[PSYoungGen: 163922K->163922K(298496K)] 2793972K->2793988K(3029504K), 0.2742668 secs] [Times: user=1.05 sys=0.00, real=0.28 secs] 
1234.224: [Full GC (Allocation Failure) [PSYoungGen: 163922K->163849K(298496K)] [ParOldGen: 2630065K->2630049K(2731008K)] 2793988K->2793898K(3029504K), [Metaspace: 34179K->34179K(1081344K)], 0.2613767 secs] [Times: user=0.93 sys=0.00, real=0.26 secs] 
1234.586: [GC (Allocation Failure) --[PSYoungGen: 164045K->164045K(298496K)] 2794095K->2794095K(3029504K), 0.3143338 secs] [Times: user=1.20 sys=0.00, real=0.31 secs] 
1234.901: [Full GC (Ergonomics) [PSYoungGen: 164045K->163922K(298496K)] [ParOldGen: 2630049K->2630049K(2731008K)] 2794095K->2793972K(3029504K), [Metaspace: 34179K->34179K(1081344K)], 0.2743853 secs] [Times: user=0.98 sys=0.00, real=0.27 secs] 
1235.175: [GC (Allocation Failure) --[PSYoungGen: 163922K->163922K(298496K)] 2793972K->2793980K(3029504K), 0.2723821 secs] [Times: user=1.05 sys=0.00, real=0.28 secs] 
1235.448: [Full GC (Allocation Failure) [PSYoungGen: 163922K->163849K(298496K)] [ParOldGen: 2630057K->2630049K(2731008K)] 2793980K->2793898K(3029504K), [Metaspace: 34179K->34179K(1081344K)], 0.2599506 secs] [Times: user=0.92 sys=0.00, real=0.26 secs] 
1235.816: [GC (Allocation Failure) --[PSYoungGen: 164045K->164045K(298496K)] 2794095K->2794095K(3029504K), 0.2913240 secs] [Times: user=1.12 sys=0.00, real=0.29 secs] 
1236.107: [Full GC (Ergonomics) [PSYoungGen: 164045K->163922K(298496K)] [ParOldGen: 2630049K->2630049K(2731008K)] 2794095K->2793972K(3029504K), [Metaspace: 34179K->34179K(1081344K)], 0.2609464 secs] [Times: user=0.93 sys=0.00, real=0.26 secs] 
1236.368: [GC (Allocation Failure) --[PSYoungGen: 163922K->163922K(298496K)] 2793972K->2793980K(3029504K), 0.2829270 secs] [Times: user=1.09 sys=0.00, real=0.28 secs] 
1236.651: [Full GC (Allocation Failure) [PSYoungGen: 163922K->163849K(298496K)] [ParOldGen: 2630057K->2630049K(2731008K)] 2793980K->2793898K(3029504K), [Metaspace: 34179K->34179K(1081344K)], 0.2561443 secs] [Times: user=0.91 sys=0.00, real=0.26 secs] 
1236.938: [GC (Allocation Failure) --[PSYoungGen: 164045K->164045K(298496K)] 2794095K->2794095K(3029504K), 0.3069393 secs] [Times: user=1.16 sys=0.00, real=0.31 secs] 
1237.245: [Full GC (Ergonomics) [PSYoungGen: 164045K->163922K(298496K)] [ParOldGen: 2630049K->2630049K(2731008K)] 2794095K->2793972K(3029504K), [Metaspace: 34179K->34179K(1081344K)], 0.2631732 secs] [Times: user=0.94 sys=0.00, real=0.26 secs] 
1237.508: [GC (Allocation Failure) --[PSYoungGen: 163922K->163922K(298496K)] 2793972K->2793988K(3029504K), 0.2779198 secs] [Times: user=1.06 sys=0.00, real=0.28 secs] 
1237.786: [Full GC (Allocation Failure) [PSYoungGen: 163922K->163849K(298496K)] [ParOldGen: 2630065K->2630049K(2731008K)] 2793988K->2793898K(3029504K), [Metaspace: 34179K->34179K(1081344K)], 0.2613522 secs] [Times: user=0.94 sys=0.00, real=0.26 secs] 
1238.124: [GC (Allocation Failure) --[PSYoungGen: 164045K->164045K(298496K)] 2794095K->2794095K(3029504K), 0.2846123 secs] [Times: user=1.09 sys=0.00, real=0.28 secs] 
1238.409: [Full GC (Ergonomics) [PSYoungGen: 164045K->163922K(298496K)] [ParOldGen: 2630049K->2630049K(2731008K)] 2794095K->2793972K(3029504K), [Metaspace: 34179K->34179K(1081344K)], 0.2561756 secs] [Times: user=0.92 sys=0.00, real=0.26 secs] 
1238.665: [GC (Allocation Failure) --[PSYoungGen: 163922K->163922K(298496K)] 2793972K->2793988K(3029504K), 0.2753009 secs] [Times: user=1.05 sys=0.00, real=0.27 secs] 
1238.940: [Full GC (Allocation Failure) [PSYoungGen: 163922K->163849K(298496K)] [ParOldGen: 2630065K->2630049K(2731008K)] 2793988K->2793898K(3029504K), [Metaspace: 34179K->34179K(1081344K)], 0.2717109 secs] [Times: user=0.96 sys=0.00, real=0.27 secs] 
1239.291: [GC (Allocation Failure) --[PSYoungGen: 164046K->164046K(298496K)] 2794096K->2794096K(3029504K), 0.3678667 secs] [Times: user=1.35 sys=0.00, real=0.37 secs] 
1239.659: [Full GC (Ergonomics) [PSYoungGen: 164046K->163923K(298496K)] [ParOldGen: 2630049K->2630049K(2731008K)] 2794096K->2793973K(3029504K), [Metaspace: 34179K->34179K(1081344K)], 0.2724313 secs] [Times: user=0.97 sys=0.00, real=0.27 secs] 
1239.932: [GC (Allocation Failure) --[PSYoungGen: 163923K->163923K(298496K)] 2793973K->2793981K(3029504K), 0.2728429 secs] [Times: user=1.04 sys=0.00, real=0.28 secs] 
1240.205: [Full GC (Allocation Failure) [PSYoungGen: 163923K->163849K(298496K)] [ParOldGen: 2630057K->2630049K(2731008K)] 2793981K->2793899K(3029504K), [Metaspace: 34179K->34179K(1081344K)], 0.2609536 secs] [Times: user=0.93 sys=0.00, real=0.26 secs] 
1240.552: [GC (Allocation Failure) --[PSYoungGen: 164046K->164046K(298496K)] 2794095K->2794095K(3029504K), 0.2822958 secs] [Times: user=1.08 sys=0.00, real=0.28 secs] 
1240.834: [Full GC (Ergonomics) [PSYoungGen: 164046K->163923K(298496K)] [ParOldGen: 2630049K->2630049K(2731008K)] 2794095K->2793973K(3029504K), [Metaspace: 34179K->34179K(1081344K)], 0.2575668 secs] [Times: user=0.92 sys=0.00, real=0.26 secs] 
1241.092: [GC (Allocation Failure) --[PSYoungGen: 163923K->163923K(298496K)] 2793973K->2793989K(3029504K), 0.2726948 secs] [Times: user=1.04 sys=0.00, real=0.28 secs] 
1241.364: [Full GC (Allocation Failure) [PSYoungGen: 163923K->163849K(298496K)] [ParOldGen: 2630065K->2630049K(2731008K)] 2793989K->2793899K(3029504K), [Metaspace: 34179K->34179K(1081344K)], 0.2551527 secs] [Times: user=0.91 sys=0.00, real=0.25 secs] 
1241.689: [GC (Allocation Failure) --[PSYoungGen: 164046K->164046K(298496K)] 2794095K->2794095K(3029504K), 0.2788159 secs] [Times: user=1.07 sys=0.00, real=0.28 secs] 
1241.968: [Full GC (Ergonomics) [PSYoungGen: 164046K->163923K(298496K)] [ParOldGen: 2630049K->2630049K(2731008K)] 2794095K->2793973K(3029504K), [Metaspace: 34179K->34179K(1081344K)], 0.2762858 secs] [Times: user=0.99 sys=0.00, real=0.28 secs] 
1242.244: [GC (Allocation Failure) --[PSYoungGen: 163923K->163923K(298496K)] 2793973K->2793981K(3029504K), 0.2835534 secs] [Times: user=1.08 sys=0.00, real=0.28 secs] 
1242.528: [Full GC (Allocation Failure) [PSYoungGen: 163923K->163849K(298496K)] [ParOldGen: 2630057K->2630049K(2731008K)] 2793981K->2793899K(3029504K), [Metaspace: 34179K->34179K(1081344K)], 0.2690744 secs] [Times: user=0.97 sys=0.00, real=0.27 secs] 
1242.875: [GC (Allocation Failure) --[PSYoungGen: 164046K->164046K(298496K)] 2794096K->2794096K(3029504K), 0.3598870 secs] [Times: user=1.35 sys=0.00, real=0.36 secs] 
1243.235: [Full GC (Ergonomics) [PSYoungGen: 164046K->163923K(298496K)] [ParOldGen: 2630049K->2630049K(2731008K)] 2794096K->2793973K(3029504K), [Metaspace: 34180K->34180K(1081344K)], 0.2608697 secs] [Times: user=0.93 sys=0.00, real=0.27 secs] 
1243.496: [GC (Allocation Failure) --[PSYoungGen: 163923K->163923K(298496K)] 2793973K->2793989K(3029504K), 0.2754240 secs] [Times: user=1.06 sys=0.00, real=0.27 secs] 
1243.771: [Full GC (Allocation Failure) [PSYoungGen: 163923K->163849K(298496K)] [ParOldGen: 2630065K->2630050K(2731008K)] 2793989K->2793899K(3029504K), [Metaspace: 34180K->34180K(1081344K)], 0.2554844 secs] [Times: user=0.91 sys=0.00, real=0.26 secs] 
1244.103: [GC (Allocation Failure) --[PSYoungGen: 164044K->164044K(298496K)] 2794095K->2794095K(3029504K), 0.2880817 secs] [Times: user=1.10 sys=0.00, real=0.29 secs] 
1244.392: [Full GC (Ergonomics) [PSYoungGen: 164044K->163922K(298496K)] [ParOldGen: 2630050K->2630050K(2731008K)] 2794095K->2793973K(3029504K), [Metaspace: 34181K->34181K(1081344K)], 0.2670942 secs] [Times: user=0.94 sys=0.00, real=0.27 secs] 
1244.659: [GC (Allocation Failure) --[PSYoungGen: 163922K->163922K(298496K)] 2793973K->2793981K(3029504K), 0.2763942 secs] [Times: user=1.06 sys=0.00, real=0.27 secs] 
1244.935: [Full GC (Allocation Failure) [PSYoungGen: 163922K->163849K(298496K)] [ParOldGen: 2630058K->2630050K(2731008K)] 2793981K->2793899K(3029504K), [Metaspace: 34181K->34181K(1081344K)], 0.2635083 secs] [Times: user=0.93 sys=0.00, real=0.27 secs] 
1245.303: [GC (Allocation Failure) --[PSYoungGen: 164045K->164045K(298496K)] 2794095K->2794095K(3029504K), 0.2752181 secs] [Times: user=1.05 sys=0.00, real=0.28 secs] 
1245.578: [Full GC (Ergonomics) [PSYoungGen: 164045K->163922K(298496K)] [ParOldGen: 2630050K->2630050K(2731008K)] 2794095K->2793973K(3029504K), [Metaspace: 34181K->34181K(1081344K)], 0.2573054 secs] [Times: user=0.92 sys=0.00, real=0.25 secs] 
1245.835: [GC (Allocation Failure) --[PSYoungGen: 163922K->163922K(298496K)] 2793973K->2793989K(3029504K), 0.2731806 secs] [Times: user=1.05 sys=0.00, real=0.28 secs] 
1246.109: [Full GC (Allocation Failure) [PSYoungGen: 163922K->163849K(298496K)] [ParOldGen: 2630066K->2630050K(2731008K)] 2793989K->2793899K(3029504K), [Metaspace: 34181K->34181K(1081344K)], 0.2614006 secs] [Times: user=0.93 sys=0.00, real=0.26 secs] 
1246.401: [GC (Allocation Failure) --[PSYoungGen: 164045K->164045K(298496K)] 2794095K->2794095K(3029504K), 0.3489267 secs] [Times: user=1.32 sys=0.00, real=0.35 secs] 
1246.750: [Full GC (Ergonomics) [PSYoungGen: 164045K->163922K(298496K)] [ParOldGen: 2630050K->2630050K(2731008K)] 2794095K->2793973K(3029504K), [Metaspace: 34181K->34181K(1081344K)], 0.2659062 secs] [Times: user=0.95 sys=0.00, real=0.27 secs] 
1247.016: [GC (Allocation Failure) --[PSYoungGen: 163922K->163922K(298496K)] 2793973K->2793989K(3029504K), 0.2749683 secs] [Times: user=1.05 sys=0.00, real=0.27 secs] 
1247.291: [Full GC (Allocation Failure) [PSYoungGen: 163922K->163849K(298496K)] [ParOldGen: 2630066K->2630050K(2731008K)] 2793989K->2793899K(3029504K), [Metaspace: 34181K->34181K(1081344K)], 0.2574531 secs] [Times: user=0.92 sys=0.00, real=0.26 secs] 
1247.640: [GC (Allocation Failure) --[PSYoungGen: 164045K->164045K(298496K)] 2794095K->2794095K(3029504K), 0.2862301 secs] [Times: user=1.10 sys=0.00, real=0.29 secs] 
1247.926: [Full GC (Ergonomics) [PSYoungGen: 164045K->163922K(298496K)] [ParOldGen: 2630050K->2630050K(2731008K)] 2794095K->2793973K(3029504K), [Metaspace: 34181K->34181K(1081344K)], 0.2621162 secs] [Times: user=0.94 sys=0.00, real=0.26 secs] 
1248.189: [GC (Allocation Failure) --[PSYoungGen: 163922K->163922K(298496K)] 2793973K->2793989K(3029504K), 0.3277910 secs] [Times: user=1.25 sys=0.00, real=0.33 secs] 
1248.517: [Full GC (Allocation Failure) [PSYoungGen: 163922K->163849K(298496K)] [ParOldGen: 2630066K->2630050K(2731008K)] 2793989K->2793899K(3029504K), [Metaspace: 34181K->34181K(1081344K)], 0.2603611 secs] [Times: user=0.93 sys=0.00, real=0.26 secs] 
1248.854: [GC (Allocation Failure) --[PSYoungGen: 164045K->164045K(298496K)] 2794095K->2794095K(3029504K), 0.3012321 secs] [Times: user=1.14 sys=0.00, real=0.31 secs] 
1249.156: [Full GC (Ergonomics) [PSYoungGen: 164045K->163922K(298496K)] [ParOldGen: 2630050K->2630050K(2731008K)] 2794095K->2793973K(3029504K), [Metaspace: 34181K->34181K(1081344K)], 0.2705053 secs] [Times: user=0.92 sys=0.00, real=0.27 secs] 
1249.426: [GC (Allocation Failure) --[PSYoungGen: 163922K->163922K(298496K)] 2793973K->2793989K(3029504K), 0.2722148 secs] [Times: user=1.05 sys=0.00, real=0.27 secs] 
1249.699: [Full GC (Allocation Failure) [PSYoungGen: 163922K->163849K(298496K)] [ParOldGen: 2630066K->2630050K(2731008K)] 2793989K->2793899K(3029504K), [Metaspace: 34181K->34181K(1081344K)], 0.2894731 secs] [Times: user=0.89 sys=0.00, real=0.29 secs] 
1250.085: [GC (Allocation Failure) --[PSYoungGen: 164045K->164045K(298496K)] 2794095K->2794095K(3029504K), 0.3441945 secs] [Times: user=1.13 sys=0.00, real=0.34 secs] 
1250.429: [Full GC (Ergonomics) [PSYoungGen: 164045K->163922K(298496K)] [ParOldGen: 2630050K->2630050K(2731008K)] 2794095K->2793973K(3029504K), [Metaspace: 34181K->34181K(1081344K)], 0.2613268 secs] [Times: user=0.92 sys=0.00, real=0.26 secs] 
1250.691: [GC (Allocation Failure) --[PSYoungGen: 163922K->163922K(298496K)] 2793973K->2793981K(3029504K), 0.2750485 secs] [Times: user=1.04 sys=0.00, real=0.28 secs] 
1250.966: [Full GC (Allocation Failure) [PSYoungGen: 163922K->163849K(298496K)] [ParOldGen: 2630058K->2630050K(2731008K)] 2793981K->2793899K(3029504K), [Metaspace: 34181K->34181K(1081344K)], 0.2822368 secs] [Times: user=0.93 sys=0.00, real=0.28 secs] 
1251.345: [GC (Allocation Failure) --[PSYoungGen: 164045K->164045K(298496K)] 2794096K->2794096K(3029504K), 0.2845799 secs] [Times: user=1.03 sys=0.00, real=0.28 secs] 
1251.630: [Full GC (Ergonomics) [PSYoungGen: 164045K->163922K(298496K)] [ParOldGen: 2630050K->2630050K(2731008K)] 2794096K->2793973K(3029504K), [Metaspace: 34181K->34181K(1081344K)], 0.2885134 secs] [Times: user=0.89 sys=0.00, real=0.29 secs] 
1251.919: [GC (Allocation Failure) --[PSYoungGen: 163922K->163922K(298496K)] 2793973K->2793989K(3029504K), 0.4225193 secs] [Times: user=1.12 sys=0.00, real=0.42 secs] 
1252.341: [Full GC (Allocation Failure) [PSYoungGen: 163922K->163849K(298496K)] [ParOldGen: 2630066K->2630050K(2731008K)] 2793989K->2793899K(3029504K), [Metaspace: 34181K->34181K(1081344K)], 0.3740346 secs] [Times: user=0.89 sys=0.00, real=0.37 secs] 
1252.806: [GC (Allocation Failure) --[PSYoungGen: 164046K->164046K(298496K)] 2794097K->2794097K(3029504K), 0.3065450 secs] [Times: user=0.97 sys=0.00, real=0.30 secs] 
1253.113: [Full GC (Ergonomics) [PSYoungGen: 164046K->163922K(298496K)] [ParOldGen: 2630050K->2630050K(2731008K)] 2794097K->2793973K(3029504K), [Metaspace: 34182K->34182K(1081344K)], 0.3031033 secs] [Times: user=0.88 sys=0.00, real=0.31 secs] 
1253.416: [GC (Allocation Failure) --[PSYoungGen: 163922K->163922K(298496K)] 2793973K->2793989K(3029504K), 0.2882175 secs] [Times: user=0.89 sys=0.00, real=0.29 secs] 
1253.704: [Full GC (Allocation Failure) [PSYoungGen: 163922K->163849K(298496K)] [ParOldGen: 2630066K->2630050K(2731008K)] 2793989K->2793899K(3029504K), [Metaspace: 34182K->34182K(1081344K)], 0.2964015 secs] [Times: user=0.87 sys=0.00, real=0.29 secs] 
1254.087: [GC (Allocation Failure) --[PSYoungGen: 164045K->164045K(298496K)] 2794096K->2794096K(3029504K), 0.3176596 secs] [Times: user=1.09 sys=0.00, real=0.32 secs] 
1254.405: [Full GC (Ergonomics) [PSYoungGen: 164045K->163922K(298496K)] [ParOldGen: 2630050K->2630050K(2731008K)] 2794096K->2793973K(3029504K), [Metaspace: 34182K->34182K(1081344K)], 0.3325576 secs] [Times: user=0.94 sys=0.00, real=0.33 secs] 
1254.738: [GC (Allocation Failure) --[PSYoungGen: 163922K->163922K(298496K)] 2793973K->2793981K(3029504K), 0.2950277 secs] [Times: user=1.08 sys=0.00, real=0.29 secs] 
1255.033: [Full GC (Allocation Failure) [PSYoungGen: 163922K->163849K(298496K)] [ParOldGen: 2630058K->2630050K(2731008K)] 2793981K->2793899K(3029504K), [Metaspace: 34182K->34182K(1081344K)], 0.2679221 secs] [Times: user=0.94 sys=0.00, real=0.27 secs] 
1255.389: [GC (Allocation Failure) --[PSYoungGen: 164047K->164047K(298496K)] 2794098K->2794098K(3029504K), 0.2941012 secs] [Times: user=1.10 sys=0.00, real=0.29 secs] 
1255.684: [Full GC (Ergonomics) [PSYoungGen: 164047K->163923K(298496K)] [ParOldGen: 2630050K->2630050K(2731008K)] 2794098K->2793973K(3029504K), [Metaspace: 34189K->34189K(1081344K)], 0.2639136 secs] [Times: user=0.93 sys=0.00, real=0.27 secs] 
1255.948: [GC (Allocation Failure) --[PSYoungGen: 163923K->163923K(298496K)] 2793973K->2793989K(3029504K), 0.2813590 secs] [Times: user=1.06 sys=0.00, real=0.28 secs] 
1256.229: [Full GC (Allocation Failure) [PSYoungGen: 163923K->163849K(298496K)] [ParOldGen: 2630066K->2630050K(2731008K)] 2793989K->2793900K(3029504K), [Metaspace: 34189K->34189K(1081344K)], 0.2589269 secs] [Times: user=0.90 sys=0.00, real=0.26 secs] 
1256.589: [GC (Allocation Failure) --[PSYoungGen: 164046K->164046K(298496K)] 2794096K->2794096K(3029504K), 0.2769897 secs] [Times: user=1.05 sys=0.00, real=0.28 secs] 
1256.866: [Full GC (Ergonomics) [PSYoungGen: 164046K->163923K(298496K)] [ParOldGen: 2630050K->2630050K(2731008K)] 2794096K->2793973K(3029504K), [Metaspace: 34189K->34189K(1081344K)], 0.2607575 secs] [Times: user=0.92 sys=0.00, real=0.26 secs] 
1257.127: [GC (Allocation Failure) --[PSYoungGen: 163923K->163923K(298496K)] 2793973K->2793989K(3029504K), 0.2730607 secs] [Times: user=1.04 sys=0.00, real=0.27 secs] 
1257.400: [Full GC (Allocation Failure) [PSYoungGen: 163923K->163849K(298496K)] [ParOldGen: 2630066K->2630050K(2731008K)] 2793989K->2793900K(3029504K), [Metaspace: 34189K->34189K(1081344K)], 0.2555539 secs] [Times: user=0.90 sys=0.00, real=0.25 secs] 
1257.727: [GC (Allocation Failure) --[PSYoungGen: 164045K->164045K(298496K)] 2794096K->2794096K(3029504K), 0.2781101 secs] [Times: user=1.06 sys=0.00, real=0.28 secs] 
1258.005: [Full GC (Ergonomics) [PSYoungGen: 164045K->163922K(298496K)] [ParOldGen: 2630050K->2630050K(2731008K)] 2794096K->2793973K(3029504K), [Metaspace: 34189K->34189K(1081344K)], 0.2596134 secs] [Times: user=0.91 sys=0.00, real=0.26 secs] 
1258.265: [GC (Allocation Failure) --[PSYoungGen: 163922K->163922K(298496K)] 2793973K->2793981K(3029504K), 0.2762418 secs] [Times: user=1.05 sys=0.00, real=0.27 secs] 
1258.541: [Full GC (Allocation Failure) [PSYoungGen: 163922K->163849K(298496K)] [ParOldGen: 2630058K->2630050K(2731008K)] 2793981K->2793900K(3029504K), [Metaspace: 34189K->34189K(1081344K)], 0.2561641 secs] [Times: user=0.91 sys=0.00, real=0.26 secs] 
1258.895: [GC (Allocation Failure) --[PSYoungGen: 164045K->164045K(298496K)] 2794096K->2794096K(3029504K), 0.3312256 secs] [Times: user=1.26 sys=0.00, real=0.34 secs] 
1259.226: [Full GC (Ergonomics) [PSYoungGen: 164045K->163922K(298496K)] [ParOldGen: 2630050K->2630050K(2731008K)] 2794096K->2793973K(3029504K), [Metaspace: 34189K->34189K(1081344K)], 0.2695053 secs] [Times: user=0.94 sys=0.00, real=0.27 secs] 
1259.496: [GC (Allocation Failure) --[PSYoungGen: 163922K->163922K(298496K)] 2793973K->2793997K(3029504K), 0.2762276 secs] [Times: user=1.05 sys=0.00, real=0.27 secs] 
1259.772: [Full GC (Allocation Failure) [PSYoungGen: 163922K->163849K(298496K)] [ParOldGen: 2630074K->2630050K(2731008K)] 2793997K->2793900K(3029504K), [Metaspace: 34189K->34189K(1081344K)], 0.2704511 secs] [Times: user=0.93 sys=0.00, real=0.27 secs] 
1260.140: [GC (Allocation Failure) --[PSYoungGen: 164045K->164045K(298496K)] 2794096K->2794096K(3029504K), 0.2793999 secs] [Times: user=1.05 sys=0.00, real=0.28 secs] 
1260.420: [Full GC (Ergonomics) [PSYoungGen: 164045K->163922K(298496K)] [ParOldGen: 2630050K->2630050K(2731008K)] 2794096K->2793973K(3029504K), [Metaspace: 34189K->34189K(1081344K)], 0.2597921 secs] [Times: user=0.92 sys=0.00, real=0.26 secs] 
1260.680: [GC (Allocation Failure) --[PSYoungGen: 163922K->163922K(298496K)] 2793973K->2793989K(3029504K), 0.2822547 secs] [Times: user=1.05 sys=0.00, real=0.28 secs] 
1260.962: [Full GC (Allocation Failure) [PSYoungGen: 163922K->163849K(298496K)] [ParOldGen: 2630066K->2630050K(2731008K)] 2793989K->2793900K(3029504K), [Metaspace: 34189K->34189K(1081344K)], 0.2540347 secs] [Times: user=0.90 sys=0.00, real=0.26 secs] 
1261.325: [GC (Allocation Failure) --[PSYoungGen: 164045K->164045K(298496K)] 2794096K->2794096K(3029504K), 0.2851520 secs] [Times: user=1.08 sys=0.00, real=0.28 secs] 
1261.610: [Full GC (Ergonomics) [PSYoungGen: 164045K->163922K(298496K)] [ParOldGen: 2630050K->2630050K(2731008K)] 2794096K->2793973K(3029504K), [Metaspace: 34189K->34189K(1081344K)], 0.2610023 secs] [Times: user=0.91 sys=0.00, real=0.26 secs] 
1261.871: [GC (Allocation Failure) --[PSYoungGen: 163922K->163922K(298496K)] 2793973K->2793981K(3029504K), 0.2908954 secs] [Times: user=1.10 sys=0.00, real=0.29 secs] 
1262.162: [Full GC (Allocation Failure) [PSYoungGen: 163922K->163849K(298496K)] [ParOldGen: 2630058K->2630050K(2731008K)] 2793981K->2793900K(3029504K), [Metaspace: 34189K->34189K(1081344K)], 0.2585241 secs] [Times: user=0.90 sys=0.00, real=0.26 secs] 
1262.494: [GC (Allocation Failure) --[PSYoungGen: 164040K->164040K(298496K)] 2794091K->2794091K(3029504K), 0.3398515 secs] [Times: user=1.24 sys=0.00, real=0.34 secs] 
1262.834: [Full GC (Ergonomics) [PSYoungGen: 164040K->163925K(298496K)] [ParOldGen: 2630050K->2630050K(2731008K)] 2794091K->2793976K(3029504K), [Metaspace: 34189K->34189K(1081344K)], 0.2724346 secs] [Times: user=0.95 sys=0.00, real=0.28 secs] 
1263.106: [GC (Allocation Failure) --[PSYoungGen: 163925K->163925K(298496K)] 2793976K->2793984K(3029504K), 0.2842233 secs] [Times: user=1.06 sys=0.00, real=0.28 secs] 
1263.390: [Full GC (Allocation Failure) [PSYoungGen: 163925K->163851K(298496K)] [ParOldGen: 2630058K->2630050K(2731008K)] 2793984K->2793902K(3029504K), [Metaspace: 34189K->34189K(1081344K)], 0.2596140 secs] [Times: user=0.90 sys=0.00, real=0.26 secs] 
1263.723: [GC (Allocation Failure) --[PSYoungGen: 164049K->164049K(298496K)] 2794100K->2794100K(3029504K), 0.2864043 secs] [Times: user=1.07 sys=0.00, real=0.29 secs] 
1264.009: [Full GC (Ergonomics) [PSYoungGen: 164049K->163923K(298496K)] [ParOldGen: 2630050K->2630050K(2731008K)] 2794100K->2793974K(3029504K), [Metaspace: 34189K->34189K(1081344K)], 0.2713107 secs] [Times: user=0.95 sys=0.00, real=0.27 secs] 
1264.281: [GC (Allocation Failure) --[PSYoungGen: 163923K->163923K(298496K)] 2793974K->2793990K(3029504K), 0.2723696 secs] [Times: user=1.03 sys=0.00, real=0.27 secs] 
1264.553: [Full GC (Allocation Failure) [PSYoungGen: 163923K->163849K(298496K)] [ParOldGen: 2630066K->2630050K(2731008K)] 2793990K->2793900K(3029504K), [Metaspace: 34189K->34189K(1081344K)], 0.2636629 secs] [Times: user=0.92 sys=0.00, real=0.27 secs] 
1264.908: [GC (Allocation Failure) --[PSYoungGen: 164045K->164045K(298496K)] 2794096K->2794096K(3029504K), 0.2870475 secs] [Times: user=1.08 sys=0.00, real=0.28 secs] 
1265.195: [Full GC (Ergonomics) [PSYoungGen: 164045K->163923K(298496K)] [ParOldGen: 2630050K->2630050K(2731008K)] 2794096K->2793974K(3029504K), [Metaspace: 34189K->34189K(1081344K)], 0.2835885 secs] [Times: user=0.99 sys=0.00, real=0.29 secs] 
1265.479: [GC (Allocation Failure) --[PSYoungGen: 163923K->163923K(298496K)] 2793974K->2793990K(3029504K), 0.3073003 secs] [Times: user=1.17 sys=0.00, real=0.31 secs] 
1265.786: [Full GC (Allocation Failure) [PSYoungGen: 163923K->163849K(298496K)] [ParOldGen: 2630066K->2630050K(2731008K)] 2793990K->2793900K(3029504K), [Metaspace: 34189K->34189K(1081344K)], 0.2776007 secs] [Times: user=0.98 sys=0.00, real=0.27 secs] 
1266.121: [GC (Allocation Failure) --[PSYoungGen: 164045K->164045K(298496K)] 2794096K->2794096K(3029504K), 0.3551257 secs] [Times: user=1.35 sys=0.00, real=0.36 secs] 
1266.477: [Full GC (Ergonomics) [PSYoungGen: 164045K->163923K(298496K)] [ParOldGen: 2630050K->2630050K(2731008K)] 2794096K->2793974K(3029504K), [Metaspace: 34189K->34189K(1081344K)], 0.2983906 secs] [Times: user=1.05 sys=0.00, real=0.29 secs] 
1266.775: [GC (Allocation Failure) --[PSYoungGen: 163923K->163923K(298496K)] 2793974K->2793990K(3029504K), 0.3211083 secs] [Times: user=1.22 sys=0.00, real=0.33 secs] 
1267.096: [Full GC (Allocation Failure) [PSYoungGen: 163923K->163849K(298496K)] [ParOldGen: 2630066K->2630050K(2731008K)] 2793990K->2793900K(3029504K), [Metaspace: 34189K->34189K(1081344K)], 0.3225758 secs] [Times: user=1.16 sys=0.00, real=0.32 secs] 
1519.544: [GC (Allocation Failure) --[PSYoungGen: 164118K->164118K(298496K)] 2794169K->2794169K(3029504K), 0.5084125 secs] [Times: user=1.92 sys=0.00, real=0.50 secs] 
1520.053: [Full GC (Ergonomics) [PSYoungGen: 164118K->163923K(298496K)] [ParOldGen: 2630050K->2630050K(2731008K)] 2794169K->2793974K(3029504K), [Metaspace: 34189K->34189K(1081344K)], 0.3253544 secs] [Times: user=1.15 sys=0.00, real=0.33 secs] 
1520.378: [GC (Allocation Failure) --[PSYoungGen: 163923K->163923K(298496K)] 2793974K->2793990K(3029504K), 0.3087304 secs] [Times: user=1.18 sys=0.00, real=0.31 secs] 
1520.687: [Full GC (Allocation Failure) [PSYoungGen: 163923K->163849K(298496K)] [ParOldGen: 2630066K->2630051K(2731008K)] 2793990K->2793900K(3029504K), [Metaspace: 34189K->34189K(1081344K)], 0.2699926 secs] [Times: user=0.94 sys=0.00, real=0.27 secs] 
1521.056: [GC (Allocation Failure) --[PSYoungGen: 164046K->164046K(298496K)] 2794097K->2794097K(3029504K), 0.2804757 secs] [Times: user=1.06 sys=0.00, real=0.28 secs] 
1521.337: [Full GC (Ergonomics) [PSYoungGen: 164046K->163922K(298496K)] [ParOldGen: 2630051K->2630051K(2731008K)] 2794097K->2793974K(3029504K), [Metaspace: 34189K->34189K(1081344K)], 0.2551131 secs] [Times: user=0.91 sys=0.00, real=0.25 secs] 
1521.592: [GC (Allocation Failure) --[PSYoungGen: 163922K->163922K(298496K)] 2793974K->2793990K(3029504K), 0.2735061 secs] [Times: user=1.03 sys=0.00, real=0.28 secs] 
1521.866: [Full GC (Allocation Failure) [PSYoungGen: 163922K->163849K(298496K)] [ParOldGen: 2630067K->2630051K(2731008K)] 2793990K->2793900K(3029504K), [Metaspace: 34189K->34189K(1081344K)], 0.2535631 secs] [Times: user=0.90 sys=0.00, real=0.25 secs] 
1522.194: [GC (Allocation Failure) --[PSYoungGen: 164045K->164045K(298496K)] 2794096K->2794096K(3029504K), 0.2970239 secs] [Times: user=1.11 sys=0.00, real=0.30 secs] 
1522.491: [Full GC (Ergonomics) [PSYoungGen: 164045K->163922K(298496K)] [ParOldGen: 2630051K->2630051K(2731008K)] 2794096K->2793974K(3029504K), [Metaspace: 34189K->34189K(1081344K)], 0.2669595 secs] [Times: user=0.93 sys=0.00, real=0.27 secs] 
1522.758: [GC (Allocation Failure) --[PSYoungGen: 163922K->163922K(298496K)] 2793974K->2793990K(3029504K), 0.2812624 secs] [Times: user=1.05 sys=0.00, real=0.28 secs] 
1523.039: [Full GC (Allocation Failure) [PSYoungGen: 163922K->163849K(298496K)] [ParOldGen: 2630067K->2630051K(2731008K)] 2793990K->2793900K(3029504K), [Metaspace: 34189K->34189K(1081344K)], 0.2645698 secs] [Times: user=0.85 sys=0.00, real=0.27 secs] 
1523.393: [GC (Allocation Failure) --[PSYoungGen: 164045K->164045K(298496K)] 2794096K->2794096K(3029504K), 0.2755243 secs] [Times: user=1.03 sys=0.00, real=0.28 secs] 
1523.669: [Full GC (Ergonomics) [PSYoungGen: 164045K->163922K(298496K)] [ParOldGen: 2630051K->2630051K(2731008K)] 2794096K->2793974K(3029504K), [Metaspace: 34189K->34189K(1081344K)], 0.2611918 secs] [Times: user=0.91 sys=0.00, real=0.26 secs] 
1523.930: [GC (Allocation Failure) --[PSYoungGen: 163922K->163922K(298496K)] 2793974K->2793990K(3029504K), 0.2805036 secs] [Times: user=1.06 sys=0.00, real=0.28 secs] 
1524.211: [Full GC (Allocation Failure) [PSYoungGen: 163922K->163849K(298496K)] [ParOldGen: 2630067K->2630051K(2731008K)] 2793990K->2793900K(3029504K), [Metaspace: 34189K->34189K(1081344K)], 0.2557734 secs] [Times: user=0.91 sys=0.00, real=0.26 secs] 
1524.577: [GC (Allocation Failure) --[PSYoungGen: 164045K->164045K(298496K)] 2794096K->2794096K(3029504K), 0.2954257 secs] [Times: user=1.05 sys=0.00, real=0.29 secs] 
1524.873: [Full GC (Ergonomics) [PSYoungGen: 164045K->163922K(298496K)] [ParOldGen: 2630051K->2630051K(2731008K)] 2794096K->2793974K(3029504K), [Metaspace: 34189K->34189K(1081344K)], 0.3098348 secs] [Times: user=0.96 sys=0.00, real=0.31 secs] 
1525.183: [GC (Allocation Failure) --[PSYoungGen: 163922K->163922K(298496K)] 2793974K->2793982K(3029504K), 0.2932354 secs] [Times: user=1.04 sys=0.00, real=0.30 secs] 
1525.476: [Full GC (Allocation Failure) [PSYoungGen: 163922K->163849K(298496K)] [ParOldGen: 2630059K->2630051K(2731008K)] 2793982K->2793900K(3029504K), [Metaspace: 34189K->34189K(1081344K)], 0.2559419 secs] [Times: user=0.90 sys=0.00, real=0.25 secs] 
1525.823: [GC (Allocation Failure) --[PSYoungGen: 164045K->164045K(298496K)] 2794096K->2794096K(3029504K), 0.3100677 secs] [Times: user=1.14 sys=0.00, real=0.31 secs] 
1526.133: [Full GC (Ergonomics) [PSYoungGen: 164045K->163922K(298496K)] [ParOldGen: 2630051K->2630051K(2731008K)] 2794096K->2793974K(3029504K), [Metaspace: 34189K->34189K(1081344K)], 0.2581888 secs] [Times: user=0.92 sys=0.00, real=0.26 secs] 
1526.392: [GC (Allocation Failure) --[PSYoungGen: 163922K->163922K(298496K)] 2793974K->2793982K(3029504K), 0.2787796 secs] [Times: user=1.05 sys=0.00, real=0.28 secs] 
1526.671: [Full GC (Allocation Failure) [PSYoungGen: 163922K->163849K(298496K)] [ParOldGen: 2630059K->2630051K(2731008K)] 2793982K->2793900K(3029504K), [Metaspace: 34189K->34189K(1081344K)], 0.2607478 secs] [Times: user=0.91 sys=0.00, real=0.26 secs] 
1527.022: [GC (Allocation Failure) --[PSYoungGen: 164045K->164045K(298496K)] 2794097K->2794097K(3029504K), 0.2741981 secs] [Times: user=1.04 sys=0.00, real=0.28 secs] 
1527.296: [Full GC (Ergonomics) [PSYoungGen: 164045K->163922K(298496K)] [ParOldGen: 2630051K->2630051K(2731008K)] 2794097K->2793974K(3029504K), [Metaspace: 34189K->34189K(1081344K)], 0.2575509 secs] [Times: user=0.89 sys=0.00, real=0.25 secs] 
1527.554: [GC (Allocation Failure) --[PSYoungGen: 163922K->163922K(298496K)] 2793974K->2793990K(3029504K), 0.2735254 secs] [Times: user=1.04 sys=0.00, real=0.28 secs] 
1527.828: [Full GC (Allocation Failure) [PSYoungGen: 163922K->163849K(298496K)] [ParOldGen: 2630067K->2630051K(2731008K)] 2793990K->2793900K(3029504K), [Metaspace: 34189K->34189K(1081344K)], 0.2567999 secs] [Times: user=0.90 sys=0.00, real=0.26 secs] 
1528.160: [GC (Allocation Failure) --[PSYoungGen: 164045K->164045K(298496K)] 2794096K->2794096K(3029504K), 0.2768257 secs] [Times: user=1.05 sys=0.00, real=0.28 secs] 
1528.437: [Full GC (Ergonomics) [PSYoungGen: 164045K->163922K(298496K)] [ParOldGen: 2630051K->2630051K(2731008K)] 2794096K->2793974K(3029504K), [Metaspace: 34189K->34189K(1081344K)], 0.2520617 secs] [Times: user=0.88 sys=0.00, real=0.25 secs] 
1528.689: [GC (Allocation Failure) --[PSYoungGen: 163922K->163922K(298496K)] 2793974K->2793990K(3029504K), 0.2727405 secs] [Times: user=1.04 sys=0.00, real=0.27 secs] 
1528.962: [Full GC (Allocation Failure) [PSYoungGen: 163922K->163849K(298496K)] [ParOldGen: 2630067K->2630051K(2731008K)] 2793990K->2793900K(3029504K), [Metaspace: 34189K->34189K(1081344K)], 0.2525640 secs] [Times: user=0.90 sys=0.00, real=0.25 secs] 
1529.313: [GC (Allocation Failure) --[PSYoungGen: 164045K->164045K(298496K)] 2794096K->2794096K(3029504K), 0.2867516 secs] [Times: user=1.10 sys=0.00, real=0.29 secs] 
1529.600: [Full GC (Ergonomics) [PSYoungGen: 164045K->163922K(298496K)] [ParOldGen: 2630051K->2630051K(2731008K)] 2794096K->2793974K(3029504K), [Metaspace: 34189K->34189K(1081344K)], 0.2601073 secs] [Times: user=0.92 sys=0.00, real=0.26 secs] 
1529.860: [GC (Allocation Failure) --[PSYoungGen: 163922K->163922K(298496K)] 2793974K->2793990K(3029504K), 0.2739657 secs] [Times: user=1.05 sys=0.00, real=0.27 secs] 
1530.134: [Full GC (Allocation Failure) [PSYoungGen: 163922K->163849K(298496K)] [ParOldGen: 2630067K->2630051K(2731008K)] 2793990K->2793900K(3029504K), [Metaspace: 34189K->34189K(1081344K)], 0.2581160 secs] [Times: user=0.91 sys=0.00, real=0.26 secs] 
1530.498: [GC (Allocation Failure) --[PSYoungGen: 164045K->164045K(298496K)] 2794096K->2794096K(3029504K), 0.2903152 secs] [Times: user=1.07 sys=0.00, real=0.29 secs] 
1530.788: [Full GC (Ergonomics) [PSYoungGen: 164045K->163922K(298496K)] [ParOldGen: 2630051K->2630051K(2731008K)] 2794096K->2793974K(3029504K), [Metaspace: 34189K->34189K(1081344K)], 0.2518939 secs] [Times: user=0.89 sys=0.00, real=0.25 secs] 
1531.040: [GC (Allocation Failure) --[PSYoungGen: 163922K->163922K(298496K)] 2793974K->2793990K(3029504K), 0.2724455 secs] [Times: user=1.04 sys=0.00, real=0.27 secs] 
1531.312: [Full GC (Allocation Failure) [PSYoungGen: 163922K->163849K(298496K)] [ParOldGen: 2630067K->2630051K(2731008K)] 2793990K->2793900K(3029504K), [Metaspace: 34189K->34189K(1081344K)], 0.2581907 secs] [Times: user=0.90 sys=0.00, real=0.26 secs] 
1531.651: [GC (Allocation Failure) --[PSYoungGen: 164047K->164047K(298496K)] 2794098K->2794106K(3029504K), 0.2712905 secs] [Times: user=1.02 sys=0.00, real=0.27 secs] 
1531.922: [Full GC (Ergonomics) [PSYoungGen: 164047K->163922K(298496K)] [ParOldGen: 2630059K->2630051K(2731008K)] 2794106K->2793974K(3029504K), [Metaspace: 34196K->34196K(1081344K)], 0.2540558 secs] [Times: user=0.90 sys=0.00, real=0.26 secs] 
1532.176: [GC (Allocation Failure) --[PSYoungGen: 163922K->163922K(298496K)] 2793974K->2793990K(3029504K), 0.2752963 secs] [Times: user=1.04 sys=0.00, real=0.27 secs] 
1532.451: [Full GC (Allocation Failure) [PSYoungGen: 163922K->163849K(298496K)] [ParOldGen: 2630067K->2630051K(2731008K)] 2793990K->2793900K(3029504K), [Metaspace: 34196K->34196K(1081344K)], 0.2566183 secs] [Times: user=0.89 sys=0.00, real=0.26 secs] 
1532.788: [GC (Allocation Failure) --[PSYoungGen: 164046K->164046K(298496K)] 2794097K->2794097K(3029504K), 0.2848224 secs] [Times: user=1.07 sys=0.00, real=0.28 secs] 
1533.073: [Full GC (Ergonomics) [PSYoungGen: 164046K->163922K(298496K)] [ParOldGen: 2630051K->2630051K(2731008K)] 2794097K->2793974K(3029504K), [Metaspace: 34200K->34200K(1081344K)], 0.2910663 secs] [Times: user=0.98 sys=0.00, real=0.30 secs] 
1533.364: [GC (Allocation Failure) --[PSYoungGen: 163922K->163922K(298496K)] 2793974K->2793982K(3029504K), 0.2764361 secs] [Times: user=1.06 sys=0.00, real=0.27 secs] 
1533.641: [Full GC (Allocation Failure) [PSYoungGen: 163922K->163849K(298496K)] [ParOldGen: 2630059K->2630051K(2731008K)] 2793982K->2793900K(3029504K), [Metaspace: 34200K->34200K(1081344K)], 0.2562032 secs] [Times: user=0.89 sys=0.00, real=0.26 secs] 
1533.972: [GC (Allocation Failure) --[PSYoungGen: 164045K->164045K(298496K)] 2794096K->2794096K(3029504K), 0.2724925 secs] [Times: user=1.04 sys=0.00, real=0.28 secs] 
1534.245: [Full GC (Ergonomics) [PSYoungGen: 164045K->163922K(298496K)] [ParOldGen: 2630051K->2630051K(2731008K)] 2794096K->2793974K(3029504K), [Metaspace: 34200K->34200K(1081344K)], 0.2589765 secs] [Times: user=0.91 sys=0.00, real=0.26 secs] 
1534.504: [GC (Allocation Failure) --[PSYoungGen: 163922K->163922K(298496K)] 2793974K->2793990K(3029504K), 0.2839255 secs] [Times: user=1.07 sys=0.00, real=0.28 secs] 
1534.788: [Full GC (Allocation Failure) [PSYoungGen: 163922K->163849K(298496K)] [ParOldGen: 2630067K->2630051K(2731008K)] 2793990K->2793900K(3029504K), [Metaspace: 34200K->34200K(1081344K)], 0.2579826 secs] [Times: user=0.91 sys=0.00, real=0.26 secs] 
1535.156: [GC (Allocation Failure) --[PSYoungGen: 164044K->164044K(298496K)] 2794096K->2794096K(3029504K), 0.2715721 secs] [Times: user=1.02 sys=0.00, real=0.27 secs] 
1535.428: [Full GC (Ergonomics) [PSYoungGen: 164044K->163922K(298496K)] [ParOldGen: 2630051K->2630051K(2731008K)] 2794096K->2793974K(3029504K), [Metaspace: 34200K->34200K(1081344K)], 0.2519103 secs] [Times: user=0.90 sys=0.00, real=0.25 secs] 
1535.680: [GC (Allocation Failure) --[PSYoungGen: 163922K->163922K(298496K)] 2793974K->2793990K(3029504K), 0.2749302 secs] [Times: user=1.04 sys=0.00, real=0.27 secs] 
1535.955: [Full GC (Allocation Failure) [PSYoungGen: 163922K->163849K(298496K)] [ParOldGen: 2630067K->2630051K(2731008K)] 2793990K->2793900K(3029504K), [Metaspace: 34200K->34200K(1081344K)], 0.2516783 secs] [Times: user=0.89 sys=0.00, real=0.26 secs] 
1536.294: [GC (Allocation Failure) --[PSYoungGen: 164045K->164045K(298496K)] 2794096K->2794096K(3029504K), 0.2869856 secs] [Times: user=1.10 sys=0.00, real=0.29 secs] 
1536.581: [Full GC (Ergonomics) [PSYoungGen: 164045K->163922K(298496K)] [ParOldGen: 2630051K->2630051K(2731008K)] 2794096K->2793974K(3029504K), [Metaspace: 34200K->34200K(1081344K)], 0.2580938 secs] [Times: user=0.92 sys=0.00, real=0.26 secs] 
1536.839: [GC (Allocation Failure) --[PSYoungGen: 163922K->163922K(298496K)] 2793974K->2793982K(3029504K), 0.2715881 secs] [Times: user=1.04 sys=0.00, real=0.27 secs] 
1537.111: [Full GC (Allocation Failure) [PSYoungGen: 163922K->163849K(298496K)] [ParOldGen: 2630059K->2630051K(2731008K)] 2793982K->2793900K(3029504K), [Metaspace: 34200K->34200K(1081344K)], 0.2590872 secs] [Times: user=0.92 sys=0.00, real=0.26 secs] 
1537.447: [GC (Allocation Failure) --[PSYoungGen: 164046K->164046K(298496K)] 2794098K->2794098K(3029504K), 0.2696255 secs] [Times: user=1.03 sys=0.00, real=0.27 secs] 
1537.717: [Full GC (Ergonomics) [PSYoungGen: 164046K->163920K(298496K)] [ParOldGen: 2630051K->2630051K(2731008K)] 2794098K->2793971K(3029504K), [Metaspace: 34200K->34200K(1081344K)], 0.2527562 secs] [Times: user=0.90 sys=0.00, real=0.25 secs] 
1537.970: [GC (Allocation Failure) --[PSYoungGen: 163920K->163920K(298496K)] 2793971K->2793987K(3029504K), 0.2732346 secs] [Times: user=1.04 sys=0.00, real=0.27 secs] 
1538.243: [Full GC (Allocation Failure) [PSYoungGen: 163920K->163848K(298496K)] [ParOldGen: 2630067K->2630051K(2731008K)] 2793987K->2793900K(3029504K), [Metaspace: 34200K->34200K(1081344K)], 0.2523591 secs] [Times: user=0.90 sys=0.00, real=0.25 secs] 
1538.585: [GC (Allocation Failure) --[PSYoungGen: 164045K->164045K(298496K)] 2794097K->2794097K(3029504K), 0.2742522 secs] [Times: user=1.05 sys=0.00, real=0.27 secs] 
1538.859: [Full GC (Ergonomics) [PSYoungGen: 164045K->163922K(298496K)] [ParOldGen: 2630051K->2630051K(2731008K)] 2794097K->2793974K(3029504K), [Metaspace: 34205K->34205K(1081344K)], 0.2509336 secs] [Times: user=0.89 sys=0.00, real=0.25 secs] 
1539.110: [GC (Allocation Failure) --[PSYoungGen: 163922K->163922K(298496K)] 2793974K->2793990K(3029504K), 0.2787374 secs] [Times: user=1.06 sys=0.00, real=0.28 secs] 
1539.389: [Full GC (Allocation Failure) [PSYoungGen: 163922K->163849K(298496K)] [ParOldGen: 2630067K->2630051K(2731008K)] 2793990K->2793900K(3029504K), [Metaspace: 34205K->34205K(1081344K)], 0.2519006 secs] [Times: user=0.89 sys=0.00, real=0.25 secs] 
1539.738: [GC (Allocation Failure) --[PSYoungGen: 164049K->164049K(298496K)] 2794101K->2794109K(3029504K), 0.2799230 secs] [Times: user=1.05 sys=0.00, real=0.28 secs] 
1540.018: [Full GC (Ergonomics) [PSYoungGen: 164049K->163923K(298496K)] [ParOldGen: 2630059K->2630051K(2731008K)] 2794109K->2793975K(3029504K), [Metaspace: 34208K->34208K(1081344K)], 0.2529262 secs] [Times: user=0.90 sys=0.00, real=0.25 secs] 
1540.271: [GC (Allocation Failure) --[PSYoungGen: 163923K->163923K(298496K)] 2793975K->2793991K(3029504K), 0.2789779 secs] [Times: user=1.06 sys=0.00, real=0.28 secs] 
1540.550: [Full GC (Allocation Failure) [PSYoungGen: 163923K->163849K(298496K)] [ParOldGen: 2630067K->2630051K(2731008K)] 2793991K->2793901K(3029504K), [Metaspace: 34208K->34208K(1081344K)], 0.2580343 secs] [Times: user=0.91 sys=0.00, real=0.26 secs] 
1540.891: [GC (Allocation Failure) --[PSYoungGen: 164045K->164045K(298496K)] 2794097K->2794097K(3029504K), 0.2743171 secs] [Times: user=1.05 sys=0.00, real=0.28 secs] 
1541.166: [Full GC (Ergonomics) [PSYoungGen: 164045K->163923K(298496K)] [ParOldGen: 2630051K->2630051K(2731008K)] 2794097K->2793975K(3029504K), [Metaspace: 34208K->34208K(1081344K)], 0.2519120 secs] [Times: user=0.89 sys=0.00, real=0.25 secs] 
1541.418: [GC (Allocation Failure) --[PSYoungGen: 163923K->163923K(298496K)] 2793975K->2793983K(3029504K), 0.2710951 secs] [Times: user=1.03 sys=0.00, real=0.27 secs] 
1541.689: [Full GC (Allocation Failure) [PSYoungGen: 163923K->163849K(298496K)] [ParOldGen: 2630059K->2630051K(2731008K)] 2793983K->2793901K(3029504K), [Metaspace: 34208K->34208K(1081344K)], 0.2538996 secs] [Times: user=0.90 sys=0.00, real=0.25 secs] 
1542.029: [GC (Allocation Failure) --[PSYoungGen: 164045K->164045K(298496K)] 2794097K->2794097K(3029504K), 0.2703852 secs] [Times: user=1.03 sys=0.00, real=0.27 secs] 
1542.299: [Full GC (Ergonomics) [PSYoungGen: 164045K->163923K(298496K)] [ParOldGen: 2630051K->2630051K(2731008K)] 2794097K->2793975K(3029504K), [Metaspace: 34212K->34212K(1081344K)], 0.2577324 secs] [Times: user=0.92 sys=0.00, real=0.26 secs] 
1542.557: [GC (Allocation Failure) --[PSYoungGen: 163923K->163923K(298496K)] 2793975K->2793991K(3029504K), 0.2704284 secs] [Times: user=1.03 sys=0.00, real=0.27 secs] 
1542.828: [Full GC (Allocation Failure) [PSYoungGen: 163923K->163849K(298496K)] [ParOldGen: 2630067K->2630051K(2731008K)] 2793991K->2793901K(3029504K), [Metaspace: 34212K->34212K(1081344K)], 0.2541979 secs] [Times: user=0.90 sys=0.00, real=0.25 secs] 
1543.182: [GC (Allocation Failure) --[PSYoungGen: 164047K->164047K(298496K)] 2794099K->2794099K(3029504K), 0.2921116 secs] [Times: user=1.11 sys=0.00, real=0.29 secs] 
1543.475: [Full GC (Ergonomics) [PSYoungGen: 164047K->163923K(298496K)] [ParOldGen: 2630051K->2630051K(2731008K)] 2794099K->2793975K(3029504K), [Metaspace: 34215K->34215K(1081344K)], 0.2620662 secs] [Times: user=0.92 sys=0.00, real=0.27 secs] 
1543.737: [GC (Allocation Failure) --[PSYoungGen: 163923K->163923K(298496K)] 2793975K->2793991K(3029504K), 0.2721774 secs] [Times: user=1.04 sys=0.00, real=0.27 secs] 
1544.009: [Full GC (Allocation Failure) [PSYoungGen: 163923K->163849K(298496K)] [ParOldGen: 2630067K->2630052K(2731008K)] 2793991K->2793901K(3029504K), [Metaspace: 34215K->34215K(1081344K)], 0.2570946 secs] [Times: user=0.92 sys=0.00, real=0.26 secs] 
1544.366: [GC (Allocation Failure) --[PSYoungGen: 164047K->164047K(298496K)] 2794100K->2794108K(3029504K), 0.2703949 secs] [Times: user=1.03 sys=0.00, real=0.27 secs] 
1544.637: [Full GC (Ergonomics) [PSYoungGen: 164047K->163922K(298496K)] [ParOldGen: 2630060K->2630052K(2731008K)] 2794108K->2793975K(3029504K), [Metaspace: 34217K->34217K(1081344K)], 0.2521273 secs] [Times: user=0.90 sys=0.00, real=0.25 secs] 
1544.889: [GC (Allocation Failure) --[PSYoungGen: 163922K->163922K(298496K)] 2793975K->2793983K(3029504K), 0.2729013 secs] [Times: user=1.04 sys=0.00, real=0.27 secs] 
1545.162: [Full GC (Allocation Failure) [PSYoungGen: 163922K->163849K(298496K)] [ParOldGen: 2630060K->2630052K(2731008K)] 2793983K->2793901K(3029504K), [Metaspace: 34217K->34217K(1081344K)], 0.2572428 secs] [Times: user=0.91 sys=0.00, real=0.26 secs] 
1545.504: [GC (Allocation Failure) --[PSYoungGen: 164047K->164047K(298496K)] 2794099K->2794107K(3029504K), 0.2702504 secs] [Times: user=1.03 sys=0.00, real=0.26 secs] 
1545.775: [Full GC (Ergonomics) [PSYoungGen: 164047K->163923K(298496K)] [ParOldGen: 2630060K->2630052K(2731008K)] 2794107K->2793975K(3029504K), [Metaspace: 34241K->34241K(1081344K)], 0.2521582 secs] [Times: user=0.89 sys=0.00, real=0.26 secs] 
1546.027: [GC (Allocation Failure) --[PSYoungGen: 163923K->163923K(298496K)] 2793975K->2793991K(3029504K), 0.2718081 secs] [Times: user=1.04 sys=0.00, real=0.27 secs] 
1546.299: [Full GC (Allocation Failure) [PSYoungGen: 163923K->163849K(298496K)] [ParOldGen: 2630068K->2630052K(2731008K)] 2793991K->2793901K(3029504K), [Metaspace: 34241K->34241K(1081344K)], 0.2574263 secs] [Times: user=0.89 sys=0.00, real=0.26 secs] 
1546.642: [GC (Allocation Failure) --[PSYoungGen: 164047K->164047K(298496K)] 2794099K->2794107K(3029504K), 0.2908139 secs] [Times: user=1.11 sys=0.00, real=0.29 secs] 
1546.933: [Full GC (Ergonomics) [PSYoungGen: 164047K->163923K(298496K)] [ParOldGen: 2630060K->2630052K(2731008K)] 2794107K->2793975K(3029504K), [Metaspace: 34255K->34255K(1081344K)], 0.2549657 secs] [Times: user=0.89 sys=0.00, real=0.26 secs] 
1547.188: [GC (Allocation Failure) --[PSYoungGen: 163923K->163923K(298496K)] 2793975K->2793999K(3029504K), 0.2793137 secs] [Times: user=1.06 sys=0.00, real=0.28 secs] 
1547.468: [Full GC (Allocation Failure) [PSYoungGen: 163923K->163849K(298496K)] [ParOldGen: 2630076K->2630052K(2731008K)] 2793999K->2793902K(3029504K), [Metaspace: 34255K->34255K(1081344K)], 0.2580860 secs] [Times: user=0.91 sys=0.00, real=0.26 secs] 
1547.795: [GC (Allocation Failure) --[PSYoungGen: 164045K->164045K(298496K)] 2794098K->2794098K(3029504K), 0.2742022 secs] [Times: user=1.05 sys=0.00, real=0.28 secs] 
1548.069: [Full GC (Ergonomics) [PSYoungGen: 164045K->163923K(298496K)] [ParOldGen: 2630052K->2630052K(2731008K)] 2794098K->2793975K(3029504K), [Metaspace: 34255K->34255K(1081344K)], 0.2514808 secs] [Times: user=0.89 sys=0.00, real=0.25 secs] 
1548.321: [GC (Allocation Failure) --[PSYoungGen: 163923K->163923K(298496K)] 2793975K->2793991K(3029504K), 0.2718523 secs] [Times: user=1.04 sys=0.00, real=0.27 secs] 
1548.593: [Full GC (Allocation Failure) [PSYoungGen: 163923K->163849K(298496K)] [ParOldGen: 2630068K->2630052K(2731008K)] 2793991K->2793902K(3029504K), [Metaspace: 34255K->34255K(1081344K)], 0.2547207 secs] [Times: user=0.90 sys=0.00, real=0.26 secs] 
1548.933: [GC (Allocation Failure) --[PSYoungGen: 164046K->164046K(298496K)] 2794098K->2794098K(3029504K), 0.2723206 secs] [Times: user=1.04 sys=0.00, real=0.28 secs] 
1549.206: [Full GC (Ergonomics) [PSYoungGen: 164046K->163924K(298496K)] [ParOldGen: 2630052K->2630052K(2731008K)] 2794098K->2793976K(3029504K), [Metaspace: 34259K->34259K(1081344K)], 0.2732273 secs] [Times: user=0.96 sys=0.00, real=0.27 secs] 
1549.479: [GC (Allocation Failure) --[PSYoungGen: 163924K->163924K(298496K)] 2793976K->2793992K(3029504K), 0.2746159 secs] [Times: user=1.05 sys=0.00, real=0.27 secs] 
1549.754: [Full GC (Allocation Failure) [PSYoungGen: 163924K->163850K(298496K)] [ParOldGen: 2630068K->2630052K(2731008K)] 2793992K->2793903K(3029504K), [Metaspace: 34259K->34259K(1081344K)], 0.2562993 secs] [Times: user=0.91 sys=0.00, real=0.26 secs] 
1550.086: [GC (Allocation Failure) --[PSYoungGen: 164046K->164046K(298496K)] 2794099K->2794099K(3029504K), 0.2838332 secs] [Times: user=1.09 sys=0.00, real=0.28 secs] 
1550.370: [Full GC (Ergonomics) [PSYoungGen: 164046K->163924K(298496K)] [ParOldGen: 2630052K->2630052K(2731008K)] 2794099K->2793976K(3029504K), [Metaspace: 34259K->34259K(1081344K)], 0.2560487 secs] [Times: user=0.91 sys=0.00, real=0.26 secs] 
1550.626: [GC (Allocation Failure) --[PSYoungGen: 163924K->163924K(298496K)] 2793976K->2793992K(3029504K), 0.2771411 secs] [Times: user=1.05 sys=0.00, real=0.27 secs] 
1550.903: [Full GC (Allocation Failure) [PSYoungGen: 163924K->163850K(298496K)] [ParOldGen: 2630068K->2630053K(2731008K)] 2793992K->2793903K(3029504K), [Metaspace: 34259K->34259K(1081344K)], 0.2584217 secs] [Times: user=0.90 sys=0.00, real=0.26 secs] 
1551.270: [GC (Allocation Failure) --[PSYoungGen: 164047K->164047K(298496K)] 2794100K->2794100K(3029504K), 0.2967589 secs] [Times: user=1.10 sys=0.00, real=0.30 secs] 
1551.567: [Full GC (Ergonomics) [PSYoungGen: 164047K->163923K(298496K)] [ParOldGen: 2630053K->2630053K(2731008K)] 2794100K->2793976K(3029504K), [Metaspace: 34259K->34259K(1081344K)], 0.2536207 secs] [Times: user=0.90 sys=0.00, real=0.25 secs] 
1551.821: [GC (Allocation Failure) --[PSYoungGen: 163923K->163923K(298496K)] 2793976K->2793992K(3029504K), 0.2718740 secs] [Times: user=1.03 sys=0.00, real=0.27 secs] 
1552.093: [Full GC (Allocation Failure) [PSYoungGen: 163923K->163850K(298496K)] [ParOldGen: 2630069K->2630053K(2731008K)] 2793992K->2793903K(3029504K), [Metaspace: 34259K->34259K(1081344K)], 0.2567503 secs] [Times: user=0.91 sys=0.00, real=0.26 secs] 
1552.423: [GC (Allocation Failure) --[PSYoungGen: 164046K->164046K(298496K)] 2794099K->2794099K(3029504K), 0.2710861 secs] [Times: user=1.03 sys=0.00, real=0.27 secs] 
1552.694: [Full GC (Ergonomics) [PSYoungGen: 164046K->163923K(298496K)] [ParOldGen: 2630053K->2630053K(2731008K)] 2794099K->2793976K(3029504K), [Metaspace: 34259K->34259K(1081344K)], 0.2555622 secs] [Times: user=0.89 sys=0.00, real=0.26 secs] 
1552.950: [GC (Allocation Failure) --[PSYoungGen: 163923K->163923K(298496K)] 2793976K->2794000K(3029504K), 0.2698083 secs] [Times: user=1.03 sys=0.00, real=0.27 secs] 
1553.220: [Full GC (Allocation Failure) [PSYoungGen: 163923K->163849K(298496K)] [ParOldGen: 2630077K->2630054K(2731008K)] 2794000K->2793903K(3029504K), [Metaspace: 34259K->34259K(1081344K)], 0.2560732 secs] [Times: user=0.90 sys=0.00, real=0.26 secs] 
1553.561: [GC (Allocation Failure) --[PSYoungGen: 164045K->164045K(298496K)] 2794099K->2794099K(3029504K), 0.2871840 secs] [Times: user=1.09 sys=0.00, real=0.29 secs] 
1553.848: [Full GC (Ergonomics) [PSYoungGen: 164045K->163922K(298496K)] [ParOldGen: 2630054K->2630054K(2731008K)] 2794099K->2793976K(3029504K), [Metaspace: 34259K->34259K(1081344K)], 0.2530783 secs] [Times: user=0.90 sys=0.00, real=0.25 secs] 
1554.101: [GC (Allocation Failure) --[PSYoungGen: 163922K->163922K(298496K)] 2793976K->2793992K(3029504K), 0.2748557 secs] [Times: user=1.04 sys=0.00, real=0.28 secs] 
1554.376: [Full GC (Allocation Failure) [PSYoungGen: 163922K->163849K(298496K)] [ParOldGen: 2630070K->2630054K(2731008K)] 2793992K->2793903K(3029504K), [Metaspace: 34259K->34259K(1081344K)], 0.2578578 secs] [Times: user=0.92 sys=0.00, real=0.25 secs] 
1554.730: [GC (Allocation Failure) --[PSYoungGen: 166605K->166605K(298496K)] 2796659K->2796659K(3029504K), 0.2726437 secs] [Times: user=1.04 sys=0.00, real=0.27 secs] 
1555.002: [Full GC (Ergonomics) [PSYoungGen: 166605K->163922K(298496K)] [ParOldGen: 2630054K->2630054K(2731008K)] 2796659K->2793977K(3029504K), [Metaspace: 34259K->34259K(1081344K)], 0.2514658 secs] [Times: user=0.89 sys=0.00, real=0.25 secs] 
1555.254: [GC (Allocation Failure) --[PSYoungGen: 163922K->163922K(298496K)] 2793977K->2793993K(3029504K), 0.2762575 secs] [Times: user=1.05 sys=0.00, real=0.28 secs] 
1555.531: [Full GC (Allocation Failure) [PSYoungGen: 163922K->163849K(298496K)] [ParOldGen: 2630070K->2630054K(2731008K)] 2793993K->2793903K(3029504K), [Metaspace: 34259K->34259K(1081344K)], 0.2540398 secs] [Times: user=0.90 sys=0.00, real=0.26 secs] 
1555.883: [GC (Allocation Failure) --[PSYoungGen: 164045K->164045K(298496K)] 2794099K->2794099K(3029504K), 0.2854984 secs] [Times: user=1.07 sys=0.00, real=0.29 secs] 
1556.168: [Full GC (Ergonomics) [PSYoungGen: 164045K->163922K(298496K)] [ParOldGen: 2630054K->2630054K(2731008K)] 2794099K->2793977K(3029504K), [Metaspace: 34259K->34259K(1081344K)], 0.2867297 secs] [Times: user=0.96 sys=0.00, real=0.28 secs] 
1556.455: [GC (Allocation Failure) --[PSYoungGen: 163922K->163922K(298496K)] 2793977K->2793993K(3029504K), 0.2728783 secs] [Times: user=1.00 sys=0.00, real=0.28 secs] 
1556.728: [Full GC (Allocation Failure) [PSYoungGen: 163922K->163849K(298496K)] [ParOldGen: 2630070K->2630054K(2731008K)] 2793993K->2793903K(3029504K), [Metaspace: 34259K->34259K(1081344K)], 0.2513353 secs] [Times: user=0.89 sys=0.00, real=0.25 secs] 
1557.036: [GC (Allocation Failure) --[PSYoungGen: 164045K->164045K(298496K)] 2794099K->2794099K(3029504K), 0.2853543 secs] [Times: user=1.10 sys=0.00, real=0.28 secs] 
1557.322: [Full GC (Ergonomics) [PSYoungGen: 164045K->163922K(298496K)] [ParOldGen: 2630054K->2630054K(2731008K)] 2794099K->2793977K(3029504K), [Metaspace: 34259K->34259K(1081344K)], 0.2618165 secs] [Times: user=0.93 sys=0.00, real=0.26 secs] 
1557.584: [GC (Allocation Failure) --[PSYoungGen: 163922K->163922K(298496K)] 2793977K->2793993K(3029504K), 0.2714120 secs] [Times: user=1.04 sys=0.00, real=0.27 secs] 
1557.855: [Full GC (Allocation Failure) [PSYoungGen: 163922K->163849K(298496K)] [ParOldGen: 2630070K->2630054K(2731008K)] 2793993K->2793903K(3029504K), [Metaspace: 34259K->34259K(1081344K)], 0.2552850 secs] [Times: user=0.90 sys=0.00, real=0.26 secs] 
1558.205: [GC (Allocation Failure) --[PSYoungGen: 164045K->164045K(298496K)] 2794099K->2794099K(3029504K), 0.2713051 secs] [Times: user=1.03 sys=0.00, real=0.27 secs] 
1558.476: [Full GC (Ergonomics) [PSYoungGen: 164045K->163922K(298496K)] [ParOldGen: 2630054K->2630054K(2731008K)] 2794099K->2793977K(3029504K), [Metaspace: 34259K->34259K(1081344K)], 0.2520801 secs] [Times: user=0.89 sys=0.00, real=0.25 secs] 
1558.728: [GC (Allocation Failure) --[PSYoungGen: 163922K->163922K(298496K)] 2793977K->2794001K(3029504K), 0.2716799 secs] [Times: user=1.04 sys=0.00, real=0.27 secs] 
1559.000: [Full GC (Allocation Failure) [PSYoungGen: 163922K->163849K(298496K)] [ParOldGen: 2630078K->2630054K(2731008K)] 2794001K->2793903K(3029504K), [Metaspace: 34259K->34259K(1081344K)], 0.2532331 secs] [Times: user=0.89 sys=0.00, real=0.25 secs] 
1559.327: [GC (Allocation Failure) --[PSYoungGen: 164044K->164044K(298496K)] 2794099K->2794099K(3029504K), 0.2817261 secs] [Times: user=1.08 sys=0.00, real=0.28 secs] 
1559.609: [Full GC (Ergonomics) [PSYoungGen: 164044K->163922K(298496K)] [ParOldGen: 2630054K->2630054K(2731008K)] 2794099K->2793977K(3029504K), [Metaspace: 34259K->34259K(1081344K)], 0.2537789 secs] [Times: user=0.90 sys=0.00, real=0.25 secs] 
1559.863: [GC (Allocation Failure) --[PSYoungGen: 163922K->163922K(298496K)] 2793977K->2793985K(3029504K), 0.2733861 secs] [Times: user=1.04 sys=0.00, real=0.28 secs] 
1560.137: [Full GC (Allocation Failure) [PSYoungGen: 163922K->163849K(298496K)] [ParOldGen: 2630062K->2630054K(2731008K)] 2793985K->2793903K(3029504K), [Metaspace: 34259K->34259K(1081344K)], 0.2530354 secs] [Times: user=0.90 sys=0.00, real=0.25 secs] 
1560.465: [GC (Allocation Failure) --[PSYoungGen: 164045K->164045K(298496K)] 2794100K->2794100K(3029504K), 0.2768976 secs] [Times: user=1.07 sys=0.00, real=0.27 secs] 
1560.742: [Full GC (Ergonomics) [PSYoungGen: 164045K->163922K(298496K)] [ParOldGen: 2630054K->2630054K(2731008K)] 2794100K->2793977K(3029504K), [Metaspace: 34259K->34259K(1081344K)], 0.2530646 secs] [Times: user=0.89 sys=0.00, real=0.25 secs] 
1560.995: [GC (Allocation Failure) --[PSYoungGen: 163922K->163922K(298496K)] 2793977K->2793993K(3029504K), 0.2710464 secs] [Times: user=1.04 sys=0.00, real=0.28 secs] 
1561.266: [Full GC (Allocation Failure) [PSYoungGen: 163922K->163849K(298496K)] [ParOldGen: 2630070K->2630054K(2731008K)] 2793993K->2793903K(3029504K), [Metaspace: 34259K->34259K(1081344K)], 0.2837218 secs] [Times: user=0.99 sys=0.00, real=0.28 secs] 
1561.665: [GC (Allocation Failure) --[PSYoungGen: 164045K->164045K(298496K)] 2794099K->2794099K(3029504K), 0.2698670 secs] [Times: user=1.03 sys=0.00, real=0.26 secs] 
1561.935: [Full GC (Ergonomics) [PSYoungGen: 164045K->163922K(298496K)] [ParOldGen: 2630054K->2630054K(2731008K)] 2794099K->2793977K(3029504K), [Metaspace: 34259K->34259K(1081344K)], 0.2520434 secs] [Times: user=0.89 sys=0.00, real=0.26 secs] 
1562.187: [GC (Allocation Failure) --[PSYoungGen: 163922K->163922K(298496K)] 2793977K->2793985K(3029504K), 0.2746794 secs] [Times: user=1.06 sys=0.00, real=0.27 secs] 
1562.461: [Full GC (Allocation Failure) [PSYoungGen: 163922K->163849K(298496K)] [ParOldGen: 2630062K->2630054K(2731008K)] 2793985K->2793903K(3029504K), [Metaspace: 34259K->34259K(1081344K)], 0.2532138 secs] [Times: user=0.89 sys=0.00, real=0.25 secs] 
1562.787: [GC (Allocation Failure) --[PSYoungGen: 164044K->164044K(298496K)] 2794099K->2794099K(3029504K), 0.2702816 secs] [Times: user=1.04 sys=0.00, real=0.27 secs] 
1563.057: [Full GC (Ergonomics) [PSYoungGen: 164044K->163922K(298496K)] [ParOldGen: 2630054K->2630054K(2731008K)] 2794099K->2793977K(3029504K), [Metaspace: 34259K->34259K(1081344K)], 0.2515173 secs] [Times: user=0.89 sys=0.00, real=0.25 secs] 
1563.309: [GC (Allocation Failure) --[PSYoungGen: 163922K->163922K(298496K)] 2793977K->2794001K(3029504K), 0.2738109 secs] [Times: user=1.05 sys=0.00, real=0.27 secs] 
1563.582: [Full GC (Allocation Failure) [PSYoungGen: 163922K->163849K(298496K)] [ParOldGen: 2630078K->2630054K(2731008K)] 2794001K->2793903K(3029504K), [Metaspace: 34259K->34259K(1081344K)], 0.2546620 secs] [Times: user=0.90 sys=0.00, real=0.26 secs] 
1563.925: [GC (Allocation Failure) --[PSYoungGen: 164045K->164045K(298496K)] 2794099K->2794099K(3029504K), 0.2890237 secs] [Times: user=1.10 sys=0.00, real=0.28 secs] 
1564.214: [Full GC (Ergonomics) [PSYoungGen: 164045K->163922K(298496K)] [ParOldGen: 2630054K->2630054K(2731008K)] 2794099K->2793977K(3029504K), [Metaspace: 34260K->34260K(1081344K)], 0.2548353 secs] [Times: user=0.90 sys=0.00, real=0.26 secs] 
1564.469: [GC (Allocation Failure) --[PSYoungGen: 163922K->163922K(298496K)] 2793977K->2793993K(3029504K), 0.2800196 secs] [Times: user=1.04 sys=0.00, real=0.28 secs] 
1564.749: [Full GC (Allocation Failure) [PSYoungGen: 163922K->163849K(298496K)] [ParOldGen: 2630070K->2630054K(2731008K)] 2793993K->2793903K(3029504K), [Metaspace: 34260K->34260K(1081344K)], 0.2610894 secs] [Times: user=0.93 sys=0.00, real=0.26 secs] 
1565.093: [GC (Allocation Failure) --[PSYoungGen: 164044K->164044K(298496K)] 2794099K->2794099K(3029504K), 0.2709598 secs] [Times: user=1.03 sys=0.00, real=0.28 secs] 
1565.364: [Full GC (Ergonomics) [PSYoungGen: 164044K->163922K(298496K)] [ParOldGen: 2630054K->2630054K(2731008K)] 2794099K->2793977K(3029504K), [Metaspace: 34264K->34264K(1081344K)], 0.2539440 secs] [Times: user=0.90 sys=0.00, real=0.25 secs] 
1565.618: [GC (Allocation Failure) --[PSYoungGen: 163922K->163922K(298496K)] 2793977K->2793993K(3029504K), 0.2714451 secs] [Times: user=1.04 sys=0.00, real=0.27 secs] 
1565.890: [Full GC (Allocation Failure) [PSYoungGen: 163922K->163849K(298496K)] [ParOldGen: 2630070K->2630054K(2731008K)] 2793993K->2793903K(3029504K), [Metaspace: 34264K->34264K(1081344K)], 0.2518695 secs] [Times: user=0.89 sys=0.00, real=0.25 secs] 
1566.246: [GC (Allocation Failure) --[PSYoungGen: 164048K->164048K(298496K)] 2794102K->2794110K(3029504K), 0.2708271 secs] [Times: user=1.04 sys=0.00, real=0.27 secs] 
1566.517: [Full GC (Ergonomics) [PSYoungGen: 164048K->163923K(298496K)] [ParOldGen: 2630062K->2630054K(2731008K)] 2794110K->2793977K(3029504K), [Metaspace: 34264K->34264K(1081344K)], 0.2536982 secs] [Times: user=0.89 sys=0.00, real=0.25 secs] 
1566.771: [GC (Allocation Failure) --[PSYoungGen: 163923K->163923K(298496K)] 2793977K->2793993K(3029504K), 0.2727327 secs] [Times: user=1.03 sys=0.00, real=0.28 secs] 
1567.044: [Full GC (Allocation Failure) [PSYoungGen: 163923K->163849K(298496K)] [ParOldGen: 2630070K->2630054K(2731008K)] 2793993K->2793904K(3029504K), [Metaspace: 34264K->34264K(1081344K)], 0.2563347 secs] [Times: user=0.91 sys=0.00, real=0.25 secs] 
1567.384: [GC (Allocation Failure) --[PSYoungGen: 164045K->164045K(298496K)] 2794100K->2794100K(3029504K), 0.3009445 secs] [Times: user=1.12 sys=0.00, real=0.30 secs] 
1567.685: [Full GC (Ergonomics) [PSYoungGen: 164045K->163922K(298496K)] [ParOldGen: 2630054K->2630054K(2731008K)] 2794100K->2793977K(3029504K), [Metaspace: 34264K->34264K(1081344K)], 0.2589445 secs] [Times: user=0.91 sys=0.00, real=0.26 secs] 
1567.944: [GC (Allocation Failure) --[PSYoungGen: 163922K->163922K(298496K)] 2793977K->2793993K(3029504K), 0.2729119 secs] [Times: user=1.03 sys=0.00, real=0.27 secs] 
1568.217: [Full GC (Allocation Failure) [PSYoungGen: 163922K->163849K(298496K)] [ParOldGen: 2630070K->2630054K(2731008K)] 2793993K->2793903K(3029504K), [Metaspace: 34264K->34264K(1081344K)], 0.2580931 secs] [Times: user=0.90 sys=0.00, real=0.25 secs] 
1568.568: [GC (Allocation Failure) --[PSYoungGen: 164045K->164045K(298496K)] 2794100K->2794100K(3029504K), 0.2883063 secs] [Times: user=1.09 sys=0.00, real=0.29 secs] 
1568.857: [Full GC (Ergonomics) [PSYoungGen: 164045K->163922K(298496K)] [ParOldGen: 2630054K->2630054K(2731008K)] 2794100K->2793977K(3029504K), [Metaspace: 34264K->34264K(1081344K)], 0.2618287 secs] [Times: user=0.92 sys=0.00, real=0.26 secs] 
1569.119: [GC (Allocation Failure) --[PSYoungGen: 163922K->163922K(298496K)] 2793977K->2793993K(3029504K), 0.2806812 secs] [Times: user=1.05 sys=0.00, real=0.28 secs] 
1569.399: [Full GC (Allocation Failure) [PSYoungGen: 163922K->163849K(298496K)] [ParOldGen: 2630070K->2630054K(2731008K)] 2793993K->2793903K(3029504K), [Metaspace: 34264K->34264K(1081344K)], 0.2603861 secs] [Times: user=0.92 sys=0.00, real=0.26 secs] 
1569.752: [GC (Allocation Failure) --[PSYoungGen: 164045K->164045K(298496K)] 2794100K->2794100K(3029504K), 0.2780838 secs] [Times: user=1.06 sys=0.00, real=0.28 secs] 
1570.031: [Full GC (Ergonomics) [PSYoungGen: 164045K->163922K(298496K)] [ParOldGen: 2630054K->2630054K(2731008K)] 2794100K->2793977K(3029504K), [Metaspace: 34264K->34264K(1081344K)], 0.2552068 secs] [Times: user=0.90 sys=0.00, real=0.26 secs] 
1570.286: [GC (Allocation Failure) --[PSYoungGen: 163922K->163922K(298496K)] 2793977K->2794001K(3029504K), 0.2787967 secs] [Times: user=1.05 sys=0.00, real=0.28 secs] 
1570.565: [Full GC (Allocation Failure) [PSYoungGen: 163922K->163849K(298496K)] [ParOldGen: 2630078K->2630054K(2731008K)] 2794001K->2793903K(3029504K), [Metaspace: 34264K->34264K(1081344K)], 0.2550619 secs] [Times: user=0.89 sys=0.00, real=0.25 secs] 
1570.874: [GC (Allocation Failure) --[PSYoungGen: 164046K->164046K(298496K)] 2794101K->2794101K(3029504K), 0.2957976 secs] [Times: user=1.11 sys=0.00, real=0.30 secs] 
1571.170: [Full GC (Ergonomics) [PSYoungGen: 164046K->163922K(298496K)] [ParOldGen: 2630054K->2630054K(2731008K)] 2794101K->2793977K(3029504K), [Metaspace: 34265K->34265K(1081344K)], 0.2811505 secs] [Times: user=0.96 sys=0.00, real=0.28 secs] 
1571.452: [GC (Allocation Failure) --[PSYoungGen: 163922K->163922K(298496K)] 2793977K->2793993K(3029504K), 0.2725470 secs] [Times: user=1.04 sys=0.00, real=0.28 secs] 
1571.724: [Full GC (Allocation Failure) [PSYoungGen: 163922K->163849K(298496K)] [ParOldGen: 2630070K->2630054K(2731008K)] 2793993K->2793903K(3029504K), [Metaspace: 34265K->34265K(1081344K)], 0.2620218 secs] [Times: user=0.93 sys=0.00, real=0.26 secs] 
1572.089: [GC (Allocation Failure) --[PSYoungGen: 164045K->164045K(298496K)] 2794100K->2794100K(3029504K), 0.2725438 secs] [Times: user=1.03 sys=0.00, real=0.27 secs] 
1572.362: [Full GC (Ergonomics) [PSYoungGen: 164045K->163922K(298496K)] [ParOldGen: 2630054K->2630054K(2731008K)] 2794100K->2793977K(3029504K), [Metaspace: 34265K->34265K(1081344K)], 0.2609164 secs] [Times: user=0.92 sys=0.00, real=0.26 secs] 
1572.623: [GC (Allocation Failure) --[PSYoungGen: 163922K->163922K(298496K)] 2793977K->2793985K(3029504K), 0.2756777 secs] [Times: user=1.05 sys=0.00, real=0.28 secs] 
1572.899: [Full GC (Allocation Failure) [PSYoungGen: 163922K->163849K(298496K)] [ParOldGen: 2630062K->2630054K(2731008K)] 2793985K->2793903K(3029504K), [Metaspace: 34265K->34265K(1081344K)], 0.2567771 secs] [Times: user=0.89 sys=0.00, real=0.25 secs] 
1573.242: [GC (Allocation Failure) --[PSYoungGen: 164045K->164045K(298496K)] 2794100K->2794100K(3029504K), 0.2755277 secs] [Times: user=1.05 sys=0.00, real=0.28 secs] 
1573.518: [Full GC (Ergonomics) [PSYoungGen: 164045K->163922K(298496K)] [ParOldGen: 2630054K->2630054K(2731008K)] 2794100K->2793977K(3029504K), [Metaspace: 34265K->34265K(1081344K)], 0.2559712 secs] [Times: user=0.90 sys=0.00, real=0.25 secs] 
1573.774: [GC (Allocation Failure) --[PSYoungGen: 163922K->163922K(298496K)] 2793977K->2793985K(3029504K), 0.2707452 secs] [Times: user=1.03 sys=0.00, real=0.28 secs] 
1574.045: [Full GC (Allocation Failure) [PSYoungGen: 163922K->163849K(298496K)] [ParOldGen: 2630062K->2630054K(2731008K)] 2793985K->2793903K(3029504K), [Metaspace: 34265K->34265K(1081344K)], 0.2567078 secs] [Times: user=0.90 sys=0.00, real=0.25 secs] 
1574.380: [GC (Allocation Failure) --[PSYoungGen: 164045K->164045K(298496K)] 2794100K->2794100K(3029504K), 0.2955998 secs] [Times: user=1.11 sys=0.00, real=0.30 secs] 
1574.676: [Full GC (Ergonomics) [PSYoungGen: 164045K->163922K(298496K)] [ParOldGen: 2630054K->2630054K(2731008K)] 2794100K->2793977K(3029504K), [Metaspace: 34265K->34265K(1081344K)], 0.2613401 secs] [Times: user=0.92 sys=0.00, real=0.26 secs] 
1574.938: [GC (Allocation Failure) --[PSYoungGen: 163922K->163922K(298496K)] 2793977K->2793985K(3029504K), 0.2711902 secs] [Times: user=1.03 sys=0.00, real=0.27 secs] 
1575.209: [Full GC (Allocation Failure) [PSYoungGen: 163922K->163849K(298496K)] [ParOldGen: 2630062K->2630054K(2731008K)] 2793985K->2793903K(3029504K), [Metaspace: 34265K->34265K(1081344K)], 0.2589628 secs] [Times: user=0.92 sys=0.00, real=0.26 secs] 
1575.564: [GC (Allocation Failure) --[PSYoungGen: 164044K->164044K(298496K)] 2794099K->2794099K(3029504K), 0.2717148 secs] [Times: user=1.04 sys=0.00, real=0.27 secs] 
1575.836: [Full GC (Ergonomics) [PSYoungGen: 164044K->163923K(298496K)] [ParOldGen: 2630054K->2630054K(2731008K)] 2794099K->2793977K(3029504K), [Metaspace: 34265K->34265K(1081344K)], 0.2525162 secs] [Times: user=0.89 sys=0.00, real=0.25 secs] 
1576.089: [GC (Allocation Failure) --[PSYoungGen: 163923K->163923K(298496K)] 2793977K->2793985K(3029504K), 0.2737949 secs] [Times: user=1.05 sys=0.00, real=0.27 secs] 
1576.363: [Full GC (Allocation Failure) [PSYoungGen: 163923K->163849K(298496K)] [ParOldGen: 2630062K->2630054K(2731008K)] 2793985K->2793904K(3029504K), [Metaspace: 34265K->34265K(1081344K)], 0.2615837 secs] [Times: user=0.91 sys=0.00, real=0.27 secs] 
1576.702: [GC (Allocation Failure) --[PSYoungGen: 164045K->164045K(298496K)] 2794100K->2794100K(3029504K), 0.2938108 secs] [Times: user=1.10 sys=0.00, real=0.30 secs] 
1576.996: [Full GC (Ergonomics) [PSYoungGen: 164045K->163922K(298496K)] [ParOldGen: 2630054K->2630054K(2731008K)] 2794100K->2793977K(3029504K), [Metaspace: 34265K->34265K(1081344K)], 0.2518308 secs] [Times: user=0.89 sys=0.00, real=0.25 secs] 
1577.248: [GC (Allocation Failure) --[PSYoungGen: 163922K->163922K(298496K)] 2793977K->2793993K(3029504K), 0.2709117 secs] [Times: user=1.03 sys=0.00, real=0.27 secs] 
1577.519: [Full GC (Allocation Failure) [PSYoungGen: 163922K->163849K(298496K)] [ParOldGen: 2630070K->2630054K(2731008K)] 2793993K->2793904K(3029504K), [Metaspace: 34265K->34265K(1081344K)], 0.2543893 secs] [Times: user=0.90 sys=0.00, real=0.25 secs] 
1577.871: [GC (Allocation Failure) --[PSYoungGen: 164045K->164045K(298496K)] 2794100K->2794100K(3029504K), 0.2978901 secs] [Times: user=1.15 sys=0.00, real=0.30 secs] 
1578.169: [Full GC (Ergonomics) [PSYoungGen: 164045K->163922K(298496K)] [ParOldGen: 2630054K->2630054K(2731008K)] 2794100K->2793977K(3029504K), [Metaspace: 34265K->34265K(1081344K)], 0.2565568 secs] [Times: user=0.91 sys=0.00, real=0.26 secs] 
1578.425: [GC (Allocation Failure) --[PSYoungGen: 163922K->163922K(298496K)] 2793977K->2793985K(3029504K), 0.2727253 secs] [Times: user=1.03 sys=0.00, real=0.27 secs] 
1578.698: [Full GC (Allocation Failure) [PSYoungGen: 163922K->163849K(298496K)] [ParOldGen: 2630062K->2630054K(2731008K)] 2793985K->2793904K(3029504K), [Metaspace: 34265K->34265K(1081344K)], 0.2814209 secs] [Times: user=1.00 sys=0.00, real=0.28 secs] 
1579.070: [GC (Allocation Failure) --[PSYoungGen: 164044K->164044K(298496K)] 2794099K->2794099K(3029504K), 0.2750155 secs] [Times: user=1.04 sys=0.00, real=0.28 secs] 
1579.345: [Full GC (Ergonomics) [PSYoungGen: 164044K->163923K(298496K)] [ParOldGen: 2630054K->2630054K(2731008K)] 2794099K->2793977K(3029504K), [Metaspace: 34265K->34265K(1081344K)], 0.2595254 secs] [Times: user=0.91 sys=0.00, real=0.26 secs] 
1579.605: [GC (Allocation Failure) --[PSYoungGen: 163923K->163923K(298496K)] 2793977K->2793993K(3029504K), 0.2821914 secs] [Times: user=1.06 sys=0.00, real=0.28 secs] 
1579.887: [Full GC (Allocation Failure) [PSYoungGen: 163923K->163849K(298496K)] [ParOldGen: 2630070K->2630055K(2731008K)] 2793993K->2793904K(3029504K), [Metaspace: 34265K->34265K(1081344K)], 0.2558899 secs] [Times: user=0.91 sys=0.00, real=0.25 secs] 
1580.238: [GC (Allocation Failure) --[PSYoungGen: 164045K->164045K(298496K)] 2794100K->2794100K(3029504K), 0.2702036 secs] [Times: user=1.04 sys=0.00, real=0.27 secs] 
1580.509: [Full GC (Ergonomics) [PSYoungGen: 164045K->163922K(298496K)] [ParOldGen: 2630055K->2630055K(2731008K)] 2794100K->2793977K(3029504K), [Metaspace: 34265K->34265K(1081344K)], 0.2514856 secs] [Times: user=0.89 sys=0.00, real=0.25 secs] 
1580.760: [GC (Allocation Failure) --[PSYoungGen: 163922K->163922K(298496K)] 2793977K->2793993K(3029504K), 0.2717242 secs] [Times: user=1.03 sys=0.00, real=0.27 secs] 
1581.032: [Full GC (Allocation Failure) [PSYoungGen: 163922K->163849K(298496K)] [ParOldGen: 2630071K->2630055K(2731008K)] 2793993K->2793904K(3029504K), [Metaspace: 34265K->34265K(1081344K)], 0.2520239 secs] [Times: user=0.90 sys=0.00, real=0.26 secs] 
1581.380: [GC (Allocation Failure) --[PSYoungGen: 164047K->164047K(298496K)] 2794102K->2794110K(3029504K), 0.2894048 secs] [Times: user=1.11 sys=0.00, real=0.29 secs] 
1581.670: [Full GC (Ergonomics) [PSYoungGen: 164047K->163923K(298496K)] [ParOldGen: 2630063K->2630055K(2731008K)] 2794110K->2793978K(3029504K), [Metaspace: 34269K->34269K(1081344K)], 0.2590415 secs] [Times: user=0.91 sys=0.00, real=0.26 secs] 
1581.929: [GC (Allocation Failure) --[PSYoungGen: 163923K->163923K(298496K)] 2793978K->2793994K(3029504K), 0.2727525 secs] [Times: user=1.04 sys=0.00, real=0.27 secs] 
1582.202: [Full GC (Allocation Failure) [PSYoungGen: 163923K->163849K(298496K)] [ParOldGen: 2630071K->2630055K(2731008K)] 2793994K->2793905K(3029504K), [Metaspace: 34269K->34269K(1081344K)], 0.2572672 secs] [Times: user=0.91 sys=0.00, real=0.26 secs] 
1582.530: [GC (Allocation Failure) --[PSYoungGen: 164048K->164048K(298496K)] 2794103K->2794111K(3029504K), 0.2722228 secs] [Times: user=1.04 sys=0.00, real=0.27 secs] 
1582.802: [Full GC (Ergonomics) [PSYoungGen: 164048K->163924K(298496K)] [ParOldGen: 2630063K->2630055K(2731008K)] 2794111K->2793980K(3029504K), [Metaspace: 34279K->34279K(1081344K)], 0.2538003 secs] [Times: user=0.90 sys=0.00, real=0.26 secs] 
1583.056: [GC (Allocation Failure) --[PSYoungGen: 163924K->163924K(298496K)] 2793980K->2793996K(3029504K), 0.2709627 secs] [Times: user=1.03 sys=0.00, real=0.27 secs] 
1583.327: [Full GC (Allocation Failure) [PSYoungGen: 163924K->163851K(298496K)] [ParOldGen: 2630071K->2630055K(2731008K)] 2793996K->2793906K(3029504K), [Metaspace: 34279K->34279K(1081344K)], 0.2531410 secs] [Times: user=0.90 sys=0.00, real=0.25 secs] 
1583.668: [GC (Allocation Failure) --[PSYoungGen: 164047K->164047K(298496K)] 2794103K->2794103K(3029504K), 0.2712746 secs] [Times: user=1.03 sys=0.00, real=0.27 secs] 
1583.939: [Full GC (Ergonomics) [PSYoungGen: 164047K->163924K(298496K)] [ParOldGen: 2630055K->2630055K(2731008K)] 2794103K->2793980K(3029504K), [Metaspace: 34279K->34279K(1081344K)], 0.2534356 secs] [Times: user=0.90 sys=0.00, real=0.25 secs] 
1584.193: [GC (Allocation Failure) --[PSYoungGen: 163924K->163924K(298496K)] 2793980K->2793996K(3029504K), 0.2738697 secs] [Times: user=1.04 sys=0.00, real=0.28 secs] 
1584.467: [Full GC (Allocation Failure) [PSYoungGen: 163924K->163851K(298496K)] [ParOldGen: 2630071K->2630055K(2731008K)] 2793996K->2793906K(3029504K), [Metaspace: 34279K->34279K(1081344K)], 0.2570805 secs] [Times: user=0.91 sys=0.00, real=0.26 secs] 
1584.821: [GC (Allocation Failure) --[PSYoungGen: 164047K->164047K(298496K)] 2794102K->2794102K(3029504K), 0.2824493 secs] [Times: user=1.09 sys=0.00, real=0.28 secs] 
1585.103: [Full GC (Ergonomics) [PSYoungGen: 164047K->163924K(298496K)] [ParOldGen: 2630055K->2630055K(2731008K)] 2794102K->2793980K(3029504K), [Metaspace: 34279K->34279K(1081344K)], 0.2643290 secs] [Times: user=0.92 sys=0.00, real=0.27 secs] 
1585.368: [GC (Allocation Failure) --[PSYoungGen: 163924K->163924K(298496K)] 2793980K->2793996K(3029504K), 0.2752283 secs] [Times: user=1.03 sys=0.00, real=0.27 secs] 
1585.643: [Full GC (Allocation Failure) [PSYoungGen: 163924K->163850K(298496K)] [ParOldGen: 2630071K->2630056K(2731008K)] 2793996K->2793906K(3029504K), [Metaspace: 34279K->34279K(1081344K)], 0.2675293 secs] [Times: user=0.93 sys=0.00, real=0.27 secs] 
1586.004: [GC (Allocation Failure) --[PSYoungGen: 164046K->164046K(298496K)] 2794102K->2794102K(3029504K), 0.3129800 secs] [Times: user=1.14 sys=0.00, real=0.31 secs] 
1586.318: [Full GC (Ergonomics) [PSYoungGen: 164046K->163924K(298496K)] [ParOldGen: 2630056K->2630056K(2731008K)] 2794102K->2793980K(3029504K), [Metaspace: 34279K->34279K(1081344K)], 0.2610666 secs] [Times: user=0.92 sys=0.00, real=0.26 secs] 
1586.579: [GC (Allocation Failure) --[PSYoungGen: 163924K->163924K(298496K)] 2793980K->2793996K(3029504K), 0.2755890 secs] [Times: user=1.05 sys=0.00, real=0.27 secs] 
1586.854: [Full GC (Allocation Failure) [PSYoungGen: 163924K->163849K(298496K)] [ParOldGen: 2630072K->2630057K(2731008K)] 2793996K->2793906K(3029504K), [Metaspace: 34279K->34279K(1081344K)], 0.2569907 secs] [Times: user=0.91 sys=0.00, real=0.26 secs] 
1587.189: [GC (Allocation Failure) --[PSYoungGen: 164045K->164045K(298496K)] 2794102K->2794102K(3029504K), 0.2692608 secs] [Times: user=1.03 sys=0.00, real=0.27 secs] 
1587.458: [Full GC (Ergonomics) [PSYoungGen: 164045K->163922K(298496K)] [ParOldGen: 2630057K->2630057K(2731008K)] 2794102K->2793980K(3029504K), [Metaspace: 34279K->34279K(1081344K)], 0.2730719 secs] [Times: user=0.97 sys=0.00, real=0.27 secs] 
1587.731: [GC (Allocation Failure) --[PSYoungGen: 163922K->163922K(298496K)] 2793980K->2793996K(3029504K), 0.2766517 secs] [Times: user=1.06 sys=0.00, real=0.28 secs] 
1588.008: [Full GC (Allocation Failure) [PSYoungGen: 163922K->163849K(298496K)] [ParOldGen: 2630073K->2630057K(2731008K)] 2793996K->2793906K(3029504K), [Metaspace: 34279K->34279K(1081344K)], 0.2526897 secs] [Times: user=0.89 sys=0.00, real=0.25 secs] 
1588.357: [GC (Allocation Failure) --[PSYoungGen: 164045K->164045K(298496K)] 2794102K->2794102K(3029504K), 0.3539922 secs] [Times: user=1.34 sys=0.00, real=0.35 secs] 
1588.711: [Full GC (Ergonomics) [PSYoungGen: 164045K->163922K(298496K)] [ParOldGen: 2630057K->2630057K(2731008K)] 2794102K->2793980K(3029504K), [Metaspace: 34279K->34279K(1081344K)], 0.2635117 secs] [Times: user=0.93 sys=0.00, real=0.26 secs] 
1588.975: [GC (Allocation Failure) --[PSYoungGen: 163922K->163922K(298496K)] 2793980K->2793996K(3029504K), 0.2820168 secs] [Times: user=1.07 sys=0.00, real=0.29 secs] 
1589.257: [Full GC (Allocation Failure) [PSYoungGen: 163922K->163849K(298496K)] [ParOldGen: 2630073K->2630057K(2731008K)] 2793996K->2793906K(3029504K), [Metaspace: 34279K->34279K(1081344K)], 0.2726597 secs] [Times: user=0.98 sys=0.00, real=0.27 secs] 
1589.603: [GC (Allocation Failure) --[PSYoungGen: 164045K->164045K(298496K)] 2794102K->2794102K(3029504K), 0.2741441 secs] [Times: user=1.05 sys=0.00, real=0.28 secs] 
1589.877: [Full GC (Ergonomics) [PSYoungGen: 164045K->163922K(298496K)] [ParOldGen: 2630057K->2630057K(2731008K)] 2794102K->2793980K(3029504K), [Metaspace: 34279K->34279K(1081344K)], 0.2629194 secs] [Times: user=0.93 sys=0.00, real=0.26 secs] 
1590.140: [GC (Allocation Failure) --[PSYoungGen: 163922K->163922K(298496K)] 2793980K->2793988K(3029504K), 0.2756351 secs] [Times: user=1.06 sys=0.00, real=0.28 secs] 
1590.416: [Full GC (Allocation Failure) [PSYoungGen: 163922K->163849K(298496K)] [ParOldGen: 2630065K->2630057K(2731008K)] 2793988K->2793906K(3029504K), [Metaspace: 34279K->34279K(1081344K)], 0.2582759 secs] [Times: user=0.91 sys=0.00, real=0.25 secs] 
1590.771: [GC (Allocation Failure) --[PSYoungGen: 164045K->164045K(298496K)] 2794102K->2794102K(3029504K), 0.2722282 secs] [Times: user=1.04 sys=0.00, real=0.27 secs] 
1591.043: [Full GC (Ergonomics) [PSYoungGen: 164045K->163922K(298496K)] [ParOldGen: 2630057K->2630057K(2731008K)] 2794102K->2793980K(3029504K), [Metaspace: 34279K->34279K(1081344K)], 0.2588809 secs] [Times: user=0.92 sys=0.00, real=0.26 secs] 
1591.302: [GC (Allocation Failure) --[PSYoungGen: 163922K->163922K(298496K)] 2793980K->2793988K(3029504K), 0.2734329 secs] [Times: user=1.04 sys=0.00, real=0.28 secs] 
1591.576: [Full GC (Allocation Failure) [PSYoungGen: 163922K->163849K(298496K)] [ParOldGen: 2630065K->2630057K(2731008K)] 2793988K->2793906K(3029504K), [Metaspace: 34279K->34279K(1081344K)], 0.2577093 secs] [Times: user=0.91 sys=0.00, real=0.25 secs] 
1591.895: [GC (Allocation Failure) --[PSYoungGen: 164045K->164045K(298496K)] 2794102K->2794102K(3029504K), 0.3121237 secs] [Times: user=1.16 sys=0.00, real=0.32 secs] 
1592.207: [Full GC (Ergonomics) [PSYoungGen: 164045K->163922K(298496K)] [ParOldGen: 2630057K->2630057K(2731008K)] 2794102K->2793980K(3029504K), [Metaspace: 34279K->34279K(1081344K)], 0.2894736 secs] [Times: user=1.03 sys=0.00, real=0.29 secs] 
1592.497: [GC (Allocation Failure) --[PSYoungGen: 163922K->163922K(298496K)] 2793980K->2793996K(3029504K), 0.2854608 secs] [Times: user=1.09 sys=0.00, real=0.28 secs] 
1592.783: [Full GC (Allocation Failure) [PSYoungGen: 163922K->163849K(298496K)] [ParOldGen: 2630073K->2630057K(2731008K)] 2793996K->2793906K(3029504K), [Metaspace: 34279K->34279K(1081344K)], 0.2848765 secs] [Times: user=1.01 sys=0.00, real=0.29 secs] 
1593.154: [GC (Allocation Failure) --[PSYoungGen: 164045K->164045K(298496K)] 2794102K->2794102K(3029504K), 0.2845165 secs] [Times: user=1.09 sys=0.00, real=0.29 secs] 
1593.439: [Full GC (Ergonomics) [PSYoungGen: 164045K->163922K(298496K)] [ParOldGen: 2630057K->2630057K(2731008K)] 2794102K->2793980K(3029504K), [Metaspace: 34279K->34279K(1081344K)], 0.2659248 secs] [Times: user=0.95 sys=0.00, real=0.27 secs] 
1593.705: [GC (Allocation Failure) --[PSYoungGen: 163922K->163922K(298496K)] 2793980K->2793996K(3029504K), 0.2719637 secs] [Times: user=1.03 sys=0.00, real=0.27 secs] 
1593.977: [Full GC (Allocation Failure) [PSYoungGen: 163922K->163849K(298496K)] [ParOldGen: 2630073K->2630057K(2731008K)] 2793996K->2793906K(3029504K), [Metaspace: 34279K->34279K(1081344K)], 0.2621035 secs] [Times: user=0.93 sys=0.00, real=0.26 secs] 
1594.338: [GC (Allocation Failure) --[PSYoungGen: 164045K->164045K(298496K)] 2794103K->2794103K(3029504K), 0.2732535 secs] [Times: user=1.04 sys=0.00, real=0.27 secs] 
1594.611: [Full GC (Ergonomics) [PSYoungGen: 164045K->163922K(298496K)] [ParOldGen: 2630057K->2630057K(2731008K)] 2794103K->2793980K(3029504K), [Metaspace: 34279K->34279K(1081344K)], 0.2546018 secs] [Times: user=0.91 sys=0.00, real=0.26 secs] 
1594.866: [GC (Allocation Failure) --[PSYoungGen: 163922K->163922K(298496K)] 2793980K->2793988K(3029504K), 0.2818514 secs] [Times: user=1.06 sys=0.00, real=0.28 secs] 
1595.148: [Full GC (Allocation Failure) [PSYoungGen: 163922K->163849K(298496K)] [ParOldGen: 2630065K->2630057K(2731008K)] 2793988K->2793906K(3029504K), [Metaspace: 34279K->34279K(1081344K)], 0.2681426 secs] [Times: user=0.94 sys=0.00, real=0.27 secs] 
1595.476: [GC (Allocation Failure) --[PSYoungGen: 164045K->164045K(298496K)] 2794102K->2794102K(3029504K), 0.2825375 secs] [Times: user=1.09 sys=0.00, real=0.28 secs] 
1595.759: [Full GC (Ergonomics) [PSYoungGen: 164045K->163922K(298496K)] [ParOldGen: 2630057K->2630057K(2731008K)] 2794102K->2793980K(3029504K), [Metaspace: 34279K->34279K(1081344K)], 0.2624426 secs] [Times: user=0.93 sys=0.00, real=0.26 secs] 
1596.021: [GC (Allocation Failure) --[PSYoungGen: 163922K->163922K(298496K)] 2793980K->2793996K(3029504K), 0.2740371 secs] [Times: user=1.05 sys=0.00, real=0.27 secs] 
1596.296: [Full GC (Allocation Failure) [PSYoungGen: 163922K->163849K(298496K)] [ParOldGen: 2630073K->2630057K(2731008K)] 2793996K->2793906K(3029504K), [Metaspace: 34279K->34279K(1081344K)], 0.2859414 secs] [Times: user=1.01 sys=0.00, real=0.29 secs] 
1596.660: [GC (Allocation Failure) --[PSYoungGen: 164045K->164045K(298496K)] 2794103K->2794103K(3029504K), 0.2739959 secs] [Times: user=1.05 sys=0.00, real=0.27 secs] 
1596.934: [Full GC (Ergonomics) [PSYoungGen: 164045K->163922K(298496K)] [ParOldGen: 2630057K->2630057K(2731008K)] 2794103K->2793980K(3029504K), [Metaspace: 34279K->34279K(1081344K)], 0.2544030 secs] [Times: user=0.90 sys=0.00, real=0.26 secs] 
1597.189: [GC (Allocation Failure) --[PSYoungGen: 163922K->163922K(298496K)] 2793980K->2793996K(3029504K), 0.2725167 secs] [Times: user=1.04 sys=0.00, real=0.27 secs] 
1597.461: [Full GC (Allocation Failure) [PSYoungGen: 163922K->163849K(298496K)] [ParOldGen: 2630073K->2630057K(2731008K)] 2793996K->2793906K(3029504K), [Metaspace: 34279K->34279K(1081344K)], 0.2540043 secs] [Times: user=0.90 sys=0.00, real=0.25 secs] 
1597.813: [GC (Allocation Failure) --[PSYoungGen: 164045K->164045K(298496K)] 2794103K->2794103K(3029504K), 0.2827196 secs] [Times: user=1.07 sys=0.00, real=0.29 secs] 
1598.096: [Full GC (Ergonomics) [PSYoungGen: 164045K->163922K(298496K)] [ParOldGen: 2630057K->2630057K(2731008K)] 2794103K->2793980K(3029504K), [Metaspace: 34279K->34279K(1081344K)], 0.2601000 secs] [Times: user=0.92 sys=0.00, real=0.26 secs] 
1598.356: [GC (Allocation Failure) --[PSYoungGen: 163922K->163922K(298496K)] 2793980K->2793996K(3029504K), 0.2758003 secs] [Times: user=1.05 sys=0.00, real=0.27 secs] 
1598.632: [Full GC (Allocation Failure) [PSYoungGen: 163922K->163849K(298496K)] [ParOldGen: 2630073K->2630057K(2731008K)] 2793996K->2793906K(3029504K), [Metaspace: 34279K->34279K(1081344K)], 0.2567494 secs] [Times: user=0.92 sys=0.00, real=0.26 secs] 
1598.997: [GC (Allocation Failure) --[PSYoungGen: 164045K->164045K(298496K)] 2794103K->2794103K(3029504K), 0.2832155 secs] [Times: user=1.08 sys=0.00, real=0.28 secs] 
1599.281: [Full GC (Ergonomics) [PSYoungGen: 164045K->163922K(298496K)] [ParOldGen: 2630057K->2630057K(2731008K)] 2794103K->2793980K(3029504K), [Metaspace: 34279K->34279K(1081344K)], 0.2722756 secs] [Times: user=0.98 sys=0.00, real=0.27 secs] 
1599.553: [GC (Allocation Failure) --[PSYoungGen: 163922K->163922K(298496K)] 2793980K->2794004K(3029504K), 0.2750981 secs] [Times: user=1.04 sys=0.00, real=0.28 secs] 
1599.828: [Full GC (Allocation Failure) [PSYoungGen: 163922K->163849K(298496K)] [ParOldGen: 2630081K->2630057K(2731008K)] 2794004K->2793906K(3029504K), [Metaspace: 34279K->34279K(1081344K)], 0.2545037 secs] [Times: user=0.90 sys=0.00, real=0.25 secs] 
1600.181: [GC (Allocation Failure) --[PSYoungGen: 164044K->164044K(298496K)] 2794102K->2794102K(3029504K), 0.2735087 secs] [Times: user=1.04 sys=0.00, real=0.27 secs] 
1600.455: [Full GC (Ergonomics) [PSYoungGen: 164044K->163922K(298496K)] [ParOldGen: 2630057K->2630057K(2731008K)] 2794102K->2793980K(3029504K), [Metaspace: 34279K->34279K(1081344K)], 0.2556429 secs] [Times: user=0.91 sys=0.00, real=0.26 secs] 
1600.711: [GC (Allocation Failure) --[PSYoungGen: 163922K->163922K(298496K)] 2793980K->2793996K(3029504K), 0.2781268 secs] [Times: user=1.05 sys=0.00, real=0.28 secs] 
1600.989: [Full GC (Allocation Failure) [PSYoungGen: 163922K->163849K(298496K)] [ParOldGen: 2630073K->2630057K(2731008K)] 2793996K->2793907K(3029504K), [Metaspace: 34279K->34279K(1081344K)], 0.2525661 secs] [Times: user=0.89 sys=0.00, real=0.25 secs] 
1601.319: [GC (Allocation Failure) --[PSYoungGen: 164045K->164045K(298496K)] 2794103K->2794103K(3029504K), 0.2697916 secs] [Times: user=1.03 sys=0.00, real=0.27 secs] 
1601.589: [Full GC (Ergonomics) [PSYoungGen: 164045K->163922K(298496K)] [ParOldGen: 2630057K->2630057K(2731008K)] 2794103K->2793980K(3029504K), [Metaspace: 34279K->34279K(1081344K)], 0.2536352 secs] [Times: user=0.90 sys=0.00, real=0.25 secs] 
1601.843: [GC (Allocation Failure) --[PSYoungGen: 163922K->163922K(298496K)] 2793980K->2793988K(3029504K), 0.2721198 secs] [Times: user=1.03 sys=0.00, real=0.27 secs] 
1602.115: [Full GC (Allocation Failure) [PSYoungGen: 163922K->163849K(298496K)] [ParOldGen: 2630065K->2630057K(2731008K)] 2793988K->2793906K(3029504K), [Metaspace: 34279K->34279K(1081344K)], 0.2551831 secs] [Times: user=0.91 sys=0.00, real=0.26 secs] 
1602.458: [GC (Allocation Failure) --[PSYoungGen: 164045K->164045K(298496K)] 2794103K->2794103K(3029504K), 0.2845231 secs] [Times: user=1.09 sys=0.00, real=0.28 secs] 
1602.743: [Full GC (Ergonomics) [PSYoungGen: 164045K->163922K(298496K)] [ParOldGen: 2630057K->2630057K(2731008K)] 2794103K->2793980K(3029504K), [Metaspace: 34280K->34280K(1081344K)], 0.2596261 secs] [Times: user=0.92 sys=0.00, real=0.26 secs] 
1603.003: [GC (Allocation Failure) --[PSYoungGen: 163922K->163922K(298496K)] 2793980K->2793988K(3029504K), 0.2731816 secs] [Times: user=1.04 sys=0.00, real=0.28 secs] 
1603.276: [Full GC (Allocation Failure) [PSYoungGen: 163922K->163849K(298496K)] [ParOldGen: 2630065K->2630057K(2731008K)] 2793988K->2793906K(3029504K), [Metaspace: 34280K->34280K(1081344K)], 0.2780840 secs] [Times: user=0.99 sys=0.00, real=0.27 secs] 
1603.656: [GC (Allocation Failure) --[PSYoungGen: 164045K->164045K(298496K)] 2794103K->2794103K(3029504K), 0.2775502 secs] [Times: user=1.05 sys=0.00, real=0.27 secs] 
1603.934: [Full GC (Ergonomics) [PSYoungGen: 164045K->163922K(298496K)] [ParOldGen: 2630057K->2630057K(2731008K)] 2794103K->2793980K(3029504K), [Metaspace: 34280K->34280K(1081344K)], 0.2559004 secs] [Times: user=0.91 sys=0.00, real=0.26 secs] 
1604.190: [GC (Allocation Failure) --[PSYoungGen: 163922K->163922K(298496K)] 2793980K->2793996K(3029504K), 0.2779679 secs] [Times: user=1.06 sys=0.00, real=0.28 secs] 
1604.468: [Full GC (Allocation Failure) [PSYoungGen: 163922K->163849K(298496K)] [ParOldGen: 2630073K->2630057K(2731008K)] 2793996K->2793906K(3029504K), [Metaspace: 34280K->34280K(1081344K)], 0.2601242 secs] [Times: user=0.92 sys=0.00, real=0.26 secs] 
1604.809: [GC (Allocation Failure) --[PSYoungGen: 164047K->164047K(298496K)] 2794105K->2794113K(3029504K), 0.2824865 secs] [Times: user=1.09 sys=0.00, real=0.28 secs] 
1605.092: [Full GC (Ergonomics) [PSYoungGen: 164047K->163922K(298496K)] [ParOldGen: 2630065K->2630057K(2731008K)] 2794113K->2793980K(3029504K), [Metaspace: 34280K->34280K(1081344K)], 0.2601769 secs] [Times: user=0.92 sys=0.00, real=0.26 secs] 
1605.352: [GC (Allocation Failure) --[PSYoungGen: 163922K->163922K(298496K)] 2793980K->2793988K(3029504K), 0.2737068 secs] [Times: user=1.05 sys=0.00, real=0.28 secs] 
1605.626: [Full GC (Allocation Failure) [PSYoungGen: 163922K->163849K(298496K)] [ParOldGen: 2630065K->2630057K(2731008K)] 2793988K->2793907K(3029504K), [Metaspace: 34280K->34280K(1081344K)], 0.3005228 secs] [Times: user=1.08 sys=0.00, real=0.30 secs] 
1606.024: [GC (Allocation Failure) --[PSYoungGen: 164045K->164045K(298496K)] 2794103K->2794103K(3029504K), 0.2901385 secs] [Times: user=1.11 sys=0.00, real=0.28 secs] 
1606.315: [Full GC (Ergonomics) [PSYoungGen: 164045K->163922K(298496K)] [ParOldGen: 2630057K->2630057K(2731008K)] 2794103K->2793980K(3029504K), [Metaspace: 34280K->34280K(1081344K)], 0.2596779 secs] [Times: user=0.93 sys=0.00, real=0.26 secs] 
1606.574: [GC (Allocation Failure) --[PSYoungGen: 163922K->163922K(298496K)] 2793980K->2793996K(3029504K), 0.2824358 secs] [Times: user=1.08 sys=0.00, real=0.29 secs] 
1606.857: [Full GC (Allocation Failure) [PSYoungGen: 163922K->163849K(298496K)] [ParOldGen: 2630073K->2630057K(2731008K)] 2793996K->2793907K(3029504K), [Metaspace: 34280K->34280K(1081344K)], 0.2649259 secs] [Times: user=0.92 sys=0.00, real=0.26 secs] 
1607.208: [GC (Allocation Failure) --[PSYoungGen: 164045K->164045K(298496K)] 2794103K->2794103K(3029504K), 0.2735131 secs] [Times: user=1.04 sys=0.00, real=0.27 secs] 
1607.482: [Full GC (Ergonomics) [PSYoungGen: 164045K->163922K(298496K)] [ParOldGen: 2630057K->2630057K(2731008K)] 2794103K->2793980K(3029504K), [Metaspace: 34280K->34280K(1081344K)], 0.2589650 secs] [Times: user=0.92 sys=0.00, real=0.26 secs] 
1607.741: [GC (Allocation Failure) --[PSYoungGen: 163922K->163922K(298496K)] 2793980K->2793996K(3029504K), 0.2813635 secs] [Times: user=1.08 sys=0.00, real=0.28 secs] 
1608.022: [Full GC (Allocation Failure) [PSYoungGen: 163922K->163849K(298496K)] [ParOldGen: 2630073K->2630057K(2731008K)] 2793996K->2793907K(3029504K), [Metaspace: 34280K->34280K(1081344K)], 0.2628566 secs] [Times: user=0.92 sys=0.00, real=0.27 secs] 
1608.362: [GC (Allocation Failure) --[PSYoungGen: 164045K->164045K(298496K)] 2794103K->2794103K(3029504K), 0.2762295 secs] [Times: user=1.05 sys=0.00, real=0.28 secs] 
1608.638: [Full GC (Ergonomics) [PSYoungGen: 164045K->163922K(298496K)] [ParOldGen: 2630057K->2630057K(2731008K)] 2794103K->2793980K(3029504K), [Metaspace: 34280K->34280K(1081344K)], 0.2607332 secs] [Times: user=0.93 sys=0.00, real=0.26 secs] 
1608.899: [GC (Allocation Failure) --[PSYoungGen: 163922K->163922K(298496K)] 2793980K->2793996K(3029504K), 0.2741278 secs] [Times: user=1.04 sys=0.00, real=0.27 secs] 
1609.173: [Full GC (Allocation Failure) [PSYoungGen: 163922K->163849K(298496K)] [ParOldGen: 2630073K->2630058K(2731008K)] 2793996K->2793907K(3029504K), [Metaspace: 34280K->34280K(1081344K)], 0.2780260 secs] [Times: user=0.99 sys=0.00, real=0.28 secs] 
1609.545: [GC (Allocation Failure) --[PSYoungGen: 164045K->164045K(298496K)] 2794103K->2794103K(3029504K), 0.2859795 secs] [Times: user=1.09 sys=0.00, real=0.28 secs] 
1609.831: [Full GC (Ergonomics) [PSYoungGen: 164045K->163922K(298496K)] [ParOldGen: 2630058K->2630058K(2731008K)] 2794103K->2793980K(3029504K), [Metaspace: 34280K->34280K(1081344K)], 0.2608301 secs] [Times: user=0.92 sys=0.00, real=0.26 secs] 
1610.092: [GC (Allocation Failure) --[PSYoungGen: 163922K->163922K(298496K)] 2793980K->2793988K(3029504K), 0.2757362 secs] [Times: user=1.05 sys=0.00, real=0.28 secs] 
1610.368: [Full GC (Allocation Failure) [PSYoungGen: 163922K->163849K(298496K)] [ParOldGen: 2630066K->2630058K(2731008K)] 2793988K->2793907K(3029504K), [Metaspace: 34280K->34280K(1081344K)], 0.2679856 secs] [Times: user=0.95 sys=0.00, real=0.27 secs] 
1610.729: [GC (Allocation Failure) --[PSYoungGen: 164045K->164045K(298496K)] 2794103K->2794103K(3029504K), 0.2813630 secs] [Times: user=1.07 sys=0.00, real=0.28 secs] 
1611.011: [Full GC (Ergonomics) [PSYoungGen: 164045K->163922K(298496K)] [ParOldGen: 2630058K->2630058K(2731008K)] 2794103K->2793980K(3029504K), [Metaspace: 34280K->34280K(1081344K)], 0.2585847 secs] [Times: user=0.91 sys=0.00, real=0.26 secs] 
1611.270: [GC (Allocation Failure) --[PSYoungGen: 163922K->163922K(298496K)] 2793980K->2793988K(3029504K), 0.2740085 secs] [Times: user=1.05 sys=0.00, real=0.27 secs] 
1611.544: [Full GC (Allocation Failure) [PSYoungGen: 163922K->163849K(298496K)] [ParOldGen: 2630066K->2630058K(2731008K)] 2793988K->2793907K(3029504K), [Metaspace: 34280K->34280K(1081344K)], 0.2566523 secs] [Times: user=0.91 sys=0.00, real=0.26 secs] 
1611.898: [GC (Allocation Failure) --[PSYoungGen: 164046K->164046K(298496K)] 2794104K->2794104K(3029504K), 0.2714870 secs] [Times: user=1.04 sys=0.00, real=0.27 secs] 
1612.169: [Full GC (Ergonomics) [PSYoungGen: 164046K->163923K(298496K)] [ParOldGen: 2630058K->2630058K(2731008K)] 2794104K->2793981K(3029504K), [Metaspace: 34280K->34280K(1081344K)], 0.2572421 secs] [Times: user=0.91 sys=0.00, real=0.26 secs] 
1612.427: [GC (Allocation Failure) --[PSYoungGen: 163923K->163923K(298496K)] 2793981K->2793989K(3029504K), 0.2737761 secs] [Times: user=1.04 sys=0.00, real=0.27 secs] 
1612.701: [Full GC (Allocation Failure) [PSYoungGen: 163923K->163849K(298496K)] [ParOldGen: 2630066K->2630058K(2731008K)] 2793989K->2793907K(3029504K), [Metaspace: 34280K->34280K(1081344K)], 0.2549685 secs] [Times: user=0.89 sys=0.00, real=0.25 secs] 
1613.036: [GC (Allocation Failure) --[PSYoungGen: 164045K->164045K(298496K)] 2794103K->2794103K(3029504K), 0.2883889 secs] [Times: user=1.09 sys=0.00, real=0.30 secs] 
1613.324: [Full GC (Ergonomics) [PSYoungGen: 164045K->163923K(298496K)] [ParOldGen: 2630058K->2630058K(2731008K)] 2794103K->2793981K(3029504K), [Metaspace: 34280K->34280K(1081344K)], 0.2571951 secs] [Times: user=0.92 sys=0.00, real=0.25 secs] 
1613.582: [GC (Allocation Failure) --[PSYoungGen: 163923K->163923K(298496K)] 2793981K->2793989K(3029504K), 0.2737355 secs] [Times: user=1.04 sys=0.00, real=0.27 secs] 
1613.855: [Full GC (Allocation Failure) [PSYoungGen: 163923K->163849K(298496K)] [ParOldGen: 2630066K->2630058K(2731008K)] 2793989K->2793907K(3029504K), [Metaspace: 34280K->34280K(1081344K)], 0.2880423 secs] [Times: user=1.02 sys=0.00, real=0.29 secs] 
1614.236: [GC (Allocation Failure) --[PSYoungGen: 164045K->164045K(298496K)] 2794103K->2794103K(3029504K), 0.2726846 secs] [Times: user=1.03 sys=0.00, real=0.28 secs] 
1614.508: [Full GC (Ergonomics) [PSYoungGen: 164045K->163923K(298496K)] [ParOldGen: 2630058K->2630058K(2731008K)] 2794103K->2793981K(3029504K), [Metaspace: 34280K->34280K(1081344K)], 0.2534667 secs] [Times: user=0.90 sys=0.00, real=0.25 secs] 
1614.762: [GC (Allocation Failure) --[PSYoungGen: 163923K->163923K(298496K)] 2793981K->2793989K(3029504K), 0.2733460 secs] [Times: user=1.05 sys=0.00, real=0.27 secs] 
1615.035: [Full GC (Allocation Failure) [PSYoungGen: 163923K->163849K(298496K)] [ParOldGen: 2630066K->2630058K(2731008K)] 2793989K->2793907K(3029504K), [Metaspace: 34280K->34280K(1081344K)], 0.2587240 secs] [Times: user=0.92 sys=0.00, real=0.26 secs] 
1615.404: [GC (Allocation Failure) --[PSYoungGen: 164047K->164047K(298496K)] 2794105K->2794105K(3029504K), 0.2793790 secs] [Times: user=1.07 sys=0.00, real=0.27 secs] 
1615.683: [Full GC (Ergonomics) [PSYoungGen: 164047K->163923K(298496K)] [ParOldGen: 2630058K->2630058K(2731008K)] 2794105K->2793981K(3029504K), [Metaspace: 34301K->34301K(1081344K)], 0.2581298 secs] [Times: user=0.92 sys=0.00, real=0.26 secs] 
1615.942: [GC (Allocation Failure) --[PSYoungGen: 163923K->163923K(298496K)] 2793981K->2793989K(3029504K), 0.2832736 secs] [Times: user=1.05 sys=0.00, real=0.29 secs] 
1616.225: [Full GC (Allocation Failure) [PSYoungGen: 163923K->163849K(298496K)] [ParOldGen: 2630066K->2630058K(2731008K)] 2793989K->2793907K(3029504K), [Metaspace: 34301K->34301K(1081344K)], 0.2513531 secs] [Times: user=0.89 sys=0.00, real=0.25 secs] 
1616.573: [GC (Allocation Failure) --[PSYoungGen: 164048K->164048K(298496K)] 2794107K->2794115K(3029504K), 0.2795428 secs] [Times: user=1.07 sys=0.00, real=0.28 secs] 
1616.853: [Full GC (Ergonomics) [PSYoungGen: 164048K->163920K(298496K)] [ParOldGen: 2630066K->2630058K(2731008K)] 2794115K->2793978K(3029504K), [Metaspace: 34415K->34415K(1081344K)], 0.2615849 secs] [Times: user=0.93 sys=0.00, real=0.26 secs] 
1617.115: [GC (Allocation Failure) --[PSYoungGen: 163920K->163920K(298496K)] 2793978K->2793986K(3029504K), 0.2724866 secs] [Times: user=1.05 sys=0.00, real=0.28 secs] 
1617.387: [Full GC (Allocation Failure) [PSYoungGen: 163920K->163849K(298496K)] [ParOldGen: 2630066K->2630058K(2731008K)] 2793986K->2793907K(3029504K), [Metaspace: 34415K->34415K(1081344K)], 0.3051645 secs] [Times: user=1.08 sys=0.00, real=0.30 secs] 
1617.803: [GC (Allocation Failure) --[PSYoungGen: 164047K->164047K(298496K)] 2794105K->2794113K(3029504K), 0.2697004 secs] [Times: user=1.04 sys=0.00, real=0.27 secs] 
1618.073: [Full GC (Ergonomics) [PSYoungGen: 164047K->163923K(298496K)] [ParOldGen: 2630066K->2630058K(2731008K)] 2794113K->2793981K(3029504K), [Metaspace: 34471K->34471K(1081344K)], 0.2553955 secs] [Times: user=0.90 sys=0.00, real=0.26 secs] 
1618.328: [GC (Allocation Failure) --[PSYoungGen: 163923K->163923K(298496K)] 2793981K->2793997K(3029504K), 0.2718228 secs] [Times: user=1.04 sys=0.00, real=0.27 secs] 
1618.600: [Full GC (Allocation Failure) [PSYoungGen: 163923K->163849K(298496K)] [ParOldGen: 2630074K->2630058K(2731008K)] 2793997K->2793908K(3029504K), [Metaspace: 34471K->34471K(1081344K)], 0.2596226 secs] [Times: user=0.92 sys=0.00, real=0.26 secs] 
1618.910: [GC (Allocation Failure) --[PSYoungGen: 164045K->164045K(298496K)] 2794104K->2794104K(3029504K), 0.2921592 secs] [Times: user=1.11 sys=0.00, real=0.29 secs] 
1619.202: [Full GC (Ergonomics) [PSYoungGen: 164045K->163923K(298496K)] [ParOldGen: 2630058K->2630058K(2731008K)] 2794104K->2793981K(3029504K), [Metaspace: 34471K->34471K(1081344K)], 0.2948211 secs] [Times: user=1.02 sys=0.00, real=0.30 secs] 
1619.497: [GC (Allocation Failure) --[PSYoungGen: 163923K->163923K(298496K)] 2793981K->2793997K(3029504K), 0.2907095 secs] [Times: user=1.10 sys=0.00, real=0.29 secs] 
1619.788: [Full GC (Allocation Failure) [PSYoungGen: 163923K->163849K(298496K)] [ParOldGen: 2630074K->2630058K(2731008K)] 2793997K->2793908K(3029504K), [Metaspace: 34471K->34471K(1081344K)], 0.2563336 secs] [Times: user=0.90 sys=0.00, real=0.26 secs] 
1620.140: [GC (Allocation Failure) --[PSYoungGen: 164045K->164045K(298496K)] 2794104K->2794104K(3029504K), 0.2919437 secs] [Times: user=1.09 sys=0.00, real=0.29 secs] 
1620.432: [Full GC (Ergonomics) [PSYoungGen: 164045K->163923K(298496K)] [ParOldGen: 2630058K->2630058K(2731008K)] 2794104K->2793981K(3029504K), [Metaspace: 34471K->34471K(1081344K)], 0.2568483 secs] [Times: user=0.91 sys=0.00, real=0.26 secs] 
1620.688: [GC (Allocation Failure) --[PSYoungGen: 163923K->163923K(298496K)] 2793981K->2793997K(3029504K), 0.2779170 secs] [Times: user=1.05 sys=0.00, real=0.28 secs] 
1620.966: [Full GC (Allocation Failure) [PSYoungGen: 163923K->163849K(298496K)] [ParOldGen: 2630074K->2630058K(2731008K)] 2793997K->2793908K(3029504K), [Metaspace: 34471K->34471K(1081344K)], 0.2704050 secs] [Times: user=0.94 sys=0.00, real=0.27 secs] 
1621.308: [GC (Allocation Failure) --[PSYoungGen: 164046K->164046K(298496K)] 2794105K->2794105K(3029504K), 0.2714875 secs] [Times: user=1.04 sys=0.00, real=0.27 secs] 
1621.579: [Full GC (Ergonomics) [PSYoungGen: 164046K->163920K(298496K)] [ParOldGen: 2630058K->2630058K(2731008K)] 2794105K->2793979K(3029504K), [Metaspace: 34471K->34471K(1081344K)], 0.2551968 secs] [Times: user=0.91 sys=0.00, real=0.25 secs] 
1621.835: [GC (Allocation Failure) --[PSYoungGen: 163920K->163920K(298496K)] 2793979K->2793995K(3029504K), 0.2785141 secs] [Times: user=1.05 sys=0.00, real=0.28 secs] 
1622.113: [Full GC (Allocation Failure) [PSYoungGen: 163920K->163848K(298496K)] [ParOldGen: 2630074K->2630058K(2731008K)] 2793995K->2793907K(3029504K), [Metaspace: 34471K->34471K(1081344K)], 0.2640585 secs] [Times: user=0.92 sys=0.00, real=0.27 secs] 
1622.461: [GC (Allocation Failure) --[PSYoungGen: 164044K->164044K(298496K)] 2794103K->2794103K(3029504K), 0.2718778 secs] [Times: user=1.04 sys=0.00, real=0.27 secs] 
1622.733: [Full GC (Ergonomics) [PSYoungGen: 164044K->163923K(298496K)] [ParOldGen: 2630058K->2630058K(2731008K)] 2794103K->2793981K(3029504K), [Metaspace: 34471K->34471K(1081344K)], 0.2557475 secs] [Times: user=0.89 sys=0.00, real=0.26 secs] 
1622.989: [GC (Allocation Failure) --[PSYoungGen: 163923K->163923K(298496K)] 2793981K->2794005K(3029504K), 0.2871708 secs] [Times: user=1.08 sys=0.00, real=0.29 secs] 
1623.276: [Full GC (Allocation Failure) [PSYoungGen: 163923K->163849K(298496K)] [ParOldGen: 2630082K->2630059K(2731008K)] 2794005K->2793908K(3029504K), [Metaspace: 34471K->34471K(1081344K)], 0.2558339 secs] [Times: user=0.90 sys=0.00, real=0.25 secs] 
1623.614: [GC (Allocation Failure) --[PSYoungGen: 164045K->164045K(298496K)] 2794104K->2794104K(3029504K), 0.2790814 secs] [Times: user=1.07 sys=0.00, real=0.28 secs] 
1623.894: [Full GC (Ergonomics) [PSYoungGen: 164045K->163922K(298496K)] [ParOldGen: 2630059K->2630059K(2731008K)] 2794104K->2793981K(3029504K), [Metaspace: 34471K->34471K(1081344K)], 0.2529505 secs] [Times: user=0.89 sys=0.00, real=0.26 secs] 
1624.147: [GC (Allocation Failure) --[PSYoungGen: 163922K->163922K(298496K)] 2793981K->2793997K(3029504K), 0.2727858 secs] [Times: user=1.04 sys=0.00, real=0.27 secs] 
1624.419: [Full GC (Allocation Failure) [PSYoungGen: 163922K->163849K(298496K)] [ParOldGen: 2630075K->2630059K(2731008K)] 2793997K->2793908K(3029504K), [Metaspace: 34471K->34471K(1081344K)], 0.2931714 secs] [Times: user=1.02 sys=0.00, real=0.29 secs] 
1624.814: [GC (Allocation Failure) --[PSYoungGen: 164044K->164044K(298496K)] 2794103K->2794103K(3029504K), 0.2747051 secs] [Times: user=1.04 sys=0.00, real=0.28 secs] 
1625.089: [Full GC (Ergonomics) [PSYoungGen: 164044K->163922K(298496K)] [ParOldGen: 2630059K->2630059K(2731008K)] 2794103K->2793981K(3029504K), [Metaspace: 34471K->34471K(1081344K)], 0.2554117 secs] [Times: user=0.89 sys=0.00, real=0.26 secs] 
1625.344: [GC (Allocation Failure) --[PSYoungGen: 163922K->163922K(298496K)] 2793981K->2793997K(3029504K), 0.2764789 secs] [Times: user=1.05 sys=0.00, real=0.27 secs] 
1625.621: [Full GC (Allocation Failure) [PSYoungGen: 163922K->163849K(298496K)] [ParOldGen: 2630075K->2630059K(2731008K)] 2793997K->2793908K(3029504K), [Metaspace: 34471K->34471K(1081344K)], 0.2575241 secs] [Times: user=0.90 sys=0.00, real=0.26 secs] 
1625.951: [GC (Allocation Failure) --[PSYoungGen: 164047K->164047K(298496K)] 2794106K->2794106K(3029504K), 0.2702417 secs] [Times: user=1.03 sys=0.00, real=0.27 secs] 
1626.222: [Full GC (Ergonomics) [PSYoungGen: 164047K->163920K(298496K)] [ParOldGen: 2630059K->2630059K(2731008K)] 2794106K->2793979K(3029504K), [Metaspace: 34471K->34471K(1081344K)], 0.2516273 secs] [Times: user=0.90 sys=0.00, real=0.25 secs] 
1626.473: [GC (Allocation Failure) --[PSYoungGen: 163920K->163920K(298496K)] 2793979K->2793987K(3029504K), 0.2740853 secs] [Times: user=1.04 sys=0.00, real=0.28 secs] 
1626.748: [Full GC (Allocation Failure) [PSYoungGen: 163920K->163848K(298496K)] [ParOldGen: 2630067K->2630059K(2731008K)] 2793987K->2793907K(3029504K), [Metaspace: 34471K->34471K(1081344K)], 0.2564975 secs] [Times: user=0.90 sys=0.00, real=0.26 secs] 
1627.089: [GC (Allocation Failure) --[PSYoungGen: 164044K->164044K(298496K)] 2794103K->2794103K(3029504K), 0.2840056 secs] [Times: user=1.08 sys=0.00, real=0.28 secs] 
1627.373: [Full GC (Ergonomics) [PSYoungGen: 164044K->163922K(298496K)] [ParOldGen: 2630059K->2630059K(2731008K)] 2794103K->2793981K(3029504K), [Metaspace: 34471K->34471K(1081344K)], 0.2631432 secs] [Times: user=0.93 sys=0.00, real=0.27 secs] 
1627.637: [GC (Allocation Failure) --[PSYoungGen: 163922K->163922K(298496K)] 2793981K->2793989K(3029504K), 0.2788166 secs] [Times: user=1.05 sys=0.00, real=0.27 secs] 
1627.915: [Full GC (Allocation Failure) [PSYoungGen: 163922K->163849K(298496K)] [ParOldGen: 2630067K->2630059K(2731008K)] 2793989K->2793908K(3029504K), [Metaspace: 34471K->34471K(1081344K)], 0.2667585 secs] [Times: user=0.92 sys=0.00, real=0.27 secs] 
1628.273: [GC (Allocation Failure) --[PSYoungGen: 164045K->164045K(298496K)] 2794104K->2794104K(3029504K), 0.2731879 secs] [Times: user=1.04 sys=0.00, real=0.28 secs] 
1628.546: [Full GC (Ergonomics) [PSYoungGen: 164045K->163922K(298496K)] [ParOldGen: 2630059K->2630059K(2731008K)] 2794104K->2793981K(3029504K), [Metaspace: 34471K->34471K(1081344K)], 0.2608845 secs] [Times: user=0.91 sys=0.00, real=0.26 secs] 
1628.807: [GC (Allocation Failure) --[PSYoungGen: 163922K->163922K(298496K)] 2793981K->2793997K(3029504K), 0.2729205 secs] [Times: user=1.04 sys=0.00, real=0.27 secs] 
1629.080: [Full GC (Allocation Failure) [PSYoungGen: 163922K->163849K(298496K)] [ParOldGen: 2630075K->2630059K(2731008K)] 2793997K->2793908K(3029504K), [Metaspace: 34471K->34471K(1081344K)], 0.2533276 secs] [Times: user=0.90 sys=0.00, real=0.25 secs] 
1629.426: [GC (Allocation Failure) --[PSYoungGen: 164045K->164045K(298496K)] 2794104K->2794104K(3029504K), 0.2759845 secs] [Times: user=1.06 sys=0.00, real=0.27 secs] 
1629.703: [Full GC (Ergonomics) [PSYoungGen: 164045K->163922K(298496K)] [ParOldGen: 2630059K->2630059K(2731008K)] 2794104K->2793981K(3029504K), [Metaspace: 34471K->34471K(1081344K)], 0.2562751 secs] [Times: user=0.90 sys=0.00, real=0.26 secs] 
1629.959: [GC (Allocation Failure) --[PSYoungGen: 163922K->163922K(298496K)] 2793981K->2793997K(3029504K), 0.2732306 secs] [Times: user=1.05 sys=0.00, real=0.27 secs] 
1630.232: [Full GC (Allocation Failure) [PSYoungGen: 163922K->163849K(298496K)] [ParOldGen: 2630075K->2630059K(2731008K)] 2793997K->2793908K(3029504K), [Metaspace: 34471K->34471K(1081344K)], 0.2517543 secs] [Times: user=0.89 sys=0.00, real=0.26 secs] 
1630.564: [GC (Allocation Failure) --[PSYoungGen: 164045K->164045K(298496K)] 2794104K->2794104K(3029504K), 0.2976640 secs] [Times: user=1.11 sys=0.00, real=0.29 secs] 
1630.862: [Full GC (Ergonomics) [PSYoungGen: 164045K->163922K(298496K)] [ParOldGen: 2630059K->2630059K(2731008K)] 2794104K->2793981K(3029504K), [Metaspace: 34471K->34471K(1081344K)], 0.2606051 secs] [Times: user=0.91 sys=0.00, real=0.26 secs] 
1631.123: [GC (Allocation Failure) --[PSYoungGen: 163922K->163922K(298496K)] 2793981K->2793997K(3029504K), 0.2760318 secs] [Times: user=1.06 sys=0.00, real=0.28 secs] 
1631.399: [Full GC (Allocation Failure) [PSYoungGen: 163922K->163849K(298496K)] [ParOldGen: 2630075K->2630059K(2731008K)] 2793997K->2793908K(3029504K), [Metaspace: 34471K->34471K(1081344K)], 0.2606042 secs] [Times: user=0.91 sys=0.00, real=0.26 secs] 
1631.748: [GC (Allocation Failure) --[PSYoungGen: 164044K->164044K(298496K)] 2794103K->2794103K(3029504K), 0.2720980 secs] [Times: user=1.04 sys=0.00, real=0.27 secs] 
1632.020: [Full GC (Ergonomics) [PSYoungGen: 164044K->163922K(298496K)] [ParOldGen: 2630059K->2630059K(2731008K)] 2794103K->2793981K(3029504K), [Metaspace: 34471K->34471K(1081344K)], 0.2560083 secs] [Times: user=0.89 sys=0.00, real=0.26 secs] 
1632.276: [GC (Allocation Failure) --[PSYoungGen: 163922K->163922K(298496K)] 2793981K->2793997K(3029504K), 0.2802636 secs] [Times: user=1.06 sys=0.00, real=0.28 secs] 
1632.557: [Full GC (Allocation Failure) [PSYoungGen: 163922K->163849K(298496K)] [ParOldGen: 2630075K->2630059K(2731008K)] 2793997K->2793908K(3029504K), [Metaspace: 34471K->34471K(1081344K)], 0.3039003 secs] [Times: user=1.04 sys=0.00, real=0.30 secs] 
1632.948: [GC (Allocation Failure) --[PSYoungGen: 164045K->164045K(298496K)] 2794104K->2794104K(3029504K), 0.2852258 secs] [Times: user=1.06 sys=0.00, real=0.28 secs] 
1633.233: [Full GC (Ergonomics) [PSYoungGen: 164045K->163922K(298496K)] [ParOldGen: 2630059K->2630059K(2731008K)] 2794104K->2793981K(3029504K), [Metaspace: 34472K->34472K(1081344K)], 0.2537277 secs] [Times: user=0.89 sys=0.00, real=0.26 secs] 
1633.487: [GC (Allocation Failure) --[PSYoungGen: 163922K->163922K(298496K)] 2793981K->2793997K(3029504K), 0.2733186 secs] [Times: user=1.04 sys=0.00, real=0.27 secs] 
1633.760: [Full GC (Allocation Failure) [PSYoungGen: 163922K->163849K(298496K)] [ParOldGen: 2630075K->2630059K(2731008K)] 2793997K->2793908K(3029504K), [Metaspace: 34472K->34472K(1081344K)], 0.2632007 secs] [Times: user=0.92 sys=0.00, real=0.26 secs] 
1634.116: [GC (Allocation Failure) --[PSYoungGen: 164044K->164044K(298496K)] 2794103K->2794103K(3029504K), 0.2850792 secs] [Times: user=1.08 sys=0.00, real=0.28 secs] 
1634.401: [Full GC (Ergonomics) [PSYoungGen: 164044K->163922K(298496K)] [ParOldGen: 2630059K->2630059K(2731008K)] 2794103K->2793981K(3029504K), [Metaspace: 34472K->34472K(1081344K)], 0.2577617 secs] [Times: user=0.92 sys=0.00, real=0.26 secs] 
1634.659: [GC (Allocation Failure) --[PSYoungGen: 163922K->163922K(298496K)] 2793981K->2793997K(3029504K), 0.2763403 secs] [Times: user=1.05 sys=0.00, real=0.27 secs] 
1634.936: [Full GC (Allocation Failure) [PSYoungGen: 163922K->163849K(298496K)] [ParOldGen: 2630075K->2630059K(2731008K)] 2793997K->2793908K(3029504K), [Metaspace: 34472K->34472K(1081344K)], 0.2535226 secs] [Times: user=0.90 sys=0.00, real=0.26 secs] 
1635.270: [GC (Allocation Failure) --[PSYoungGen: 164045K->164045K(298496K)] 2794104K->2794104K(3029504K), 0.3038283 secs] [Times: user=1.12 sys=0.00, real=0.30 secs] 
1635.574: [Full GC (Ergonomics) [PSYoungGen: 164045K->163922K(298496K)] [ParOldGen: 2630059K->2630059K(2731008K)] 2794104K->2793981K(3029504K), [Metaspace: 34472K->34472K(1081344K)], 0.2584385 secs] [Times: user=0.92 sys=0.00, real=0.26 secs] 
1635.832: [GC (Allocation Failure) --[PSYoungGen: 163922K->163922K(298496K)] 2793981K->2793997K(3029504K), 0.2905439 secs] [Times: user=1.11 sys=0.00, real=0.29 secs] 
1636.123: [Full GC (Allocation Failure) [PSYoungGen: 163922K->163849K(298496K)] [ParOldGen: 2630075K->2630059K(2731008K)] 2793997K->2793908K(3029504K), [Metaspace: 34472K->34472K(1081344K)], 0.2531775 secs] [Times: user=0.90 sys=0.00, real=0.26 secs] 
1636.438: [GC (Allocation Failure) --[PSYoungGen: 164046K->164046K(298496K)] 2794105K->2794105K(3029504K), 0.2716000 secs] [Times: user=1.04 sys=0.00, real=0.27 secs] 
1636.710: [Full GC (Ergonomics) [PSYoungGen: 164046K->163922K(298496K)] [ParOldGen: 2630059K->2630059K(2731008K)] 2794105K->2793981K(3029504K), [Metaspace: 34472K->34472K(1081344K)], 0.2542160 secs] [Times: user=0.90 sys=0.00, real=0.26 secs] 
1636.964: [GC (Allocation Failure) --[PSYoungGen: 163922K->163922K(298496K)] 2793981K->2793997K(3029504K), 0.2791619 secs] [Times: user=1.05 sys=0.00, real=0.27 secs] 
1637.243: [Full GC (Allocation Failure) [PSYoungGen: 163922K->163849K(298496K)] [ParOldGen: 2630075K->2630059K(2731008K)] 2793997K->2793908K(3029504K), [Metaspace: 34472K->34472K(1081344K)], 0.2702982 secs] [Times: user=0.97 sys=0.00, real=0.27 secs] 
1637.623: [GC (Allocation Failure) --[PSYoungGen: 164044K->164044K(298496K)] 2794103K->2794103K(3029504K), 0.3049367 secs] [Times: user=1.17 sys=0.00, real=0.31 secs] 
1637.928: [Full GC (Ergonomics) [PSYoungGen: 164044K->163922K(298496K)] [ParOldGen: 2630059K->2630059K(2731008K)] 2794103K->2793981K(3029504K), [Metaspace: 34472K->34472K(1081344K)], 0.2676011 secs] [Times: user=0.95 sys=0.00, real=0.26 secs] 
1638.195: [GC (Allocation Failure) --[PSYoungGen: 163922K->163922K(298496K)] 2793981K->2793997K(3029504K), 0.2728164 secs] [Times: user=1.04 sys=0.00, real=0.28 secs] 
1638.468: [Full GC (Allocation Failure) [PSYoungGen: 163922K->163849K(298496K)] [ParOldGen: 2630075K->2630059K(2731008K)] 2793997K->2793908K(3029504K), [Metaspace: 34472K->34472K(1081344K)], 0.3029238 secs] [Times: user=1.08 sys=0.00, real=0.30 secs] 
1638.883: [GC (Allocation Failure) --[PSYoungGen: 164044K->164044K(298496K)] 2794103K->2794103K(3029504K), 0.2807241 secs] [Times: user=1.08 sys=0.00, real=0.28 secs] 
1639.163: [Full GC (Ergonomics) [PSYoungGen: 164044K->163922K(298496K)] [ParOldGen: 2630059K->2630059K(2731008K)] 2794103K->2793981K(3029504K), [Metaspace: 34472K->34472K(1081344K)], 0.2709627 secs] [Times: user=0.97 sys=0.00, real=0.27 secs] 
1639.434: [GC (Allocation Failure) --[PSYoungGen: 163922K->163922K(298496K)] 2793981K->2793989K(3029504K), 0.2745788 secs] [Times: user=1.05 sys=0.00, real=0.28 secs] 
1639.709: [Full GC (Allocation Failure) [PSYoungGen: 163922K->163849K(298496K)] [ParOldGen: 2630067K->2630059K(2731008K)] 2793989K->2793908K(3029504K), [Metaspace: 34472K->34472K(1081344K)], 0.2659617 secs] [Times: user=0.93 sys=0.00, real=0.26 secs] 
1640.051: [GC (Allocation Failure) --[PSYoungGen: 164045K->164045K(298496K)] 2794104K->2794104K(3029504K), 0.2709412 secs] [Times: user=1.04 sys=0.00, real=0.27 secs] 
1640.322: [Full GC (Ergonomics) [PSYoungGen: 164045K->163922K(298496K)] [ParOldGen: 2630059K->2630059K(2731008K)] 2794104K->2793981K(3029504K), [Metaspace: 34472K->34472K(1081344K)], 0.2529993 secs] [Times: user=0.89 sys=0.00, real=0.25 secs] 
1640.575: [GC (Allocation Failure) --[PSYoungGen: 163922K->163922K(298496K)] 2793981K->2793997K(3029504K), 0.2719017 secs] [Times: user=1.04 sys=0.00, real=0.28 secs] 
1640.847: [Full GC (Allocation Failure) [PSYoungGen: 163922K->163849K(298496K)] [ParOldGen: 2630075K->2630059K(2731008K)] 2793997K->2793908K(3029504K), [Metaspace: 34472K->34472K(1081344K)], 0.2567762 secs] [Times: user=0.91 sys=0.00, real=0.26 secs] 
1641.174: [GC (Allocation Failure) --[PSYoungGen: 164045K->164045K(298496K)] 2794104K->2794104K(3029504K), 0.3026687 secs] [Times: user=1.14 sys=0.00, real=0.31 secs] 
1641.476: [Full GC (Ergonomics) [PSYoungGen: 164045K->163922K(298496K)] [ParOldGen: 2630059K->2630059K(2731008K)] 2794104K->2793981K(3029504K), [Metaspace: 34472K->34472K(1081344K)], 0.2571748 secs] [Times: user=0.91 sys=0.00, real=0.25 secs] 
1641.734: [GC (Allocation Failure) --[PSYoungGen: 163922K->163922K(298496K)] 2793981K->2793997K(3029504K), 0.2744893 secs] [Times: user=1.05 sys=0.00, real=0.28 secs] 
1642.008: [Full GC (Allocation Failure) [PSYoungGen: 163922K->163849K(298496K)] [ParOldGen: 2630075K->2630059K(2731008K)] 2793997K->2793908K(3029504K), [Metaspace: 34472K->34472K(1081344K)], 0.2533195 secs] [Times: user=0.89 sys=0.00, real=0.25 secs] 
1642.358: [GC (Allocation Failure) --[PSYoungGen: 164045K->164045K(298496K)] 2794104K->2794104K(3029504K), 0.2707101 secs] [Times: user=1.03 sys=0.00, real=0.27 secs] 
1642.628: [Full GC (Ergonomics) [PSYoungGen: 164045K->163922K(298496K)] [ParOldGen: 2630059K->2630059K(2731008K)] 2794104K->2793981K(3029504K), [Metaspace: 34472K->34472K(1081344K)], 0.2531420 secs] [Times: user=0.90 sys=0.00, real=0.25 secs] 
1642.882: [GC (Allocation Failure) --[PSYoungGen: 163922K->163922K(298496K)] 2793981K->2793997K(3029504K), 0.2744708 secs] [Times: user=1.04 sys=0.00, real=0.28 secs] 
1643.156: [Full GC (Allocation Failure) [PSYoungGen: 163922K->163849K(298496K)] [ParOldGen: 2630075K->2630059K(2731008K)] 2793997K->2793908K(3029504K), [Metaspace: 34472K->34472K(1081344K)], 0.2519298 secs] [Times: user=0.89 sys=0.00, real=0.25 secs] 
1643.480: [GC (Allocation Failure) --[PSYoungGen: 164046K->164046K(298496K)] 2794105K->2794105K(3029504K), 0.2709788 secs] [Times: user=1.03 sys=0.00, real=0.27 secs] 
1643.751: [Full GC (Ergonomics) [PSYoungGen: 164046K->163922K(298496K)] [ParOldGen: 2630059K->2630059K(2731008K)] 2794105K->2793981K(3029504K), [Metaspace: 34472K->34472K(1081344K)], 0.2582558 secs] [Times: user=0.90 sys=0.00, real=0.26 secs] 
1644.009: [GC (Allocation Failure) --[PSYoungGen: 163922K->163922K(298496K)] 2793981K->2793997K(3029504K), 0.2711388 secs] [Times: user=1.04 sys=0.00, real=0.27 secs] 
1644.281: [Full GC (Allocation Failure) [PSYoungGen: 163922K->163849K(298496K)] [ParOldGen: 2630075K->2630059K(2731008K)] 2793997K->2793908K(3029504K), [Metaspace: 34472K->34472K(1081344K)], 0.2519758 secs] [Times: user=0.89 sys=0.00, real=0.25 secs] 
1644.618: [GC (Allocation Failure) --[PSYoungGen: 164044K->164044K(298496K)] 2794104K->2794104K(3029504K), 0.2889651 secs] [Times: user=1.11 sys=0.00, real=0.29 secs] 
1644.907: [Full GC (Ergonomics) [PSYoungGen: 164044K->163922K(298496K)] [ParOldGen: 2630059K->2630059K(2731008K)] 2794104K->2793981K(3029504K), [Metaspace: 34472K->34472K(1081344K)], 0.2579618 secs] [Times: user=0.91 sys=0.00, real=0.26 secs] 
1645.165: [GC (Allocation Failure) --[PSYoungGen: 163922K->163922K(298496K)] 2793981K->2793989K(3029504K), 0.2716497 secs] [Times: user=1.04 sys=0.00, real=0.27 secs] 
1645.437: [Full GC (Allocation Failure) [PSYoungGen: 163922K->163849K(298496K)] [ParOldGen: 2630067K->2630059K(2731008K)] 2793989K->2793908K(3029504K), [Metaspace: 34472K->34472K(1081344K)], 0.2535633 secs] [Times: user=0.90 sys=0.00, real=0.25 secs] 
1645.787: [GC (Allocation Failure) --[PSYoungGen: 164046K->164046K(298496K)] 2794105K->2794105K(3029504K), 0.2805179 secs] [Times: user=1.06 sys=0.00, real=0.28 secs] 
1646.067: [Full GC (Ergonomics) [PSYoungGen: 164046K->163922K(298496K)] [ParOldGen: 2630059K->2630059K(2731008K)] 2794105K->2793981K(3029504K), [Metaspace: 34472K->34472K(1081344K)], 0.2578144 secs] [Times: user=0.92 sys=0.00, real=0.26 secs] 
1646.325: [GC (Allocation Failure) --[PSYoungGen: 163922K->163922K(298496K)] 2793981K->2793997K(3029504K), 0.2754489 secs] [Times: user=1.05 sys=0.00, real=0.27 secs] 
1646.601: [Full GC (Allocation Failure) [PSYoungGen: 163922K->163849K(298496K)] [ParOldGen: 2630075K->2630059K(2731008K)] 2793997K->2793908K(3029504K), [Metaspace: 34472K->34472K(1081344K)], 0.2535180 secs] [Times: user=0.90 sys=0.00, real=0.25 secs] 
1646.924: [GC (Allocation Failure) --[PSYoungGen: 164047K->164047K(298496K)] 2794106K->2794106K(3029504K), 0.2739855 secs] [Times: user=1.05 sys=0.00, real=0.27 secs] 
1647.198: [Full GC (Ergonomics) [PSYoungGen: 164047K->163923K(298496K)] [ParOldGen: 2630059K->2630059K(2731008K)] 2794106K->2793982K(3029504K), [Metaspace: 34472K->34472K(1081344K)], 0.2572528 secs] [Times: user=0.91 sys=0.00, real=0.25 secs] 
1647.456: [GC (Allocation Failure) --[PSYoungGen: 163923K->163923K(298496K)] 2793982K->2793998K(3029504K), 0.2709967 secs] [Times: user=1.04 sys=0.00, real=0.27 secs] 
1647.727: [Full GC (Allocation Failure) [PSYoungGen: 163923K->163849K(298496K)] [ParOldGen: 2630075K->2630059K(2731008K)] 2793998K->2793908K(3029504K), [Metaspace: 34472K->34472K(1081344K)], 0.2734416 secs] [Times: user=0.97 sys=0.00, real=0.27 secs] 
1648.017: [GC (Allocation Failure) --[PSYoungGen: 164045K->164045K(298496K)] 2794105K->2794105K(3029504K), 0.2983156 secs] [Times: user=1.14 sys=0.00, real=0.29 secs] 
1648.315: [Full GC (Ergonomics) [PSYoungGen: 164045K->163923K(298496K)] [ParOldGen: 2630059K->2630059K(2731008K)] 2794105K->2793982K(3029504K), [Metaspace: 34472K->34472K(1081344K)], 0.2656730 secs] [Times: user=0.95 sys=0.00, real=0.27 secs] 
1648.581: [GC (Allocation Failure) --[PSYoungGen: 163923K->163923K(298496K)] 2793982K->2793998K(3029504K), 0.2795545 secs] [Times: user=1.07 sys=0.00, real=0.28 secs] 
1648.861: [Full GC (Allocation Failure) [PSYoungGen: 163923K->163849K(298496K)] [ParOldGen: 2630075K->2630059K(2731008K)] 2793998K->2793908K(3029504K), [Metaspace: 34472K->34472K(1081344K)], 0.2668607 secs] [Times: user=0.93 sys=0.00, real=0.27 secs] 
1649.184: [GC (Allocation Failure) --[PSYoungGen: 164045K->164045K(298496K)] 2794104K->2794104K(3029504K), 0.2898556 secs] [Times: user=1.11 sys=0.00, real=0.28 secs] 
1649.474: [Full GC (Ergonomics) [PSYoungGen: 164045K->163923K(298496K)] [ParOldGen: 2630059K->2630059K(2731008K)] 2794104K->2793982K(3029504K), [Metaspace: 34472K->34472K(1081344K)], 0.2523301 secs] [Times: user=0.89 sys=0.00, real=0.26 secs] 
1649.727: [GC (Allocation Failure) --[PSYoungGen: 163923K->163923K(298496K)] 2793982K->2793998K(3029504K), 0.2733612 secs] [Times: user=1.04 sys=0.00, real=0.27 secs] 
1650.000: [Full GC (Allocation Failure) [PSYoungGen: 163923K->163849K(298496K)] [ParOldGen: 2630075K->2630059K(2731008K)] 2793998K->2793908K(3029504K), [Metaspace: 34472K->34472K(1081344K)], 0.2534792 secs] [Times: user=0.90 sys=0.00, real=0.25 secs] 
1650.338: [GC (Allocation Failure) --[PSYoungGen: 164045K->164045K(298496K)] 2794104K->2794104K(3029504K), 0.2709914 secs] [Times: user=1.04 sys=0.00, real=0.27 secs] 
1650.609: [Full GC (Ergonomics) [PSYoungGen: 164045K->163923K(298496K)] [ParOldGen: 2630059K->2630059K(2731008K)] 2794104K->2793982K(3029504K), [Metaspace: 34472K->34472K(1081344K)], 0.2563016 secs] [Times: user=0.91 sys=0.00, real=0.26 secs] 
1650.865: [GC (Allocation Failure) --[PSYoungGen: 163923K->163923K(298496K)] 2793982K->2793998K(3029504K), 0.2731795 secs] [Times: user=1.04 sys=0.00, real=0.27 secs] 
1651.139: [Full GC (Allocation Failure) [PSYoungGen: 163923K->163849K(298496K)] [ParOldGen: 2630075K->2630059K(2731008K)] 2793998K->2793908K(3029504K), [Metaspace: 34472K->34472K(1081344K)], 0.2534698 secs] [Times: user=0.90 sys=0.00, real=0.25 secs] 
1651.476: [GC (Allocation Failure) --[PSYoungGen: 164044K->164044K(298496K)] 2794104K->2794104K(3029504K), 0.3028397 secs] [Times: user=1.16 sys=0.00, real=0.31 secs] 
1651.779: [Full GC (Ergonomics) [PSYoungGen: 164044K->163922K(298496K)] [ParOldGen: 2630059K->2630059K(2731008K)] 2794104K->2793982K(3029504K), [Metaspace: 34472K->34472K(1081344K)], 0.2541096 secs] [Times: user=0.90 sys=0.00, real=0.25 secs] 
1652.033: [GC (Allocation Failure) --[PSYoungGen: 163922K->163922K(298496K)] 2793982K->2793998K(3029504K), 0.2718867 secs] [Times: user=1.02 sys=0.00, real=0.28 secs] 
1652.305: [Full GC (Allocation Failure) [PSYoungGen: 163922K->163849K(298496K)] [ParOldGen: 2630075K->2630059K(2731008K)] 2793998K->2793908K(3029504K), [Metaspace: 34472K->34472K(1081344K)], 0.2605262 secs] [Times: user=0.93 sys=0.00, real=0.26 secs] 
1652.660: [GC (Allocation Failure) --[PSYoungGen: 164045K->164045K(298496K)] 2794104K->2794104K(3029504K), 0.2720980 secs] [Times: user=1.04 sys=0.00, real=0.27 secs] 
1652.932: [Full GC (Ergonomics) [PSYoungGen: 164045K->163922K(298496K)] [ParOldGen: 2630059K->2630059K(2731008K)] 2794104K->2793982K(3029504K), [Metaspace: 34472K->34472K(1081344K)], 0.2555029 secs] [Times: user=0.91 sys=0.00, real=0.26 secs] 
1653.188: [GC (Allocation Failure) --[PSYoungGen: 163922K->163922K(298496K)] 2793982K->2793998K(3029504K), 0.2698598 secs] [Times: user=1.03 sys=0.00, real=0.27 secs] 
1653.458: [Full GC (Allocation Failure) [PSYoungGen: 163922K->163849K(298496K)] [ParOldGen: 2630075K->2630059K(2731008K)] 2793998K->2793908K(3029504K), [Metaspace: 34472K->34472K(1081344K)], 0.2589348 secs] [Times: user=0.92 sys=0.00, real=0.26 secs] 
1653.797: [GC (Allocation Failure) --[PSYoungGen: 164045K->164045K(298496K)] 2794104K->2794104K(3029504K), 0.2712788 secs] [Times: user=1.03 sys=0.00, real=0.27 secs] 
1654.069: [Full GC (Ergonomics) [PSYoungGen: 164045K->163922K(298496K)] [ParOldGen: 2630059K->2630059K(2731008K)] 2794104K->2793982K(3029504K), [Metaspace: 34472K->34472K(1081344K)], 0.2624039 secs] [Times: user=0.94 sys=0.00, real=0.26 secs] 
1654.331: [GC (Allocation Failure) --[PSYoungGen: 163922K->163922K(298496K)] 2793982K->2793998K(3029504K), 0.2729398 secs] [Times: user=1.04 sys=0.00, real=0.28 secs] 
1654.604: [Full GC (Allocation Failure) [PSYoungGen: 163922K->163849K(298496K)] [ParOldGen: 2630075K->2630059K(2731008K)] 2793998K->2793908K(3029504K), [Metaspace: 34472K->34472K(1081344K)], 0.2531046 secs] [Times: user=0.90 sys=0.00, real=0.25 secs] 
1654.951: [GC (Allocation Failure) --[PSYoungGen: 164045K->164045K(298496K)] 2794104K->2794104K(3029504K), 0.3005025 secs] [Times: user=1.14 sys=0.00, real=0.30 secs] 
1655.251: [Full GC (Ergonomics) [PSYoungGen: 164045K->163920K(298496K)] [ParOldGen: 2630059K->2630059K(2731008K)] 2794104K->2793979K(3029504K), [Metaspace: 34472K->34472K(1081344K)], 0.2573249 secs] [Times: user=0.91 sys=0.00, real=0.26 secs] 
1655.509: [GC (Allocation Failure) --[PSYoungGen: 163920K->163920K(298496K)] 2793979K->2793995K(3029504K), 0.2764542 secs] [Times: user=1.06 sys=0.00, real=0.28 secs] 
1655.786: [Full GC (Allocation Failure) [PSYoungGen: 163920K->163848K(298496K)] [ParOldGen: 2630075K->2630059K(2731008K)] 2793995K->2793908K(3029504K), [Metaspace: 34472K->34472K(1081344K)], 0.2579842 secs] [Times: user=0.91 sys=0.00, real=0.25 secs] 
1656.135: [GC (Allocation Failure) --[PSYoungGen: 164044K->164044K(298496K)] 2794104K->2794104K(3029504K), 0.2717204 secs] [Times: user=1.05 sys=0.00, real=0.28 secs] 
1656.407: [Full GC (Ergonomics) [PSYoungGen: 164044K->163922K(298496K)] [ParOldGen: 2630059K->2630059K(2731008K)] 2794104K->2793982K(3029504K), [Metaspace: 34472K->34472K(1081344K)], 0.2536841 secs] [Times: user=0.89 sys=0.00, real=0.25 secs] 
1656.660: [GC (Allocation Failure) --[PSYoungGen: 163922K->163922K(298496K)] 2793982K->2793990K(3029504K), 0.2779414 secs] [Times: user=1.06 sys=0.00, real=0.28 secs] 
1656.939: [Full GC (Allocation Failure) [PSYoungGen: 163922K->163849K(298496K)] [ParOldGen: 2630067K->2630059K(2731008K)] 2793990K->2793908K(3029504K), [Metaspace: 34472K->34472K(1081344K)], 0.2530820 secs] [Times: user=0.89 sys=0.00, real=0.25 secs] 
1657.272: [GC (Allocation Failure) --[PSYoungGen: 164047K->164047K(298496K)] 2794107K->2794115K(3029504K), 0.2717849 secs] [Times: user=1.03 sys=0.00, real=0.28 secs] 
1657.544: [Full GC (Ergonomics) [PSYoungGen: 164047K->163922K(298496K)] [ParOldGen: 2630067K->2630059K(2731008K)] 2794115K->2793982K(3029504K), [Metaspace: 34476K->34476K(1081344K)], 0.2543235 secs] [Times: user=0.91 sys=0.00, real=0.25 secs] 
1657.799: [GC (Allocation Failure) --[PSYoungGen: 163922K->163922K(298496K)] 2793982K->2793998K(3029504K), 0.2732217 secs] [Times: user=1.03 sys=0.00, real=0.27 secs] 
1658.072: [Full GC (Allocation Failure) [PSYoungGen: 163922K->163849K(298496K)] [ParOldGen: 2630075K->2630059K(2731008K)] 2793998K->2793908K(3029504K), [Metaspace: 34476K->34476K(1081344K)], 0.2527787 secs] [Times: user=0.90 sys=0.00, real=0.26 secs] 
1658.410: [GC (Allocation Failure) --[PSYoungGen: 164046K->164046K(298496K)] 2794106K->2794106K(3029504K), 0.3076035 secs] [Times: user=1.12 sys=0.00, real=0.31 secs] 
1658.718: [Full GC (Ergonomics) [PSYoungGen: 164046K->163920K(298496K)] [ParOldGen: 2630059K->2630059K(2731008K)] 2794106K->2793979K(3029504K), [Metaspace: 34476K->34476K(1081344K)], 0.2556728 secs] [Times: user=0.90 sys=0.00, real=0.25 secs] 
1658.974: [GC (Allocation Failure) --[PSYoungGen: 163920K->163920K(298496K)] 2793979K->2793987K(3029504K), 0.2720370 secs] [Times: user=1.04 sys=0.00, real=0.28 secs] 
1659.246: [Full GC (Allocation Failure) [PSYoungGen: 163920K->163848K(298496K)] [ParOldGen: 2630067K->2630059K(2731008K)] 2793987K->2793908K(3029504K), [Metaspace: 34476K->34476K(1081344K)], 0.2629726 secs] [Times: user=0.92 sys=0.00, real=0.26 secs] 
1659.609: [GC (Allocation Failure) --[PSYoungGen: 164044K->164044K(298496K)] 2794104K->2794104K(3029504K), 0.2747565 secs] [Times: user=1.05 sys=0.00, real=0.28 secs] 
1659.884: [Full GC (Ergonomics) [PSYoungGen: 164044K->163922K(298496K)] [ParOldGen: 2630059K->2630059K(2731008K)] 2794104K->2793982K(3029504K), [Metaspace: 34476K->34476K(1081344K)], 0.2573301 secs] [Times: user=0.91 sys=0.00, real=0.25 secs] 
1660.142: [GC (Allocation Failure) --[PSYoungGen: 163922K->163922K(298496K)] 2793982K->2793998K(3029504K), 0.2754228 secs] [Times: user=1.06 sys=0.00, real=0.28 secs] 
1660.417: [Full GC (Allocation Failure) [PSYoungGen: 163922K->163849K(298496K)] [ParOldGen: 2630075K->2630059K(2731008K)] 2793998K->2793908K(3029504K), [Metaspace: 34476K->34476K(1081344K)], 0.2539652 secs] [Times: user=0.89 sys=0.00, real=0.25 secs] 
1660.747: [GC (Allocation Failure) --[PSYoungGen: 164045K->164045K(298496K)] 2794104K->2794104K(3029504K), 0.2796772 secs] [Times: user=1.07 sys=0.00, real=0.28 secs] 
1661.027: [Full GC (Ergonomics) [PSYoungGen: 164045K->163922K(298496K)] [ParOldGen: 2630059K->2630059K(2731008K)] 2794104K->2793982K(3029504K), [Metaspace: 34476K->34476K(1081344K)], 0.2639869 secs] [Times: user=0.93 sys=0.00, real=0.26 secs] 
1661.291: [GC (Allocation Failure) --[PSYoungGen: 163922K->163922K(298496K)] 2793982K->2794006K(3029504K), 0.2784020 secs] [Times: user=1.06 sys=0.00, real=0.28 secs] 
1661.570: [Full GC (Allocation Failure) [PSYoungGen: 163922K->163849K(298496K)] [ParOldGen: 2630083K->2630059K(2731008K)] 2794006K->2793908K(3029504K), [Metaspace: 34476K->34476K(1081344K)], 0.2658707 secs] [Times: user=0.94 sys=0.00, real=0.27 secs] 
1661.853: [GC (Allocation Failure) --[PSYoungGen: 164045K->164045K(298496K)] 2794104K->2794104K(3029504K), 0.2983950 secs] [Times: user=1.14 sys=0.00, real=0.30 secs] 
1662.152: [Full GC (Ergonomics) [PSYoungGen: 164045K->163922K(298496K)] [ParOldGen: 2630059K->2630059K(2731008K)] 2794104K->2793982K(3029504K), [Metaspace: 34476K->34476K(1081344K)], 0.2806589 secs] [Times: user=1.01 sys=0.00, real=0.28 secs] 
1662.432: [GC (Allocation Failure) --[PSYoungGen: 163922K->163922K(298496K)] 2793982K->2793998K(3029504K), 0.2793079 secs] [Times: user=1.07 sys=0.00, real=0.28 secs] 
1662.712: [Full GC (Allocation Failure) [PSYoungGen: 163922K->163849K(298496K)] [ParOldGen: 2630075K->2630059K(2731008K)] 2793998K->2793908K(3029504K), [Metaspace: 34476K->34476K(1081344K)], 0.2709102 secs] [Times: user=0.95 sys=0.00, real=0.27 secs] 
1663.070: [GC (Allocation Failure) --[PSYoungGen: 164045K->164045K(298496K)] 2794104K->2794104K(3029504K), 0.2708316 secs] [Times: user=1.03 sys=0.00, real=0.27 secs] 
1663.341: [Full GC (Ergonomics) [PSYoungGen: 164045K->163922K(298496K)] [ParOldGen: 2630059K->2630059K(2731008K)] 2794104K->2793982K(3029504K), [Metaspace: 34476K->34476K(1081344K)], 0.2631214 secs] [Times: user=0.94 sys=0.00, real=0.27 secs] 
1663.604: [GC (Allocation Failure) --[PSYoungGen: 163922K->163922K(298496K)] 2793982K->2793998K(3029504K), 0.2835996 secs] [Times: user=1.08 sys=0.00, real=0.28 secs] 
1663.887: [Full GC (Allocation Failure) [PSYoungGen: 163922K->163849K(298496K)] [ParOldGen: 2630075K->2630059K(2731008K)] 2793998K->2793908K(3029504K), [Metaspace: 34476K->34476K(1081344K)], 0.2589823 secs] [Times: user=0.91 sys=0.00, real=0.26 secs] 
1664.162: [GC (Allocation Failure) --[PSYoungGen: 164045K->164045K(298496K)] 2794104K->2794104K(3029504K), 0.2996424 secs] [Times: user=1.13 sys=0.00, real=0.30 secs] 
1664.462: [Full GC (Ergonomics) [PSYoungGen: 164045K->163922K(298496K)] [ParOldGen: 2630059K->2630059K(2731008K)] 2794104K->2793982K(3029504K), [Metaspace: 34476K->34476K(1081344K)], 0.2750152 secs] [Times: user=0.97 sys=0.00, real=0.28 secs] 
1664.737: [GC (Allocation Failure) --[PSYoungGen: 163922K->163922K(298496K)] 2793982K->2793998K(3029504K), 0.2811360 secs] [Times: user=1.08 sys=0.00, real=0.28 secs] 
1665.018: [Full GC (Allocation Failure) [PSYoungGen: 163922K->163849K(298496K)] [ParOldGen: 2630075K->2630059K(2731008K)] 2793998K->2793908K(3029504K), [Metaspace: 34476K->34476K(1081344K)], 0.2621918 secs] [Times: user=0.93 sys=0.00, real=0.26 secs] 
1665.361: [GC (Allocation Failure) --[PSYoungGen: 164045K->164045K(298496K)] 2794104K->2794104K(3029504K), 0.2835239 secs] [Times: user=1.09 sys=0.00, real=0.29 secs] 
1665.644: [Full GC (Ergonomics) [PSYoungGen: 164045K->163922K(298496K)] [ParOldGen: 2630059K->2630059K(2731008K)] 2794104K->2793982K(3029504K), [Metaspace: 34476K->34476K(1081344K)], 0.2651267 secs] [Times: user=0.94 sys=0.00, real=0.26 secs] 
1665.910: [GC (Allocation Failure) --[PSYoungGen: 163922K->163922K(298496K)] 2793982K->2793998K(3029504K), 0.2791307 secs] [Times: user=1.07 sys=0.00, real=0.28 secs] 
1666.189: [Full GC (Allocation Failure) [PSYoungGen: 163922K->163849K(298496K)] [ParOldGen: 2630075K->2630059K(2731008K)] 2793998K->2793908K(3029504K), [Metaspace: 34476K->34476K(1081344K)], 0.2631353 secs] [Times: user=0.93 sys=0.00, real=0.26 secs] 
1666.559: [GC (Allocation Failure) --[PSYoungGen: 164045K->164045K(298496K)] 2794104K->2794104K(3029504K), 0.2824749 secs] [Times: user=1.06 sys=0.00, real=0.28 secs] 
1666.842: [Full GC (Ergonomics) [PSYoungGen: 164045K->163922K(298496K)] [ParOldGen: 2630059K->2630059K(2731008K)] 2794104K->2793982K(3029504K), [Metaspace: 34476K->34476K(1081344K)], 0.2697949 secs] [Times: user=0.95 sys=0.00, real=0.27 secs] 
1667.112: [GC (Allocation Failure) --[PSYoungGen: 163922K->163922K(298496K)] 2793982K->2793998K(3029504K), 0.2819808 secs] [Times: user=1.08 sys=0.00, real=0.28 secs] 
1667.394: [Full GC (Allocation Failure) [PSYoungGen: 163922K->163849K(298496K)] [ParOldGen: 2630075K->2630059K(2731008K)] 2793998K->2793908K(3029504K), [Metaspace: 34476K->34476K(1081344K)], 0.2609389 secs] [Times: user=0.92 sys=0.00, real=0.26 secs] 
1667.713: [GC (Allocation Failure) --[PSYoungGen: 164045K->164045K(298496K)] 2794104K->2794104K(3029504K), 0.2781867 secs] [Times: user=1.06 sys=0.00, real=0.28 secs] 
1667.991: [Full GC (Ergonomics) [PSYoungGen: 164045K->163922K(298496K)] [ParOldGen: 2630059K->2630059K(2731008K)] 2794104K->2793982K(3029504K), [Metaspace: 34476K->34476K(1081344K)], 0.2817724 secs] [Times: user=1.01 sys=0.00, real=0.28 secs] 
1668.273: [GC (Allocation Failure) --[PSYoungGen: 163922K->163922K(298496K)] 2793982K->2793998K(3029504K), 0.2780669 secs] [Times: user=1.06 sys=0.00, real=0.28 secs] 
1668.551: [Full GC (Allocation Failure) [PSYoungGen: 163922K->163849K(298496K)] [ParOldGen: 2630075K->2630059K(2731008K)] 2793998K->2793908K(3029504K), [Metaspace: 34476K->34476K(1081344K)], 0.2682698 secs] [Times: user=0.95 sys=0.00, real=0.27 secs] 
1668.896: [GC (Allocation Failure) --[PSYoungGen: 164045K->164045K(298496K)] 2794104K->2794104K(3029504K), 0.2762364 secs] [Times: user=1.06 sys=0.00, real=0.27 secs] 
1669.173: [Full GC (Ergonomics) [PSYoungGen: 164045K->163922K(298496K)] [ParOldGen: 2630059K->2630059K(2731008K)] 2794104K->2793982K(3029504K), [Metaspace: 34476K->34476K(1081344K)], 0.2737968 secs] [Times: user=0.97 sys=0.00, real=0.28 secs] 
1669.447: [GC (Allocation Failure) --[PSYoungGen: 163922K->163922K(298496K)] 2793982K->2793990K(3029504K), 0.2810426 secs] [Times: user=1.08 sys=0.00, real=0.28 secs] 
1669.728: [Full GC (Allocation Failure) [PSYoungGen: 163922K->163849K(298496K)] [ParOldGen: 2630067K->2630059K(2731008K)] 2793990K->2793908K(3029504K), [Metaspace: 34476K->34476K(1081344K)], 0.2690453 secs] [Times: user=0.96 sys=0.00, real=0.27 secs] 
1670.111: [GC (Allocation Failure) --[PSYoungGen: 164044K->164044K(298496K)] 2794104K->2794104K(3029504K), 0.2902591 secs] [Times: user=1.10 sys=0.00, real=0.29 secs] 
1670.402: [Full GC (Ergonomics) [PSYoungGen: 164044K->163922K(298496K)] [ParOldGen: 2630059K->2630059K(2731008K)] 2794104K->2793982K(3029504K), [Metaspace: 34476K->34476K(1081344K)], 0.2584924 secs] [Times: user=0.91 sys=0.00, real=0.26 secs] 
1670.660: [GC (Allocation Failure) --[PSYoungGen: 163922K->163922K(298496K)] 2793982K->2793998K(3029504K), 0.2752904 secs] [Times: user=1.05 sys=0.00, real=0.28 secs] 
1670.936: [Full GC (Allocation Failure) [PSYoungGen: 163922K->163849K(298496K)] [ParOldGen: 2630075K->2630059K(2731008K)] 2793998K->2793908K(3029504K), [Metaspace: 34476K->34476K(1081344K)], 0.2620615 secs] [Times: user=0.93 sys=0.00, real=0.26 secs] 
1671.296: [GC (Allocation Failure) --[PSYoungGen: 164044K->164044K(298496K)] 2794104K->2794104K(3029504K), 0.2952396 secs] [Times: user=1.13 sys=0.00, real=0.30 secs] 
1671.591: [Full GC (Ergonomics) [PSYoungGen: 164044K->163922K(298496K)] [ParOldGen: 2630059K->2630059K(2731008K)] 2794104K->2793982K(3029504K), [Metaspace: 34476K->34476K(1081344K)], 0.3040841 secs] [Times: user=1.09 sys=0.00, real=0.30 secs] 
1671.895: [GC (Allocation Failure) --[PSYoungGen: 163922K->163922K(298496K)] 2793982K->2793990K(3029504K), 0.3003123 secs] [Times: user=1.14 sys=0.00, real=0.30 secs] 
1672.196: [Full GC (Allocation Failure) [PSYoungGen: 163922K->163849K(298496K)] [ParOldGen: 2630067K->2630059K(2731008K)] 2793990K->2793909K(3029504K), [Metaspace: 34476K->34476K(1081344K)], 0.2889088 secs] [Times: user=1.04 sys=0.00, real=0.30 secs] 
1672.572: [GC (Allocation Failure) --[PSYoungGen: 164045K->164045K(298496K)] 2794105K->2794105K(3029504K), 0.3050570 secs] [Times: user=1.16 sys=0.00, real=0.31 secs] 
1672.877: [Full GC (Ergonomics) [PSYoungGen: 164045K->163922K(298496K)] [ParOldGen: 2630059K->2630059K(2731008K)] 2794105K->2793982K(3029504K), [Metaspace: 34476K->34476K(1081344K)], 0.3093763 secs] [Times: user=1.09 sys=0.00, real=0.31 secs] 
1673.187: [GC (Allocation Failure) --[PSYoungGen: 163922K->163922K(298496K)] 2793982K->2793990K(3029504K), 0.2953597 secs] [Times: user=1.12 sys=0.00, real=0.29 secs] 
1673.482: [Full GC (Allocation Failure) [PSYoungGen: 163922K->163849K(298496K)] [ParOldGen: 2630067K->2630059K(2731008K)] 2793990K->2793909K(3029504K), [Metaspace: 34476K->34476K(1081344K)], 0.2925195 secs] [Times: user=0.98 sys=0.00, real=0.29 secs] 
1673.848: [GC (Allocation Failure) --[PSYoungGen: 164045K->164045K(298496K)] 2794105K->2794105K(3029504K), 0.2960204 secs] [Times: user=1.10 sys=0.00, real=0.30 secs] 
1674.144: [Full GC (Ergonomics) [PSYoungGen: 164045K->163922K(298496K)] [ParOldGen: 2630059K->2630059K(2731008K)] 2794105K->2793982K(3029504K), [Metaspace: 34476K->34476K(1081344K)], 0.2573876 secs] [Times: user=0.91 sys=0.00, real=0.25 secs] 
1674.402: [GC (Allocation Failure) --[PSYoungGen: 163922K->163922K(298496K)] 2793982K->2793998K(3029504K), 0.2738652 secs] [Times: user=1.05 sys=0.00, real=0.28 secs] 
1674.676: [Full GC (Allocation Failure) [PSYoungGen: 163922K->163849K(298496K)] [ParOldGen: 2630075K->2630059K(2731008K)] 2793998K->2793908K(3029504K), [Metaspace: 34476K->34476K(1081344K)], 0.2603368 secs] [Times: user=0.92 sys=0.00, real=0.26 secs] 
1675.032: [GC (Allocation Failure) --[PSYoungGen: 164045K->164045K(298496K)] 2794104K->2794104K(3029504K), 0.2772754 secs] [Times: user=1.06 sys=0.00, real=0.28 secs] 
1675.309: [Full GC (Ergonomics) [PSYoungGen: 164045K->163922K(298496K)] [ParOldGen: 2630059K->2630059K(2731008K)] 2794104K->2793982K(3029504K), [Metaspace: 34476K->34476K(1081344K)], 0.3330159 secs] [Times: user=1.19 sys=0.00, real=0.33 secs] 
1675.642: [GC (Allocation Failure) --[PSYoungGen: 163922K->163922K(298496K)] 2793982K->2793998K(3029504K), 0.3096407 secs] [Times: user=1.18 sys=0.00, real=0.31 secs] 
1675.952: [Full GC (Allocation Failure) [PSYoungGen: 163922K->163849K(298496K)] [ParOldGen: 2630075K->2630059K(2731008K)] 2793998K->2793908K(3029504K), [Metaspace: 34476K->34476K(1081344K)], 0.2679837 secs] [Times: user=0.94 sys=0.00, real=0.27 secs] 
1676.293: [GC (Allocation Failure) --[PSYoungGen: 164044K->164044K(298496K)] 2794104K->2794104K(3029504K), 0.3648782 secs] [Times: user=1.39 sys=0.00, real=0.37 secs] 
1676.658: [Full GC (Ergonomics) [PSYoungGen: 164044K->163922K(298496K)] [ParOldGen: 2630059K->2630059K(2731008K)] 2794104K->2793982K(3029504K), [Metaspace: 34476K->34476K(1081344K)], 0.2991022 secs] [Times: user=1.07 sys=0.00, real=0.30 secs] 
1676.957: [GC (Allocation Failure) --[PSYoungGen: 163922K->163922K(298496K)] 2793982K->2793998K(3029504K), 0.2724256 secs] [Times: user=1.05 sys=0.00, real=0.27 secs] 
1677.230: [Full GC (Allocation Failure) [PSYoungGen: 163922K->163849K(298496K)] [ParOldGen: 2630075K->2630059K(2731008K)] 2793998K->2793909K(3029504K), [Metaspace: 34476K->34476K(1081344K)], 0.2964515 secs] [Times: user=1.05 sys=0.00, real=0.30 secs] 
1677.630: [GC (Allocation Failure) --[PSYoungGen: 164045K->164045K(298496K)] 2794105K->2794105K(3029504K), 0.2772431 secs] [Times: user=1.06 sys=0.00, real=0.28 secs] 
1677.908: [Full GC (Ergonomics) [PSYoungGen: 164045K->163922K(298496K)] [ParOldGen: 2630059K->2630059K(2731008K)] 2794105K->2793982K(3029504K), [Metaspace: 34476K->34476K(1081344K)], 0.2699591 secs] [Times: user=0.95 sys=0.00, real=0.27 secs] 
1678.178: [GC (Allocation Failure) --[PSYoungGen: 163922K->163922K(298496K)] 2793982K->2793998K(3029504K), 0.2979985 secs] [Times: user=1.14 sys=0.00, real=0.30 secs] 
1678.476: [Full GC (Allocation Failure) [PSYoungGen: 163922K->163849K(298496K)] [ParOldGen: 2630075K->2630059K(2731008K)] 2793998K->2793908K(3029504K), [Metaspace: 34476K->34476K(1081344K)], 0.2986960 secs] [Times: user=1.07 sys=0.00, real=0.29 secs] 
1678.860: [GC (Allocation Failure) --[PSYoungGen: 164044K->164044K(298496K)] 2794104K->2794104K(3029504K), 0.2978235 secs] [Times: user=1.13 sys=0.00, real=0.30 secs] 
1679.158: [Full GC (Ergonomics) [PSYoungGen: 164044K->163922K(298496K)] [ParOldGen: 2630059K->2630059K(2731008K)] 2794104K->2793982K(3029504K), [Metaspace: 34476K->34476K(1081344K)], 0.3003602 secs] [Times: user=1.08 sys=0.00, real=0.30 secs] 
1679.459: [GC (Allocation Failure) --[PSYoungGen: 163922K->163922K(298496K)] 2793982K->2793990K(3029504K), 0.2905940 secs] [Times: user=1.11 sys=0.00, real=0.29 secs] 
1679.749: [Full GC (Allocation Failure) [PSYoungGen: 163922K->163849K(298496K)] [ParOldGen: 2630067K->2630059K(2731008K)] 2793990K->2793909K(3029504K), [Metaspace: 34476K->34476K(1081344K)], 0.2701729 secs] [Times: user=0.96 sys=0.00, real=0.27 secs] 
1680.076: [GC (Allocation Failure) --[PSYoungGen: 164045K->164045K(298496K)] 2794104K->2794104K(3029504K), 0.3273011 secs] [Times: user=1.25 sys=0.00, real=0.33 secs] 
1680.404: [Full GC (Ergonomics) [PSYoungGen: 164045K->163922K(298496K)] [ParOldGen: 2630059K->2630059K(2731008K)] 2794104K->2793982K(3029504K), [Metaspace: 34476K->34476K(1081344K)], 0.2886181 secs] [Times: user=1.02 sys=0.00, real=0.28 secs] 
1680.693: [GC (Allocation Failure) --[PSYoungGen: 163922K->163922K(298496K)] 2793982K->2793998K(3029504K), 0.2789614 secs] [Times: user=1.07 sys=0.00, real=0.28 secs] 
1680.972: [Full GC (Allocation Failure) [PSYoungGen: 163922K->163849K(298496K)] [ParOldGen: 2630075K->2630059K(2731008K)] 2793998K->2793908K(3029504K), [Metaspace: 34476K->34476K(1081344K)], 0.3039920 secs] [Times: user=1.09 sys=0.00, real=0.31 secs] 
1681.382: [GC (Allocation Failure) --[PSYoungGen: 164046K->164046K(298496K)] 2794106K->2794114K(3029504K), 0.3005153 secs] [Times: user=1.15 sys=0.00, real=0.30 secs] 
1681.683: [Full GC (Ergonomics) [PSYoungGen: 164046K->163922K(298496K)] [ParOldGen: 2630067K->2630059K(2731008K)] 2794114K->2793982K(3029504K), [Metaspace: 34491K->34491K(1081344K)], 0.2821747 secs] [Times: user=0.99 sys=0.00, real=0.29 secs] 
1681.965: [GC (Allocation Failure) --[PSYoungGen: 163922K->163922K(298496K)] 2793982K->2793998K(3029504K), 0.2808431 secs] [Times: user=1.05 sys=0.00, real=0.28 secs] 
1682.246: [Full GC (Allocation Failure) [PSYoungGen: 163922K->163849K(298496K)] [ParOldGen: 2630075K->2630059K(2731008K)] 2793998K->2793909K(3029504K), [Metaspace: 34491K->34491K(1081344K)], 0.2586162 secs] [Times: user=0.90 sys=0.00, real=0.26 secs] 
1682.597: [GC (Allocation Failure) --[PSYoungGen: 164045K->164045K(298496K)] 2794104K->2794104K(3029504K), 0.2851692 secs] [Times: user=1.06 sys=0.00, real=0.28 secs] 
1682.882: [Full GC (Ergonomics) [PSYoungGen: 164045K->163922K(298496K)] [ParOldGen: 2630059K->2630059K(2731008K)] 2794104K->2793982K(3029504K), [Metaspace: 34491K->34491K(1081344K)], 0.2554285 secs] [Times: user=0.90 sys=0.00, real=0.26 secs] 
1683.137: [GC (Allocation Failure) --[PSYoungGen: 163922K->163922K(298496K)] 2793982K->2793998K(3029504K), 0.2722279 secs] [Times: user=1.04 sys=0.00, real=0.27 secs] 
1683.410: [Full GC (Allocation Failure) [PSYoungGen: 163922K->163849K(298496K)] [ParOldGen: 2630075K->2630059K(2731008K)] 2793998K->2793909K(3029504K), [Metaspace: 34491K->34491K(1081344K)], 0.2574165 secs] [Times: user=0.91 sys=0.00, real=0.26 secs] 
1683.765: [GC (Allocation Failure) --[PSYoungGen: 164045K->164045K(298496K)] 2794104K->2794104K(3029504K), 0.2725234 secs] [Times: user=1.05 sys=0.00, real=0.27 secs] 
1684.038: [Full GC (Ergonomics) [PSYoungGen: 164045K->163922K(298496K)] [ParOldGen: 2630059K->2630059K(2731008K)] 2794104K->2793982K(3029504K), [Metaspace: 34491K->34491K(1081344K)], 0.2527760 secs] [Times: user=0.89 sys=0.00, real=0.25 secs] 
1684.291: [GC (Allocation Failure) --[PSYoungGen: 163922K->163922K(298496K)] 2793982K->2793998K(3029504K), 0.2720346 secs] [Times: user=1.04 sys=0.00, real=0.27 secs] 
1684.563: [Full GC (Allocation Failure) [PSYoungGen: 163922K->163849K(298496K)] [ParOldGen: 2630075K->2630059K(2731008K)] 2793998K->2793909K(3029504K), [Metaspace: 34491K->34491K(1081344K)], 0.2544081 secs] [Times: user=0.90 sys=0.00, real=0.26 secs] 
1684.903: [GC (Allocation Failure) --[PSYoungGen: 164045K->164045K(298496K)] 2794104K->2794104K(3029504K), 0.2831886 secs] [Times: user=1.07 sys=0.00, real=0.29 secs] 
1685.186: [Full GC (Ergonomics) [PSYoungGen: 164045K->163922K(298496K)] [ParOldGen: 2630059K->2630059K(2731008K)] 2794104K->2793982K(3029504K), [Metaspace: 34491K->34491K(1081344K)], 0.2757092 secs] [Times: user=0.95 sys=0.00, real=0.27 secs] 
1685.462: [GC (Allocation Failure) --[PSYoungGen: 163922K->163922K(298496K)] 2793982K->2793998K(3029504K), 0.2722384 secs] [Times: user=1.03 sys=0.00, real=0.27 secs] 
1685.734: [Full GC (Allocation Failure) [PSYoungGen: 163922K->163849K(298496K)] [ParOldGen: 2630075K->2630060K(2731008K)] 2793998K->2793909K(3029504K), [Metaspace: 34491K->34491K(1081344K)], 0.2550297 secs] [Times: user=0.91 sys=0.00, real=0.26 secs] 
1686.072: [GC (Allocation Failure) --[PSYoungGen: 164045K->164045K(298496K)] 2794105K->2794105K(3029504K), 0.2748684 secs] [Times: user=1.05 sys=0.00, real=0.28 secs] 
1686.347: [Full GC (Ergonomics) [PSYoungGen: 164045K->163922K(298496K)] [ParOldGen: 2630060K->2630060K(2731008K)] 2794105K->2793982K(3029504K), [Metaspace: 34491K->34491K(1081344K)], 0.2536919 secs] [Times: user=0.90 sys=0.00, real=0.25 secs] 
1686.601: [GC (Allocation Failure) --[PSYoungGen: 163922K->163922K(298496K)] 2793982K->2793998K(3029504K), 0.2714682 secs] [Times: user=1.03 sys=0.00, real=0.27 secs] 
1686.872: [Full GC (Allocation Failure) [PSYoungGen: 163922K->163849K(298496K)] [ParOldGen: 2630076K->2630060K(2731008K)] 2793998K->2793909K(3029504K), [Metaspace: 34491K->34491K(1081344K)], 0.2867123 secs] [Times: user=1.02 sys=0.00, real=0.29 secs] 
1687.256: [GC (Allocation Failure) --[PSYoungGen: 164045K->164045K(298496K)] 2794105K->2794105K(3029504K), 0.2704851 secs] [Times: user=1.04 sys=0.00, real=0.27 secs] 
1687.526: [Full GC (Ergonomics) [PSYoungGen: 164045K->163922K(298496K)] [ParOldGen: 2630060K->2630060K(2731008K)] 2794105K->2793982K(3029504K), [Metaspace: 34491K->34491K(1081344K)], 0.2537094 secs] [Times: user=0.90 sys=0.00, real=0.25 secs] 
1687.780: [GC (Allocation Failure) --[PSYoungGen: 163922K->163922K(298496K)] 2793982K->2793990K(3029504K), 0.2737846 secs] [Times: user=1.04 sys=0.00, real=0.27 secs] 
1688.054: [Full GC (Allocation Failure) [PSYoungGen: 163922K->163849K(298496K)] [ParOldGen: 2630068K->2630060K(2731008K)] 2793990K->2793909K(3029504K), [Metaspace: 34491K->34491K(1081344K)], 0.2523787 secs] [Times: user=0.90 sys=0.00, real=0.26 secs] 
1688.363: [GC (Allocation Failure) --[PSYoungGen: 164046K->164046K(298496K)] 2794106K->2794106K(3029504K), 0.2767953 secs] [Times: user=1.06 sys=0.00, real=0.28 secs] 
1688.640: [Full GC (Ergonomics) [PSYoungGen: 164046K->163922K(298496K)] [ParOldGen: 2630060K->2630060K(2731008K)] 2794106K->2793982K(3029504K), [Metaspace: 34491K->34491K(1081344K)], 0.2515189 secs] [Times: user=0.89 sys=0.00, real=0.25 secs] 
1688.892: [GC (Allocation Failure) --[PSYoungGen: 163922K->163922K(298496K)] 2793982K->2793998K(3029504K), 0.2836472 secs] [Times: user=1.07 sys=0.00, real=0.28 secs] 
1689.175: [Full GC (Allocation Failure) [PSYoungGen: 163922K->163849K(298496K)] [ParOldGen: 2630076K->2630060K(2731008K)] 2793998K->2793909K(3029504K), [Metaspace: 34491K->34491K(1081344K)], 0.2632202 secs] [Times: user=0.93 sys=0.00, real=0.27 secs] 
1689.531: [GC (Allocation Failure) --[PSYoungGen: 164044K->164044K(298496K)] 2794104K->2794104K(3029504K), 0.2805205 secs] [Times: user=1.06 sys=0.00, real=0.28 secs] 
1689.812: [Full GC (Ergonomics) [PSYoungGen: 164044K->163922K(298496K)] [ParOldGen: 2630060K->2630060K(2731008K)] 2794104K->2793982K(3029504K), [Metaspace: 34493K->34493K(1081344K)], 0.2620125 secs] [Times: user=0.92 sys=0.00, real=0.26 secs] 
1690.074: [GC (Allocation Failure) --[PSYoungGen: 163922K->163922K(298496K)] 2793982K->2793998K(3029504K), 0.2799491 secs] [Times: user=1.07 sys=0.00, real=0.28 secs] 
1690.354: [Full GC (Allocation Failure) [PSYoungGen: 163922K->163849K(298496K)] [ParOldGen: 2630076K->2630060K(2731008K)] 2793998K->2793909K(3029504K), [Metaspace: 34493K->34493K(1081344K)], 0.2636961 secs] [Times: user=0.92 sys=0.00, real=0.27 secs] 
1690.731: [GC (Allocation Failure) --[PSYoungGen: 164045K->164045K(298496K)] 2794105K->2794105K(3029504K), 0.2695559 secs] [Times: user=1.04 sys=0.00, real=0.27 secs] 
1691.000: [Full GC (Ergonomics) [PSYoungGen: 164045K->163922K(298496K)] [ParOldGen: 2630060K->2630060K(2731008K)] 2794105K->2793982K(3029504K), [Metaspace: 34493K->34493K(1081344K)], 0.2544977 secs] [Times: user=0.90 sys=0.00, real=0.25 secs] 
1691.255: [GC (Allocation Failure) --[PSYoungGen: 163922K->163922K(298496K)] 2793982K->2793998K(3029504K), 0.2754524 secs] [Times: user=1.04 sys=0.00, real=0.28 secs] 
1691.531: [Full GC (Allocation Failure) [PSYoungGen: 163922K->163849K(298496K)] [ParOldGen: 2630076K->2630060K(2731008K)] 2793998K->2793909K(3029504K), [Metaspace: 34493K->34493K(1081344K)], 0.2574439 secs] [Times: user=0.91 sys=0.00, real=0.26 secs] 
1691.884: [GC (Allocation Failure) --[PSYoungGen: 164044K->164044K(298496K)] 2794105K->2794105K(3029504K), 0.2830467 secs] [Times: user=1.07 sys=0.00, real=0.28 secs] 
1692.167: [Full GC (Ergonomics) [PSYoungGen: 164044K->163922K(298496K)] [ParOldGen: 2630060K->2630060K(2731008K)] 2794105K->2793982K(3029504K), [Metaspace: 34495K->34495K(1081344K)], 0.2597207 secs] [Times: user=0.91 sys=0.00, real=0.26 secs] 
1692.427: [GC (Allocation Failure) --[PSYoungGen: 163922K->163922K(298496K)] 2793982K->2793998K(3029504K), 0.2783286 secs] [Times: user=1.06 sys=0.00, real=0.28 secs] 
1692.705: [Full GC (Allocation Failure) [PSYoungGen: 163922K->163849K(298496K)] [ParOldGen: 2630076K->2630060K(2731008K)] 2793998K->2793909K(3029504K), [Metaspace: 34495K->34495K(1081344K)], 0.2549261 secs] [Times: user=0.90 sys=0.00, real=0.25 secs] 
1693.053: [GC (Allocation Failure) --[PSYoungGen: 164046K->164046K(298496K)] 2794107K->2794115K(3029504K), 0.2870039 secs] [Times: user=1.09 sys=0.00, real=0.29 secs] 
1693.340: [Full GC (Ergonomics) [PSYoungGen: 164046K->163922K(298496K)] [ParOldGen: 2630068K->2630060K(2731008K)] 2794115K->2793982K(3029504K), [Metaspace: 34499K->34499K(1081344K)], 0.2682435 secs] [Times: user=0.96 sys=0.00, real=0.27 secs] 
1693.609: [GC (Allocation Failure) --[PSYoungGen: 163922K->163922K(298496K)] 2793982K->2793998K(3029504K), 0.2775199 secs] [Times: user=1.06 sys=0.00, real=0.28 secs] 
1693.886: [Full GC (Allocation Failure) [PSYoungGen: 163922K->163849K(298496K)] [ParOldGen: 2630076K->2630060K(2731008K)] 2793998K->2793909K(3029504K), [Metaspace: 34499K->34499K(1081344K)], 0.2555974 secs] [Times: user=0.90 sys=0.00, real=0.25 secs] 
1694.236: [GC (Allocation Failure) --[PSYoungGen: 164044K->164044K(298496K)] 2794104K->2794104K(3029504K), 0.2876833 secs] [Times: user=1.09 sys=0.00, real=0.29 secs] 
1694.524: [Full GC (Ergonomics) [PSYoungGen: 164044K->163920K(298496K)] [ParOldGen: 2630060K->2630060K(2731008K)] 2794104K->2793980K(3029504K), [Metaspace: 34509K->34509K(1081344K)], 0.2544322 secs] [Times: user=0.90 sys=0.00, real=0.25 secs] 
1694.779: [GC (Allocation Failure) --[PSYoungGen: 163920K->163920K(298496K)] 2793980K->2793988K(3029504K), 0.2710576 secs] [Times: user=1.03 sys=0.00, real=0.27 secs] 
1695.050: [Full GC (Allocation Failure) [PSYoungGen: 163920K->163848K(298496K)] [ParOldGen: 2630068K->2630060K(2731008K)] 2793988K->2793908K(3029504K), [Metaspace: 34509K->34509K(1081344K)], 0.2521665 secs] [Times: user=0.89 sys=0.00, real=0.25 secs] 
1695.405: [GC (Allocation Failure) --[PSYoungGen: 164047K->164047K(298496K)] 2794107K->2794115K(3029504K), 0.2880514 secs] [Times: user=1.07 sys=0.00, real=0.28 secs] 
1695.693: [Full GC (Ergonomics) [PSYoungGen: 164047K->163924K(298496K)] [ParOldGen: 2630068K->2630060K(2731008K)] 2794115K->2793984K(3029504K), [Metaspace: 34717K->34717K(1081344K)], 0.2596784 secs] [Times: user=0.92 sys=0.00, real=0.26 secs] 
1695.953: [GC (Allocation Failure) --[PSYoungGen: 163924K->163924K(298496K)] 2793984K->2793992K(3029504K), 0.2799866 secs] [Times: user=1.05 sys=0.00, real=0.28 secs] 
1696.233: [Full GC (Allocation Failure) [PSYoungGen: 163924K->163850K(298496K)] [ParOldGen: 2630068K->2630060K(2731008K)] 2793992K->2793910K(3029504K), [Metaspace: 34717K->34717K(1081344K)], 0.2568172 secs] [Times: user=0.90 sys=0.00, real=0.26 secs] 
1696.589: [GC (Allocation Failure) --[PSYoungGen: 164048K->164048K(298496K)] 2794108K->2794116K(3029504K), 0.2760769 secs] [Times: user=1.04 sys=0.00, real=0.28 secs] 
1696.865: [Full GC (Ergonomics) [PSYoungGen: 164048K->163924K(298496K)] [ParOldGen: 2630068K->2630060K(2731008K)] 2794116K->2793984K(3029504K), [Metaspace: 34851K->34851K(1081344K)], 0.2605668 secs] [Times: user=0.91 sys=0.00, real=0.26 secs] 
1697.126: [GC (Allocation Failure) --[PSYoungGen: 163924K->163924K(298496K)] 2793984K->2794008K(3029504K), 0.2721022 secs] [Times: user=1.03 sys=0.00, real=0.27 secs] 
1697.398: [Full GC (Allocation Failure) [PSYoungGen: 163924K->163850K(298496K)] [ParOldGen: 2630084K->2630060K(2731008K)] 2794008K->2793911K(3029504K), [Metaspace: 34851K->34851K(1081344K)], 0.2612806 secs] [Times: user=0.93 sys=0.00, real=0.26 secs] 
1697.758: [GC (Allocation Failure) --[PSYoungGen: 164046K->164046K(298496K)] 2794106K->2794106K(3029504K), 0.2763573 secs] [Times: user=1.05 sys=0.00, real=0.27 secs] 
1698.034: [Full GC (Ergonomics) [PSYoungGen: 164046K->163924K(298496K)] [ParOldGen: 2630060K->2630060K(2731008K)] 2794106K->2793984K(3029504K), [Metaspace: 34851K->34851K(1081344K)], 0.2575835 secs] [Times: user=0.90 sys=0.00, real=0.26 secs] 
1698.292: [GC (Allocation Failure) --[PSYoungGen: 163924K->163924K(298496K)] 2793984K->2793992K(3029504K), 0.2753576 secs] [Times: user=1.05 sys=0.00, real=0.28 secs] 
1698.567: [Full GC (Allocation Failure) [PSYoungGen: 163924K->163850K(298496K)] [ParOldGen: 2630068K->2630060K(2731008K)] 2793992K->2793911K(3029504K), [Metaspace: 34851K->34851K(1081344K)], 0.2537493 secs] [Times: user=0.90 sys=0.00, real=0.25 secs] 
1698.910: [GC (Allocation Failure) --[PSYoungGen: 164046K->164046K(298496K)] 2794107K->2794107K(3029504K), 0.2840801 secs] [Times: user=1.07 sys=0.00, real=0.28 secs] 
1699.195: [Full GC (Ergonomics) [PSYoungGen: 164046K->163924K(298496K)] [ParOldGen: 2630060K->2630060K(2731008K)] 2794107K->2793984K(3029504K), [Metaspace: 34851K->34851K(1081344K)], 0.2684614 secs] [Times: user=0.96 sys=0.00, real=0.27 secs] 
1699.463: [GC (Allocation Failure) --[PSYoungGen: 163924K->163924K(298496K)] 2793984K->2794008K(3029504K), 0.2716118 secs] [Times: user=1.03 sys=0.00, real=0.27 secs] 
1699.735: [Full GC (Allocation Failure) [PSYoungGen: 163924K->163849K(298496K)] [ParOldGen: 2630084K->2630061K(2731008K)] 2794008K->2793911K(3029504K), [Metaspace: 34851K->34851K(1081344K)], 0.2619926 secs] [Times: user=0.90 sys=0.00, real=0.27 secs] 
1700.095: [GC (Allocation Failure) --[PSYoungGen: 164045K->164045K(298496K)] 2794107K->2794107K(3029504K), 0.3257397 secs] [Times: user=1.19 sys=0.00, real=0.33 secs] 
1700.421: [Full GC (Ergonomics) [PSYoungGen: 164045K->163923K(298496K)] [ParOldGen: 2630061K->2630061K(2731008K)] 2794107K->2793984K(3029504K), [Metaspace: 34851K->34851K(1081344K)], 0.2605789 secs] [Times: user=0.90 sys=0.00, real=0.26 secs] 
1700.682: [GC (Allocation Failure) --[PSYoungGen: 163923K->163923K(298496K)] 2793984K->2794008K(3029504K), 0.2779552 secs] [Times: user=1.05 sys=0.00, real=0.28 secs] 
1700.960: [Full GC (Allocation Failure) [PSYoungGen: 163923K->163849K(298496K)] [ParOldGen: 2630085K->2630062K(2731008K)] 2794008K->2793911K(3029504K), [Metaspace: 34851K->34851K(1081344K)], 0.2686379 secs] [Times: user=0.92 sys=0.00, real=0.27 secs] 
1701.325: [GC (Allocation Failure) --[PSYoungGen: 164046K->164046K(298496K)] 2794108K->2794108K(3029504K), 0.2703380 secs] [Times: user=1.03 sys=0.00, real=0.26 secs] 
1701.595: [Full GC (Ergonomics) [PSYoungGen: 164046K->163922K(298496K)] [ParOldGen: 2630062K->2630061K(2731008K)] 2794108K->2793984K(3029504K), [Metaspace: 34851K->34851K(1081344K)], 0.2544909 secs] [Times: user=0.91 sys=0.00, real=0.26 secs] 
1701.850: [GC (Allocation Failure) --[PSYoungGen: 163922K->163922K(298496K)] 2793984K->2794000K(3029504K), 0.2733213 secs] [Times: user=1.04 sys=0.00, real=0.27 secs] 
1702.123: [Full GC (Allocation Failure) [PSYoungGen: 163922K->163849K(298496K)] [ParOldGen: 2630077K->2630062K(2731008K)] 2794000K->2793911K(3029504K), [Metaspace: 34851K->34851K(1081344K)], 0.2536985 secs] [Times: user=0.90 sys=0.00, real=0.26 secs] 
1702.463: [GC (Allocation Failure) --[PSYoungGen: 164044K->164044K(298496K)] 2794106K->2794106K(3029504K), 0.2736088 secs] [Times: user=1.05 sys=0.00, real=0.28 secs] 
1702.736: [Full GC (Ergonomics) [PSYoungGen: 164044K->163922K(298496K)] [ParOldGen: 2630062K->2630061K(2731008K)] 2794106K->2793984K(3029504K), [Metaspace: 34851K->34851K(1081344K)], 0.2528948 secs] [Times: user=0.89 sys=0.00, real=0.25 secs] 
1702.989: [GC (Allocation Failure) --[PSYoungGen: 163922K->163922K(298496K)] 2793984K->2794000K(3029504K), 0.2722006 secs] [Times: user=1.03 sys=0.00, real=0.27 secs] 
1703.262: [Full GC (Allocation Failure) [PSYoungGen: 163922K->163849K(298496K)] [ParOldGen: 2630077K->2630062K(2731008K)] 2794000K->2793911K(3029504K), [Metaspace: 34851K->34851K(1081344K)], 0.2548433 secs] [Times: user=0.90 sys=0.00, real=0.26 secs] 
1703.616: [GC (Allocation Failure) --[PSYoungGen: 164044K->164044K(298496K)] 2794106K->2794106K(3029504K), 0.2809568 secs] [Times: user=1.07 sys=0.00, real=0.29 secs] 
1703.897: [Full GC (Ergonomics) [PSYoungGen: 164044K->163922K(298496K)] [ParOldGen: 2630062K->2630062K(2731008K)] 2794106K->2793984K(3029504K), [Metaspace: 34851K->34851K(1081344K)], 0.2673628 secs] [Times: user=0.93 sys=0.00, real=0.27 secs] 
1704.164: [GC (Allocation Failure) --[PSYoungGen: 163922K->163922K(298496K)] 2793984K->2794000K(3029504K), 0.2796301 secs] [Times: user=1.05 sys=0.00, real=0.28 secs] 
1704.444: [Full GC (Allocation Failure) [PSYoungGen: 163922K->163849K(298496K)] [ParOldGen: 2630078K->2630062K(2731008K)] 2794000K->2793911K(3029504K), [Metaspace: 34851K->34851K(1081344K)], 0.2577997 secs] [Times: user=0.92 sys=0.00, real=0.25 secs] 
1704.800: [GC (Allocation Failure) --[PSYoungGen: 164044K->164044K(298496K)] 2794106K->2794106K(3029504K), 0.3004956 secs] [Times: user=1.13 sys=0.00, real=0.30 secs] 
1705.101: [Full GC (Ergonomics) [PSYoungGen: 164044K->163922K(298496K)] [ParOldGen: 2630062K->2630062K(2731008K)] 2794106K->2793984K(3029504K), [Metaspace: 34851K->34851K(1081344K)], 0.2544112 secs] [Times: user=0.90 sys=0.00, real=0.25 secs] 
1705.355: [GC (Allocation Failure) --[PSYoungGen: 163922K->163922K(298496K)] 2793984K->2794000K(3029504K), 0.3160913 secs] [Times: user=1.20 sys=0.00, real=0.32 secs] 
1705.671: [Full GC (Allocation Failure) [PSYoungGen: 163922K->163849K(298496K)] [ParOldGen: 2630078K->2630062K(2731008K)] 2794000K->2793911K(3029504K), [Metaspace: 34851K->34851K(1081344K)], 0.2693851 secs] [Times: user=0.96 sys=0.00, real=0.27 secs] 
1706.045: [GC (Allocation Failure) --[PSYoungGen: 164046K->164046K(298496K)] 2794108K->2794108K(3029504K), 0.2759182 secs] [Times: user=1.06 sys=0.00, real=0.27 secs] 
1706.321: [Full GC (Ergonomics) [PSYoungGen: 164046K->163922K(298496K)] [ParOldGen: 2630062K->2630062K(2731008K)] 2794108K->2793984K(3029504K), [Metaspace: 34851K->34851K(1081344K)], 0.2569082 secs] [Times: user=0.91 sys=0.00, real=0.26 secs] 
1706.578: [GC (Allocation Failure) --[PSYoungGen: 163922K->163922K(298496K)] 2793984K->2794000K(3029504K), 0.2749594 secs] [Times: user=1.05 sys=0.00, real=0.27 secs] 
1706.853: [Full GC (Allocation Failure) [PSYoungGen: 163922K->163849K(298496K)] [ParOldGen: 2630078K->2630062K(2731008K)] 2794000K->2793911K(3029504K), [Metaspace: 34851K->34851K(1081344K)], 0.2552958 secs] [Times: user=0.90 sys=0.00, real=0.26 secs] 
1707.198: [GC (Allocation Failure) --[PSYoungGen: 164044K->164044K(298496K)] 2794106K->2794106K(3029504K), 0.3144415 secs] [Times: user=1.17 sys=0.00, real=0.31 secs] 
1707.513: [Full GC (Ergonomics) [PSYoungGen: 164044K->163922K(298496K)] [ParOldGen: 2630062K->2630062K(2731008K)] 2794106K->2793984K(3029504K), [Metaspace: 34851K->34851K(1081344K)], 0.2821910 secs] [Times: user=1.01 sys=0.00, real=0.28 secs] 
1707.795: [GC (Allocation Failure) --[PSYoungGen: 163922K->163922K(298496K)] 2793984K->2794000K(3029504K), 0.2802146 secs] [Times: user=1.07 sys=0.00, real=0.28 secs] 
1708.075: [Full GC (Allocation Failure) [PSYoungGen: 163922K->163849K(298496K)] [ParOldGen: 2630078K->2630062K(2731008K)] 2794000K->2793911K(3029504K), [Metaspace: 34851K->34851K(1081344K)], 0.2954122 secs] [Times: user=1.05 sys=0.00, real=0.30 secs] 
1708.475: [GC (Allocation Failure) --[PSYoungGen: 164044K->164044K(298496K)] 2794106K->2794106K(3029504K), 0.2797564 secs] [Times: user=1.07 sys=0.00, real=0.28 secs] 
1708.754: [Full GC (Ergonomics) [PSYoungGen: 164044K->163922K(298496K)] [ParOldGen: 2630062K->2630062K(2731008K)] 2794106K->2793984K(3029504K), [Metaspace: 34851K->34851K(1081344K)], 0.2605305 secs] [Times: user=0.92 sys=0.00, real=0.26 secs] 
1709.015: [GC (Allocation Failure) --[PSYoungGen: 163922K->163922K(298496K)] 2793984K->2794000K(3029504K), 0.2752950 secs] [Times: user=1.05 sys=0.00, real=0.28 secs] 
1709.290: [Full GC (Allocation Failure) [PSYoungGen: 163922K->163849K(298496K)] [ParOldGen: 2630078K->2630062K(2731008K)] 2794000K->2793911K(3029504K), [Metaspace: 34851K->34851K(1081344K)], 0.2633668 secs] [Times: user=0.93 sys=0.00, real=0.26 secs] 
1709.628: [GC (Allocation Failure) --[PSYoungGen: 164044K->164044K(298496K)] 2794107K->2794107K(3029504K), 0.3047140 secs] [Times: user=1.16 sys=0.00, real=0.30 secs] 
1709.933: [Full GC (Ergonomics) [PSYoungGen: 164044K->163922K(298496K)] [ParOldGen: 2630062K->2630062K(2731008K)] 2794107K->2793984K(3029504K), [Metaspace: 34851K->34851K(1081344K)], 0.2577037 secs] [Times: user=0.92 sys=0.00, real=0.26 secs] 
1710.190: [GC (Allocation Failure) --[PSYoungGen: 163922K->163922K(298496K)] 2793984K->2794000K(3029504K), 0.2783307 secs] [Times: user=1.05 sys=0.00, real=0.28 secs] 
1710.469: [Full GC (Allocation Failure) [PSYoungGen: 163922K->163849K(298496K)] [ParOldGen: 2630078K->2630062K(2731008K)] 2794000K->2793911K(3029504K), [Metaspace: 34851K->34851K(1081344K)], 0.2560805 secs] [Times: user=0.91 sys=0.00, real=0.26 secs] 
1710.812: [GC (Allocation Failure) --[PSYoungGen: 164044K->164044K(298496K)] 2794106K->2794106K(3029504K), 0.2731066 secs] [Times: user=1.04 sys=0.00, real=0.28 secs] 
1711.085: [Full GC (Ergonomics) [PSYoungGen: 164044K->163922K(298496K)] [ParOldGen: 2630062K->2630062K(2731008K)] 2794106K->2793984K(3029504K), [Metaspace: 34851K->34851K(1081344K)], 0.2545158 secs] [Times: user=0.91 sys=0.00, real=0.25 secs] 
1711.339: [GC (Allocation Failure) --[PSYoungGen: 163922K->163922K(298496K)] 2793984K->2793992K(3029504K), 0.2756951 secs] [Times: user=1.05 sys=0.00, real=0.27 secs] 
1711.615: [Full GC (Allocation Failure) [PSYoungGen: 163922K->163849K(298496K)] [ParOldGen: 2630070K->2630062K(2731008K)] 2793992K->2793911K(3029504K), [Metaspace: 34851K->34851K(1081344K)], 0.2536004 secs] [Times: user=0.90 sys=0.00, real=0.26 secs] 
1711.949: [GC (Allocation Failure) --[PSYoungGen: 164044K->164044K(298496K)] 2794107K->2794107K(3029504K), 0.2747422 secs] [Times: user=1.06 sys=0.00, real=0.28 secs] 
1712.224: [Full GC (Ergonomics) [PSYoungGen: 164044K->163922K(298496K)] [ParOldGen: 2630062K->2630062K(2731008K)] 2794107K->2793984K(3029504K), [Metaspace: 34851K->34851K(1081344K)], 0.2574728 secs] [Times: user=0.91 sys=0.00, real=0.25 secs] 
1712.482: [GC (Allocation Failure) --[PSYoungGen: 163922K->163922K(298496K)] 2793984K->2794000K(3029504K), 0.2733089 secs] [Times: user=1.04 sys=0.00, real=0.27 secs] 
1712.755: [Full GC (Allocation Failure) [PSYoungGen: 163922K->163849K(298496K)] [ParOldGen: 2630078K->2630062K(2731008K)] 2794000K->2793911K(3029504K), [Metaspace: 34851K->34851K(1081344K)], 0.2569653 secs] [Times: user=0.91 sys=0.00, real=0.26 secs] 
1713.087: [GC (Allocation Failure) --[PSYoungGen: 164045K->164045K(298496K)] 2794107K->2794107K(3029504K), 0.3031755 secs] [Times: user=1.11 sys=0.00, real=0.30 secs] 
1713.391: [Full GC (Ergonomics) [PSYoungGen: 164045K->163922K(298496K)] [ParOldGen: 2630062K->2630062K(2731008K)] 2794107K->2793984K(3029504K), [Metaspace: 34851K->34851K(1081344K)], 0.2693672 secs] [Times: user=0.96 sys=0.00, real=0.27 secs] 
1713.660: [GC (Allocation Failure) --[PSYoungGen: 163922K->163922K(298496K)] 2793984K->2794000K(3029504K), 0.2808282 secs] [Times: user=1.08 sys=0.00, real=0.28 secs] 
1713.941: [Full GC (Allocation Failure) [PSYoungGen: 163922K->163849K(298496K)] [ParOldGen: 2630078K->2630062K(2731008K)] 2794000K->2793911K(3029504K), [Metaspace: 34851K->34851K(1081344K)], 0.2699524 secs] [Times: user=0.96 sys=0.00, real=0.27 secs] 
1714.317: [GC (Allocation Failure) --[PSYoungGen: 164044K->164044K(298496K)] 2794107K->2794107K(3029504K), 0.2759253 secs] [Times: user=1.06 sys=0.00, real=0.27 secs] 
1714.593: [Full GC (Ergonomics) [PSYoungGen: 164044K->163922K(298496K)] [ParOldGen: 2630062K->2630062K(2731008K)] 2794107K->2793984K(3029504K), [Metaspace: 34851K->34851K(1081344K)], 0.2611243 secs] [Times: user=0.92 sys=0.00, real=0.26 secs] 
1714.855: [GC (Allocation Failure) --[PSYoungGen: 163922K->163922K(298496K)] 2793984K->2794000K(3029504K), 0.2774752 secs] [Times: user=1.06 sys=0.00, real=0.28 secs] 
1715.132: [Full GC (Allocation Failure) [PSYoungGen: 163922K->163849K(298496K)] [ParOldGen: 2630078K->2630062K(2731008K)] 2794000K->2793911K(3029504K), [Metaspace: 34851K->34851K(1081344K)], 0.2578124 secs] [Times: user=0.92 sys=0.00, real=0.26 secs] 
1715.502: [GC (Allocation Failure) --[PSYoungGen: 164045K->164045K(298496K)] 2794107K->2794107K(3029504K), 0.2707457 secs] [Times: user=1.04 sys=0.00, real=0.27 secs] 
1715.772: [Full GC (Ergonomics) [PSYoungGen: 164045K->163922K(298496K)] [ParOldGen: 2630062K->2630062K(2731008K)] 2794107K->2793984K(3029504K), [Metaspace: 34852K->34852K(1081344K)], 0.2544427 secs] [Times: user=0.89 sys=0.00, real=0.26 secs] 
1716.027: [GC (Allocation Failure) --[PSYoungGen: 163922K->163922K(298496K)] 2793984K->2794000K(3029504K), 0.2719812 secs] [Times: user=1.04 sys=0.00, real=0.27 secs] 
1716.299: [Full GC (Allocation Failure) [PSYoungGen: 163922K->163849K(298496K)] [ParOldGen: 2630078K->2630062K(2731008K)] 2794000K->2793911K(3029504K), [Metaspace: 34852K->34852K(1081344K)], 0.2571205 secs] [Times: user=0.91 sys=0.00, real=0.26 secs] 
1716.655: [GC (Allocation Failure) --[PSYoungGen: 164046K->164046K(298496K)] 2794108K->2794108K(3029504K), 0.2879964 secs] [Times: user=1.10 sys=0.00, real=0.29 secs] 
1716.943: [Full GC (Ergonomics) [PSYoungGen: 164046K->163922K(298496K)] [ParOldGen: 2630062K->2630062K(2731008K)] 2794108K->2793984K(3029504K), [Metaspace: 34852K->34852K(1081344K)], 0.2574320 secs] [Times: user=0.92 sys=0.00, real=0.26 secs] 
1717.200: [GC (Allocation Failure) --[PSYoungGen: 163922K->163922K(298496K)] 2793984K->2794000K(3029504K), 0.2733967 secs] [Times: user=1.04 sys=0.00, real=0.27 secs] 
1717.474: [Full GC (Allocation Failure) [PSYoungGen: 163922K->163849K(298496K)] [ParOldGen: 2630078K->2630062K(2731008K)] 2794000K->2793911K(3029504K), [Metaspace: 34852K->34852K(1081344K)], 0.2612223 secs] [Times: user=0.93 sys=0.00, real=0.26 secs] 
1717.808: [GC (Allocation Failure) --[PSYoungGen: 164044K->164044K(298496K)] 2794107K->2794107K(3029504K), 0.2730664 secs] [Times: user=1.05 sys=0.00, real=0.27 secs] 
1718.081: [Full GC (Ergonomics) [PSYoungGen: 164044K->163922K(298496K)] [ParOldGen: 2630062K->2630062K(2731008K)] 2794107K->2793984K(3029504K), [Metaspace: 34852K->34852K(1081344K)], 0.2558292 secs] [Times: user=0.91 sys=0.00, real=0.26 secs] 
1718.337: [GC (Allocation Failure) --[PSYoungGen: 163922K->163922K(298496K)] 2793984K->2794000K(3029504K), 0.2727026 secs] [Times: user=1.03 sys=0.00, real=0.27 secs] 
1718.610: [Full GC (Allocation Failure) [PSYoungGen: 163922K->163849K(298496K)] [ParOldGen: 2630078K->2630062K(2731008K)] 2794000K->2793911K(3029504K), [Metaspace: 34852K->34852K(1081344K)], 0.2599518 secs] [Times: user=0.93 sys=0.00, real=0.26 secs] 
1718.961: [GC (Allocation Failure) --[PSYoungGen: 164044K->164044K(298496K)] 2794106K->2794106K(3029504K), 0.2731679 secs] [Times: user=1.05 sys=0.00, real=0.27 secs] 
1719.234: [Full GC (Ergonomics) [PSYoungGen: 164044K->163922K(298496K)] [ParOldGen: 2630062K->2630062K(2731008K)] 2794106K->2793984K(3029504K), [Metaspace: 34852K->34852K(1081344K)], 0.2683645 secs] [Times: user=0.94 sys=0.00, real=0.27 secs] 
1719.503: [GC (Allocation Failure) --[PSYoungGen: 163922K->163922K(298496K)] 2793984K->2793992K(3029504K), 0.2727884 secs] [Times: user=1.04 sys=0.00, real=0.27 secs] 
1719.776: [Full GC (Allocation Failure) [PSYoungGen: 163922K->163849K(298496K)] [ParOldGen: 2630070K->2630062K(2731008K)] 2793992K->2793911K(3029504K), [Metaspace: 34852K->34852K(1081344K)], 0.2565618 secs] [Times: user=0.91 sys=0.00, real=0.26 secs] 
1720.115: [GC (Allocation Failure) --[PSYoungGen: 164046K->164046K(298496K)] 2794108K->2794108K(3029504K), 0.2869913 secs] [Times: user=1.10 sys=0.00, real=0.29 secs] 
1720.402: [Full GC (Ergonomics) [PSYoungGen: 164046K->163922K(298496K)] [ParOldGen: 2630062K->2630062K(2731008K)] 2794108K->2793984K(3029504K), [Metaspace: 34852K->34852K(1081344K)], 0.2539334 secs] [Times: user=0.90 sys=0.00, real=0.26 secs] 
1720.656: [GC (Allocation Failure) --[PSYoungGen: 163922K->163922K(298496K)] 2793984K->2794000K(3029504K), 0.2815469 secs] [Times: user=1.08 sys=0.00, real=0.28 secs] 
1720.938: [Full GC (Allocation Failure) [PSYoungGen: 163922K->163849K(298496K)] [ParOldGen: 2630078K->2630062K(2731008K)] 2794000K->2793911K(3029504K), [Metaspace: 34852K->34852K(1081344K)], 0.2852016 secs] [Times: user=1.02 sys=0.00, real=0.28 secs] 
1721.313: [GC (Allocation Failure) --[PSYoungGen: 164044K->164044K(298496K)] 2794106K->2794106K(3029504K), 0.2714422 secs] [Times: user=1.04 sys=0.00, real=0.28 secs] 
1721.585: [Full GC (Ergonomics) [PSYoungGen: 164044K->163922K(298496K)] [ParOldGen: 2630062K->2630062K(2731008K)] 2794106K->2793984K(3029504K), [Metaspace: 34852K->34852K(1081344K)], 0.2562682 secs] [Times: user=0.91 sys=0.00, real=0.25 secs] 
1721.841: [GC (Allocation Failure) --[PSYoungGen: 163922K->163922K(298496K)] 2793984K->2794000K(3029504K), 0.2736277 secs] [Times: user=1.04 sys=0.00, real=0.27 secs] 
1722.115: [Full GC (Allocation Failure) [PSYoungGen: 163922K->163849K(298496K)] [ParOldGen: 2630078K->2630062K(2731008K)] 2794000K->2793911K(3029504K), [Metaspace: 34852K->34852K(1081344K)], 0.2552743 secs] [Times: user=0.90 sys=0.00, real=0.26 secs] 
1722.467: [GC (Allocation Failure) --[PSYoungGen: 164044K->164044K(298496K)] 2794106K->2794106K(3029504K), 0.2708212 secs] [Times: user=1.03 sys=0.00, real=0.27 secs] 
1722.738: [Full GC (Ergonomics) [PSYoungGen: 164044K->163922K(298496K)] [ParOldGen: 2630062K->2630062K(2731008K)] 2794106K->2793984K(3029504K), [Metaspace: 34852K->34852K(1081344K)], 0.2595431 secs] [Times: user=0.92 sys=0.00, real=0.26 secs] 
1722.998: [GC (Allocation Failure) --[PSYoungGen: 163922K->163922K(298496K)] 2793984K->2793992K(3029504K), 0.2729219 secs] [Times: user=1.04 sys=0.00, real=0.27 secs] 
1723.271: [Full GC (Allocation Failure) [PSYoungGen: 163922K->163849K(298496K)] [ParOldGen: 2630070K->2630062K(2731008K)] 2793992K->2793911K(3029504K), [Metaspace: 34852K->34852K(1081344K)], 0.2527722 secs] [Times: user=0.90 sys=0.00, real=0.25 secs] 
1723.605: [GC (Allocation Failure) --[PSYoungGen: 164044K->164044K(298496K)] 2794106K->2794106K(3029504K), 0.2894830 secs] [Times: user=1.10 sys=0.00, real=0.28 secs] 
1723.895: [Full GC (Ergonomics) [PSYoungGen: 164044K->163922K(298496K)] [ParOldGen: 2630062K->2630062K(2731008K)] 2794106K->2793984K(3029504K), [Metaspace: 34852K->34852K(1081344K)], 0.2537806 secs] [Times: user=0.90 sys=0.00, real=0.26 secs] 
1724.149: [GC (Allocation Failure) --[PSYoungGen: 163922K->163922K(298496K)] 2793984K->2794000K(3029504K), 0.2760508 secs] [Times: user=1.05 sys=0.00, real=0.28 secs] 
1724.425: [Full GC (Allocation Failure) [PSYoungGen: 163922K->163849K(298496K)] [ParOldGen: 2630078K->2630062K(2731008K)] 2794000K->2793911K(3029504K), [Metaspace: 34852K->34852K(1081344K)], 0.2691534 secs] [Times: user=0.88 sys=0.00, real=0.26 secs] 
1724.758: [GC (Allocation Failure) --[PSYoungGen: 164044K->164044K(298496K)] 2794106K->2794106K(3029504K), 0.2750316 secs] [Times: user=1.05 sys=0.00, real=0.27 secs] 
1725.033: [Full GC (Ergonomics) [PSYoungGen: 164044K->163922K(298496K)] [ParOldGen: 2630062K->2630062K(2731008K)] 2794106K->2793984K(3029504K), [Metaspace: 34852K->34852K(1081344K)], 0.2564829 secs] [Times: user=0.91 sys=0.00, real=0.26 secs] 
1725.289: [GC (Allocation Failure) --[PSYoungGen: 163922K->163922K(298496K)] 2793984K->2793992K(3029504K), 0.2774435 secs] [Times: user=1.06 sys=0.00, real=0.28 secs] 
1725.567: [Full GC (Allocation Failure) [PSYoungGen: 163922K->163849K(298496K)] [ParOldGen: 2630070K->2630062K(2731008K)] 2793992K->2793911K(3029504K), [Metaspace: 34852K->34852K(1081344K)], 0.2540846 secs] [Times: user=0.90 sys=0.00, real=0.25 secs] 
1725.927: [GC (Allocation Failure) --[PSYoungGen: 164044K->164044K(298496K)] 2794106K->2794106K(3029504K), 0.2709967 secs] [Times: user=1.03 sys=0.00, real=0.27 secs] 
1726.198: [Full GC (Ergonomics) [PSYoungGen: 164044K->163922K(298496K)] [ParOldGen: 2630062K->2630062K(2731008K)] 2794106K->2793984K(3029504K), [Metaspace: 34852K->34852K(1081344K)], 0.2522073 secs] [Times: user=0.90 sys=0.00, real=0.25 secs] 
1726.450: [GC (Allocation Failure) --[PSYoungGen: 163922K->163922K(298496K)] 2793984K->2793992K(3029504K), 0.2717671 secs] [Times: user=1.03 sys=0.00, real=0.27 secs] 
1726.722: [Full GC (Allocation Failure) [PSYoungGen: 163922K->163849K(298496K)] [ParOldGen: 2630070K->2630062K(2731008K)] 2793992K->2793911K(3029504K), [Metaspace: 34852K->34852K(1081344K)], 0.2530016 secs] [Times: user=0.90 sys=0.00, real=0.25 secs] 
1727.064: [GC (Allocation Failure) --[PSYoungGen: 164044K->164044K(298496K)] 2794107K->2794107K(3029504K), 0.2884280 secs] [Times: user=1.07 sys=0.00, real=0.28 secs] 
1727.353: [Full GC (Ergonomics) [PSYoungGen: 164044K->163922K(298496K)] [ParOldGen: 2630062K->2630062K(2731008K)] 2794107K->2793984K(3029504K), [Metaspace: 34852K->34852K(1081344K)], 0.2549116 secs] [Times: user=0.90 sys=0.00, real=0.26 secs] 
1727.608: [GC (Allocation Failure) --[PSYoungGen: 163922K->163922K(298496K)] 2793984K->2794000K(3029504K), 0.2722122 secs] [Times: user=1.04 sys=0.00, real=0.27 secs] 
1727.880: [Full GC (Allocation Failure) [PSYoungGen: 163922K->163849K(298496K)] [ParOldGen: 2630078K->2630062K(2731008K)] 2794000K->2793911K(3029504K), [Metaspace: 34852K->34852K(1081344K)], 0.2708231 secs] [Times: user=0.95 sys=0.00, real=0.27 secs] 
1728.264: [GC (Allocation Failure) --[PSYoungGen: 164044K->164044K(298496K)] 2794107K->2794107K(3029504K), 0.2740158 secs] [Times: user=1.03 sys=0.00, real=0.27 secs] 
1728.538: [Full GC (Ergonomics) [PSYoungGen: 164044K->163922K(298496K)] [ParOldGen: 2630062K->2630062K(2731008K)] 2794107K->2793984K(3029504K), [Metaspace: 34852K->34852K(1081344K)], 0.2547017 secs] [Times: user=0.90 sys=0.00, real=0.25 secs] 
1728.793: [GC (Allocation Failure) --[PSYoungGen: 163922K->163922K(298496K)] 2793984K->2794000K(3029504K), 0.2728772 secs] [Times: user=1.04 sys=0.00, real=0.28 secs] 
1729.066: [Full GC (Allocation Failure) [PSYoungGen: 163922K->163849K(298496K)] [ParOldGen: 2630078K->2630062K(2731008K)] 2794000K->2793911K(3029504K), [Metaspace: 34852K->34852K(1081344K)], 0.2565950 secs] [Times: user=0.91 sys=0.00, real=0.25 secs] 
1729.417: [GC (Allocation Failure) --[PSYoungGen: 164044K->164044K(298496K)] 2794106K->2794106K(3029504K), 0.2915411 secs] [Times: user=1.11 sys=0.00, real=0.29 secs] 
1729.708: [Full GC (Ergonomics) [PSYoungGen: 164044K->163922K(298496K)] [ParOldGen: 2630062K->2630062K(2731008K)] 2794106K->2793984K(3029504K), [Metaspace: 34852K->34852K(1081344K)], 0.2582061 secs] [Times: user=0.91 sys=0.00, real=0.26 secs] 
1729.967: [GC (Allocation Failure) --[PSYoungGen: 163922K->163922K(298496K)] 2793984K->2794000K(3029504K), 0.2712399 secs] [Times: user=1.04 sys=0.00, real=0.27 secs] 
1730.238: [Full GC (Allocation Failure) [PSYoungGen: 163922K->163849K(298496K)] [ParOldGen: 2630078K->2630062K(2731008K)] 2794000K->2793911K(3029504K), [Metaspace: 34852K->34852K(1081344K)], 0.2540137 secs] [Times: user=0.89 sys=0.00, real=0.25 secs] 
1730.570: [GC (Allocation Failure) --[PSYoungGen: 164044K->164044K(298496K)] 2794107K->2794107K(3029504K), 0.2986754 secs] [Times: user=1.15 sys=0.00, real=0.30 secs] 
1730.869: [Full GC (Ergonomics) [PSYoungGen: 164044K->163922K(298496K)] [ParOldGen: 2630062K->2630062K(2731008K)] 2794107K->2793984K(3029504K), [Metaspace: 34852K->34852K(1081344K)], 0.2915866 secs] [Times: user=1.04 sys=0.00, real=0.29 secs] 
1731.160: [GC (Allocation Failure) --[PSYoungGen: 163922K->163922K(298496K)] 2793984K->2794000K(3029504K), 0.2736598 secs] [Times: user=1.04 sys=0.00, real=0.27 secs] 
1731.434: [Full GC (Allocation Failure) [PSYoungGen: 163922K->163849K(298496K)] [ParOldGen: 2630078K->2630062K(2731008K)] 2794000K->2793911K(3029504K), [Metaspace: 34852K->34852K(1081344K)], 0.2602561 secs] [Times: user=0.92 sys=0.00, real=0.26 secs] 
1731.754: [GC (Allocation Failure) --[PSYoungGen: 164044K->164044K(298496K)] 2794107K->2794107K(3029504K), 0.2721091 secs] [Times: user=1.04 sys=0.00, real=0.28 secs] 
1732.026: [Full GC (Ergonomics) [PSYoungGen: 164044K->163922K(298496K)] [ParOldGen: 2630062K->2630062K(2731008K)] 2794107K->2793984K(3029504K), [Metaspace: 34852K->34852K(1081344K)], 0.2593693 secs] [Times: user=0.92 sys=0.00, real=0.26 secs] 
1732.285: [GC (Allocation Failure) --[PSYoungGen: 163922K->163922K(298496K)] 2793984K->2794000K(3029504K), 0.2735388 secs] [Times: user=1.04 sys=0.00, real=0.27 secs] 
1732.559: [Full GC (Allocation Failure) [PSYoungGen: 163922K->163849K(298496K)] [ParOldGen: 2630078K->2630062K(2731008K)] 2794000K->2793911K(3029504K), [Metaspace: 34852K->34852K(1081344K)], 0.2594987 secs] [Times: user=0.91 sys=0.00, real=0.26 secs] 
1732.892: [GC (Allocation Failure) --[PSYoungGen: 164046K->164046K(298496K)] 2794109K->2794117K(3029504K), 0.2699090 secs] [Times: user=1.03 sys=0.00, real=0.27 secs] 
1733.162: [Full GC (Ergonomics) [PSYoungGen: 164046K->163923K(298496K)] [ParOldGen: 2630070K->2630062K(2731008K)] 2794117K->2793985K(3029504K), [Metaspace: 34857K->34857K(1081344K)], 0.2547008 secs] [Times: user=0.91 sys=0.00, real=0.26 secs] 
1733.417: [GC (Allocation Failure) --[PSYoungGen: 163923K->163923K(298496K)] 2793985K->2794001K(3029504K), 0.2759038 secs] [Times: user=1.05 sys=0.00, real=0.27 secs] 
1733.693: [Full GC (Allocation Failure) [PSYoungGen: 163923K->163849K(298496K)] [ParOldGen: 2630078K->2630062K(2731008K)] 2794001K->2793911K(3029504K), [Metaspace: 34857K->34857K(1081344K)], 0.2532931 secs] [Times: user=0.89 sys=0.00, real=0.26 secs] 
1734.045: [GC (Allocation Failure) --[PSYoungGen: 164045K->164045K(298496K)] 2794107K->2794107K(3029504K), 0.2964307 secs] [Times: user=1.10 sys=0.00, real=0.29 secs] 
1734.341: [Full GC (Ergonomics) [PSYoungGen: 164045K->163923K(298496K)] [ParOldGen: 2630062K->2630062K(2731008K)] 2794107K->2793985K(3029504K), [Metaspace: 34857K->34857K(1081344K)], 0.2592245 secs] [Times: user=0.91 sys=0.00, real=0.26 secs] 
1734.601: [GC (Allocation Failure) --[PSYoungGen: 163923K->163923K(298496K)] 2793985K->2794001K(3029504K), 0.2747327 secs] [Times: user=1.05 sys=0.00, real=0.27 secs] 
1734.875: [Full GC (Allocation Failure) [PSYoungGen: 163923K->163849K(298496K)] [ParOldGen: 2630078K->2630062K(2731008K)] 2794001K->2793911K(3029504K), [Metaspace: 34857K->34857K(1081344K)], 0.2778080 secs] [Times: user=0.99 sys=0.00, real=0.28 secs] 
1735.229: [GC (Allocation Failure) --[PSYoungGen: 164045K->164045K(298496K)] 2794107K->2794107K(3029504K), 0.2779718 secs] [Times: user=1.06 sys=0.00, real=0.28 secs] 
1735.507: [Full GC (Ergonomics) [PSYoungGen: 164045K->163923K(298496K)] [ParOldGen: 2630062K->2630062K(2731008K)] 2794107K->2793985K(3029504K), [Metaspace: 34857K->34857K(1081344K)], 0.2569347 secs] [Times: user=0.91 sys=0.00, real=0.26 secs] 
1735.764: [GC (Allocation Failure) --[PSYoungGen: 163923K->163923K(298496K)] 2793985K->2793993K(3029504K), 0.2763071 secs] [Times: user=1.06 sys=0.00, real=0.27 secs] 
1736.041: [Full GC (Allocation Failure) [PSYoungGen: 163923K->163849K(298496K)] [ParOldGen: 2630070K->2630062K(2731008K)] 2793993K->2793911K(3029504K), [Metaspace: 34857K->34857K(1081344K)], 0.2566752 secs] [Times: user=0.91 sys=0.00, real=0.26 secs] 
1736.382: [GC (Allocation Failure) --[PSYoungGen: 164045K->164045K(298496K)] 2794107K->2794107K(3029504K), 0.2782486 secs] [Times: user=1.07 sys=0.00, real=0.28 secs] 
1736.661: [Full GC (Ergonomics) [PSYoungGen: 164045K->163923K(298496K)] [ParOldGen: 2630062K->2630062K(2731008K)] 2794107K->2793985K(3029504K), [Metaspace: 34857K->34857K(1081344K)], 0.2555570 secs] [Times: user=0.90 sys=0.00, real=0.26 secs] 
1736.917: [GC (Allocation Failure) --[PSYoungGen: 163923K->163923K(298496K)] 2793985K->2794001K(3029504K), 0.2865445 secs] [Times: user=1.10 sys=0.00, real=0.28 secs] 
1737.203: [Full GC (Allocation Failure) [PSYoungGen: 163923K->163849K(298496K)] [ParOldGen: 2630078K->2630062K(2731008K)] 2794001K->2793911K(3029504K), [Metaspace: 34857K->34857K(1081344K)], 0.2725788 secs] [Times: user=0.96 sys=0.00, real=0.28 secs] 
1737.551: [GC (Allocation Failure) --[PSYoungGen: 164046K->164046K(298496K)] 2794109K->2794109K(3029504K), 0.2915464 secs] [Times: user=1.10 sys=0.00, real=0.29 secs] 
1737.843: [Full GC (Ergonomics) [PSYoungGen: 164046K->163920K(298496K)] [ParOldGen: 2630062K->2630062K(2731008K)] 2794109K->2793982K(3029504K), [Metaspace: 34857K->34857K(1081344K)], 0.2577051 secs] [Times: user=0.91 sys=0.00, real=0.26 secs] 
1738.101: [GC (Allocation Failure) --[PSYoungGen: 163920K->163920K(298496K)] 2793982K->2793998K(3029504K), 0.2819745 secs] [Times: user=1.08 sys=0.00, real=0.28 secs] 
1738.383: [Full GC (Allocation Failure) [PSYoungGen: 163920K->163848K(298496K)] [ParOldGen: 2630078K->2630062K(2731008K)] 2793998K->2793911K(3029504K), [Metaspace: 34857K->34857K(1081344K)], 0.2679663 secs] [Times: user=0.95 sys=0.00, real=0.27 secs] 
1738.735: [GC (Allocation Failure) --[PSYoungGen: 164044K->164044K(298496K)] 2794107K->2794107K(3029504K), 0.2850235 secs] [Times: user=1.09 sys=0.00, real=0.29 secs] 
1739.020: [Full GC (Ergonomics) [PSYoungGen: 164044K->163922K(298496K)] [ParOldGen: 2630062K->2630062K(2731008K)] 2794107K->2793985K(3029504K), [Metaspace: 34857K->34857K(1081344K)], 0.2631327 secs] [Times: user=0.94 sys=0.00, real=0.27 secs] 
1739.284: [GC (Allocation Failure) --[PSYoungGen: 163922K->163922K(298496K)] 2793985K->2794001K(3029504K), 0.2891059 secs] [Times: user=1.10 sys=0.00, real=0.28 secs] 
1739.573: [Full GC (Allocation Failure) [PSYoungGen: 163922K->163849K(298496K)] [ParOldGen: 2630078K->2630062K(2731008K)] 2794001K->2793911K(3029504K), [Metaspace: 34857K->34857K(1081344K)], 0.2699478 secs] [Times: user=0.97 sys=0.00, real=0.27 secs] 
1739.918: [GC (Allocation Failure) --[PSYoungGen: 164044K->164044K(298496K)] 2794107K->2794107K(3029504K), 0.2718280 secs] [Times: user=1.04 sys=0.00, real=0.27 secs] 
1740.191: [Full GC (Ergonomics) [PSYoungGen: 164044K->163922K(298496K)] [ParOldGen: 2630062K->2630062K(2731008K)] 2794107K->2793985K(3029504K), [Metaspace: 34857K->34857K(1081344K)], 0.2646395 secs] [Times: user=0.93 sys=0.00, real=0.26 secs] 
1740.455: [GC (Allocation Failure) --[PSYoungGen: 163922K->163922K(298496K)] 2793985K->2794001K(3029504K), 0.2731970 secs] [Times: user=1.04 sys=0.00, real=0.28 secs] 
1740.729: [Full GC (Allocation Failure) [PSYoungGen: 163922K->163849K(298496K)] [ParOldGen: 2630078K->2630062K(2731008K)] 2794001K->2793911K(3029504K), [Metaspace: 34857K->34857K(1081344K)], 0.2551932 secs] [Times: user=0.90 sys=0.00, real=0.26 secs] 
1741.087: [GC (Allocation Failure) --[PSYoungGen: 164044K->164044K(298496K)] 2794107K->2794107K(3029504K), 0.2955288 secs] [Times: user=1.13 sys=0.00, real=0.29 secs] 
1741.383: [Full GC (Ergonomics) [PSYoungGen: 164044K->163922K(298496K)] [ParOldGen: 2630062K->2630062K(2731008K)] 2794107K->2793985K(3029504K), [Metaspace: 34857K->34857K(1081344K)], 0.2548534 secs] [Times: user=0.90 sys=0.00, real=0.26 secs] 
1741.638: [GC (Allocation Failure) --[PSYoungGen: 163922K->163922K(298496K)] 2793985K->2794001K(3029504K), 0.2737531 secs] [Times: user=1.04 sys=0.00, real=0.27 secs] 
1741.912: [Full GC (Allocation Failure) [PSYoungGen: 163922K->163849K(298496K)] [ParOldGen: 2630078K->2630062K(2731008K)] 2794001K->2793911K(3029504K), [Metaspace: 34857K->34857K(1081344K)], 0.2544570 secs] [Times: user=0.90 sys=0.00, real=0.26 secs] 
1742.225: [GC (Allocation Failure) --[PSYoungGen: 164044K->164044K(298496K)] 2794107K->2794107K(3029504K), 0.2735969 secs] [Times: user=1.04 sys=0.00, real=0.27 secs] 
1742.499: [Full GC (Ergonomics) [PSYoungGen: 164044K->163922K(298496K)] [ParOldGen: 2630062K->2630062K(2731008K)] 2794107K->2793985K(3029504K), [Metaspace: 34857K->34857K(1081344K)], 0.2569790 secs] [Times: user=0.89 sys=0.00, real=0.25 secs] 
1742.756: [GC (Allocation Failure) --[PSYoungGen: 163922K->163922K(298496K)] 2793985K->2794001K(3029504K), 0.2733401 secs] [Times: user=1.04 sys=0.00, real=0.28 secs] 
1743.029: [Full GC (Allocation Failure) [PSYoungGen: 163922K->163849K(298496K)] [ParOldGen: 2630078K->2630062K(2731008K)] 2794001K->2793911K(3029504K), [Metaspace: 34857K->34857K(1081344K)], 0.2559883 secs] [Times: user=0.91 sys=0.00, real=0.26 secs] 
1743.378: [GC (Allocation Failure) --[PSYoungGen: 164044K->164044K(298496K)] 2794107K->2794107K(3029504K), 0.2702609 secs] [Times: user=1.03 sys=0.00, real=0.27 secs] 
1743.648: [Full GC (Ergonomics) [PSYoungGen: 164044K->163922K(298496K)] [ParOldGen: 2630062K->2630062K(2731008K)] 2794107K->2793985K(3029504K), [Metaspace: 34857K->34857K(1081344K)], 0.2524408 secs] [Times: user=0.90 sys=0.00, real=0.25 secs] 
1743.901: [GC (Allocation Failure) --[PSYoungGen: 163922K->163922K(298496K)] 2793985K->2794001K(3029504K), 0.2705987 secs] [Times: user=1.03 sys=0.00, real=0.27 secs] 
1744.172: [Full GC (Allocation Failure) [PSYoungGen: 163922K->163849K(298496K)] [ParOldGen: 2630078K->2630062K(2731008K)] 2794001K->2793911K(3029504K), [Metaspace: 34857K->34857K(1081344K)], 0.2565133 secs] [Times: user=0.91 sys=0.00, real=0.26 secs] 
1744.531: [GC (Allocation Failure) --[PSYoungGen: 164047K->164047K(298496K)] 2794109K->2794109K(3029504K), 0.2871820 secs] [Times: user=1.10 sys=0.00, real=0.29 secs] 
1744.819: [Full GC (Ergonomics) [PSYoungGen: 164047K->163923K(298496K)] [ParOldGen: 2630062K->2630062K(2731008K)] 2794109K->2793985K(3029504K), [Metaspace: 34857K->34857K(1081344K)], 0.2591194 secs] [Times: user=0.91 sys=0.00, real=0.26 secs] 
1745.078: [GC (Allocation Failure) --[PSYoungGen: 163923K->163923K(298496K)] 2793985K->2794001K(3029504K), 0.2783876 secs] [Times: user=1.07 sys=0.00, real=0.28 secs] 
1745.356: [Full GC (Allocation Failure) [PSYoungGen: 163923K->163849K(298496K)] [ParOldGen: 2630078K->2630062K(2731008K)] 2794001K->2793912K(3029504K), [Metaspace: 34857K->34857K(1081344K)], 0.2554514 secs] [Times: user=0.90 sys=0.00, real=0.25 secs] 
1745.700: [GC (Allocation Failure) --[PSYoungGen: 164045K->164045K(298496K)] 2794107K->2794107K(3029504K), 0.2728351 secs] [Times: user=1.04 sys=0.00, real=0.27 secs] 
1745.973: [Full GC (Ergonomics) [PSYoungGen: 164045K->163923K(298496K)] [ParOldGen: 2630062K->2630062K(2731008K)] 2794107K->2793985K(3029504K), [Metaspace: 34857K->34857K(1081344K)], 0.2546211 secs] [Times: user=0.91 sys=0.00, real=0.26 secs] 
1746.228: [GC (Allocation Failure) --[PSYoungGen: 163923K->163923K(298496K)] 2793985K->2794001K(3029504K), 0.2776274 secs] [Times: user=1.05 sys=0.00, real=0.28 secs] 
1746.505: [Full GC (Allocation Failure) [PSYoungGen: 163923K->163849K(298496K)] [ParOldGen: 2630078K->2630062K(2731008K)] 2794001K->2793912K(3029504K), [Metaspace: 34857K->34857K(1081344K)], 0.2562679 secs] [Times: user=0.90 sys=0.00, real=0.25 secs] 
1746.853: [GC (Allocation Failure) --[PSYoungGen: 164045K->164045K(298496K)] 2794108K->2794108K(3029504K), 0.2710325 secs] [Times: user=1.03 sys=0.00, real=0.28 secs] 
1747.124: [Full GC (Ergonomics) [PSYoungGen: 164045K->163923K(298496K)] [ParOldGen: 2630062K->2630062K(2731008K)] 2794108K->2793985K(3029504K), [Metaspace: 34857K->34857K(1081344K)], 0.2604664 secs] [Times: user=0.92 sys=0.00, real=0.26 secs] 
1747.385: [GC (Allocation Failure) --[PSYoungGen: 163923K->163923K(298496K)] 2793985K->2793993K(3029504K), 0.2757823 secs] [Times: user=1.05 sys=0.00, real=0.27 secs] 
1747.661: [Full GC (Allocation Failure) [PSYoungGen: 163923K->163849K(298496K)] [ParOldGen: 2630070K->2630062K(2731008K)] 2793993K->2793912K(3029504K), [Metaspace: 34857K->34857K(1081344K)], 0.2597690 secs] [Times: user=0.92 sys=0.00, real=0.26 secs] 
1747.991: [GC (Allocation Failure) --[PSYoungGen: 164045K->164045K(298496K)] 2794108K->2794108K(3029504K), 0.3006353 secs] [Times: user=1.15 sys=0.00, real=0.30 secs] 
1748.292: [Full GC (Ergonomics) [PSYoungGen: 164045K->163923K(298496K)] [ParOldGen: 2630062K->2630062K(2731008K)] 2794108K->2793985K(3029504K), [Metaspace: 34857K->34857K(1081344K)], 0.2621295 secs] [Times: user=0.93 sys=0.00, real=0.26 secs] 
1748.554: [GC (Allocation Failure) --[PSYoungGen: 163923K->163923K(298496K)] 2793985K->2794001K(3029504K), 0.2747988 secs] [Times: user=1.05 sys=0.00, real=0.28 secs] 
1748.829: [Full GC (Allocation Failure) [PSYoungGen: 163923K->163849K(298496K)] [ParOldGen: 2630078K->2630063K(2731008K)] 2794001K->2793912K(3029504K), [Metaspace: 34857K->34857K(1081344K)], 0.2533296 secs] [Times: user=0.90 sys=0.00, real=0.25 secs] 
1749.159: [GC (Allocation Failure) --[PSYoungGen: 164045K->164045K(298496K)] 2794108K->2794108K(3029504K), 0.2723399 secs] [Times: user=1.04 sys=0.00, real=0.27 secs] 
1749.432: [Full GC (Ergonomics) [PSYoungGen: 164045K->163922K(298496K)] [ParOldGen: 2630063K->2630063K(2731008K)] 2794108K->2793986K(3029504K), [Metaspace: 34857K->34857K(1081344K)], 0.2637737 secs] [Times: user=0.93 sys=0.00, real=0.27 secs] 
1749.696: [GC (Allocation Failure) --[PSYoungGen: 163922K->163922K(298496K)] 2793986K->2794002K(3029504K), 0.2721508 secs] [Times: user=1.03 sys=0.00, real=0.27 secs] 
1749.968: [Full GC (Allocation Failure) [PSYoungGen: 163922K->163849K(298496K)] [ParOldGen: 2630079K->2630063K(2731008K)] 2794002K->2793912K(3029504K), [Metaspace: 34857K->34857K(1081344K)], 0.2539439 secs] [Times: user=0.90 sys=0.00, real=0.25 secs] 
1750.312: [GC (Allocation Failure) --[PSYoungGen: 164044K->164044K(298496K)] 2794108K->2794108K(3029504K), 0.2705950 secs] [Times: user=1.03 sys=0.00, real=0.27 secs] 
1750.583: [Full GC (Ergonomics) [PSYoungGen: 164044K->163922K(298496K)] [ParOldGen: 2630063K->2630063K(2731008K)] 2794108K->2793985K(3029504K), [Metaspace: 34857K->34857K(1081344K)], 0.2613813 secs] [Times: user=0.93 sys=0.00, real=0.27 secs] 
1750.845: [GC (Allocation Failure) --[PSYoungGen: 163922K->163922K(298496K)] 2793985K->2793993K(3029504K), 0.2770606 secs] [Times: user=1.06 sys=0.00, real=0.27 secs] 
1751.122: [Full GC (Allocation Failure) [PSYoungGen: 163922K->163849K(298496K)] [ParOldGen: 2630071K->2630063K(2731008K)] 2793993K->2793912K(3029504K), [Metaspace: 34857K->34857K(1081344K)], 0.2593605 secs] [Times: user=0.92 sys=0.00, real=0.26 secs] 
1751.466: [GC (Allocation Failure) --[PSYoungGen: 164044K->164044K(298496K)] 2794108K->2794108K(3029504K), 0.2984485 secs] [Times: user=1.12 sys=0.00, real=0.30 secs] 
1751.764: [Full GC (Ergonomics) [PSYoungGen: 164044K->163922K(298496K)] [ParOldGen: 2630063K->2630063K(2731008K)] 2794108K->2793985K(3029504K), [Metaspace: 34857K->34857K(1081344K)], 0.2539257 secs] [Times: user=0.90 sys=0.00, real=0.25 secs] 
1752.018: [GC (Allocation Failure) --[PSYoungGen: 163922K->163922K(298496K)] 2793985K->2794001K(3029504K), 0.2702177 secs] [Times: user=1.04 sys=0.00, real=0.27 secs] 
1752.289: [Full GC (Allocation Failure) [PSYoungGen: 163922K->163849K(298496K)] [ParOldGen: 2630079K->2630063K(2731008K)] 2794001K->2793912K(3029504K), [Metaspace: 34857K->34857K(1081344K)], 0.2589812 secs] [Times: user=0.91 sys=0.00, real=0.26 secs] 
1752.635: [GC (Allocation Failure) --[PSYoungGen: 164044K->164044K(298496K)] 2794107K->2794107K(3029504K), 0.2717978 secs] [Times: user=1.04 sys=0.00, real=0.28 secs] 
1752.907: [Full GC (Ergonomics) [PSYoungGen: 164044K->163922K(298496K)] [ParOldGen: 2630063K->2630063K(2731008K)] 2794107K->2793986K(3029504K), [Metaspace: 34857K->34857K(1081344K)], 0.2527060 secs] [Times: user=0.90 sys=0.00, real=0.25 secs] 
1753.160: [GC (Allocation Failure) --[PSYoungGen: 163922K->163922K(298496K)] 2793986K->2794002K(3029504K), 0.2739087 secs] [Times: user=1.04 sys=0.00, real=0.27 secs] 
1753.434: [Full GC (Allocation Failure) [PSYoungGen: 163922K->163849K(298496K)] [ParOldGen: 2630079K->2630063K(2731008K)] 2794002K->2793912K(3029504K), [Metaspace: 34857K->34857K(1081344K)], 0.2526446 secs] [Times: user=0.90 sys=0.00, real=0.26 secs] 
1753.757: [GC (Allocation Failure) --[PSYoungGen: 164044K->164044K(298496K)] 2794108K->2794108K(3029504K), 0.2704917 secs] [Times: user=1.03 sys=0.00, real=0.27 secs] 
1754.027: [Full GC (Ergonomics) [PSYoungGen: 164044K->163922K(298496K)] [ParOldGen: 2630063K->2630063K(2731008K)] 2794108K->2793985K(3029504K), [Metaspace: 34857K->34857K(1081344K)], 0.2553141 secs] [Times: user=0.91 sys=0.00, real=0.25 secs] 
1754.283: [GC (Allocation Failure) --[PSYoungGen: 163922K->163922K(298496K)] 2793985K->2794001K(3029504K), 0.2728094 secs] [Times: user=1.04 sys=0.00, real=0.28 secs] 
1754.556: [Full GC (Allocation Failure) [PSYoungGen: 163922K->163849K(298496K)] [ParOldGen: 2630079K->2630063K(2731008K)] 2794001K->2793912K(3029504K), [Metaspace: 34857K->34857K(1081344K)], 0.2551191 secs] [Times: user=0.90 sys=0.00, real=0.25 secs] 
1754.895: [GC (Allocation Failure) --[PSYoungGen: 164044K->164044K(298496K)] 2794108K->2794108K(3029504K), 0.2976797 secs] [Times: user=1.13 sys=0.00, real=0.30 secs] 
1755.192: [Full GC (Ergonomics) [PSYoungGen: 164044K->163922K(298496K)] [ParOldGen: 2630063K->2630063K(2731008K)] 2794108K->2793985K(3029504K), [Metaspace: 34857K->34857K(1081344K)], 0.2579538 secs] [Times: user=0.91 sys=0.00, real=0.26 secs] 
1755.450: [GC (Allocation Failure) --[PSYoungGen: 163922K->163922K(298496K)] 2793985K->2794001K(3029504K), 0.2744470 secs] [Times: user=1.05 sys=0.00, real=0.28 secs] 
1755.725: [Full GC (Allocation Failure) [PSYoungGen: 163922K->163849K(298496K)] [ParOldGen: 2630079K->2630063K(2731008K)] 2794001K->2793912K(3029504K), [Metaspace: 34857K->34857K(1081344K)], 0.2547846 secs] [Times: user=0.90 sys=0.00, real=0.25 secs] 
1756.079: [GC (Allocation Failure) --[PSYoungGen: 164046K->164046K(298496K)] 2794110K->2794110K(3029504K), 0.2746275 secs] [Times: user=1.06 sys=0.00, real=0.27 secs] 
1756.353: [Full GC (Ergonomics) [PSYoungGen: 164046K->163922K(298496K)] [ParOldGen: 2630063K->2630063K(2731008K)] 2794110K->2793985K(3029504K), [Metaspace: 34857K->34857K(1081344K)], 0.2522859 secs] [Times: user=0.89 sys=0.00, real=0.26 secs] 
1756.606: [GC (Allocation Failure) --[PSYoungGen: 163922K->163922K(298496K)] 2793985K->2793993K(3029504K), 0.2717532 secs] [Times: user=1.04 sys=0.00, real=0.27 secs] 
1756.878: [Full GC (Allocation Failure) [PSYoungGen: 163922K->163849K(298496K)] [ParOldGen: 2630071K->2630063K(2731008K)] 2793993K->2793912K(3029504K), [Metaspace: 34857K->34857K(1081344K)], 0.2527686 secs] [Times: user=0.89 sys=0.00, real=0.25 secs] 
1757.217: [GC (Allocation Failure) --[PSYoungGen: 164046K->164046K(298496K)] 2794109K->2794109K(3029504K), 0.2775305 secs] [Times: user=1.07 sys=0.00, real=0.27 secs] 
1757.494: [Full GC (Ergonomics) [PSYoungGen: 164046K->163922K(298496K)] [ParOldGen: 2630063K->2630063K(2731008K)] 2794109K->2793985K(3029504K), [Metaspace: 34857K->34857K(1081344K)], 0.2517264 secs] [Times: user=0.89 sys=0.00, real=0.26 secs] 
1757.746: [GC (Allocation Failure) --[PSYoungGen: 163922K->163922K(298496K)] 2793985K->2793993K(3029504K), 0.2730152 secs] [Times: user=1.04 sys=0.00, real=0.27 secs] 
1758.019: [Full GC (Allocation Failure) [PSYoungGen: 163922K->163849K(298496K)] [ParOldGen: 2630071K->2630063K(2731008K)] 2793993K->2793912K(3029504K), [Metaspace: 34857K->34857K(1081344K)], 0.2638932 secs] [Times: user=0.93 sys=0.00, real=0.26 secs] 
1758.354: [GC (Allocation Failure) --[PSYoungGen: 164044K->164044K(298496K)] 2794107K->2794107K(3029504K), 0.2799967 secs] [Times: user=1.07 sys=0.00, real=0.28 secs] 
1758.634: [Full GC (Ergonomics) [PSYoungGen: 164044K->163922K(298496K)] [ParOldGen: 2630063K->2630063K(2731008K)] 2794107K->2793986K(3029504K), [Metaspace: 34857K->34857K(1081344K)], 0.2540476 secs] [Times: user=0.90 sys=0.00, real=0.26 secs] 
1758.889: [GC (Allocation Failure) --[PSYoungGen: 163922K->163922K(298496K)] 2793986K->2794002K(3029504K), 0.2725909 secs] [Times: user=1.04 sys=0.00, real=0.27 secs] 
1759.161: [Full GC (Allocation Failure) [PSYoungGen: 163922K->163849K(298496K)] [ParOldGen: 2630079K->2630063K(2731008K)] 2794002K->2793912K(3029504K), [Metaspace: 34857K->34857K(1081344K)], 0.2829601 secs] [Times: user=1.01 sys=0.00, real=0.29 secs] 
1759.523: [GC (Allocation Failure) --[PSYoungGen: 164047K->164047K(298496K)] 2794110K->2794110K(3029504K), 0.2719173 secs] [Times: user=1.04 sys=0.00, real=0.27 secs] 
1759.795: [Full GC (Ergonomics) [PSYoungGen: 164047K->163920K(298496K)] [ParOldGen: 2630063K->2630063K(2731008K)] 2794110K->2793983K(3029504K), [Metaspace: 34857K->34857K(1081344K)], 0.2564632 secs] [Times: user=0.91 sys=0.00, real=0.26 secs] 
1760.051: [GC (Allocation Failure) --[PSYoungGen: 163920K->163920K(298496K)] 2793983K->2793991K(3029504K), 0.2721122 secs] [Times: user=1.04 sys=0.00, real=0.27 secs] 
1760.324: [Full GC (Allocation Failure) [PSYoungGen: 163920K->163848K(298496K)] [ParOldGen: 2630071K->2630063K(2731008K)] 2793991K->2793912K(3029504K), [Metaspace: 34857K->34857K(1081344K)], 0.2533921 secs] [Times: user=0.90 sys=0.00, real=0.26 secs] 
1760.676: [GC (Allocation Failure) --[PSYoungGen: 164044K->164044K(298496K)] 2794107K->2794107K(3029504K), 0.2769363 secs] [Times: user=1.05 sys=0.00, real=0.27 secs] 
1760.953: [Full GC (Ergonomics) [PSYoungGen: 164044K->163922K(298496K)] [ParOldGen: 2630063K->2630063K(2731008K)] 2794107K->2793986K(3029504K), [Metaspace: 34857K->34857K(1081344K)], 0.2522708 secs] [Times: user=0.89 sys=0.00, real=0.26 secs] 
1761.205: [GC (Allocation Failure) --[PSYoungGen: 163922K->163922K(298496K)] 2793986K->2794002K(3029504K), 0.2809139 secs] [Times: user=1.06 sys=0.00, real=0.28 secs] 
1761.486: [Full GC (Allocation Failure) [PSYoungGen: 163922K->163849K(298496K)] [ParOldGen: 2630079K->2630063K(2731008K)] 2794002K->2793912K(3029504K), [Metaspace: 34857K->34857K(1081344K)], 0.2523869 secs] [Times: user=0.89 sys=0.00, real=0.25 secs] 
1761.814: [GC (Allocation Failure) --[PSYoungGen: 164044K->164044K(298496K)] 2794108K->2794108K(3029504K), 0.2988185 secs] [Times: user=1.13 sys=0.00, real=0.30 secs] 
1762.113: [Full GC (Ergonomics) [PSYoungGen: 164044K->163922K(298496K)] [ParOldGen: 2630063K->2630063K(2731008K)] 2794108K->2793986K(3029504K), [Metaspace: 34857K->34857K(1081344K)], 0.2626449 secs] [Times: user=0.93 sys=0.00, real=0.27 secs] 
1762.376: [GC (Allocation Failure) --[PSYoungGen: 163922K->163922K(298496K)] 2793986K->2794002K(3029504K), 0.2720317 secs] [Times: user=1.04 sys=0.00, real=0.27 secs] 
1762.648: [Full GC (Allocation Failure) [PSYoungGen: 163922K->163849K(298496K)] [ParOldGen: 2630079K->2630063K(2731008K)] 2794002K->2793912K(3029504K), [Metaspace: 34857K->34857K(1081344K)], 0.2555454 secs] [Times: user=0.90 sys=0.00, real=0.25 secs] 
1762.998: [GC (Allocation Failure) --[PSYoungGen: 164044K->164044K(298496K)] 2794108K->2794108K(3029504K), 0.2740945 secs] [Times: user=1.05 sys=0.00, real=0.27 secs] 
1763.272: [Full GC (Ergonomics) [PSYoungGen: 164044K->163922K(298496K)] [ParOldGen: 2630063K->2630063K(2731008K)] 2794108K->2793986K(3029504K), [Metaspace: 34857K->34857K(1081344K)], 0.2537608 secs] [Times: user=0.90 sys=0.00, real=0.26 secs] 
1763.526: [GC (Allocation Failure) --[PSYoungGen: 163922K->163922K(298496K)] 2793986K->2794002K(3029504K), 0.2776272 secs] [Times: user=1.05 sys=0.00, real=0.28 secs] 
1763.804: [Full GC (Allocation Failure) [PSYoungGen: 163922K->163849K(298496K)] [ParOldGen: 2630079K->2630063K(2731008K)] 2794002K->2793912K(3029504K), [Metaspace: 34857K->34857K(1081344K)], 0.2592708 secs] [Times: user=0.92 sys=0.00, real=0.25 secs] 
1764.151: [GC (Allocation Failure) --[PSYoungGen: 164046K->164046K(298496K)] 2794109K->2794109K(3029504K), 0.2716638 secs] [Times: user=1.04 sys=0.00, real=0.27 secs] 
1764.423: [Full GC (Ergonomics) [PSYoungGen: 164046K->163922K(298496K)] [ParOldGen: 2630063K->2630063K(2731008K)] 2794109K->2793986K(3029504K), [Metaspace: 34857K->34857K(1081344K)], 0.2523518 secs] [Times: user=0.89 sys=0.00, real=0.25 secs] 
1764.675: [GC (Allocation Failure) --[PSYoungGen: 163922K->163922K(298496K)] 2793986K->2794002K(3029504K), 0.2728425 secs] [Times: user=1.04 sys=0.00, real=0.28 secs] 
1764.948: [Full GC (Allocation Failure) [PSYoungGen: 163922K->163849K(298496K)] [ParOldGen: 2630079K->2630063K(2731008K)] 2794002K->2793912K(3029504K), [Metaspace: 34857K->34857K(1081344K)], 0.2531364 secs] [Times: user=0.90 sys=0.00, real=0.25 secs] 
1765.274: [GC (Allocation Failure) --[PSYoungGen: 164044K->164044K(298496K)] 2794108K->2794108K(3029504K), 0.2891359 secs] [Times: user=1.11 sys=0.00, real=0.29 secs] 
1765.563: [Full GC (Ergonomics) [PSYoungGen: 164044K->163922K(298496K)] [ParOldGen: 2630063K->2630063K(2731008K)] 2794108K->2793986K(3029504K), [Metaspace: 34857K->34857K(1081344K)], 0.2558957 secs] [Times: user=0.90 sys=0.00, real=0.26 secs] 
1765.819: [GC (Allocation Failure) --[PSYoungGen: 163922K->163922K(298496K)] 2793986K->2794002K(3029504K), 0.2747327 secs] [Times: user=1.05 sys=0.00, real=0.27 secs] 
1766.094: [Full GC (Allocation Failure) [PSYoungGen: 163922K->163849K(298496K)] [ParOldGen: 2630079K->2630063K(2731008K)] 2794002K->2793912K(3029504K), [Metaspace: 34857K->34857K(1081344K)], 0.2564383 secs] [Times: user=0.90 sys=0.00, real=0.26 secs] 
1766.428: [GC (Allocation Failure) --[PSYoungGen: 164046K->164046K(298496K)] 2794110K->2794118K(3029504K), 0.2704743 secs] [Times: user=1.03 sys=0.00, real=0.27 secs] 
1766.698: [Full GC (Ergonomics) [PSYoungGen: 164046K->163923K(298496K)] [ParOldGen: 2630071K->2630063K(2731008K)] 2794118K->2793986K(3029504K), [Metaspace: 34859K->34859K(1081344K)], 0.2699712 secs] [Times: user=0.95 sys=0.00, real=0.27 secs] 
1766.969: [GC (Allocation Failure) --[PSYoungGen: 163923K->163923K(298496K)] 2793986K->2793994K(3029504K), 0.2854311 secs] [Times: user=1.09 sys=0.00, real=0.28 secs] 
1767.254: [Full GC (Allocation Failure) [PSYoungGen: 163923K->163849K(298496K)] [ParOldGen: 2630071K->2630063K(2731008K)] 2793994K->2793913K(3029504K), [Metaspace: 34859K->34859K(1081344K)], 0.2558728 secs] [Times: user=0.89 sys=0.00, real=0.26 secs] 
1767.596: [GC (Allocation Failure) --[PSYoungGen: 164049K->164049K(298496K)] 2794112K->2794120K(3029504K), 0.2702868 secs] [Times: user=1.03 sys=0.00, real=0.28 secs] 
1767.866: [Full GC (Ergonomics) [PSYoungGen: 164049K->163923K(298496K)] [ParOldGen: 2630071K->2630063K(2731008K)] 2794120K->2793986K(3029504K), [Metaspace: 34872K->34872K(1081344K)], 0.2529814 secs] [Times: user=0.90 sys=0.00, real=0.25 secs] 
1768.119: [GC (Allocation Failure) --[PSYoungGen: 163923K->163923K(298496K)] 2793986K->2794002K(3029504K), 0.2760075 secs] [Times: user=1.05 sys=0.00, real=0.27 secs] 
1768.395: [Full GC (Allocation Failure) [PSYoungGen: 163923K->163849K(298496K)] [ParOldGen: 2630079K->2630063K(2731008K)] 2794002K->2793913K(3029504K), [Metaspace: 34872K->34872K(1081344K)], 0.2579707 secs] [Times: user=0.92 sys=0.00, real=0.26 secs] 
1768.749: [GC (Allocation Failure) --[PSYoungGen: 164045K->164045K(298496K)] 2794109K->2794109K(3029504K), 0.2883324 secs] [Times: user=1.10 sys=0.00, real=0.29 secs] 
1769.037: [Full GC (Ergonomics) [PSYoungGen: 164045K->163923K(298496K)] [ParOldGen: 2630063K->2630063K(2731008K)] 2794109K->2793986K(3029504K), [Metaspace: 34872K->34872K(1081344K)], 0.2897320 secs] [Times: user=1.02 sys=0.00, real=0.29 secs] 
1769.327: [GC (Allocation Failure) --[PSYoungGen: 163923K->163923K(298496K)] 2793986K->2794002K(3029504K), 0.2988924 secs] [Times: user=1.10 sys=0.00, real=0.30 secs] 
1769.626: [Full GC (Allocation Failure) [PSYoungGen: 163923K->163849K(298496K)] [ParOldGen: 2630079K->2630063K(2731008K)] 2794002K->2793913K(3029504K), [Metaspace: 34872K->34872K(1081344K)], 0.2585999 secs] [Times: user=0.91 sys=0.00, real=0.26 secs] 
1769.979: [GC (Allocation Failure) --[PSYoungGen: 164046K->164046K(298496K)] 2794110K->2794110K(3029504K), 0.2743922 secs] [Times: user=1.06 sys=0.00, real=0.27 secs] 
1770.253: [Full GC (Ergonomics) [PSYoungGen: 164046K->163923K(298496K)] [ParOldGen: 2630063K->2630063K(2731008K)] 2794110K->2793987K(3029504K), [Metaspace: 34872K->34872K(1081344K)], 0.2621415 secs] [Times: user=0.91 sys=0.00, real=0.26 secs] 
1770.516: [GC (Allocation Failure) --[PSYoungGen: 163923K->163923K(298496K)] 2793987K->2794003K(3029504K), 0.2758209 secs] [Times: user=1.06 sys=0.00, real=0.28 secs] 
1770.791: [Full GC (Allocation Failure) [PSYoungGen: 163923K->163849K(298496K)] [ParOldGen: 2630079K->2630064K(2731008K)] 2794003K->2793913K(3029504K), [Metaspace: 34872K->34872K(1081344K)], 0.2556019 secs] [Times: user=0.90 sys=0.00, real=0.26 secs] 
1771.132: [GC (Allocation Failure) --[PSYoungGen: 164047K->164047K(298496K)] 2794111K->2794111K(3029504K), 0.2887994 secs] [Times: user=1.10 sys=0.00, real=0.29 secs] 
1771.421: [Full GC (Ergonomics) [PSYoungGen: 164047K->163922K(298496K)] [ParOldGen: 2630064K->2630064K(2731008K)] 2794111K->2793986K(3029504K), [Metaspace: 34872K->34872K(1081344K)], 0.2546323 secs] [Times: user=0.90 sys=0.00, real=0.25 secs] 
1771.676: [GC (Allocation Failure) --[PSYoungGen: 163922K->163922K(298496K)] 2793986K->2794002K(3029504K), 0.2766985 secs] [Times: user=1.06 sys=0.00, real=0.28 secs] 
1771.952: [Full GC (Allocation Failure) [PSYoungGen: 163922K->163849K(298496K)] [ParOldGen: 2630080K->2630064K(2731008K)] 2794002K->2793913K(3029504K), [Metaspace: 34872K->34872K(1081344K)], 0.2550000 secs] [Times: user=0.90 sys=0.00, real=0.26 secs] 
1772.300: [GC (Allocation Failure) --[PSYoungGen: 164044K->164044K(298496K)] 2794109K->2794109K(3029504K), 0.2806416 secs] [Times: user=1.08 sys=0.00, real=0.28 secs] 
1772.581: [Full GC (Ergonomics) [PSYoungGen: 164044K->163922K(298496K)] [ParOldGen: 2630064K->2630064K(2731008K)] 2794109K->2793986K(3029504K), [Metaspace: 34872K->34872K(1081344K)], 0.2545525 secs] [Times: user=0.90 sys=0.00, real=0.25 secs] 
1772.836: [GC (Allocation Failure) --[PSYoungGen: 163922K->163922K(298496K)] 2793986K->2793994K(3029504K), 0.2777162 secs] [Times: user=1.06 sys=0.00, real=0.28 secs] 
1773.113: [Full GC (Allocation Failure) [PSYoungGen: 163922K->163849K(298496K)] [ParOldGen: 2630072K->2630064K(2731008K)] 2793994K->2793913K(3029504K), [Metaspace: 34872K->34872K(1081344K)], 0.2595261 secs] [Times: user=0.92 sys=0.00, real=0.26 secs] 
1773.484: [GC (Allocation Failure) --[PSYoungGen: 164044K->164044K(298496K)] 2794109K->2794109K(3029504K), 0.2784888 secs] [Times: user=1.06 sys=0.00, real=0.27 secs] 
1773.763: [Full GC (Ergonomics) [PSYoungGen: 164044K->163922K(298496K)] [ParOldGen: 2630064K->2630064K(2731008K)] 2794109K->2793986K(3029504K), [Metaspace: 34872K->34872K(1081344K)], 0.2567718 secs] [Times: user=0.91 sys=0.00, real=0.26 secs] 
1774.020: [GC (Allocation Failure) --[PSYoungGen: 163922K->163922K(298496K)] 2793986K->2794002K(3029504K), 0.2744045 secs] [Times: user=1.05 sys=0.00, real=0.27 secs] 
1774.294: [Full GC (Allocation Failure) [PSYoungGen: 163922K->163849K(298496K)] [ParOldGen: 2630080K->2630064K(2731008K)] 2794002K->2793913K(3029504K), [Metaspace: 34872K->34872K(1081344K)], 0.2583133 secs] [Times: user=0.91 sys=0.00, real=0.26 secs] 
1774.607: [GC (Allocation Failure) --[PSYoungGen: 164044K->164044K(298496K)] 2794109K->2794109K(3029504K), 0.2715672 secs] [Times: user=1.04 sys=0.00, real=0.27 secs] 
1774.878: [Full GC (Ergonomics) [PSYoungGen: 164044K->163922K(298496K)] [ParOldGen: 2630064K->2630064K(2731008K)] 2794109K->2793986K(3029504K), [Metaspace: 34872K->34872K(1081344K)], 0.2609032 secs] [Times: user=0.93 sys=0.00, real=0.26 secs] 
1775.139: [GC (Allocation Failure) --[PSYoungGen: 163922K->163922K(298496K)] 2793986K->2794002K(3029504K), 0.2756057 secs] [Times: user=1.04 sys=0.00, real=0.27 secs] 
1775.415: [Full GC (Allocation Failure) [PSYoungGen: 163922K->163849K(298496K)] [ParOldGen: 2630080K->2630064K(2731008K)] 2794002K->2793913K(3029504K), [Metaspace: 34872K->34872K(1081344K)], 0.2603375 secs] [Times: user=0.92 sys=0.00, real=0.26 secs] 
1775.745: [GC (Allocation Failure) --[PSYoungGen: 164045K->164045K(298496K)] 2794109K->2794109K(3029504K), 0.2950025 secs] [Times: user=1.13 sys=0.00, real=0.29 secs] 
1776.040: [Full GC (Ergonomics) [PSYoungGen: 164045K->163922K(298496K)] [ParOldGen: 2630064K->2630064K(2731008K)] 2794109K->2793987K(3029504K), [Metaspace: 34872K->34872K(1081344K)], 0.2785680 secs] [Times: user=0.96 sys=0.00, real=0.28 secs] 
1776.319: [GC (Allocation Failure) --[PSYoungGen: 163922K->163922K(298496K)] 2793987K->2794003K(3029504K), 0.2808595 secs] [Times: user=1.07 sys=0.00, real=0.28 secs] 
1776.600: [Full GC (Allocation Failure) [PSYoungGen: 163922K->163849K(298496K)] [ParOldGen: 2630080K->2630064K(2731008K)] 2794003K->2793913K(3029504K), [Metaspace: 34872K->34872K(1081344K)], 0.2666062 secs] [Times: user=0.95 sys=0.00, real=0.27 secs] 
1776.929: [GC (Allocation Failure) --[PSYoungGen: 164044K->164044K(298496K)] 2794109K->2794109K(3029504K), 0.2808127 secs] [Times: user=1.08 sys=0.00, real=0.28 secs] 
1777.209: [Full GC (Ergonomics) [PSYoungGen: 164044K->163922K(298496K)] [ParOldGen: 2630064K->2630064K(2731008K)] 2794109K->2793987K(3029504K), [Metaspace: 34872K->34872K(1081344K)], 0.2621930 secs] [Times: user=0.92 sys=0.00, real=0.26 secs] 
1777.472: [GC (Allocation Failure) --[PSYoungGen: 163922K->163922K(298496K)] 2793987K->2793995K(3029504K), 0.2742491 secs] [Times: user=1.05 sys=0.00, real=0.28 secs] 
1777.746: [Full GC (Allocation Failure) [PSYoungGen: 163922K->163849K(298496K)] [ParOldGen: 2630072K->2630064K(2731008K)] 2793995K->2793913K(3029504K), [Metaspace: 34872K->34872K(1081344K)], 0.2627854 secs] [Times: user=0.93 sys=0.00, real=0.26 secs] 
1778.113: [GC (Allocation Failure) --[PSYoungGen: 164045K->164045K(298496K)] 2794109K->2794109K(3029504K), 0.2781773 secs] [Times: user=1.07 sys=0.00, real=0.28 secs] 
1778.391: [Full GC (Ergonomics) [PSYoungGen: 164045K->163922K(298496K)] [ParOldGen: 2630064K->2630064K(2731008K)] 2794109K->2793986K(3029504K), [Metaspace: 34872K->34872K(1081344K)], 0.2577497 secs] [Times: user=0.91 sys=0.00, real=0.26 secs] 
1778.649: [GC (Allocation Failure) --[PSYoungGen: 163922K->163922K(298496K)] 2793986K->2794002K(3029504K), 0.2813516 secs] [Times: user=1.08 sys=0.00, real=0.28 secs] 
1778.930: [Full GC (Allocation Failure) [PSYoungGen: 163922K->163849K(298496K)] [ParOldGen: 2630080K->2630064K(2731008K)] 2794002K->2793913K(3029504K), [Metaspace: 34872K->34872K(1081344K)], 0.2645026 secs] [Times: user=0.93 sys=0.00, real=0.26 secs] 
1779.282: [GC (Allocation Failure) --[PSYoungGen: 164045K->164045K(298496K)] 2794109K->2794109K(3029504K), 0.3134949 secs] [Times: user=1.15 sys=0.00, real=0.31 secs] 
1779.595: [Full GC (Ergonomics) [PSYoungGen: 164045K->163922K(298496K)] [ParOldGen: 2630064K->2630064K(2731008K)] 2794109K->2793987K(3029504K), [Metaspace: 34872K->34872K(1081344K)], 0.2596258 secs] [Times: user=0.92 sys=0.00, real=0.26 secs] 
1779.855: [GC (Allocation Failure) --[PSYoungGen: 163922K->163922K(298496K)] 2793987K->2794003K(3029504K), 0.2779497 secs] [Times: user=1.06 sys=0.00, real=0.28 secs] 
1780.133: [Full GC (Allocation Failure) [PSYoungGen: 163922K->163849K(298496K)] [ParOldGen: 2630080K->2630064K(2731008K)] 2794003K->2793913K(3029504K), [Metaspace: 34872K->34872K(1081344K)], 0.2715557 secs] [Times: user=0.96 sys=0.00, real=0.28 secs] 
1780.481: [GC (Allocation Failure) --[PSYoungGen: 164044K->164044K(298496K)] 2794109K->2794109K(3029504K), 0.2802768 secs] [Times: user=1.07 sys=0.00, real=0.28 secs] 
1780.761: [Full GC (Ergonomics) [PSYoungGen: 164044K->163922K(298496K)] [ParOldGen: 2630064K->2630064K(2731008K)] 2794109K->2793986K(3029504K), [Metaspace: 34872K->34872K(1081344K)], 0.2662803 secs] [Times: user=0.95 sys=0.00, real=0.27 secs] 
1781.027: [GC (Allocation Failure) --[PSYoungGen: 163922K->163922K(298496K)] 2793986K->2794002K(3029504K), 0.2791725 secs] [Times: user=1.06 sys=0.00, real=0.28 secs] 
1781.307: [Full GC (Allocation Failure) [PSYoungGen: 163922K->163849K(298496K)] [ParOldGen: 2630080K->2630064K(2731008K)] 2794002K->2793913K(3029504K), [Metaspace: 34872K->34872K(1081344K)], 0.2639987 secs] [Times: user=0.94 sys=0.00, real=0.26 secs] 
1781.665: [GC (Allocation Failure) --[PSYoungGen: 164044K->164044K(298496K)] 2794109K->2794109K(3029504K), 0.2784901 secs] [Times: user=1.06 sys=0.00, real=0.27 secs] 
1781.943: [Full GC (Ergonomics) [PSYoungGen: 164044K->163922K(298496K)] [ParOldGen: 2630064K->2630064K(2731008K)] 2794109K->2793986K(3029504K), [Metaspace: 34872K->34872K(1081344K)], 0.2551975 secs] [Times: user=0.90 sys=0.00, real=0.26 secs] 
1782.198: [GC (Allocation Failure) --[PSYoungGen: 163922K->163922K(298496K)] 2793986K->2793994K(3029504K), 0.2848798 secs] [Times: user=1.08 sys=0.00, real=0.28 secs] 
1782.483: [Full GC (Allocation Failure) [PSYoungGen: 163922K->163849K(298496K)] [ParOldGen: 2630072K->2630064K(2731008K)] 2793994K->2793913K(3029504K), [Metaspace: 34872K->34872K(1081344K)], 0.2652654 secs] [Times: user=0.95 sys=0.00, real=0.27 secs] 
1782.818: [GC (Allocation Failure) --[PSYoungGen: 164046K->164046K(298496K)] 2794111K->2794111K(3029504K), 0.3099396 secs] [Times: user=1.18 sys=0.00, real=0.31 secs] 
1783.128: [Full GC (Ergonomics) [PSYoungGen: 164046K->163922K(298496K)] [ParOldGen: 2630064K->2630064K(2731008K)] 2794111K->2793986K(3029504K), [Metaspace: 34872K->34872K(1081344K)], 0.2659280 secs] [Times: user=0.94 sys=0.00, real=0.26 secs] 
1783.394: [GC (Allocation Failure) --[PSYoungGen: 163922K->163922K(298496K)] 2793986K->2793994K(3029504K), 0.2848044 secs] [Times: user=1.09 sys=0.00, real=0.29 secs] 
1783.679: [Full GC (Allocation Failure) [PSYoungGen: 163922K->163849K(298496K)] [ParOldGen: 2630072K->2630064K(2731008K)] 2793994K->2793913K(3029504K), [Metaspace: 34872K->34872K(1081344K)], 0.2654743 secs] [Times: user=0.94 sys=0.00, real=0.27 secs] 
1784.033: [GC (Allocation Failure) --[PSYoungGen: 164044K->164044K(298496K)] 2794109K->2794109K(3029504K), 0.2918645 secs] [Times: user=1.12 sys=0.00, real=0.30 secs] 
1784.325: [Full GC (Ergonomics) [PSYoungGen: 164044K->163922K(298496K)] [ParOldGen: 2630064K->2630064K(2731008K)] 2794109K->2793986K(3029504K), [Metaspace: 34872K->34872K(1081344K)], 0.2640207 secs] [Times: user=0.93 sys=0.00, real=0.26 secs] 
1784.589: [GC (Allocation Failure) --[PSYoungGen: 163922K->163922K(298496K)] 2793986K->2794002K(3029504K), 0.2826007 secs] [Times: user=1.08 sys=0.00, real=0.28 secs] 
1784.871: [Full GC (Allocation Failure) [PSYoungGen: 163922K->163849K(298496K)] [ParOldGen: 2630080K->2630064K(2731008K)] 2794002K->2793913K(3029504K), [Metaspace: 34872K->34872K(1081344K)], 0.2643501 secs] [Times: user=0.93 sys=0.00, real=0.27 secs] 
1785.231: [GC (Allocation Failure) --[PSYoungGen: 164044K->164044K(298496K)] 2794109K->2794109K(3029504K), 0.2805619 secs] [Times: user=1.07 sys=0.00, real=0.28 secs] 
1785.512: [Full GC (Ergonomics) [PSYoungGen: 164044K->163922K(298496K)] [ParOldGen: 2630064K->2630064K(2731008K)] 2794109K->2793986K(3029504K), [Metaspace: 34872K->34872K(1081344K)], 0.2615437 secs] [Times: user=0.92 sys=0.00, real=0.26 secs] 
1785.774: [GC (Allocation Failure) --[PSYoungGen: 163922K->163922K(298496K)] 2793986K->2794002K(3029504K), 0.2746831 secs] [Times: user=1.05 sys=0.00, real=0.28 secs] 
1786.048: [Full GC (Allocation Failure) [PSYoungGen: 163922K->163849K(298496K)] [ParOldGen: 2630080K->2630064K(2731008K)] 2794002K->2793913K(3029504K), [Metaspace: 34872K->34872K(1081344K)], 0.2676621 secs] [Times: user=0.95 sys=0.00, real=0.27 secs] 
1786.369: [GC (Allocation Failure) --[PSYoungGen: 164044K->164044K(298496K)] 2794108K->2794108K(3029504K), 0.2959455 secs] [Times: user=1.13 sys=0.00, real=0.30 secs] 
1786.666: [Full GC (Ergonomics) [PSYoungGen: 164044K->163922K(298496K)] [ParOldGen: 2630064K->2630064K(2731008K)] 2794108K->2793987K(3029504K), [Metaspace: 34872K->34872K(1081344K)], 0.2765370 secs] [Times: user=0.98 sys=0.00, real=0.27 secs] 
1786.943: [GC (Allocation Failure) --[PSYoungGen: 163922K->163922K(298496K)] 2793987K->2794003K(3029504K), 0.2766848 secs] [Times: user=1.06 sys=0.00, real=0.28 secs] 
1787.219: [Full GC (Allocation Failure) [PSYoungGen: 163922K->163849K(298496K)] [ParOldGen: 2630080K->2630064K(2731008K)] 2794003K->2793913K(3029504K), [Metaspace: 34872K->34872K(1081344K)], 0.2666720 secs] [Times: user=0.94 sys=0.00, real=0.27 secs] 
1787.569: [GC (Allocation Failure) --[PSYoungGen: 164044K->164044K(298496K)] 2794109K->2794109K(3029504K), 0.2768735 secs] [Times: user=1.06 sys=0.00, real=0.28 secs] 
1787.846: [Full GC (Ergonomics) [PSYoungGen: 164044K->163922K(298496K)] [ParOldGen: 2630064K->2630064K(2731008K)] 2794109K->2793987K(3029504K), [Metaspace: 34872K->34872K(1081344K)], 0.2640385 secs] [Times: user=0.93 sys=0.00, real=0.26 secs] 
1788.110: [GC (Allocation Failure) --[PSYoungGen: 163922K->163922K(298496K)] 2793987K->2794003K(3029504K), 0.2798070 secs] [Times: user=1.07 sys=0.00, real=0.28 secs] 
1788.390: [Full GC (Allocation Failure) [PSYoungGen: 163922K->163849K(298496K)] [ParOldGen: 2630080K->2630064K(2731008K)] 2794003K->2793913K(3029504K), [Metaspace: 34872K->34872K(1081344K)], 0.2657137 secs] [Times: user=0.94 sys=0.00, real=0.27 secs] 
1788.753: [GC (Allocation Failure) --[PSYoungGen: 164045K->164045K(298496K)] 2794109K->2794109K(3029504K), 0.2772740 secs] [Times: user=1.06 sys=0.00, real=0.28 secs] 
1789.030: [Full GC (Ergonomics) [PSYoungGen: 164045K->163922K(298496K)] [ParOldGen: 2630064K->2630064K(2731008K)] 2794109K->2793986K(3029504K), [Metaspace: 34872K->34872K(1081344K)], 0.2614969 secs] [Times: user=0.93 sys=0.00, real=0.26 secs] 
1789.292: [GC (Allocation Failure) --[PSYoungGen: 163922K->163922K(298496K)] 2793986K->2794002K(3029504K), 0.2941153 secs] [Times: user=1.11 sys=0.00, real=0.30 secs] 
1789.586: [Full GC (Allocation Failure) [PSYoungGen: 163922K->163849K(298496K)] [ParOldGen: 2630080K->2630064K(2731008K)] 2794002K->2793913K(3029504K), [Metaspace: 34872K->34872K(1081344K)], 0.2855160 secs] [Times: user=1.01 sys=0.00, real=0.28 secs] 
1789.968: [GC (Allocation Failure) --[PSYoungGen: 164044K->164044K(298496K)] 2794109K->2794109K(3029504K), 0.2955744 secs] [Times: user=1.13 sys=0.00, real=0.29 secs] 
1790.263: [Full GC (Ergonomics) [PSYoungGen: 164044K->163922K(298496K)] [ParOldGen: 2630064K->2630064K(2731008K)] 2794109K->2793986K(3029504K), [Metaspace: 34872K->34872K(1081344K)], 0.2614437 secs] [Times: user=0.92 sys=0.00, real=0.27 secs] 
1790.525: [GC (Allocation Failure) --[PSYoungGen: 163922K->163922K(298496K)] 2793986K->2793994K(3029504K), 0.2812201 secs] [Times: user=1.08 sys=0.00, real=0.28 secs] 
1790.806: [Full GC (Allocation Failure) [PSYoungGen: 163922K->163849K(298496K)] [ParOldGen: 2630072K->2630064K(2731008K)] 2793994K->2793913K(3029504K), [Metaspace: 34872K->34872K(1081344K)], 0.2606731 secs] [Times: user=0.92 sys=0.00, real=0.26 secs] 
1791.136: [GC (Allocation Failure) --[PSYoungGen: 164044K->164044K(298496K)] 2794109K->2794109K(3029504K), 0.2909232 secs] [Times: user=1.10 sys=0.00, real=0.29 secs] 
1791.427: [Full GC (Ergonomics) [PSYoungGen: 164044K->163922K(298496K)] [ParOldGen: 2630064K->2630064K(2731008K)] 2794109K->2793986K(3029504K), [Metaspace: 34872K->34872K(1081344K)], 0.2676671 secs] [Times: user=0.95 sys=0.00, real=0.26 secs] 
1791.695: [GC (Allocation Failure) --[PSYoungGen: 163922K->163922K(298496K)] 2793986K->2794002K(3029504K), 0.2781222 secs] [Times: user=1.06 sys=0.00, real=0.28 secs] 
1791.973: [Full GC (Allocation Failure) [PSYoungGen: 163922K->163849K(298496K)] [ParOldGen: 2630080K->2630064K(2731008K)] 2794002K->2793913K(3029504K), [Metaspace: 34872K->34872K(1081344K)], 0.2626814 secs] [Times: user=0.94 sys=0.00, real=0.27 secs] 
1792.320: [GC (Allocation Failure) --[PSYoungGen: 164044K->164044K(298496K)] 2794109K->2794109K(3029504K), 0.2741545 secs] [Times: user=1.05 sys=0.00, real=0.27 secs] 
1792.594: [Full GC (Ergonomics) [PSYoungGen: 164044K->163922K(298496K)] [ParOldGen: 2630064K->2630064K(2731008K)] 2794109K->2793986K(3029504K), [Metaspace: 34872K->34872K(1081344K)], 0.2651423 secs] [Times: user=0.93 sys=0.00, real=0.27 secs] 
1792.859: [GC (Allocation Failure) --[PSYoungGen: 163922K->163922K(298496K)] 2793986K->2793994K(3029504K), 0.2758372 secs] [Times: user=1.06 sys=0.00, real=0.27 secs] 
1793.135: [Full GC (Allocation Failure) [PSYoungGen: 163922K->163849K(298496K)] [ParOldGen: 2630072K->2630064K(2731008K)] 2793994K->2793913K(3029504K), [Metaspace: 34872K->34872K(1081344K)], 0.2569118 secs] [Times: user=0.90 sys=0.00, real=0.26 secs] 
1793.488: [GC (Allocation Failure) --[PSYoungGen: 164044K->164044K(298496K)] 2794109K->2794109K(3029504K), 0.2894955 secs] [Times: user=1.09 sys=0.00, real=0.29 secs] 
1793.778: [Full GC (Ergonomics) [PSYoungGen: 164044K->163922K(298496K)] [ParOldGen: 2630064K->2630064K(2731008K)] 2794109K->2793986K(3029504K), [Metaspace: 34872K->34872K(1081344K)], 0.2586443 secs] [Times: user=0.92 sys=0.00, real=0.26 secs] 
1794.037: [GC (Allocation Failure) --[PSYoungGen: 163922K->163922K(298496K)] 2793986K->2793994K(3029504K), 0.2727800 secs] [Times: user=1.04 sys=0.00, real=0.27 secs] 
1794.310: [Full GC (Allocation Failure) [PSYoungGen: 163922K->163849K(298496K)] [ParOldGen: 2630072K->2630064K(2731008K)] 2793994K->2793913K(3029504K), [Metaspace: 34872K->34872K(1081344K)], 0.2796336 secs] [Times: user=0.99 sys=0.00, real=0.28 secs] 
1794.688: [GC (Allocation Failure) --[PSYoungGen: 164046K->164046K(298496K)] 2794111K->2794111K(3029504K), 0.2852612 secs] [Times: user=1.04 sys=0.00, real=0.28 secs] 
1794.973: [Full GC (Ergonomics) [PSYoungGen: 164046K->163922K(298496K)] [ParOldGen: 2630064K->2630064K(2731008K)] 2794111K->2793986K(3029504K), [Metaspace: 34872K->34872K(1081344K)], 0.2601542 secs] [Times: user=0.91 sys=0.00, real=0.26 secs] 
1795.233: [GC (Allocation Failure) --[PSYoungGen: 163922K->163922K(298496K)] 2793986K->2794002K(3029504K), 0.2786945 secs] [Times: user=1.06 sys=0.00, real=0.28 secs] 
1795.512: [Full GC (Allocation Failure) [PSYoungGen: 163922K->163849K(298496K)] [ParOldGen: 2630080K->2630064K(2731008K)] 2794002K->2793913K(3029504K), [Metaspace: 34872K->34872K(1081344K)], 0.2537662 secs] [Times: user=0.89 sys=0.00, real=0.26 secs] 
1795.841: [GC (Allocation Failure) --[PSYoungGen: 164044K->164044K(298496K)] 2794109K->2794109K(3029504K), 0.2702681 secs] [Times: user=1.01 sys=0.00, real=0.27 secs] 
1796.111: [Full GC (Ergonomics) [PSYoungGen: 164044K->163922K(298496K)] [ParOldGen: 2630064K->2630064K(2731008K)] 2794109K->2793986K(3029504K), [Metaspace: 34872K->34872K(1081344K)], 0.2518621 secs] [Times: user=0.90 sys=0.00, real=0.25 secs] 
1796.363: [GC (Allocation Failure) --[PSYoungGen: 163922K->163922K(298496K)] 2793986K->2794002K(3029504K), 0.2714723 secs] [Times: user=1.03 sys=0.00, real=0.27 secs] 
1796.635: [Full GC (Allocation Failure) [PSYoungGen: 163922K->163849K(298496K)] [ParOldGen: 2630080K->2630064K(2731008K)] 2794002K->2793913K(3029504K), [Metaspace: 34872K->34872K(1081344K)], 0.2521497 secs] [Times: user=0.89 sys=0.00, real=0.26 secs] 
1796.948: [GC (Allocation Failure) --[PSYoungGen: 164044K->164044K(298496K)] 2794109K->2794109K(3029504K), 0.2876072 secs] [Times: user=1.09 sys=0.00, real=0.29 secs] 
1797.236: [Full GC (Ergonomics) [PSYoungGen: 164044K->163922K(298496K)] [ParOldGen: 2630064K->2630064K(2731008K)] 2794109K->2793986K(3029504K), [Metaspace: 34872K->34872K(1081344K)], 0.2580761 secs] [Times: user=0.91 sys=0.00, real=0.25 secs] 
1797.494: [GC (Allocation Failure) --[PSYoungGen: 163922K->163922K(298496K)] 2793986K->2794002K(3029504K), 0.2719763 secs] [Times: user=1.04 sys=0.00, real=0.28 secs] 
1797.766: [Full GC (Allocation Failure) [PSYoungGen: 163922K->163849K(298496K)] [ParOldGen: 2630080K->2630064K(2731008K)] 2794002K->2793913K(3029504K), [Metaspace: 34872K->34872K(1081344K)], 0.3011473 secs] [Times: user=1.06 sys=0.00, real=0.30 secs] 
1798.163: [GC (Allocation Failure) --[PSYoungGen: 164046K->164046K(298496K)] 2794110K->2794110K(3029504K), 0.2787791 secs] [Times: user=1.05 sys=0.00, real=0.28 secs] 
1798.441: [Full GC (Ergonomics) [PSYoungGen: 164046K->163922K(298496K)] [ParOldGen: 2630064K->2630064K(2731008K)] 2794110K->2793986K(3029504K), [Metaspace: 34872K->34872K(1081344K)], 0.2604903 secs] [Times: user=0.92 sys=0.00, real=0.26 secs] 
1798.702: [GC (Allocation Failure) --[PSYoungGen: 163922K->163922K(298496K)] 2793986K->2793994K(3029504K), 0.3127008 secs] [Times: user=1.12 sys=0.00, real=0.31 secs] 
1799.015: [Full GC (Allocation Failure) [PSYoungGen: 163922K->163849K(298496K)] [ParOldGen: 2630072K->2630064K(2731008K)] 2793994K->2793913K(3029504K), [Metaspace: 34872K->34872K(1081344K)], 0.2513050 secs] [Times: user=0.89 sys=0.00, real=0.26 secs] 
1799.347: [GC (Allocation Failure) --[PSYoungGen: 164044K->164044K(298496K)] 2794109K->2794109K(3029504K), 0.2819835 secs] [Times: user=1.06 sys=0.00, real=0.28 secs] 
1799.629: [Full GC (Ergonomics) [PSYoungGen: 164044K->163922K(298496K)] [ParOldGen: 2630064K->2630064K(2731008K)] 2794109K->2793986K(3029504K), [Metaspace: 34872K->34872K(1081344K)], 0.2562612 secs] [Times: user=0.90 sys=0.00, real=0.26 secs] 
1799.886: [GC (Allocation Failure) --[PSYoungGen: 163922K->163922K(298496K)] 2793986K->2794002K(3029504K), 0.2719415 secs] [Times: user=1.04 sys=0.00, real=0.27 secs] 
1800.158: [Full GC (Allocation Failure) [PSYoungGen: 163922K->163849K(298496K)] [ParOldGen: 2630080K->2630064K(2731008K)] 2794002K->2793913K(3029504K), [Metaspace: 34872K->34872K(1081344K)], 0.2613161 secs] [Times: user=0.92 sys=0.00, real=0.26 secs] 
1800.485: [GC (Allocation Failure) --[PSYoungGen: 164044K->164044K(298496K)] 2794108K->2794108K(3029504K), 0.2921398 secs] [Times: user=1.09 sys=0.00, real=0.29 secs] 
1800.777: [Full GC (Ergonomics) [PSYoungGen: 164044K->163922K(298496K)] [ParOldGen: 2630064K->2630064K(2731008K)] 2794108K->2793986K(3029504K), [Metaspace: 34872K->34872K(1081344K)], 0.2647681 secs] [Times: user=0.92 sys=0.00, real=0.26 secs] 
1801.042: [GC (Allocation Failure) --[PSYoungGen: 163922K->163922K(298496K)] 2793986K->2794002K(3029504K), 0.2749353 secs] [Times: user=1.04 sys=0.00, real=0.28 secs] 
1801.317: [Full GC (Allocation Failure) [PSYoungGen: 163922K->163849K(298496K)] [ParOldGen: 2630080K->2630064K(2731008K)] 2794002K->2793913K(3029504K), [Metaspace: 34872K->34872K(1081344K)], 0.2577512 secs] [Times: user=0.91 sys=0.00, real=0.25 secs] 
1801.669: [GC (Allocation Failure) --[PSYoungGen: 164044K->164044K(298496K)] 2794109K->2794109K(3029504K), 0.2877404 secs] [Times: user=1.07 sys=0.00, real=0.29 secs] 
1801.956: [Full GC (Ergonomics) [PSYoungGen: 164044K->163922K(298496K)] [ParOldGen: 2630064K->2630064K(2731008K)] 2794109K->2793986K(3029504K), [Metaspace: 34872K->34872K(1081344K)], 0.2520088 secs] [Times: user=0.90 sys=0.00, real=0.25 secs] 
1802.208: [GC (Allocation Failure) --[PSYoungGen: 163922K->163922K(298496K)] 2793986K->2794002K(3029504K), 0.2722041 secs] [Times: user=1.03 sys=0.00, real=0.27 secs] 
1802.481: [Full GC (Allocation Failure) [PSYoungGen: 163922K->163849K(298496K)] [ParOldGen: 2630080K->2630064K(2731008K)] 2794002K->2793913K(3029504K), [Metaspace: 34872K->34872K(1081344K)], 0.2523158 secs] [Times: user=0.89 sys=0.00, real=0.25 secs] 
1802.807: [GC (Allocation Failure) --[PSYoungGen: 164044K->164044K(298496K)] 2794109K->2794109K(3029504K), 0.2705471 secs] [Times: user=1.04 sys=0.00, real=0.27 secs] 
1803.077: [Full GC (Ergonomics) [PSYoungGen: 164044K->163922K(298496K)] [ParOldGen: 2630064K->2630064K(2731008K)] 2794109K->2793986K(3029504K), [Metaspace: 34872K->34872K(1081344K)], 0.2533404 secs] [Times: user=0.89 sys=0.00, real=0.25 secs] 
1803.331: [GC (Allocation Failure) --[PSYoungGen: 163922K->163922K(298496K)] 2793986K->2794002K(3029504K), 0.2903536 secs] [Times: user=1.09 sys=0.00, real=0.29 secs] 
1803.621: [Full GC (Allocation Failure) [PSYoungGen: 163922K->163849K(298496K)] [ParOldGen: 2630080K->2630064K(2731008K)] 2794002K->2793913K(3029504K), [Metaspace: 34872K->34872K(1081344K)], 0.2524540 secs] [Times: user=0.90 sys=0.00, real=0.25 secs] 
1803.959: [GC (Allocation Failure) --[PSYoungGen: 164044K->164044K(298496K)] 2794109K->2794109K(3029504K), 0.2961126 secs] [Times: user=1.12 sys=0.00, real=0.29 secs] 
1804.256: [Full GC (Ergonomics) [PSYoungGen: 164044K->163922K(298496K)] [ParOldGen: 2630064K->2630064K(2731008K)] 2794109K->2793986K(3029504K), [Metaspace: 34872K->34872K(1081344K)], 0.2732105 secs] [Times: user=0.94 sys=0.00, real=0.27 secs] 
1804.529: [GC (Allocation Failure) --[PSYoungGen: 163922K->163922K(298496K)] 2793986K->2793994K(3029504K), 0.2846601 secs] [Times: user=1.04 sys=0.00, real=0.28 secs] 
1804.814: [Full GC (Allocation Failure) [PSYoungGen: 163922K->163849K(298496K)] [ParOldGen: 2630072K->2630064K(2731008K)] 2793994K->2793913K(3029504K), [Metaspace: 34872K->34872K(1081344K)], 0.2730290 secs] [Times: user=0.93 sys=0.00, real=0.28 secs] 
1805.159: [GC (Allocation Failure) --[PSYoungGen: 169166K->169166K(298496K)] 2799231K->2799231K(3029504K), 0.2740177 secs] [Times: user=1.05 sys=0.00, real=0.27 secs] 
1805.433: [Full GC (Ergonomics) [PSYoungGen: 169166K->163920K(298496K)] [ParOldGen: 2630064K->2630064K(2731008K)] 2799231K->2793984K(3029504K), [Metaspace: 34872K->34872K(1081344K)], 0.2571660 secs] [Times: user=0.90 sys=0.00, real=0.26 secs] 
1805.690: [GC (Allocation Failure) --[PSYoungGen: 163920K->163920K(298496K)] 2793984K->2794000K(3029504K), 0.2715027 secs] [Times: user=1.04 sys=0.00, real=0.27 secs] 
1805.962: [Full GC (Allocation Failure) [PSYoungGen: 163920K->163849K(298496K)] [ParOldGen: 2630080K->2630064K(2731008K)] 2794000K->2793913K(3029504K), [Metaspace: 34872K->34872K(1081344K)], 0.2536044 secs] [Times: user=0.89 sys=0.00, real=0.26 secs] 
1806.316: [GC (Allocation Failure) --[PSYoungGen: 164048K->164048K(298496K)] 2794113K->2794121K(3029504K), 0.2717898 secs] [Times: user=1.04 sys=0.00, real=0.27 secs] 
1806.588: [Full GC (Ergonomics) [PSYoungGen: 164048K->163923K(298496K)] [ParOldGen: 2630072K->2630064K(2731008K)] 2794121K->2793987K(3029504K), [Metaspace: 34874K->34874K(1081344K)], 0.2576790 secs] [Times: user=0.91 sys=0.00, real=0.26 secs] 
1806.846: [GC (Allocation Failure) --[PSYoungGen: 163923K->163923K(298496K)] 2793987K->2794003K(3029504K), 0.2714528 secs] [Times: user=1.04 sys=0.00, real=0.27 secs] 
1807.117: [Full GC (Allocation Failure) [PSYoungGen: 163923K->163849K(298496K)] [ParOldGen: 2630080K->2630064K(2731008K)] 2794003K->2793914K(3029504K), [Metaspace: 34874K->34874K(1081344K)], 0.2547941 secs] [Times: user=0.89 sys=0.00, real=0.25 secs] 
1807.468: [GC (Allocation Failure) --[PSYoungGen: 164047K->164047K(298496K)] 2794111K->2794119K(3029504K), 0.2972969 secs] [Times: user=1.12 sys=0.00, real=0.30 secs] 
1807.766: [Full GC (Ergonomics) [PSYoungGen: 164047K->163924K(298496K)] [ParOldGen: 2630072K->2630064K(2731008K)] 2794119K->2793988K(3029504K), [Metaspace: 34888K->34888K(1081344K)], 0.2566128 secs] [Times: user=0.90 sys=0.00, real=0.25 secs] 
1808.023: [GC (Allocation Failure) --[PSYoungGen: 163924K->163924K(298496K)] 2793988K->2793996K(3029504K), 0.2763588 secs] [Times: user=0.95 sys=0.00, real=0.28 secs] 
1808.299: [Full GC (Allocation Failure) [PSYoungGen: 163924K->163850K(298496K)] [ParOldGen: 2630072K->2630064K(2731008K)] 2793996K->2793914K(3029504K), [Metaspace: 34888K->34888K(1081344K)], 0.2530361 secs] [Times: user=0.89 sys=0.00, real=0.25 secs] 
1808.634: [GC (Allocation Failure) --[PSYoungGen: 164046K->164046K(298496K)] 2794110K->2794110K(3029504K), 0.3549243 secs] [Times: user=1.28 sys=0.00, real=0.36 secs] 
1808.989: [Full GC (Ergonomics) [PSYoungGen: 164046K->163924K(298496K)] [ParOldGen: 2630064K->2630064K(2731008K)] 2794110K->2793988K(3029504K), [Metaspace: 34888K->34888K(1081344K)], 0.2613091 secs] [Times: user=0.91 sys=0.00, real=0.26 secs] 
1809.251: [GC (Allocation Failure) --[PSYoungGen: 163924K->163924K(298496K)] 2793988K->2794012K(3029504K), 0.2810364 secs] [Times: user=1.06 sys=0.00, real=0.28 secs] 
1809.532: [Full GC (Allocation Failure) [PSYoungGen: 163924K->163849K(298496K)] [ParOldGen: 2630088K->2630064K(2731008K)] 2794012K->2793914K(3029504K), [Metaspace: 34888K->34888K(1081344K)], 0.2638066 secs] [Times: user=0.92 sys=0.00, real=0.27 secs] 
1809.895: [GC (Allocation Failure) --[PSYoungGen: 164045K->164045K(298496K)] 2794110K->2794110K(3029504K), 0.2773003 secs] [Times: user=1.06 sys=0.00, real=0.28 secs] 
1810.172: [Full GC (Ergonomics) [PSYoungGen: 164045K->163923K(298496K)] [ParOldGen: 2630064K->2630064K(2731008K)] 2794110K->2793988K(3029504K), [Metaspace: 34888K->34888K(1081344K)], 0.2548819 secs] [Times: user=0.90 sys=0.00, real=0.26 secs] 
1810.427: [GC (Allocation Failure) --[PSYoungGen: 163923K->163923K(298496K)] 2793988K->2794004K(3029504K), 0.2739242 secs] [Times: user=1.05 sys=0.00, real=0.27 secs] 
1810.701: [Full GC (Allocation Failure) [PSYoungGen: 163923K->163849K(298496K)] [ParOldGen: 2630080K->2630064K(2731008K)] 2794004K->2793914K(3029504K), [Metaspace: 34888K->34888K(1081344K)], 0.2560938 secs] [Times: user=0.89 sys=0.00, real=0.26 secs] 
1811.048: [GC (Allocation Failure) --[PSYoungGen: 164045K->164045K(298496K)] 2794110K->2794110K(3029504K), 0.3254443 secs] [Times: user=1.20 sys=0.00, real=0.32 secs] 
1811.373: [Full GC (Ergonomics) [PSYoungGen: 164045K->163923K(298496K)] [ParOldGen: 2630064K->2630064K(2731008K)] 2794110K->2793988K(3029504K), [Metaspace: 34888K->34888K(1081344K)], 0.3182590 secs] [Times: user=1.13 sys=0.00, real=0.32 secs] 
1811.692: [GC (Allocation Failure) --[PSYoungGen: 163923K->163923K(298496K)] 2793988K->2794004K(3029504K), 0.2783901 secs] [Times: user=1.06 sys=0.00, real=0.28 secs] 
1811.970: [Full GC (Allocation Failure) [PSYoungGen: 163923K->163849K(298496K)] [ParOldGen: 2630080K->2630065K(2731008K)] 2794004K->2793914K(3029504K), [Metaspace: 34888K->34888K(1081344K)], 0.2529561 secs] [Times: user=0.90 sys=0.00, real=0.25 secs] 
1812.309: [GC (Allocation Failure) --[PSYoungGen: 164044K->164044K(298496K)] 2794110K->2794110K(3029504K), 0.2870231 secs] [Times: user=1.10 sys=0.00, real=0.29 secs] 
1812.596: [Full GC (Ergonomics) [PSYoungGen: 164044K->163922K(298496K)] [ParOldGen: 2630065K->2630065K(2731008K)] 2794110K->2793988K(3029504K), [Metaspace: 34888K->34888K(1081344K)], 0.2542229 secs] [Times: user=0.90 sys=0.00, real=0.25 secs] 
1812.850: [GC (Allocation Failure) --[PSYoungGen: 163922K->163922K(298496K)] 2793988K->2794004K(3029504K), 0.2896547 secs] [Times: user=1.10 sys=0.00, real=0.29 secs] 
1813.140: [Full GC (Allocation Failure) [PSYoungGen: 163922K->163849K(298496K)] [ParOldGen: 2630081K->2630065K(2731008K)] 2794004K->2793914K(3029504K), [Metaspace: 34888K->34888K(1081344K)], 0.2666425 secs] [Times: user=0.92 sys=0.00, real=0.27 secs] 
1813.493: [GC (Allocation Failure) --[PSYoungGen: 164046K->164046K(298496K)] 2794112K->2794112K(3029504K), 0.2894783 secs] [Times: user=1.10 sys=0.00, real=0.29 secs] 
1813.782: [Full GC (Ergonomics) [PSYoungGen: 164046K->163920K(298496K)] [ParOldGen: 2630065K->2630065K(2731008K)] 2794112K->2793985K(3029504K), [Metaspace: 34888K->34888K(1081344K)], 0.2797445 secs] [Times: user=0.97 sys=0.00, real=0.28 secs] 
1814.062: [GC (Allocation Failure) --[PSYoungGen: 163920K->163920K(298496K)] 2793985K->2794001K(3029504K), 0.2728211 secs] [Times: user=1.04 sys=0.00, real=0.27 secs] 
1814.335: [Full GC (Allocation Failure) [PSYoungGen: 163920K->163848K(298496K)] [ParOldGen: 2630081K->2630065K(2731008K)] 2794001K->2793914K(3029504K), [Metaspace: 34888K->34888K(1081344K)], 0.2527703 secs] [Times: user=0.90 sys=0.00, real=0.26 secs] 
1814.662: [GC (Allocation Failure) --[PSYoungGen: 164046K->164046K(298496K)] 2794112K->2794112K(3029504K), 0.2736084 secs] [Times: user=1.05 sys=0.00, real=0.28 secs] 
1814.936: [Full GC (Ergonomics) [PSYoungGen: 164046K->163922K(298496K)] [ParOldGen: 2630065K->2630065K(2731008K)] 2794112K->2793988K(3029504K), [Metaspace: 34888K->34888K(1081344K)], 0.2590110 secs] [Times: user=0.91 sys=0.00, real=0.25 secs] 
1815.195: [GC (Allocation Failure) --[PSYoungGen: 163922K->163922K(298496K)] 2793988K->2794004K(3029504K), 0.2696397 secs] [Times: user=1.03 sys=0.00, real=0.28 secs] 
1815.465: [Full GC (Allocation Failure) [PSYoungGen: 163922K->163849K(298496K)] [ParOldGen: 2630081K->2630065K(2731008K)] 2794004K->2793914K(3029504K), [Metaspace: 34888K->34888K(1081344K)], 0.2629443 secs] [Times: user=0.91 sys=0.00, real=0.26 secs] 
1815.815: [GC (Allocation Failure) --[PSYoungGen: 164044K->164044K(298496K)] 2794110K->2794110K(3029504K), 0.2747911 secs] [Times: user=1.04 sys=0.00, real=0.28 secs] 
1816.090: [Full GC (Ergonomics) [PSYoungGen: 164044K->163922K(298496K)] [ParOldGen: 2630065K->2630065K(2731008K)] 2794110K->2793988K(3029504K), [Metaspace: 34888K->34888K(1081344K)], 0.2579117 secs] [Times: user=0.90 sys=0.00, real=0.26 secs] 
1816.348: [GC (Allocation Failure) --[PSYoungGen: 163922K->163922K(298496K)] 2793988K->2794004K(3029504K), 0.2777313 secs] [Times: user=1.06 sys=0.00, real=0.28 secs] 
1816.625: [Full GC (Allocation Failure) [PSYoungGen: 163922K->163849K(298496K)] [ParOldGen: 2630081K->2630065K(2731008K)] 2794004K->2793914K(3029504K), [Metaspace: 34888K->34888K(1081344K)], 0.2561625 secs] [Times: user=0.90 sys=0.00, real=0.25 secs] 
1816.937: [GC (Allocation Failure) --[PSYoungGen: 164045K->164045K(298496K)] 2794110K->2794110K(3029504K), 0.2959828 secs] [Times: user=1.12 sys=0.00, real=0.29 secs] 
1817.233: [Full GC (Ergonomics) [PSYoungGen: 164045K->163922K(298496K)] [ParOldGen: 2630065K->2630065K(2731008K)] 2794110K->2793988K(3029504K), [Metaspace: 34888K->34888K(1081344K)], 0.2746919 secs] [Times: user=0.96 sys=0.00, real=0.28 secs] 
1817.508: [GC (Allocation Failure) --[PSYoungGen: 163922K->163922K(298496K)] 2793988K->2794004K(3029504K), 0.2866235 secs] [Times: user=1.09 sys=0.00, real=0.28 secs] 
1817.795: [Full GC (Allocation Failure) [PSYoungGen: 163922K->163849K(298496K)] [ParOldGen: 2630081K->2630065K(2731008K)] 2794004K->2793914K(3029504K), [Metaspace: 34888K->34888K(1081344K)], 0.2632921 secs] [Times: user=0.92 sys=0.00, real=0.27 secs] 
1818.121: [GC (Allocation Failure) --[PSYoungGen: 164046K->164046K(298496K)] 2794112K->2794112K(3029504K), 0.2945148 secs] [Times: user=1.10 sys=0.00, real=0.29 secs] 
1818.416: [Full GC (Ergonomics) [PSYoungGen: 164046K->163922K(298496K)] [ParOldGen: 2630065K->2630065K(2731008K)] 2794112K->2793988K(3029504K), [Metaspace: 34888K->34888K(1081344K)], 0.2659159 secs] [Times: user=0.93 sys=0.00, real=0.27 secs] 
1818.682: [GC (Allocation Failure) --[PSYoungGen: 163922K->163922K(298496K)] 2793988K->2793996K(3029504K), 0.2857672 secs] [Times: user=1.07 sys=0.00, real=0.29 secs] 
1818.967: [Full GC (Allocation Failure) [PSYoungGen: 163922K->163849K(298496K)] [ParOldGen: 2630073K->2630065K(2731008K)] 2793996K->2793914K(3029504K), [Metaspace: 34888K->34888K(1081344K)], 0.2668832 secs] [Times: user=0.94 sys=0.00, real=0.26 secs] 
1819.305: [GC (Allocation Failure) --[PSYoungGen: 164044K->164044K(298496K)] 2794110K->2794110K(3029504K), 0.2852480 secs] [Times: user=1.08 sys=0.00, real=0.28 secs] 
1819.590: [Full GC (Ergonomics) [PSYoungGen: 164044K->163922K(298496K)] [ParOldGen: 2630065K->2630065K(2731008K)] 2794110K->2793988K(3029504K), [Metaspace: 34888K->34888K(1081344K)], 0.2699301 secs] [Times: user=0.93 sys=0.00, real=0.27 secs] 
1819.860: [GC (Allocation Failure) --[PSYoungGen: 163922K->163922K(298496K)] 2793988K->2794004K(3029504K), 0.2727037 secs] [Times: user=1.04 sys=0.00, real=0.27 secs] 
1820.133: [Full GC (Allocation Failure) [PSYoungGen: 163922K->163849K(298496K)] [ParOldGen: 2630081K->2630065K(2731008K)] 2794004K->2793914K(3029504K), [Metaspace: 34888K->34888K(1081344K)], 0.2709168 secs] [Times: user=0.94 sys=0.00, real=0.28 secs] 
1820.489: [GC (Allocation Failure) --[PSYoungGen: 164044K->164044K(298496K)] 2794110K->2794110K(3029504K), 0.3009036 secs] [Times: user=1.12 sys=0.00, real=0.30 secs] 
1820.790: [Full GC (Ergonomics) [PSYoungGen: 164044K->163922K(298496K)] [ParOldGen: 2630065K->2630065K(2731008K)] 2794110K->2793988K(3029504K), [Metaspace: 34888K->34888K(1081344K)], 0.2580386 secs] [Times: user=0.91 sys=0.00, real=0.26 secs] 
1821.048: [GC (Allocation Failure) --[PSYoungGen: 163922K->163922K(298496K)] 2793988K->2794004K(3029504K), 0.2728515 secs] [Times: user=1.04 sys=0.00, real=0.27 secs] 
1821.321: [Full GC (Allocation Failure) [PSYoungGen: 163922K->163849K(298496K)] [ParOldGen: 2630081K->2630065K(2731008K)] 2794004K->2793914K(3029504K), [Metaspace: 34888K->34888K(1081344K)], 0.2646661 secs] [Times: user=0.93 sys=0.00, real=0.27 secs] 
1821.658: [GC (Allocation Failure) --[PSYoungGen: 164044K->164044K(298496K)] 2794110K->2794110K(3029504K), 0.2717979 secs] [Times: user=1.03 sys=0.00, real=0.27 secs] 
1821.930: [Full GC (Ergonomics) [PSYoungGen: 164044K->163922K(298496K)] [ParOldGen: 2630065K->2630065K(2731008K)] 2794110K->2793988K(3029504K), [Metaspace: 34888K->34888K(1081344K)], 0.2608681 secs] [Times: user=0.91 sys=0.00, real=0.26 secs] 
1822.191: [GC (Allocation Failure) --[PSYoungGen: 163922K->163922K(298496K)] 2793988K->2794004K(3029504K), 0.2768865 secs] [Times: user=1.05 sys=0.00, real=0.28 secs] 
1822.468: [Full GC (Allocation Failure) [PSYoungGen: 163922K->163849K(298496K)] [ParOldGen: 2630081K->2630065K(2731008K)] 2794004K->2793914K(3029504K), [Metaspace: 34888K->34888K(1081344K)], 0.2554289 secs] [Times: user=0.90 sys=0.00, real=0.26 secs] 
1822.811: [GC (Allocation Failure) --[PSYoungGen: 164044K->164044K(298496K)] 2794110K->2794110K(3029504K), 0.2794255 secs] [Times: user=1.06 sys=0.00, real=0.28 secs] 
1823.090: [Full GC (Ergonomics) [PSYoungGen: 164044K->163922K(298496K)] [ParOldGen: 2630065K->2630065K(2731008K)] 2794110K->2793988K(3029504K), [Metaspace: 34888K->34888K(1081344K)], 0.2570033 secs] [Times: user=0.90 sys=0.00, real=0.26 secs] 
1823.348: [GC (Allocation Failure) --[PSYoungGen: 163922K->163922K(298496K)] 2793988K->2794004K(3029504K), 0.2740061 secs] [Times: user=1.03 sys=0.00, real=0.27 secs] 
1823.622: [Full GC (Allocation Failure) [PSYoungGen: 163922K->163849K(298496K)] [ParOldGen: 2630081K->2630065K(2731008K)] 2794004K->2793914K(3029504K), [Metaspace: 34888K->34888K(1081344K)], 0.2559996 secs] [Times: user=0.90 sys=0.00, real=0.26 secs] 
1823.964: [GC (Allocation Failure) --[PSYoungGen: 164046K->164046K(298496K)] 2794112K->2794112K(3029504K), 0.2921955 secs] [Times: user=1.07 sys=0.00, real=0.29 secs] 
1824.256: [Full GC (Ergonomics) [PSYoungGen: 164046K->163922K(298496K)] [ParOldGen: 2630065K->2630065K(2731008K)] 2794112K->2793988K(3029504K), [Metaspace: 34888K->34888K(1081344K)], 0.2667325 secs] [Times: user=0.93 sys=0.00, real=0.26 secs] 
1824.523: [GC (Allocation Failure) --[PSYoungGen: 163922K->163922K(298496K)] 2793988K->2793996K(3029504K), 0.2762544 secs] [Times: user=1.06 sys=0.00, real=0.28 secs] 
1824.799: [Full GC (Allocation Failure) [PSYoungGen: 163922K->163849K(298496K)] [ParOldGen: 2630073K->2630065K(2731008K)] 2793996K->2793914K(3029504K), [Metaspace: 34888K->34888K(1081344K)], 0.2552956 secs] [Times: user=0.90 sys=0.00, real=0.25 secs] 
1825.148: [GC (Allocation Failure) --[PSYoungGen: 164045K->164045K(298496K)] 2794110K->2794110K(3029504K), 0.2800124 secs] [Times: user=1.08 sys=0.00, real=0.28 secs] 
1825.428: [Full GC (Ergonomics) [PSYoungGen: 164045K->163922K(298496K)] [ParOldGen: 2630065K->2630065K(2731008K)] 2794110K->2793988K(3029504K), [Metaspace: 34888K->34888K(1081344K)], 0.2552626 secs] [Times: user=0.90 sys=0.00, real=0.25 secs] 
1825.683: [GC (Allocation Failure) --[PSYoungGen: 163922K->163922K(298496K)] 2793988K->2794004K(3029504K), 0.2891195 secs] [Times: user=1.09 sys=0.00, real=0.29 secs] 
1825.972: [Full GC (Allocation Failure) [PSYoungGen: 163922K->163849K(298496K)] [ParOldGen: 2630081K->2630065K(2731008K)] 2794004K->2793914K(3029504K), [Metaspace: 34888K->34888K(1081344K)], 0.2811629 secs] [Times: user=0.98 sys=0.00, real=0.28 secs] 
1826.362: [GC (Allocation Failure) --[PSYoungGen: 164046K->164046K(298496K)] 2794112K->2794112K(3029504K), 0.2925948 secs] [Times: user=1.12 sys=0.00, real=0.29 secs] 
1826.655: [Full GC (Ergonomics) [PSYoungGen: 164046K->163923K(298496K)] [ParOldGen: 2630065K->2630065K(2731008K)] 2794112K->2793988K(3029504K), [Metaspace: 34888K->34888K(1081344K)], 0.2780980 secs] [Times: user=0.99 sys=0.00, real=0.28 secs] 
1826.933: [GC (Allocation Failure) --[PSYoungGen: 163923K->163923K(298496K)] 2793988K->2794004K(3029504K), 0.3047664 secs] [Times: user=1.17 sys=0.00, real=0.31 secs] 
1827.238: [Full GC (Allocation Failure) [PSYoungGen: 163923K->163849K(298496K)] [ParOldGen: 2630081K->2630065K(2731008K)] 2794004K->2793915K(3029504K), [Metaspace: 34888K->34888K(1081344K)], 0.2930396 secs] [Times: user=1.05 sys=0.00, real=0.29 secs] 
1827.579: [GC (Allocation Failure) --[PSYoungGen: 164045K->164045K(298496K)] 2794111K->2794111K(3029504K), 0.3064100 secs] [Times: user=1.18 sys=0.00, real=0.31 secs] 
1827.885: [Full GC (Ergonomics) [PSYoungGen: 164045K->163923K(298496K)] [ParOldGen: 2630065K->2630065K(2731008K)] 2794111K->2793988K(3029504K), [Metaspace: 34888K->34888K(1081344K)], 0.3831874 secs] [Times: user=1.32 sys=0.00, real=0.38 secs] 
1828.269: [GC (Allocation Failure) --[PSYoungGen: 163923K->163923K(298496K)] 2793988K->2794004K(3029504K), 0.3415803 secs] [Times: user=1.23 sys=0.00, real=0.34 secs] 
1828.610: [Full GC (Allocation Failure) [PSYoungGen: 163923K->163849K(298496K)] [ParOldGen: 2630081K->2630065K(2731008K)] 2794004K->2793915K(3029504K), [Metaspace: 34888K->34888K(1081344K)], 0.3222358 secs] [Times: user=1.16 sys=0.00, real=0.32 secs] 
1828.970: [GC (Allocation Failure) --[PSYoungGen: 164046K->164046K(298496K)] 2794112K->2794112K(3029504K), 0.3227307 secs] [Times: user=1.24 sys=0.00, real=0.32 secs] 
1829.292: [Full GC (Ergonomics) [PSYoungGen: 164046K->163923K(298496K)] [ParOldGen: 2630065K->2630065K(2731008K)] 2794112K->2793988K(3029504K), [Metaspace: 34888K->34888K(1081344K)], 0.3635167 secs] [Times: user=1.21 sys=0.00, real=0.37 secs] 
1829.656: [GC (Allocation Failure) --[PSYoungGen: 163923K->163923K(298496K)] 2793988K->2794004K(3029504K), 0.2786294 secs] [Times: user=1.07 sys=0.00, real=0.27 secs] 
1829.935: [Full GC (Allocation Failure) [PSYoungGen: 163923K->163849K(298496K)] [ParOldGen: 2630081K->2630065K(2731008K)] 2794004K->2793915K(3029504K), [Metaspace: 34888K->34888K(1081344K)], 0.2921123 secs] [Times: user=1.04 sys=0.00, real=0.30 secs] 
1830.330: [GC (Allocation Failure) --[PSYoungGen: 164047K->164047K(298496K)] 2794113K->2794113K(3029504K), 0.3166536 secs] [Times: user=1.20 sys=0.00, real=0.32 secs] 
1830.646: [Full GC (Ergonomics) [PSYoungGen: 164047K->163923K(298496K)] [ParOldGen: 2630065K->2630065K(2731008K)] 2794113K->2793988K(3029504K), [Metaspace: 34888K->34888K(1081344K)], 0.2884303 secs] [Times: user=1.03 sys=0.00, real=0.28 secs] 
1830.935: [GC (Allocation Failure) --[PSYoungGen: 163923K->163923K(298496K)] 2793988K->2794012K(3029504K), 0.2727745 secs] [Times: user=1.05 sys=0.00, real=0.28 secs] 
1831.208: [Full GC (Allocation Failure) [PSYoungGen: 163923K->163849K(298496K)] [ParOldGen: 2630089K->2630066K(2731008K)] 2794012K->2793915K(3029504K), [Metaspace: 34888K->34888K(1081344K)], 0.2622228 secs] [Times: user=0.92 sys=0.00, real=0.26 secs] 
1831.529: [GC (Allocation Failure) --[PSYoungGen: 164044K->164044K(298496K)] 2794111K->2794111K(3029504K), 0.2742924 secs] [Times: user=1.05 sys=0.00, real=0.27 secs] 
1831.803: [Full GC (Ergonomics) [PSYoungGen: 164044K->163922K(298496K)] [ParOldGen: 2630066K->2630066K(2731008K)] 2794111K->2793988K(3029504K), [Metaspace: 34889K->34889K(1081344K)], 0.2521903 secs] [Times: user=0.89 sys=0.00, real=0.25 secs] 
1832.056: [GC (Allocation Failure) --[PSYoungGen: 163922K->163922K(298496K)] 2793988K->2794004K(3029504K), 0.2701477 secs] [Times: user=1.03 sys=0.00, real=0.28 secs] 
1832.326: [Full GC (Allocation Failure) [PSYoungGen: 163922K->163849K(298496K)] [ParOldGen: 2630082K->2630066K(2731008K)] 2794004K->2793915K(3029504K), [Metaspace: 34889K->34889K(1081344K)], 0.2530793 secs] [Times: user=0.90 sys=0.00, real=0.25 secs] 
1832.667: [GC (Allocation Failure) --[PSYoungGen: 164044K->164044K(298496K)] 2794110K->2794110K(3029504K), 0.2706158 secs] [Times: user=1.03 sys=0.00, real=0.27 secs] 
1832.938: [Full GC (Ergonomics) [PSYoungGen: 164044K->163922K(298496K)] [ParOldGen: 2630066K->2630066K(2731008K)] 2794110K->2793989K(3029504K), [Metaspace: 34889K->34889K(1081344K)], 0.2600623 secs] [Times: user=0.92 sys=0.00, real=0.26 secs] 
1833.198: [GC (Allocation Failure) --[PSYoungGen: 163922K->163922K(298496K)] 2793989K->2794005K(3029504K), 0.2728728 secs] [Times: user=1.05 sys=0.00, real=0.27 secs] 
1833.471: [Full GC (Allocation Failure) [PSYoungGen: 163922K->163849K(298496K)] [ParOldGen: 2630082K->2630066K(2731008K)] 2794005K->2793915K(3029504K), [Metaspace: 34889K->34889K(1081344K)], 0.2732394 secs] [Times: user=0.96 sys=0.00, real=0.28 secs] 
1833.820: [GC (Allocation Failure) --[PSYoungGen: 164044K->164044K(298496K)] 2794111K->2794111K(3029504K), 0.2991019 secs] [Times: user=1.13 sys=0.00, real=0.30 secs] 
1834.119: [Full GC (Ergonomics) [PSYoungGen: 164044K->163922K(298496K)] [ParOldGen: 2630066K->2630066K(2731008K)] 2794111K->2793988K(3029504K), [Metaspace: 34889K->34889K(1081344K)], 0.2784117 secs] [Times: user=1.00 sys=0.00, real=0.28 secs] 
1834.398: [GC (Allocation Failure) --[PSYoungGen: 163922K->163922K(298496K)] 2793988K->2793996K(3029504K), 0.2855495 secs] [Times: user=1.09 sys=0.00, real=0.28 secs] 
1834.684: [Full GC (Allocation Failure) [PSYoungGen: 163922K->163849K(298496K)] [ParOldGen: 2630074K->2630066K(2731008K)] 2793996K->2793915K(3029504K), [Metaspace: 34889K->34889K(1081344K)], 0.2671394 secs] [Times: user=0.94 sys=0.00, real=0.27 secs] 
1835.035: [GC (Allocation Failure) --[PSYoungGen: 164044K->164044K(298496K)] 2794111K->2794111K(3029504K), 0.2953866 secs] [Times: user=1.13 sys=0.00, real=0.30 secs] 
1835.330: [Full GC (Ergonomics) [PSYoungGen: 164044K->163922K(298496K)] [ParOldGen: 2630066K->2630066K(2731008K)] 2794111K->2793988K(3029504K), [Metaspace: 34889K->34889K(1081344K)], 0.2539982 secs] [Times: user=0.88 sys=0.00, real=0.26 secs] 
1835.584: [GC (Allocation Failure) --[PSYoungGen: 163922K->163922K(298496K)] 2793988K->2794004K(3029504K), 0.2852867 secs] [Times: user=1.09 sys=0.00, real=0.28 secs] 
1835.870: [Full GC (Allocation Failure) [PSYoungGen: 163922K->163849K(298496K)] [ParOldGen: 2630082K->2630066K(2731008K)] 2794004K->2793915K(3029504K), [Metaspace: 34889K->34889K(1081344K)], 0.2777450 secs] [Times: user=0.99 sys=0.00, real=0.28 secs] 
1836.234: [GC (Allocation Failure) --[PSYoungGen: 164044K->164044K(298496K)] 2794111K->2794111K(3029504K), 0.2804874 secs] [Times: user=1.07 sys=0.00, real=0.28 secs] 
1836.515: [Full GC (Ergonomics) [PSYoungGen: 164044K->163922K(298496K)] [ParOldGen: 2630066K->2630066K(2731008K)] 2794111K->2793988K(3029504K), [Metaspace: 34889K->34889K(1081344K)], 0.3372048 secs] [Times: user=1.21 sys=0.00, real=0.34 secs] 
1836.852: [GC (Allocation Failure) --[PSYoungGen: 163922K->163922K(298496K)] 2793988K->2794004K(3029504K), 0.3064468 secs] [Times: user=1.17 sys=0.00, real=0.31 secs] 
1837.159: [Full GC (Allocation Failure) [PSYoungGen: 163922K->163849K(298496K)] [ParOldGen: 2630082K->2630066K(2731008K)] 2794004K->2793915K(3029504K), [Metaspace: 34889K->34889K(1081344K)], 0.2733106 secs] [Times: user=0.97 sys=0.00, real=0.27 secs] 
1837.541: [GC (Allocation Failure) --[PSYoungGen: 164044K->164044K(298496K)] 2794111K->2794111K(3029504K), 0.2820499 secs] [Times: user=1.07 sys=0.00, real=0.28 secs] 
1837.823: [Full GC (Ergonomics) [PSYoungGen: 164044K->163922K(298496K)] [ParOldGen: 2630066K->2630066K(2731008K)] 2794111K->2793988K(3029504K), [Metaspace: 34889K->34889K(1081344K)], 0.2554497 secs] [Times: user=0.91 sys=0.00, real=0.26 secs] 
1838.079: [GC (Allocation Failure) --[PSYoungGen: 163922K->163922K(298496K)] 2793988K->2794004K(3029504K), 0.2726673 secs] [Times: user=1.04 sys=0.00, real=0.27 secs] 
1838.351: [Full GC (Allocation Failure) [PSYoungGen: 163922K->163849K(298496K)] [ParOldGen: 2630082K->2630066K(2731008K)] 2794004K->2793915K(3029504K), [Metaspace: 34889K->34889K(1081344K)], 0.2537966 secs] [Times: user=0.89 sys=0.00, real=0.26 secs] 
1838.695: [GC (Allocation Failure) --[PSYoungGen: 164046K->164046K(298496K)] 2794112K->2794112K(3029504K), 0.2708349 secs] [Times: user=1.04 sys=0.00, real=0.28 secs] 
1838.965: [Full GC (Ergonomics) [PSYoungGen: 164046K->163922K(298496K)] [ParOldGen: 2630066K->2630066K(2731008K)] 2794112K->2793988K(3029504K), [Metaspace: 34889K->34889K(1081344K)], 0.2599452 secs] [Times: user=0.92 sys=0.00, real=0.26 secs] 
1839.227: [GC (Allocation Failure) --[PSYoungGen: 163922K->163922K(298496K)] 2793988K->2793996K(3029504K), 0.2905979 secs] [Times: user=1.06 sys=0.00, real=0.29 secs] 
1839.518: [Full GC (Allocation Failure) [PSYoungGen: 163922K->163849K(298496K)] [ParOldGen: 2630074K->2630066K(2731008K)] 2793996K->2793915K(3029504K), [Metaspace: 34889K->34889K(1081344K)], 0.2670263 secs] [Times: user=0.95 sys=0.00, real=0.27 secs] 
1839.878: [GC (Allocation Failure) --[PSYoungGen: 164044K->164044K(298496K)] 2794111K->2794111K(3029504K), 0.2717818 secs] [Times: user=1.05 sys=0.00, real=0.27 secs] 
1840.150: [Full GC (Ergonomics) [PSYoungGen: 164044K->163922K(298496K)] [ParOldGen: 2630066K->2630066K(2731008K)] 2794111K->2793988K(3029504K), [Metaspace: 34889K->34889K(1081344K)], 0.2527012 secs] [Times: user=0.89 sys=0.00, real=0.25 secs] 
1840.403: [GC (Allocation Failure) --[PSYoungGen: 163922K->163922K(298496K)] 2793988K->2793996K(3029504K), 0.2734848 secs] [Times: user=1.05 sys=0.00, real=0.28 secs] 
1840.676: [Full GC (Allocation Failure) [PSYoungGen: 163922K->163849K(298496K)] [ParOldGen: 2630074K->2630066K(2731008K)] 2793996K->2793915K(3029504K), [Metaspace: 34889K->34889K(1081344K)], 0.2540807 secs] [Times: user=0.90 sys=0.00, real=0.25 secs] 
1841.016: [GC (Allocation Failure) --[PSYoungGen: 164044K->164044K(298496K)] 2794111K->2794111K(3029504K), 0.2957988 secs] [Times: user=1.13 sys=0.00, real=0.29 secs] 
1841.312: [Full GC (Ergonomics) [PSYoungGen: 164044K->163922K(298496K)] [ParOldGen: 2630066K->2630066K(2731008K)] 2794111K->2793988K(3029504K), [Metaspace: 34889K->34889K(1081344K)], 0.2565249 secs] [Times: user=0.90 sys=0.00, real=0.26 secs] 
1841.569: [GC (Allocation Failure) --[PSYoungGen: 163922K->163922K(298496K)] 2793988K->2793996K(3029504K), 0.2739180 secs] [Times: user=1.05 sys=0.00, real=0.27 secs] 
1841.843: [Full GC (Allocation Failure) [PSYoungGen: 163922K->163849K(298496K)] [ParOldGen: 2630074K->2630066K(2731008K)] 2793996K->2793915K(3029504K), [Metaspace: 34889K->34889K(1081344K)], 0.2678107 secs] [Times: user=0.90 sys=0.00, real=0.27 secs] 
1842.200: [GC (Allocation Failure) --[PSYoungGen: 164045K->164045K(298496K)] 2794111K->2794111K(3029504K), 0.2789540 secs] [Times: user=1.06 sys=0.00, real=0.28 secs] 
1842.479: [Full GC (Ergonomics) [PSYoungGen: 164045K->163922K(298496K)] [ParOldGen: 2630066K->2630066K(2731008K)] 2794111K->2793989K(3029504K), [Metaspace: 34889K->34889K(1081344K)], 0.2529927 secs] [Times: user=0.90 sys=0.00, real=0.25 secs] 
1842.732: [GC (Allocation Failure) --[PSYoungGen: 163922K->163922K(298496K)] 2793989K->2793997K(3029504K), 0.2742706 secs] [Times: user=1.05 sys=0.00, real=0.28 secs] 
1843.007: [Full GC (Allocation Failure) [PSYoungGen: 163922K->163849K(298496K)] [ParOldGen: 2630074K->2630066K(2731008K)] 2793997K->2793915K(3029504K), [Metaspace: 34889K->34889K(1081344K)], 0.2543718 secs] [Times: user=0.90 sys=0.00, real=0.25 secs] 
1843.353: [GC (Allocation Failure) --[PSYoungGen: 164044K->164044K(298496K)] 2794111K->2794111K(3029504K), 0.2706795 secs] [Times: user=1.04 sys=0.00, real=0.28 secs] 
1843.624: [Full GC (Ergonomics) [PSYoungGen: 164044K->163922K(298496K)] [ParOldGen: 2630066K->2630066K(2731008K)] 2794111K->2793989K(3029504K), [Metaspace: 34889K->34889K(1081344K)], 0.2576034 secs] [Times: user=0.91 sys=0.00, real=0.25 secs] 
1843.881: [GC (Allocation Failure) --[PSYoungGen: 163922K->163922K(298496K)] 2793989K->2794005K(3029504K), 0.2742721 secs] [Times: user=1.04 sys=0.00, real=0.28 secs] 
1844.156: [Full GC (Allocation Failure) [PSYoungGen: 163922K->163849K(298496K)] [ParOldGen: 2630082K->2630066K(2731008K)] 2794005K->2793915K(3029504K), [Metaspace: 34889K->34889K(1081344K)], 0.2535902 secs] [Times: user=0.90 sys=0.00, real=0.25 secs] 
1844.475: [GC (Allocation Failure) --[PSYoungGen: 164048K->164048K(298496K)] 2794114K->2794122K(3029504K), 0.2875146 secs] [Times: user=1.10 sys=0.00, real=0.29 secs] 
1844.763: [Full GC (Ergonomics) [PSYoungGen: 164048K->163922K(298496K)] [ParOldGen: 2630074K->2630066K(2731008K)] 2794122K->2793989K(3029504K), [Metaspace: 34889K->34889K(1081344K)], 0.2582647 secs] [Times: user=0.92 sys=0.00, real=0.26 secs] 
1845.022: [GC (Allocation Failure) --[PSYoungGen: 163922K->163922K(298496K)] 2793989K->2794005K(3029504K), 0.2712186 secs] [Times: user=1.03 sys=0.00, real=0.27 secs] 
1845.293: [Full GC (Allocation Failure) [PSYoungGen: 163922K->163849K(298496K)] [ParOldGen: 2630082K->2630066K(2731008K)] 2794005K->2793915K(3029504K), [Metaspace: 34889K->34889K(1081344K)], 0.2539419 secs] [Times: user=0.90 sys=0.00, real=0.26 secs] 
1845.629: [GC (Allocation Failure) --[PSYoungGen: 164047K->164047K(298496K)] 2794113K->2794121K(3029504K), 0.2863384 secs] [Times: user=1.08 sys=0.00, real=0.28 secs] 
1845.915: [Full GC (Ergonomics) [PSYoungGen: 164047K->163923K(298496K)] [ParOldGen: 2630074K->2630066K(2731008K)] 2794121K->2793989K(3029504K), [Metaspace: 34889K->34889K(1081344K)], 0.2534082 secs] [Times: user=0.90 sys=0.00, real=0.26 secs] 
1846.169: [GC (Allocation Failure) --[PSYoungGen: 163923K->163923K(298496K)] 2793989K->2793997K(3029504K), 0.2740476 secs] [Times: user=1.05 sys=0.00, real=0.27 secs] 
1846.443: [Full GC (Allocation Failure) [PSYoungGen: 163923K->163849K(298496K)] [ParOldGen: 2630074K->2630066K(2731008K)] 2793997K->2793915K(3029504K), [Metaspace: 34889K->34889K(1081344K)], 0.2531028 secs] [Times: user=0.89 sys=0.00, real=0.26 secs] 
1846.782: [GC (Allocation Failure) --[PSYoungGen: 164047K->164047K(298496K)] 2794113K->2794121K(3029504K), 0.2692023 secs] [Times: user=1.03 sys=0.00, real=0.27 secs] 
1847.051: [Full GC (Ergonomics) [PSYoungGen: 164047K->163923K(298496K)] [ParOldGen: 2630074K->2630066K(2731008K)] 2794121K->2793990K(3029504K), [Metaspace: 34899K->34899K(1081344K)], 0.2545894 secs] [Times: user=0.89 sys=0.00, real=0.26 secs] 
1847.306: [GC (Allocation Failure) --[PSYoungGen: 163923K->163923K(298496K)] 2793990K->2793998K(3029504K), 0.2736237 secs] [Times: user=1.04 sys=0.00, real=0.27 secs] 
1847.580: [Full GC (Allocation Failure) [PSYoungGen: 163923K->163850K(298496K)] [ParOldGen: 2630074K->2630066K(2731008K)] 2793998K->2793916K(3029504K), [Metaspace: 34899K->34899K(1081344K)], 0.2538318 secs] [Times: user=0.90 sys=0.00, real=0.25 secs] 
1847.920: [GC (Allocation Failure) --[PSYoungGen: 164045K->164045K(298496K)] 2794112K->2794112K(3029504K), 0.3020221 secs] [Times: user=1.14 sys=0.00, real=0.30 secs] 
1848.222: [Full GC (Ergonomics) [PSYoungGen: 164045K->163923K(298496K)] [ParOldGen: 2630066K->2630066K(2731008K)] 2794112K->2793990K(3029504K), [Metaspace: 34899K->34899K(1081344K)], 0.2606106 secs] [Times: user=0.91 sys=0.00, real=0.26 secs] 
1848.482: [GC (Allocation Failure) --[PSYoungGen: 163923K->163923K(298496K)] 2793990K->2794014K(3029504K), 0.2717168 secs] [Times: user=1.03 sys=0.00, real=0.27 secs] 
1848.754: [Full GC (Allocation Failure) [PSYoungGen: 163923K->163849K(298496K)] [ParOldGen: 2630090K->2630066K(2731008K)] 2794014K->2793916K(3029504K), [Metaspace: 34899K->34899K(1081344K)], 0.2559428 secs] [Times: user=0.91 sys=0.00, real=0.26 secs] 
1849.104: [GC (Allocation Failure) --[PSYoungGen: 164045K->164045K(298496K)] 2794112K->2794112K(3029504K), 0.2914157 secs] [Times: user=1.08 sys=0.00, real=0.28 secs] 
1849.395: [Full GC (Ergonomics) [PSYoungGen: 164045K->163923K(298496K)] [ParOldGen: 2630066K->2630066K(2731008K)] 2794112K->2793990K(3029504K), [Metaspace: 34899K->34899K(1081344K)], 0.2679951 secs] [Times: user=0.94 sys=0.00, real=0.27 secs] 
1849.664: [GC (Allocation Failure) --[PSYoungGen: 163923K->163923K(298496K)] 2793990K->2794014K(3029504K), 0.2769299 secs] [Times: user=1.06 sys=0.00, real=0.28 secs] 
1849.941: [Full GC (Allocation Failure) [PSYoungGen: 163923K->163849K(298496K)] [ParOldGen: 2630090K->2630066K(2731008K)] 2794014K->2793916K(3029504K), [Metaspace: 34899K->34899K(1081344K)], 0.2539737 secs] [Times: user=0.90 sys=0.00, real=0.25 secs] 
1850.272: [GC (Allocation Failure) --[PSYoungGen: 164047K->164047K(298496K)] 2794114K->2794114K(3029504K), 0.2746380 secs] [Times: user=1.04 sys=0.00, real=0.28 secs] 
1850.547: [Full GC (Ergonomics) [PSYoungGen: 164047K->163923K(298496K)] [ParOldGen: 2630066K->2630066K(2731008K)] 2794114K->2793990K(3029504K), [Metaspace: 34899K->34899K(1081344K)], 0.2526494 secs] [Times: user=0.90 sys=0.00, real=0.25 secs] 
1850.800: [GC (Allocation Failure) --[PSYoungGen: 163923K->163923K(298496K)] 2793990K->2794006K(3029504K), 0.2714387 secs] [Times: user=1.03 sys=0.00, real=0.27 secs] 
1851.071: [Full GC (Allocation Failure) [PSYoungGen: 163923K->163849K(298496K)] [ParOldGen: 2630082K->2630067K(2731008K)] 2794006K->2793916K(3029504K), [Metaspace: 34899K->34899K(1081344K)], 0.2535698 secs] [Times: user=0.90 sys=0.00, real=0.26 secs] 
1851.394: [GC (Allocation Failure) --[PSYoungGen: 164044K->164044K(298496K)] 2794112K->2794112K(3029504K), 0.3027463 secs] [Times: user=1.14 sys=0.00, real=0.31 secs] 
1851.697: [Full GC (Ergonomics) [PSYoungGen: 164044K->163922K(298496K)] [ParOldGen: 2630067K->2630067K(2731008K)] 2794112K->2793990K(3029504K), [Metaspace: 34899K->34899K(1081344K)], 0.2608657 secs] [Times: user=0.91 sys=0.00, real=0.26 secs] 
1851.958: [GC (Allocation Failure) --[PSYoungGen: 163922K->163922K(298496K)] 2793990K->2794006K(3029504K), 0.2722573 secs] [Times: user=1.04 sys=0.00, real=0.27 secs] 
1852.231: [Full GC (Allocation Failure) [PSYoungGen: 163922K->163849K(298496K)] [ParOldGen: 2630083K->2630067K(2731008K)] 2794006K->2793916K(3029504K), [Metaspace: 34899K->34899K(1081344K)], 0.2561807 secs] [Times: user=0.91 sys=0.00, real=0.26 secs] 
1852.581: [GC (Allocation Failure) --[PSYoungGen: 164044K->164044K(298496K)] 2794112K->2794112K(3029504K), 0.2778815 secs] [Times: user=1.05 sys=0.00, real=0.28 secs] 
1852.859: [Full GC (Ergonomics) [PSYoungGen: 164044K->163922K(298496K)] [ParOldGen: 2630067K->2630067K(2731008K)] 2794112K->2793990K(3029504K), [Metaspace: 34899K->34899K(1081344K)], 0.2531339 secs] [Times: user=0.89 sys=0.00, real=0.25 secs] 
1853.112: [GC (Allocation Failure) --[PSYoungGen: 163922K->163922K(298496K)] 2793990K->2794006K(3029504K), 0.2695877 secs] [Times: user=1.04 sys=0.00, real=0.27 secs] 
1853.382: [Full GC (Allocation Failure) [PSYoungGen: 163922K->163849K(298496K)] [ParOldGen: 2630083K->2630067K(2731008K)] 2794006K->2793916K(3029504K), [Metaspace: 34899K->34899K(1081344K)], 0.2602349 secs] [Times: user=0.90 sys=0.00, real=0.26 secs] 
1853.732: [GC (Allocation Failure) --[PSYoungGen: 164045K->164045K(298496K)] 2794112K->2794112K(3029504K), 0.2708105 secs] [Times: user=1.04 sys=0.00, real=0.27 secs] 
1854.002: [Full GC (Ergonomics) [PSYoungGen: 164045K->163922K(298496K)] [ParOldGen: 2630067K->2630067K(2731008K)] 2794112K->2793990K(3029504K), [Metaspace: 34899K->34899K(1081344K)], 0.2548261 secs] [Times: user=0.90 sys=0.00, real=0.26 secs] 
1854.257: [GC (Allocation Failure) --[PSYoungGen: 163922K->163922K(298496K)] 2793990K->2793998K(3029504K), 0.2734691 secs] [Times: user=1.04 sys=0.00, real=0.27 secs] 
1854.531: [Full GC (Allocation Failure) [PSYoungGen: 163922K->163849K(298496K)] [ParOldGen: 2630075K->2630067K(2731008K)] 2793998K->2793916K(3029504K), [Metaspace: 34899K->34899K(1081344K)], 0.2516940 secs] [Times: user=0.89 sys=0.00, real=0.25 secs] 
1854.870: [GC (Allocation Failure) --[PSYoungGen: 164044K->164044K(298496K)] 2794112K->2794112K(3029504K), 0.3100809 secs] [Times: user=1.15 sys=0.00, real=0.31 secs] 
1855.180: [Full GC (Ergonomics) [PSYoungGen: 164044K->163922K(298496K)] [ParOldGen: 2630067K->2630067K(2731008K)] 2794112K->2793990K(3029504K), [Metaspace: 34899K->34899K(1081344K)], 0.2560739 secs] [Times: user=0.90 sys=0.00, real=0.26 secs] 
1855.436: [GC (Allocation Failure) --[PSYoungGen: 163922K->163922K(298496K)] 2793990K->2793998K(3029504K), 0.2841278 secs] [Times: user=1.08 sys=0.00, real=0.28 secs] 
1855.720: [Full GC (Allocation Failure) [PSYoungGen: 163922K->163849K(298496K)] [ParOldGen: 2630075K->2630067K(2731008K)] 2793998K->2793916K(3029504K), [Metaspace: 34899K->34899K(1081344K)], 0.2592303 secs] [Times: user=0.91 sys=0.00, real=0.26 secs] 
1856.069: [GC (Allocation Failure) --[PSYoungGen: 164044K->164044K(298496K)] 2794112K->2794112K(3029504K), 0.2953108 secs] [Times: user=1.12 sys=0.00, real=0.30 secs] 
1856.364: [Full GC (Ergonomics) [PSYoungGen: 164044K->163922K(298496K)] [ParOldGen: 2630067K->2630067K(2731008K)] 2794112K->2793990K(3029504K), [Metaspace: 34899K->34899K(1081344K)], 0.2539806 secs] [Times: user=0.90 sys=0.00, real=0.25 secs] 
1856.618: [GC (Allocation Failure) --[PSYoungGen: 163922K->163922K(298496K)] 2793990K->2793998K(3029504K), 0.2718137 secs] [Times: user=1.03 sys=0.00, real=0.27 secs] 
1856.890: [Full GC (Allocation Failure) [PSYoungGen: 163922K->163849K(298496K)] [ParOldGen: 2630075K->2630067K(2731008K)] 2793998K->2793916K(3029504K), [Metaspace: 34899K->34899K(1081344K)], 0.2549737 secs] [Times: user=0.90 sys=0.00, real=0.26 secs] 
1857.207: [GC (Allocation Failure) --[PSYoungGen: 164044K->164044K(298496K)] 2794112K->2794112K(3029504K), 0.2730468 secs] [Times: user=1.05 sys=0.00, real=0.27 secs] 
1857.480: [Full GC (Ergonomics) [PSYoungGen: 164044K->163922K(298496K)] [ParOldGen: 2630067K->2630067K(2731008K)] 2794112K->2793990K(3029504K), [Metaspace: 34899K->34899K(1081344K)], 0.2534366 secs] [Times: user=0.89 sys=0.00, real=0.25 secs] 
1857.734: [GC (Allocation Failure) --[PSYoungGen: 163922K->163922K(298496K)] 2793990K->2793998K(3029504K), 0.2731473 secs] [Times: user=1.04 sys=0.00, real=0.28 secs] 
1858.007: [Full GC (Allocation Failure) [PSYoungGen: 163922K->163849K(298496K)] [ParOldGen: 2630075K->2630067K(2731008K)] 2793998K->2793916K(3029504K), [Metaspace: 34899K->34899K(1081344K)], 0.2542212 secs] [Times: user=0.90 sys=0.00, real=0.25 secs] 
1858.360: [GC (Allocation Failure) --[PSYoungGen: 164044K->164044K(298496K)] 2794112K->2794112K(3029504K), 0.2981009 secs] [Times: user=1.13 sys=0.00, real=0.30 secs] 
1858.658: [Full GC (Ergonomics) [PSYoungGen: 164044K->163922K(298496K)] [ParOldGen: 2630067K->2630067K(2731008K)] 2794112K->2793990K(3029504K), [Metaspace: 34899K->34899K(1081344K)], 0.2702962 secs] [Times: user=0.94 sys=0.00, real=0.27 secs] 
1858.929: [GC (Allocation Failure) --[PSYoungGen: 163922K->163922K(298496K)] 2793990K->2794006K(3029504K), 0.2747060 secs] [Times: user=1.05 sys=0.00, real=0.27 secs] 
1859.203: [Full GC (Allocation Failure) [PSYoungGen: 163922K->163849K(298496K)] [ParOldGen: 2630083K->2630067K(2731008K)] 2794006K->2793916K(3029504K), [Metaspace: 34899K->34899K(1081344K)], 0.2537787 secs] [Times: user=0.89 sys=0.00, real=0.26 secs] 
1859.544: [GC (Allocation Failure) --[PSYoungGen: 164044K->164044K(298496K)] 2794112K->2794112K(3029504K), 0.2784258 secs] [Times: user=1.06 sys=0.00, real=0.27 secs] 
1859.823: [Full GC (Ergonomics) [PSYoungGen: 164044K->163922K(298496K)] [ParOldGen: 2630067K->2630067K(2731008K)] 2794112K->2793990K(3029504K), [Metaspace: 34899K->34899K(1081344K)], 0.2544150 secs] [Times: user=0.90 sys=0.00, real=0.26 secs] 
1860.077: [GC (Allocation Failure) --[PSYoungGen: 163922K->163922K(298496K)] 2793990K->2793998K(3029504K), 0.2735985 secs] [Times: user=1.04 sys=0.00, real=0.27 secs] 
1860.351: [Full GC (Allocation Failure) [PSYoungGen: 163922K->163849K(298496K)] [ParOldGen: 2630075K->2630067K(2731008K)] 2793998K->2793916K(3029504K), [Metaspace: 34899K->34899K(1081344K)], 0.2538423 secs] [Times: user=0.90 sys=0.00, real=0.26 secs] 
1860.697: [GC (Allocation Failure) --[PSYoungGen: 164044K->164044K(298496K)] 2794112K->2794112K(3029504K), 0.2718668 secs] [Times: user=1.04 sys=0.00, real=0.27 secs] 
1860.969: [Full GC (Ergonomics) [PSYoungGen: 164044K->163922K(298496K)] [ParOldGen: 2630067K->2630067K(2731008K)] 2794112K->2793990K(3029504K), [Metaspace: 34899K->34899K(1081344K)], 0.2525761 secs] [Times: user=0.90 sys=0.00, real=0.25 secs] 
1861.222: [GC (Allocation Failure) --[PSYoungGen: 163922K->163922K(298496K)] 2793990K->2794006K(3029504K), 0.2737562 secs] [Times: user=1.04 sys=0.00, real=0.28 secs] 
1861.496: [Full GC (Allocation Failure) [PSYoungGen: 163922K->163849K(298496K)] [ParOldGen: 2630083K->2630067K(2731008K)] 2794006K->2793916K(3029504K), [Metaspace: 34899K->34899K(1081344K)], 0.2513387 secs] [Times: user=0.89 sys=0.00, real=0.25 secs] 
1861.835: [GC (Allocation Failure) --[PSYoungGen: 164046K->164046K(298496K)] 2794114K->2794114K(3029504K), 0.2876495 secs] [Times: user=1.10 sys=0.00, real=0.29 secs] 
1862.123: [Full GC (Ergonomics) [PSYoungGen: 164046K->163922K(298496K)] [ParOldGen: 2630067K->2630067K(2731008K)] 2794114K->2793990K(3029504K), [Metaspace: 34899K->34899K(1081344K)], 0.2545126 secs] [Times: user=0.90 sys=0.00, real=0.26 secs] 
1862.377: [GC (Allocation Failure) --[PSYoungGen: 163922K->163922K(298496K)] 2793990K->2794006K(3029504K), 0.2733878 secs] [Times: user=1.04 sys=0.00, real=0.27 secs] 
1862.651: [Full GC (Allocation Failure) [PSYoungGen: 163922K->163849K(298496K)] [ParOldGen: 2630083K->2630067K(2731008K)] 2794006K->2793916K(3029504K), [Metaspace: 34899K->34899K(1081344K)], 0.2544365 secs] [Times: user=0.90 sys=0.00, real=0.26 secs] 
1863.003: [GC (Allocation Failure) --[PSYoungGen: 164046K->164046K(298496K)] 2794114K->2794114K(3029504K), 0.2708068 secs] [Times: user=1.04 sys=0.00, real=0.27 secs] 
1863.274: [Full GC (Ergonomics) [PSYoungGen: 164046K->163923K(298496K)] [ParOldGen: 2630067K->2630067K(2731008K)] 2794114K->2793990K(3029504K), [Metaspace: 34899K->34899K(1081344K)], 0.2517815 secs] [Times: user=0.89 sys=0.00, real=0.26 secs] 
1863.526: [GC (Allocation Failure) --[PSYoungGen: 163923K->163923K(298496K)] 2793990K->2793998K(3029504K), 0.2716563 secs] [Times: user=1.04 sys=0.00, real=0.27 secs] 
1863.798: [Full GC (Allocation Failure) [PSYoungGen: 163923K->163849K(298496K)] [ParOldGen: 2630075K->2630067K(2731008K)] 2793998K->2793917K(3029504K), [Metaspace: 34899K->34899K(1081344K)], 0.2524131 secs] [Times: user=0.89 sys=0.00, real=0.25 secs] 
1864.157: [GC (Allocation Failure) --[PSYoungGen: 164045K->164045K(298496K)] 2794112K->2794112K(3029504K), 0.2708276 secs] [Times: user=1.04 sys=0.00, real=0.27 secs] 
1864.428: [Full GC (Ergonomics) [PSYoungGen: 164045K->163923K(298496K)] [ParOldGen: 2630067K->2630067K(2731008K)] 2794112K->2793990K(3029504K), [Metaspace: 34899K->34899K(1081344K)], 0.2515492 secs] [Times: user=0.89 sys=0.00, real=0.25 secs] 
1864.679: [GC (Allocation Failure) --[PSYoungGen: 163923K->163923K(298496K)] 2793990K->2794006K(3029504K), 0.2754301 secs] [Times: user=1.05 sys=0.00, real=0.27 secs] 
1864.955: [Full GC (Allocation Failure) [PSYoungGen: 163923K->163849K(298496K)] [ParOldGen: 2630083K->2630067K(2731008K)] 2794006K->2793917K(3029504K), [Metaspace: 34899K->34899K(1081344K)], 0.2559224 secs] [Times: user=0.89 sys=0.00, real=0.26 secs] 
1865.295: [GC (Allocation Failure) --[PSYoungGen: 164044K->164044K(298496K)] 2794112K->2794112K(3029504K), 0.2847662 secs] [Times: user=1.09 sys=0.00, real=0.29 secs] 
1865.579: [Full GC (Ergonomics) [PSYoungGen: 164044K->163923K(298496K)] [ParOldGen: 2630067K->2630067K(2731008K)] 2794112K->2793990K(3029504K), [Metaspace: 34899K->34899K(1081344K)], 0.2711893 secs] [Times: user=0.95 sys=0.00, real=0.27 secs] 
1865.851: [GC (Allocation Failure) --[PSYoungGen: 163923K->163923K(298496K)] 2793990K->2794006K(3029504K), 0.2764700 secs] [Times: user=1.06 sys=0.00, real=0.28 secs] 
1866.127: [Full GC (Allocation Failure) [PSYoungGen: 163923K->163849K(298496K)] [ParOldGen: 2630083K->2630067K(2731008K)] 2794006K->2793917K(3029504K), [Metaspace: 34899K->34899K(1081344K)], 0.2662276 secs] [Times: user=0.93 sys=0.00, real=0.26 secs] 
1866.463: [GC (Allocation Failure) --[PSYoungGen: 164045K->164045K(298496K)] 2794112K->2794112K(3029504K), 0.2784202 secs] [Times: user=1.05 sys=0.00, real=0.28 secs] 
1866.742: [Full GC (Ergonomics) [PSYoungGen: 164045K->163923K(298496K)] [ParOldGen: 2630067K->2630067K(2731008K)] 2794112K->2793990K(3029504K), [Metaspace: 34899K->34899K(1081344K)], 0.3078413 secs] [Times: user=1.03 sys=0.00, real=0.31 secs] 
1867.050: [GC (Allocation Failure) --[PSYoungGen: 163923K->163923K(298496K)] 2793990K->2794006K(3029504K), 0.2723488 secs] [Times: user=1.03 sys=0.00, real=0.27 secs] 
1867.322: [Full GC (Allocation Failure) [PSYoungGen: 163923K->163849K(298496K)] [ParOldGen: 2630083K->2630068K(2731008K)] 2794006K->2793917K(3029504K), [Metaspace: 34899K->34899K(1081344K)], 0.2955773 secs] [Times: user=0.99 sys=0.00, real=0.30 secs] 
1867.678: [GC (Allocation Failure) --[PSYoungGen: 164044K->164044K(298496K)] 2794112K->2794112K(3029504K), 0.2754910 secs] [Times: user=1.05 sys=0.00, real=0.27 secs] 
1867.953: [Full GC (Ergonomics) [PSYoungGen: 164044K->163922K(298496K)] [ParOldGen: 2630068K->2630067K(2731008K)] 2794112K->2793990K(3029504K), [Metaspace: 34899K->34899K(1081344K)], 0.2615252 secs] [Times: user=0.91 sys=0.00, real=0.26 secs] 
1868.215: [GC (Allocation Failure) --[PSYoungGen: 163922K->163922K(298496K)] 2793990K->2793998K(3029504K), 0.2708549 secs] [Times: user=1.03 sys=0.00, real=0.28 secs] 
1868.486: [Full GC (Allocation Failure) [PSYoungGen: 163922K->163849K(298496K)] [ParOldGen: 2630075K->2630068K(2731008K)] 2793998K->2793917K(3029504K), [Metaspace: 34899K->34899K(1081344K)], 0.2539700 secs] [Times: user=0.90 sys=0.00, real=0.25 secs] 
1868.816: [GC (Allocation Failure) --[PSYoungGen: 164044K->164044K(298496K)] 2794112K->2794112K(3029504K), 0.2908383 secs] [Times: user=1.11 sys=0.00, real=0.30 secs] 
1869.107: [Full GC (Ergonomics) [PSYoungGen: 164044K->163922K(298496K)] [ParOldGen: 2630068K->2630067K(2731008K)] 2794112K->2793990K(3029504K), [Metaspace: 34899K->34899K(1081344K)], 0.2536469 secs] [Times: user=0.90 sys=0.00, real=0.25 secs] 
1869.360: [GC (Allocation Failure) --[PSYoungGen: 163922K->163922K(298496K)] 2793990K->2794006K(3029504K), 0.2830104 secs] [Times: user=1.08 sys=0.00, real=0.28 secs] 
1869.643: [Full GC (Allocation Failure) [PSYoungGen: 163922K->163849K(298496K)] [ParOldGen: 2630083K->2630068K(2731008K)] 2794006K->2793917K(3029504K), [Metaspace: 34899K->34899K(1081344K)], 0.2541757 secs] [Times: user=0.89 sys=0.00, real=0.26 secs] 
1869.969: [GC (Allocation Failure) --[PSYoungGen: 164044K->164044K(298496K)] 2794112K->2794112K(3029504K), 0.2710622 secs] [Times: user=1.03 sys=0.00, real=0.27 secs] 
1870.240: [Full GC (Ergonomics) [PSYoungGen: 164044K->163922K(298496K)] [ParOldGen: 2630068K->2630067K(2731008K)] 2794112K->2793990K(3029504K), [Metaspace: 34899K->34899K(1081344K)], 0.2542324 secs] [Times: user=0.90 sys=0.00, real=0.25 secs] 
1870.494: [GC (Allocation Failure) --[PSYoungGen: 163922K->163922K(298496K)] 2793990K->2794006K(3029504K), 0.2724745 secs] [Times: user=1.04 sys=0.00, real=0.28 secs] 
1870.767: [Full GC (Allocation Failure) [PSYoungGen: 163922K->163849K(298496K)] [ParOldGen: 2630083K->2630068K(2731008K)] 2794006K->2793917K(3029504K), [Metaspace: 34899K->34899K(1081344K)], 0.2541814 secs] [Times: user=0.90 sys=0.00, real=0.25 secs] 
1871.107: [GC (Allocation Failure) --[PSYoungGen: 164045K->164045K(298496K)] 2794113K->2794113K(3029504K), 0.2703314 secs] [Times: user=1.04 sys=0.00, real=0.27 secs] 
1871.377: [Full GC (Ergonomics) [PSYoungGen: 164045K->163922K(298496K)] [ParOldGen: 2630068K->2630067K(2731008K)] 2794113K->2793990K(3029504K), [Metaspace: 34899K->34899K(1081344K)], 0.2640640 secs] [Times: user=0.92 sys=0.00, real=0.26 secs] 
1871.641: [GC (Allocation Failure) --[PSYoungGen: 163922K->163922K(298496K)] 2793990K->2793998K(3029504K), 0.2728080 secs] [Times: user=1.04 sys=0.00, real=0.27 secs] 
1871.914: [Full GC (Allocation Failure) [PSYoungGen: 163922K->163849K(298496K)] [ParOldGen: 2630075K->2630068K(2731008K)] 2793998K->2793917K(3029504K), [Metaspace: 34899K->34899K(1081344K)], 0.2525959 secs] [Times: user=0.89 sys=0.00, real=0.26 secs] 
1872.260: [GC (Allocation Failure) --[PSYoungGen: 164044K->164044K(298496K)] 2794112K->2794112K(3029504K), 0.2846633 secs] [Times: user=1.09 sys=0.00, real=0.29 secs] 
1872.545: [Full GC (Ergonomics) [PSYoungGen: 164044K->163922K(298496K)] [ParOldGen: 2630068K->2630067K(2731008K)] 2794112K->2793990K(3029504K), [Metaspace: 34899K->34899K(1081344K)], 0.2622380 secs] [Times: user=0.93 sys=0.00, real=0.26 secs] 
1872.807: [GC (Allocation Failure) --[PSYoungGen: 163922K->163922K(298496K)] 2793990K->2794006K(3029504K), 0.2706163 secs] [Times: user=1.03 sys=0.00, real=0.27 secs] 
1873.078: [Full GC (Allocation Failure) [PSYoungGen: 163922K->163849K(298496K)] [ParOldGen: 2630083K->2630068K(2731008K)] 2794006K->2793917K(3029504K), [Metaspace: 34899K->34899K(1081344K)], 0.2544798 secs] [Times: user=0.90 sys=0.00, real=0.25 secs] 
1873.413: [GC (Allocation Failure) --[PSYoungGen: 164046K->164046K(298496K)] 2794114K->2794114K(3029504K), 0.2730958 secs] [Times: user=1.04 sys=0.00, real=0.28 secs] 
1873.686: [Full GC (Ergonomics) [PSYoungGen: 164046K->163922K(298496K)] [ParOldGen: 2630068K->2630067K(2731008K)] 2794114K->2793990K(3029504K), [Metaspace: 34899K->34899K(1081344K)], 0.2559955 secs] [Times: user=0.91 sys=0.00, real=0.25 secs] 
1873.942: [GC (Allocation Failure) --[PSYoungGen: 163922K->163922K(298496K)] 2793990K->2794006K(3029504K), 0.2701039 secs] [Times: user=1.03 sys=0.00, real=0.27 secs] 
1874.213: [Full GC (Allocation Failure) [PSYoungGen: 163922K->163849K(298496K)] [ParOldGen: 2630083K->2630068K(2731008K)] 2794006K->2793917K(3029504K), [Metaspace: 34899K->34899K(1081344K)], 0.2526492 secs] [Times: user=0.89 sys=0.00, real=0.26 secs] 
1874.551: [GC (Allocation Failure) --[PSYoungGen: 164044K->164044K(298496K)] 2794113K->2794113K(3029504K), 0.2709087 secs] [Times: user=1.04 sys=0.00, real=0.27 secs] 
1874.822: [Full GC (Ergonomics) [PSYoungGen: 164044K->163922K(298496K)] [ParOldGen: 2630068K->2630067K(2731008K)] 2794113K->2793990K(3029504K), [Metaspace: 34899K->34899K(1081344K)], 0.2537763 secs] [Times: user=0.90 sys=0.00, real=0.26 secs] 
1875.076: [GC (Allocation Failure) --[PSYoungGen: 163922K->163922K(298496K)] 2793990K->2794006K(3029504K), 0.2747969 secs] [Times: user=1.05 sys=0.00, real=0.27 secs] 
1875.351: [Full GC (Allocation Failure) [PSYoungGen: 163922K->163849K(298496K)] [ParOldGen: 2630083K->2630068K(2731008K)] 2794006K->2793917K(3029504K), [Metaspace: 34899K->34899K(1081344K)], 0.2529586 secs] [Times: user=0.89 sys=0.00, real=0.26 secs] 
1875.689: [GC (Allocation Failure) --[PSYoungGen: 164044K->164044K(298496K)] 2794112K->2794112K(3029504K), 0.2887256 secs] [Times: user=1.10 sys=0.00, real=0.29 secs] 
1875.978: [Full GC (Ergonomics) [PSYoungGen: 164044K->163922K(298496K)] [ParOldGen: 2630068K->2630067K(2731008K)] 2794112K->2793990K(3029504K), [Metaspace: 34899K->34899K(1081344K)], 0.2551828 secs] [Times: user=0.90 sys=0.00, real=0.25 secs] 
1876.233: [GC (Allocation Failure) --[PSYoungGen: 163922K->163922K(298496K)] 2793990K->2794006K(3029504K), 0.2722652 secs] [Times: user=1.04 sys=0.00, real=0.28 secs] 
1876.505: [Full GC (Allocation Failure) [PSYoungGen: 163922K->163849K(298496K)] [ParOldGen: 2630083K->2630068K(2731008K)] 2794006K->2793917K(3029504K), [Metaspace: 34899K->34899K(1081344K)], 0.2533896 secs] [Times: user=0.90 sys=0.00, real=0.25 secs] 
1876.857: [GC (Allocation Failure) --[PSYoungGen: 164044K->164044K(298496K)] 2794112K->2794112K(3029504K), 0.2701621 secs] [Times: user=1.04 sys=0.00, real=0.27 secs] 
1877.128: [Full GC (Ergonomics) [PSYoungGen: 164044K->163922K(298496K)] [ParOldGen: 2630068K->2630067K(2731008K)] 2794112K->2793990K(3029504K), [Metaspace: 34899K->34899K(1081344K)], 0.2543050 secs] [Times: user=0.89 sys=0.00, real=0.25 secs] 
1877.382: [GC (Allocation Failure) --[PSYoungGen: 163922K->163922K(298496K)] 2793990K->2793998K(3029504K), 0.2696743 secs] [Times: user=1.02 sys=0.00, real=0.27 secs] 
1877.652: [Full GC (Allocation Failure) [PSYoungGen: 163922K->163849K(298496K)] [ParOldGen: 2630075K->2630068K(2731008K)] 2793998K->2793917K(3029504K), [Metaspace: 34899K->34899K(1081344K)], 0.2535936 secs] [Times: user=0.90 sys=0.00, real=0.26 secs] 
1877.980: [GC (Allocation Failure) --[PSYoungGen: 164044K->164044K(298496K)] 2794112K->2794112K(3029504K), 0.2721084 secs] [Times: user=1.05 sys=0.00, real=0.27 secs] 
1878.252: [Full GC (Ergonomics) [PSYoungGen: 164044K->163922K(298496K)] [ParOldGen: 2630068K->2630067K(2731008K)] 2794112K->2793990K(3029504K), [Metaspace: 34899K->34899K(1081344K)], 0.2541311 secs] [Times: user=0.89 sys=0.00, real=0.26 secs] 
1878.506: [GC (Allocation Failure) --[PSYoungGen: 163922K->163922K(298496K)] 2793990K->2793998K(3029504K), 0.2723005 secs] [Times: user=1.05 sys=0.00, real=0.27 secs] 
1878.779: [Full GC (Allocation Failure) [PSYoungGen: 163922K->163849K(298496K)] [ParOldGen: 2630075K->2630068K(2731008K)] 2793998K->2793917K(3029504K), [Metaspace: 34899K->34899K(1081344K)], 0.2522251 secs] [Times: user=0.89 sys=0.00, real=0.25 secs] 
1879.118: [GC (Allocation Failure) --[PSYoungGen: 164044K->164044K(298496K)] 2794112K->2794112K(3029504K), 0.3121085 secs] [Times: user=1.17 sys=0.00, real=0.31 secs] 
1879.430: [Full GC (Ergonomics) [PSYoungGen: 164044K->163922K(298496K)] [ParOldGen: 2630068K->2630067K(2731008K)] 2794112K->2793990K(3029504K), [Metaspace: 34899K->34899K(1081344K)], 0.2725956 secs] [Times: user=0.96 sys=0.00, real=0.27 secs] 
1879.703: [GC (Allocation Failure) --[PSYoungGen: 163922K->163922K(298496K)] 2793990K->2793998K(3029504K), 0.2762607 secs] [Times: user=1.05 sys=0.00, real=0.28 secs] 
1879.979: [Full GC (Allocation Failure) [PSYoungGen: 163922K->163849K(298496K)] [ParOldGen: 2630075K->2630068K(2731008K)] 2793998K->2793917K(3029504K), [Metaspace: 34899K->34899K(1081344K)], 0.2544913 secs] [Times: user=0.90 sys=0.00, real=0.25 secs] 
1880.317: [GC (Allocation Failure) --[PSYoungGen: 164046K->164046K(298496K)] 2794114K->2794114K(3029504K), 0.2715459 secs] [Times: user=1.03 sys=0.00, real=0.27 secs] 
1880.589: [Full GC (Ergonomics) [PSYoungGen: 164046K->163922K(298496K)] [ParOldGen: 2630068K->2630067K(2731008K)] 2794114K->2793990K(3029504K), [Metaspace: 34899K->34899K(1081344K)], 0.2620558 secs] [Times: user=0.92 sys=0.00, real=0.26 secs] 
1880.851: [GC (Allocation Failure) --[PSYoungGen: 163922K->163922K(298496K)] 2793990K->2794006K(3029504K), 0.2728375 secs] [Times: user=1.02 sys=0.00, real=0.27 secs] 
1881.124: [Full GC (Allocation Failure) [PSYoungGen: 163922K->163849K(298496K)] [ParOldGen: 2630083K->2630068K(2731008K)] 2794006K->2793917K(3029504K), [Metaspace: 34899K->34899K(1081344K)], 0.2548677 secs] [Times: user=0.88 sys=0.00, real=0.25 secs] 
1881.455: [GC (Allocation Failure) --[PSYoungGen: 164044K->164044K(298496K)] 2794112K->2794112K(3029504K), 0.2710891 secs] [Times: user=1.03 sys=0.00, real=0.28 secs] 
1881.726: [Full GC (Ergonomics) [PSYoungGen: 164044K->163922K(298496K)] [ParOldGen: 2630068K->2630067K(2731008K)] 2794112K->2793990K(3029504K), [Metaspace: 34899K->34899K(1081344K)], 0.2527752 secs] [Times: user=0.90 sys=0.00, real=0.25 secs] 
1881.979: [GC (Allocation Failure) --[PSYoungGen: 163922K->163922K(298496K)] 2793990K->2794006K(3029504K), 0.2710162 secs] [Times: user=1.03 sys=0.00, real=0.27 secs] 
1882.250: [Full GC (Allocation Failure) [PSYoungGen: 163922K->163849K(298496K)] [ParOldGen: 2630083K->2630068K(2731008K)] 2794006K->2793917K(3029504K), [Metaspace: 34899K->34899K(1081344K)], 0.2531889 secs] [Times: user=0.89 sys=0.00, real=0.25 secs] 
1882.593: [GC (Allocation Failure) --[PSYoungGen: 164044K->164044K(298496K)] 2794112K->2794112K(3029504K), 0.2929093 secs] [Times: user=1.11 sys=0.00, real=0.30 secs] 
1882.886: [Full GC (Ergonomics) [PSYoungGen: 164044K->163922K(298496K)] [ParOldGen: 2630068K->2630067K(2731008K)] 2794112K->2793990K(3029504K), [Metaspace: 34899K->34899K(1081344K)], 0.2561038 secs] [Times: user=0.90 sys=0.00, real=0.25 secs] 
1883.142: [GC (Allocation Failure) --[PSYoungGen: 163922K->163922K(298496K)] 2793990K->2794006K(3029504K), 0.2734452 secs] [Times: user=1.04 sys=0.00, real=0.27 secs] 
1883.415: [Full GC (Allocation Failure) [PSYoungGen: 163922K->163849K(298496K)] [ParOldGen: 2630083K->2630068K(2731008K)] 2794006K->2793917K(3029504K), [Metaspace: 34899K->34899K(1081344K)], 0.2543304 secs] [Times: user=0.90 sys=0.00, real=0.26 secs] 
1883.777: [GC (Allocation Failure) --[PSYoungGen: 164044K->164044K(298496K)] 2794112K->2794112K(3029504K), 0.2785247 secs] [Times: user=1.07 sys=0.00, real=0.27 secs] 
1884.055: [Full GC (Ergonomics) [PSYoungGen: 164044K->163922K(298496K)] [ParOldGen: 2630068K->2630067K(2731008K)] 2794112K->2793990K(3029504K), [Metaspace: 34899K->34899K(1081344K)], 0.2535685 secs] [Times: user=0.89 sys=0.00, real=0.26 secs] 
1884.309: [GC (Allocation Failure) --[PSYoungGen: 163922K->163922K(298496K)] 2793990K->2794006K(3029504K), 0.2732816 secs] [Times: user=1.03 sys=0.00, real=0.27 secs] 
1884.582: [Full GC (Allocation Failure) [PSYoungGen: 163922K->163849K(298496K)] [ParOldGen: 2630083K->2630068K(2731008K)] 2794006K->2793917K(3029504K), [Metaspace: 34899K->34899K(1081344K)], 0.2566128 secs] [Times: user=0.91 sys=0.00, real=0.26 secs] 
1884.930: [GC (Allocation Failure) --[PSYoungGen: 164044K->164044K(298496K)] 2794112K->2794112K(3029504K), 0.2714005 secs] [Times: user=1.04 sys=0.00, real=0.27 secs] 
1885.202: [Full GC (Ergonomics) [PSYoungGen: 164044K->163922K(298496K)] [ParOldGen: 2630068K->2630067K(2731008K)] 2794112K->2793990K(3029504K), [Metaspace: 34899K->34899K(1081344K)], 0.2525751 secs] [Times: user=0.89 sys=0.00, real=0.25 secs] 
1885.455: [GC (Allocation Failure) --[PSYoungGen: 163922K->163922K(298496K)] 2793990K->2794006K(3029504K), 0.2937983 secs] [Times: user=1.10 sys=0.00, real=0.30 secs] 
1885.748: [Full GC (Allocation Failure) [PSYoungGen: 163922K->163849K(298496K)] [ParOldGen: 2630083K->2630068K(2731008K)] 2794006K->2793917K(3029504K), [Metaspace: 34899K->34899K(1081344K)], 0.2558139 secs] [Times: user=0.91 sys=0.00, real=0.26 secs] 
1886.098: [GC (Allocation Failure) --[PSYoungGen: 164044K->164044K(298496K)] 2794113K->2794113K(3029504K), 0.3029410 secs] [Times: user=1.15 sys=0.00, real=0.30 secs] 
1886.401: [Full GC (Ergonomics) [PSYoungGen: 164044K->163922K(298496K)] [ParOldGen: 2630068K->2630067K(2731008K)] 2794113K->2793990K(3029504K), [Metaspace: 34899K->34899K(1081344K)], 0.2680431 secs] [Times: user=0.94 sys=0.00, real=0.27 secs] 
1886.669: [GC (Allocation Failure) --[PSYoungGen: 163922K->163922K(298496K)] 2793990K->2794006K(3029504K), 0.2729488 secs] [Times: user=1.04 sys=0.00, real=0.27 secs] 
1886.942: [Full GC (Allocation Failure) [PSYoungGen: 163922K->163849K(298496K)] [ParOldGen: 2630083K->2630068K(2731008K)] 2794006K->2793917K(3029504K), [Metaspace: 34899K->34899K(1081344K)], 0.2530410 secs] [Times: user=0.90 sys=0.00, real=0.25 secs] 
1887.269: [GC (Allocation Failure) --[PSYoungGen: 164044K->164044K(298496K)] 2794112K->2794112K(3029504K), 0.2737071 secs] [Times: user=1.03 sys=0.00, real=0.27 secs] 
1887.543: [Full GC (Ergonomics) [PSYoungGen: 164044K->163922K(298496K)] [ParOldGen: 2630068K->2630067K(2731008K)] 2794112K->2793990K(3029504K), [Metaspace: 34899K->34899K(1081344K)], 0.2582939 secs] [Times: user=0.92 sys=0.00, real=0.26 secs] 
1887.801: [GC (Allocation Failure) --[PSYoungGen: 163922K->163922K(298496K)] 2793990K->2793998K(3029504K), 0.2717413 secs] [Times: user=1.03 sys=0.00, real=0.27 secs] 
1888.073: [Full GC (Allocation Failure) [PSYoungGen: 163922K->163849K(298496K)] [ParOldGen: 2630075K->2630068K(2731008K)] 2793998K->2793917K(3029504K), [Metaspace: 34899K->34899K(1081344K)], 0.2541574 secs] [Times: user=0.90 sys=0.00, real=0.26 secs] 
1888.405: [GC (Allocation Failure) --[PSYoungGen: 164044K->164044K(298496K)] 2794112K->2794112K(3029504K), 0.2865548 secs] [Times: user=1.10 sys=0.00, real=0.28 secs] 
1888.692: [Full GC (Ergonomics) [PSYoungGen: 164044K->163922K(298496K)] [ParOldGen: 2630068K->2630067K(2731008K)] 2794112K->2793990K(3029504K), [Metaspace: 34899K->34899K(1081344K)], 0.2581305 secs] [Times: user=0.91 sys=0.00, real=0.26 secs] 
1888.950: [GC (Allocation Failure) --[PSYoungGen: 163922K->163922K(298496K)] 2793990K->2794006K(3029504K), 0.2777648 secs] [Times: user=1.06 sys=0.00, real=0.28 secs] 
1889.228: [Full GC (Allocation Failure) [PSYoungGen: 163922K->163849K(298496K)] [ParOldGen: 2630083K->2630068K(2731008K)] 2794006K->2793917K(3029504K), [Metaspace: 34899K->34899K(1081344K)], 0.2538952 secs] [Times: user=0.90 sys=0.00, real=0.25 secs] 
1889.573: [GC (Allocation Failure) --[PSYoungGen: 164044K->164044K(298496K)] 2794112K->2794112K(3029504K), 0.2889905 secs] [Times: user=1.10 sys=0.00, real=0.29 secs] 
1889.862: [Full GC (Ergonomics) [PSYoungGen: 164044K->163922K(298496K)] [ParOldGen: 2630068K->2630067K(2731008K)] 2794112K->2793990K(3029504K), [Metaspace: 34899K->34899K(1081344K)], 0.2589260 secs] [Times: user=0.92 sys=0.00, real=0.26 secs] 
1890.121: [GC (Allocation Failure) --[PSYoungGen: 163922K->163922K(298496K)] 2793990K->2794006K(3029504K), 0.2858287 secs] [Times: user=1.07 sys=0.00, real=0.29 secs] 
1890.407: [Full GC (Allocation Failure) [PSYoungGen: 163922K->163849K(298496K)] [ParOldGen: 2630083K->2630068K(2731008K)] 2794006K->2793917K(3029504K), [Metaspace: 34899K->34899K(1081344K)], 0.2561515 secs] [Times: user=0.91 sys=0.00, real=0.26 secs] 
1890.711: [GC (Allocation Failure) --[PSYoungGen: 164044K->164044K(298496K)] 2794112K->2794112K(3029504K), 0.2940100 secs] [Times: user=1.12 sys=0.00, real=0.30 secs] 
1891.005: [Full GC (Ergonomics) [PSYoungGen: 164044K->163922K(298496K)] [ParOldGen: 2630068K->2630067K(2731008K)] 2794112K->2793990K(3029504K), [Metaspace: 34899K->34899K(1081344K)], 0.2571769 secs] [Times: user=0.90 sys=0.00, real=0.25 secs] 
1891.263: [GC (Allocation Failure) --[PSYoungGen: 163922K->163922K(298496K)] 2793990K->2794006K(3029504K), 0.2735059 secs] [Times: user=1.03 sys=0.00, real=0.28 secs] 
1891.536: [Full GC (Allocation Failure) [PSYoungGen: 163922K->163849K(298496K)] [ParOldGen: 2630083K->2630068K(2731008K)] 2794006K->2793917K(3029504K), [Metaspace: 34899K->34899K(1081344K)], 0.2551955 secs] [Times: user=0.90 sys=0.00, real=0.25 secs] 
1891.864: [GC (Allocation Failure) --[PSYoungGen: 164045K->164045K(298496K)] 2794113K->2794113K(3029504K), 0.2779069 secs] [Times: user=1.06 sys=0.00, real=0.27 secs] 
1892.142: [Full GC (Ergonomics) [PSYoungGen: 164045K->163922K(298496K)] [ParOldGen: 2630068K->2630067K(2731008K)] 2794113K->2793990K(3029504K), [Metaspace: 34899K->34899K(1081344K)], 0.2545412 secs] [Times: user=0.89 sys=0.00, real=0.26 secs] 
1892.397: [GC (Allocation Failure) --[PSYoungGen: 163922K->163922K(298496K)] 2793990K->2794006K(3029504K), 0.2739398 secs] [Times: user=1.04 sys=0.00, real=0.27 secs] 
1892.671: [Full GC (Allocation Failure) [PSYoungGen: 163922K->163849K(298496K)] [ParOldGen: 2630083K->2630068K(2731008K)] 2794006K->2793917K(3029504K), [Metaspace: 34899K->34899K(1081344K)], 0.2555789 secs] [Times: user=0.90 sys=0.00, real=0.26 secs] 
1893.002: [GC (Allocation Failure) --[PSYoungGen: 164044K->164044K(298496K)] 2794112K->2794112K(3029504K), 0.2765907 secs] [Times: user=1.05 sys=0.00, real=0.28 secs] 
1893.279: [Full GC (Ergonomics) [PSYoungGen: 164044K->163922K(298496K)] [ParOldGen: 2630068K->2630067K(2731008K)] 2794112K->2793990K(3029504K), [Metaspace: 34899K->34899K(1081344K)], 0.2535317 secs] [Times: user=0.90 sys=0.00, real=0.25 secs] 
1893.532: [GC (Allocation Failure) --[PSYoungGen: 163922K->163922K(298496K)] 2793990K->2794006K(3029504K), 0.2737078 secs] [Times: user=1.04 sys=0.00, real=0.28 secs] 
1893.806: [Full GC (Allocation Failure) [PSYoungGen: 163922K->163849K(298496K)] [ParOldGen: 2630083K->2630068K(2731008K)] 2794006K->2793917K(3029504K), [Metaspace: 34899K->34899K(1081344K)], 0.2563766 secs] [Times: user=0.91 sys=0.00, real=0.25 secs] 
1894.171: [GC (Allocation Failure) --[PSYoungGen: 164044K->164044K(298496K)] 2794112K->2794112K(3029504K), 0.2756288 secs] [Times: user=1.06 sys=0.00, real=0.28 secs] 
1894.446: [Full GC (Ergonomics) [PSYoungGen: 164044K->163922K(298496K)] [ParOldGen: 2630068K->2630067K(2731008K)] 2794112K->2793990K(3029504K), [Metaspace: 34899K->34899K(1081344K)], 0.2551397 secs] [Times: user=0.90 sys=0.00, real=0.25 secs] 
1894.702: [GC (Allocation Failure) --[PSYoungGen: 163922K->163922K(298496K)] 2793990K->2794006K(3029504K), 0.2735853 secs] [Times: user=1.04 sys=0.00, real=0.27 secs] 
1894.975: [Full GC (Allocation Failure) [PSYoungGen: 163922K->163849K(298496K)] [ParOldGen: 2630083K->2630068K(2731008K)] 2794006K->2793917K(3029504K), [Metaspace: 34899K->34899K(1081344K)], 0.2557608 secs] [Times: user=0.90 sys=0.00, real=0.26 secs] 
1895.324: [GC (Allocation Failure) --[PSYoungGen: 164046K->164046K(298496K)] 2794114K->2794114K(3029504K), 0.2707025 secs] [Times: user=1.03 sys=0.00, real=0.26 secs] 
1895.595: [Full GC (Ergonomics) [PSYoungGen: 164046K->163922K(298496K)] [ParOldGen: 2630068K->2630067K(2731008K)] 2794114K->2793990K(3029504K), [Metaspace: 34899K->34899K(1081344K)], 0.2530840 secs] [Times: user=0.90 sys=0.00, real=0.26 secs] 
1895.848: [GC (Allocation Failure) --[PSYoungGen: 163922K->163922K(298496K)] 2793990K->2794006K(3029504K), 0.2722068 secs] [Times: user=1.03 sys=0.00, real=0.27 secs] 
1896.121: [Full GC (Allocation Failure) [PSYoungGen: 163922K->163849K(298496K)] [ParOldGen: 2630083K->2630068K(2731008K)] 2794006K->2793917K(3029504K), [Metaspace: 34899K->34899K(1081344K)], 0.2527672 secs] [Times: user=0.89 sys=0.00, real=0.25 secs] 
1896.462: [GC (Allocation Failure) --[PSYoungGen: 164045K->164045K(298496K)] 2794113K->2794113K(3029504K), 0.2825276 secs] [Times: user=1.08 sys=0.00, real=0.29 secs] 
1896.745: [Full GC (Ergonomics) [PSYoungGen: 164045K->163923K(298496K)] [ParOldGen: 2630068K->2630067K(2731008K)] 2794113K->2793991K(3029504K), [Metaspace: 34899K->34899K(1081344K)], 0.2538320 secs] [Times: user=0.90 sys=0.00, real=0.25 secs] 
1896.999: [GC (Allocation Failure) --[PSYoungGen: 163923K->163923K(298496K)] 2793991K->2794007K(3029504K), 0.2737430 secs] [Times: user=1.03 sys=0.00, real=0.27 secs] 
1897.272: [Full GC (Allocation Failure) [PSYoungGen: 163923K->163850K(298496K)] [ParOldGen: 2630083K->2630068K(2731008K)] 2794007K->2793918K(3029504K), [Metaspace: 34899K->34899K(1081344K)], 0.2571050 secs] [Times: user=0.91 sys=0.00, real=0.26 secs] 
1897.584: [GC (Allocation Failure) --[PSYoungGen: 164045K->164045K(298496K)] 2794113K->2794113K(3029504K), 0.2829979 secs] [Times: user=1.08 sys=0.00, real=0.28 secs] 
1897.867: [Full GC (Ergonomics) [PSYoungGen: 164045K->163923K(298496K)] [ParOldGen: 2630068K->2630067K(2731008K)] 2794113K->2793991K(3029504K), [Metaspace: 34899K->34899K(1081344K)], 0.2601328 secs] [Times: user=0.92 sys=0.00, real=0.26 secs] 
1898.128: [GC (Allocation Failure) --[PSYoungGen: 163923K->163923K(298496K)] 2793991K->2793999K(3029504K), 0.2721325 secs] [Times: user=1.04 sys=0.00, real=0.27 secs] 
1898.400: [Full GC (Allocation Failure) [PSYoungGen: 163923K->163850K(298496K)] [ParOldGen: 2630075K->2630068K(2731008K)] 2793999K->2793918K(3029504K), [Metaspace: 34899K->34899K(1081344K)], 0.2534091 secs] [Times: user=0.89 sys=0.00, real=0.25 secs] 
1898.737: [GC (Allocation Failure) --[PSYoungGen: 164045K->164045K(298496K)] 2794113K->2794113K(3029504K), 0.2693988 secs] [Times: user=1.02 sys=0.00, real=0.27 secs] 
1899.007: [Full GC (Ergonomics) [PSYoungGen: 164045K->163923K(298496K)] [ParOldGen: 2630068K->2630067K(2731008K)] 2794113K->2793991K(3029504K), [Metaspace: 34899K->34899K(1081344K)], 0.2526924 secs] [Times: user=0.90 sys=0.00, real=0.25 secs] 
1899.260: [GC (Allocation Failure) --[PSYoungGen: 163923K->163923K(298496K)] 2793991K->2794007K(3029504K), 0.2705702 secs] [Times: user=1.03 sys=0.00, real=0.27 secs] 
1899.530: [Full GC (Allocation Failure) [PSYoungGen: 163923K->163850K(298496K)] [ParOldGen: 2630083K->2630068K(2731008K)] 2794007K->2793918K(3029504K), [Metaspace: 34899K->34899K(1081344K)], 0.2655246 secs] [Times: user=0.95 sys=0.00, real=0.27 secs] 
1899.891: [GC (Allocation Failure) --[PSYoungGen: 164046K->164046K(298496K)] 2794114K->2794114K(3029504K), 0.2772022 secs] [Times: user=1.06 sys=0.00, real=0.28 secs] 
1900.168: [Full GC (Ergonomics) [PSYoungGen: 164046K->163924K(298496K)] [ParOldGen: 2630068K->2630067K(2731008K)] 2794114K->2793992K(3029504K), [Metaspace: 34899K->34899K(1081344K)], 0.2542968 secs] [Times: user=0.90 sys=0.00, real=0.25 secs] 
1900.423: [GC (Allocation Failure) --[PSYoungGen: 163924K->163924K(298496K)] 2793992K->2794016K(3029504K), 0.2717277 secs] [Times: user=1.03 sys=0.00, real=0.27 secs] 
1900.695: [Full GC (Allocation Failure) [PSYoungGen: 163924K->163849K(298496K)] [ParOldGen: 2630091K->2630069K(2731008K)] 2794016K->2793918K(3029504K), [Metaspace: 34899K->34899K(1081344K)], 0.2536579 secs] [Times: user=0.90 sys=0.00, real=0.26 secs] 
1901.028: [GC (Allocation Failure) --[PSYoungGen: 164046K->164046K(298496K)] 2794115K->2794115K(3029504K), 0.2762802 secs] [Times: user=1.06 sys=0.00, real=0.28 secs] 
1901.305: [Full GC (Ergonomics) [PSYoungGen: 164046K->163922K(298496K)] [ParOldGen: 2630069K->2630069K(2731008K)] 2794115K->2793991K(3029504K), [Metaspace: 34899K->34899K(1081344K)], 0.2513483 secs] [Times: user=0.89 sys=0.00, real=0.25 secs] 
1901.556: [GC (Allocation Failure) --[PSYoungGen: 163922K->163922K(298496K)] 2793991K->2794007K(3029504K), 0.2706600 secs] [Times: user=1.03 sys=0.00, real=0.27 secs] 
1901.827: [Full GC (Allocation Failure) [PSYoungGen: 163922K->163849K(298496K)] [ParOldGen: 2630085K->2630069K(2731008K)] 2794007K->2793918K(3029504K), [Metaspace: 34899K->34899K(1081344K)], 0.2516907 secs] [Times: user=0.89 sys=0.00, real=0.25 secs] 
1902.151: [GC (Allocation Failure) --[PSYoungGen: 164047K->164047K(298496K)] 2794117K->2794117K(3029504K), 0.2733834 secs] [Times: user=1.05 sys=0.00, real=0.28 secs] 
1902.425: [Full GC (Ergonomics) [PSYoungGen: 164047K->163924K(298496K)] [ParOldGen: 2630069K->2630069K(2731008K)] 2794117K->2793993K(3029504K), [Metaspace: 34899K->34899K(1081344K)], 0.2548978 secs] [Times: user=0.90 sys=0.00, real=0.25 secs] 
1902.680: [GC (Allocation Failure) --[PSYoungGen: 163924K->163924K(298496K)] 2793993K->2794001K(3029504K), 0.2715076 secs] [Times: user=1.04 sys=0.00, real=0.27 secs] 
1902.951: [Full GC (Allocation Failure) [PSYoungGen: 163924K->163850K(298496K)] [ParOldGen: 2630077K->2630069K(2731008K)] 2794001K->2793919K(3029504K), [Metaspace: 34899K->34899K(1081344K)], 0.2525011 secs] [Times: user=0.89 sys=0.00, real=0.26 secs] 
1903.289: [GC (Allocation Failure) --[PSYoungGen: 164046K->164046K(298496K)] 2794115K->2794115K(3029504K), 0.2751997 secs] [Times: user=1.05 sys=0.00, real=0.28 secs] 
1903.564: [Full GC (Ergonomics) [PSYoungGen: 164046K->163924K(298496K)] [ParOldGen: 2630069K->2630069K(2731008K)] 2794115K->2793993K(3029504K), [Metaspace: 34899K->34899K(1081344K)], 0.2541479 secs] [Times: user=0.90 sys=0.00, real=0.25 secs] 
1903.818: [GC (Allocation Failure) --[PSYoungGen: 163924K->163924K(298496K)] 2793993K->2794009K(3029504K), 0.2743013 secs] [Times: user=1.05 sys=0.00, real=0.27 secs] 
1904.093: [Full GC (Allocation Failure) [PSYoungGen: 163924K->163850K(298496K)] [ParOldGen: 2630085K->2630069K(2731008K)] 2794009K->2793919K(3029504K), [Metaspace: 34899K->34899K(1081344K)], 0.2538437 secs] [Times: user=0.89 sys=0.00, real=0.26 secs] 
1904.442: [GC (Allocation Failure) --[PSYoungGen: 164045K->164045K(298496K)] 2794114K->2794114K(3029504K), 0.2794773 secs] [Times: user=1.06 sys=0.00, real=0.28 secs] 
1904.721: [Full GC (Ergonomics) [PSYoungGen: 164045K->163924K(298496K)] [ParOldGen: 2630069K->2630069K(2731008K)] 2794114K->2793993K(3029504K), [Metaspace: 34899K->34899K(1081344K)], 0.2576801 secs] [Times: user=0.92 sys=0.00, real=0.26 secs] 
1904.979: [GC (Allocation Failure) --[PSYoungGen: 163924K->163924K(298496K)] 2793993K->2794009K(3029504K), 0.2728943 secs] [Times: user=1.04 sys=0.00, real=0.27 secs] 
1905.252: [Full GC (Allocation Failure) [PSYoungGen: 163924K->163850K(298496K)] [ParOldGen: 2630085K->2630069K(2731008K)] 2794009K->2793919K(3029504K), [Metaspace: 34899K->34899K(1081344K)], 0.2524127 secs] [Times: user=0.89 sys=0.00, real=0.26 secs] 
1905.595: [GC (Allocation Failure) --[PSYoungGen: 164046K->164046K(298496K)] 2794115K->2794115K(3029504K), 0.2703306 secs] [Times: user=1.03 sys=0.00, real=0.28 secs] 
1905.866: [Full GC (Ergonomics) [PSYoungGen: 164046K->163924K(298496K)] [ParOldGen: 2630069K->2630069K(2731008K)] 2794115K->2793993K(3029504K), [Metaspace: 34899K->34899K(1081344K)], 0.2549952 secs] [Times: user=0.90 sys=0.00, real=0.25 secs] 
1906.121: [GC (Allocation Failure) --[PSYoungGen: 163924K->163924K(298496K)] 2793993K->2794009K(3029504K), 0.2703818 secs] [Times: user=1.03 sys=0.00, real=0.27 secs] 
1906.391: [Full GC (Allocation Failure) [PSYoungGen: 163924K->163849K(298496K)] [ParOldGen: 2630085K->2630070K(2731008K)] 2794009K->2793919K(3029504K), [Metaspace: 34899K->34899K(1081344K)], 0.2624319 secs] [Times: user=0.92 sys=0.00, real=0.26 secs] 
1906.733: [GC (Allocation Failure) --[PSYoungGen: 164045K->164045K(298496K)] 2794115K->2794115K(3029504K), 0.2917919 secs] [Times: user=1.10 sys=0.00, real=0.30 secs] 
1907.025: [Full GC (Ergonomics) [PSYoungGen: 164045K->163922K(298496K)] [ParOldGen: 2630070K->2630070K(2731008K)] 2794115K->2793993K(3029504K), [Metaspace: 34899K->34899K(1081344K)], 0.2942813 secs] [Times: user=1.04 sys=0.00, real=0.29 secs] 
1907.320: [GC (Allocation Failure) --[PSYoungGen: 163922K->163922K(298496K)] 2793993K->2794009K(3029504K), 0.2730589 secs] [Times: user=1.04 sys=0.00, real=0.27 secs] 
1907.593: [Full GC (Allocation Failure) [PSYoungGen: 163922K->163849K(298496K)] [ParOldGen: 2630086K->2630070K(2731008K)] 2794009K->2793919K(3029504K), [Metaspace: 34899K->34899K(1081344K)], 0.2531230 secs] [Times: user=0.90 sys=0.00, real=0.26 secs] 
1907.917: [GC (Allocation Failure) --[PSYoungGen: 164044K->164044K(298496K)] 2794115K->2794115K(3029504K), 0.2769153 secs] [Times: user=1.06 sys=0.00, real=0.27 secs] 
1908.194: [Full GC (Ergonomics) [PSYoungGen: 164044K->163922K(298496K)] [ParOldGen: 2630070K->2630070K(2731008K)] 2794115K->2793993K(3029504K), [Metaspace: 34899K->34899K(1081344K)], 0.2554458 secs] [Times: user=0.90 sys=0.00, real=0.26 secs] 
1908.449: [GC (Allocation Failure) --[PSYoungGen: 163922K->163922K(298496K)] 2793993K->2794009K(3029504K), 0.2727908 secs] [Times: user=1.04 sys=0.00, real=0.27 secs] 
1908.722: [Full GC (Allocation Failure) [PSYoungGen: 163922K->163849K(298496K)] [ParOldGen: 2630086K->2630070K(2731008K)] 2794009K->2793919K(3029504K), [Metaspace: 34899K->34899K(1081344K)], 0.2554065 secs] [Times: user=0.90 sys=0.00, real=0.26 secs] 
1909.055: [GC (Allocation Failure) --[PSYoungGen: 164044K->164044K(298496K)] 2794115K->2794115K(3029504K), 0.2708821 secs] [Times: user=1.04 sys=0.00, real=0.28 secs] 
1909.326: [Full GC (Ergonomics) [PSYoungGen: 164044K->163922K(298496K)] [ParOldGen: 2630070K->2630070K(2731008K)] 2794115K->2793993K(3029504K), [Metaspace: 34899K->34899K(1081344K)], 0.2525856 secs] [Times: user=0.89 sys=0.00, real=0.25 secs] 
1909.579: [GC (Allocation Failure) --[PSYoungGen: 163922K->163922K(298496K)] 2793993K->2794009K(3029504K), 0.3025523 secs] [Times: user=1.14 sys=0.00, real=0.30 secs] 
1909.881: [Full GC (Allocation Failure) [PSYoungGen: 163922K->163849K(298496K)] [ParOldGen: 2630086K->2630070K(2731008K)] 2794009K->2793919K(3029504K), [Metaspace: 34899K->34899K(1081344K)], 0.2921639 secs] [Times: user=1.01 sys=0.00, real=0.29 secs] 
1910.239: [GC (Allocation Failure) --[PSYoungGen: 164046K->164046K(298496K)] 2794116K->2794116K(3029504K), 0.2790652 secs] [Times: user=1.07 sys=0.00, real=0.28 secs] 
1910.518: [Full GC (Ergonomics) [PSYoungGen: 164046K->163920K(298496K)] [ParOldGen: 2630070K->2630070K(2731008K)] 2794116K->2793990K(3029504K), [Metaspace: 34899K->34899K(1081344K)], 0.2551274 secs] [Times: user=0.90 sys=0.00, real=0.25 secs] 
1910.773: [GC (Allocation Failure) --[PSYoungGen: 163920K->163920K(298496K)] 2793990K->2794006K(3029504K), 0.2739853 secs] [Times: user=1.05 sys=0.00, real=0.28 secs] 
1911.047: [Full GC (Allocation Failure) [PSYoungGen: 163920K->163848K(298496K)] [ParOldGen: 2630086K->2630070K(2731008K)] 2794006K->2793919K(3029504K), [Metaspace: 34899K->34899K(1081344K)], 0.2547444 secs] [Times: user=0.90 sys=0.00, real=0.25 secs] 
1911.392: [GC (Allocation Failure) --[PSYoungGen: 164044K->164044K(298496K)] 2794114K->2794114K(3029504K), 0.2769570 secs] [Times: user=1.06 sys=0.00, real=0.28 secs] 
1911.669: [Full GC (Ergonomics) [PSYoungGen: 164044K->163922K(298496K)] [ParOldGen: 2630070K->2630070K(2731008K)] 2794114K->2793993K(3029504K), [Metaspace: 34899K->34899K(1081344K)], 0.2963790 secs] [Times: user=1.06 sys=0.00, real=0.30 secs] 
1911.966: [GC (Allocation Failure) --[PSYoungGen: 163922K->163922K(298496K)] 2793993K->2794001K(3029504K), 0.3004463 secs] [Times: user=1.15 sys=0.00, real=0.30 secs] 
1912.266: [Full GC (Allocation Failure) [PSYoungGen: 163922K->163849K(298496K)] [ParOldGen: 2630078K->2630070K(2731008K)] 2794001K->2793919K(3029504K), [Metaspace: 34899K->34899K(1081344K)], 0.3102524 secs] [Times: user=1.11 sys=0.00, real=0.31 secs] 
1912.684: [GC (Allocation Failure) --[PSYoungGen: 164045K->164045K(298496K)] 2794115K->2794115K(3029504K), 0.3257611 secs] [Times: user=1.23 sys=0.00, real=0.33 secs] 
1913.010: [Full GC (Ergonomics) [PSYoungGen: 164045K->163922K(298496K)] [ParOldGen: 2630070K->2630070K(2731008K)] 2794115K->2793993K(3029504K), [Metaspace: 34899K->34899K(1081344K)], 0.3040792 secs] [Times: user=1.09 sys=0.00, real=0.30 secs] 
1913.314: [GC (Allocation Failure) --[PSYoungGen: 163922K->163922K(298496K)] 2793993K->2794009K(3029504K), 0.3198083 secs] [Times: user=1.22 sys=0.00, real=0.32 secs] 
1913.634: [Full GC (Allocation Failure) [PSYoungGen: 163922K->163849K(298496K)] [ParOldGen: 2630086K->2630070K(2731008K)] 2794009K->2793919K(3029504K), [Metaspace: 34899K->34899K(1081344K)], 0.3269481 secs] [Times: user=1.16 sys=0.00, real=0.33 secs] 
1914.021: [GC (Allocation Failure) --[PSYoungGen: 164046K->164046K(298496K)] 2794117K->2794117K(3029504K), 0.2790012 secs] [Times: user=1.07 sys=0.00, real=0.28 secs] 
1914.300: [Full GC (Ergonomics) [PSYoungGen: 164046K->163922K(298496K)] [ParOldGen: 2630070K->2630070K(2731008K)] 2794117K->2793993K(3029504K), [Metaspace: 34899K->34899K(1081344K)], 0.2859517 secs] [Times: user=1.01 sys=0.00, real=0.29 secs] 
1914.587: [GC (Allocation Failure) --[PSYoungGen: 163922K->163922K(298496K)] 2793993K->2794009K(3029504K), 0.3255371 secs] [Times: user=1.25 sys=0.00, real=0.32 secs] 
1914.912: [Full GC (Allocation Failure) [PSYoungGen: 163922K->163849K(298496K)] [ParOldGen: 2630086K->2630070K(2731008K)] 2794009K->2793919K(3029504K), [Metaspace: 34899K->34899K(1081344K)], 0.2841593 secs] [Times: user=1.02 sys=0.00, real=0.29 secs] 
1915.282: [GC (Allocation Failure) --[PSYoungGen: 164044K->164044K(298496K)] 2794115K->2794115K(3029504K), 0.2891379 secs] [Times: user=1.11 sys=0.00, real=0.29 secs] 
1915.571: [Full GC (Ergonomics) [PSYoungGen: 164044K->163922K(298496K)] [ParOldGen: 2630070K->2630070K(2731008K)] 2794115K->2793993K(3029504K), [Metaspace: 34899K->34899K(1081344K)], 0.2874165 secs] [Times: user=1.01 sys=0.00, real=0.29 secs] 
1915.859: [GC (Allocation Failure) --[PSYoungGen: 163922K->163922K(298496K)] 2793993K->2794009K(3029504K), 0.3105872 secs] [Times: user=1.16 sys=0.00, real=0.31 secs] 
1916.170: [Full GC (Allocation Failure) [PSYoungGen: 163922K->163849K(298496K)] [ParOldGen: 2630086K->2630070K(2731008K)] 2794009K->2793919K(3029504K), [Metaspace: 34899K->34899K(1081344K)], 0.2580837 secs] [Times: user=0.92 sys=0.00, real=0.26 secs] 
1916.528: [GC (Allocation Failure) --[PSYoungGen: 164048K->164048K(298496K)] 2794118K->2794118K(3029504K), 0.3035067 secs] [Times: user=1.16 sys=0.00, real=0.30 secs] 
1916.831: [Full GC (Ergonomics) [PSYoungGen: 164048K->163924K(298496K)] [ParOldGen: 2630070K->2630070K(2731008K)] 2794118K->2793994K(3029504K), [Metaspace: 34905K->34905K(1081344K)], 0.2597788 secs] [Times: user=0.91 sys=0.00, real=0.26 secs] 
1917.091: [GC (Allocation Failure) --[PSYoungGen: 163924K->163924K(298496K)] 2793994K->2794010K(3029504K), 0.3018406 secs] [Times: user=1.16 sys=0.00, real=0.30 secs] 
1917.393: [Full GC (Allocation Failure) [PSYoungGen: 163924K->163850K(298496K)] [ParOldGen: 2630086K->2630070K(2731008K)] 2794010K->2793921K(3029504K), [Metaspace: 34905K->34905K(1081344K)], 0.2549509 secs] [Times: user=0.90 sys=0.00, real=0.26 secs] 
1917.742: [GC (Allocation Failure) --[PSYoungGen: 164047K->164047K(298496K)] 2794118K->2794126K(3029504K), 0.2980643 secs] [Times: user=1.12 sys=0.00, real=0.30 secs] 
1918.040: [Full GC (Ergonomics) [PSYoungGen: 164047K->163924K(298496K)] [ParOldGen: 2630078K->2630070K(2731008K)] 2794126K->2793995K(3029504K), [Metaspace: 34914K->34914K(1081344K)], 0.2840299 secs] [Times: user=1.00 sys=0.00, real=0.29 secs] 
1918.325: [GC (Allocation Failure) --[PSYoungGen: 163924K->163924K(298496K)] 2793995K->2794003K(3029504K), 0.2721560 secs] [Times: user=1.04 sys=0.00, real=0.27 secs] 
1918.597: [Full GC (Allocation Failure) [PSYoungGen: 163924K->163850K(298496K)] [ParOldGen: 2630078K->2630071K(2731008K)] 2794003K->2793921K(3029504K), [Metaspace: 34914K->34914K(1081344K)], 0.2550924 secs] [Times: user=0.90 sys=0.00, real=0.25 secs] 
1918.926: [GC (Allocation Failure) --[PSYoungGen: 164046K->164046K(298496K)] 2794117K->2794117K(3029504K), 0.2871866 secs] [Times: user=1.09 sys=0.00, real=0.28 secs] 
1919.213: [Full GC (Ergonomics) [PSYoungGen: 164046K->163924K(298496K)] [ParOldGen: 2630071K->2630070K(2731008K)] 2794117K->2793995K(3029504K), [Metaspace: 34914K->34914K(1081344K)], 0.2532404 secs] [Times: user=0.89 sys=0.00, real=0.26 secs] 
1919.467: [GC (Allocation Failure) --[PSYoungGen: 163924K->163924K(298496K)] 2793995K->2794011K(3029504K), 0.3108061 secs] [Times: user=1.19 sys=0.00, real=0.31 secs] 
1919.778: [Full GC (Allocation Failure) [PSYoungGen: 163924K->163850K(298496K)] [ParOldGen: 2630086K->2630071K(2731008K)] 2794011K->2793921K(3029504K), [Metaspace: 34914K->34914K(1081344K)], 0.2574496 secs] [Times: user=0.91 sys=0.00, real=0.25 secs] 
1920.141: [GC (Allocation Failure) --[PSYoungGen: 164046K->164046K(298496K)] 2794117K->2794117K(3029504K), 0.2962771 secs] [Times: user=1.14 sys=0.00, real=0.30 secs] 
1920.438: [Full GC (Ergonomics) [PSYoungGen: 164046K->163924K(298496K)] [ParOldGen: 2630071K->2630070K(2731008K)] 2794117K->2793995K(3029504K), [Metaspace: 34914K->34914K(1081344K)], 0.2560052 secs] [Times: user=0.90 sys=0.00, real=0.25 secs] 
1920.694: [GC (Allocation Failure) --[PSYoungGen: 163924K->163924K(298496K)] 2793995K->2794003K(3029504K), 0.2712589 secs] [Times: user=1.04 sys=0.00, real=0.28 secs] 
1920.965: [Full GC (Allocation Failure) [PSYoungGen: 163924K->163849K(298496K)] [ParOldGen: 2630078K->2630072K(2731008K)] 2794003K->2793921K(3029504K), [Metaspace: 34914K->34914K(1081344K)], 0.2543867 secs] [Times: user=0.90 sys=0.00, real=0.25 secs] 
1921.325: [GC (Allocation Failure) --[PSYoungGen: 164045K->164045K(298496K)] 2794117K->2794117K(3029504K), 0.2976897 secs] [Times: user=1.13 sys=0.00, real=0.29 secs] 
1921.622: [Full GC (Ergonomics) [PSYoungGen: 164045K->163923K(298496K)] [ParOldGen: 2630072K->2630072K(2731008K)] 2794117K->2793995K(3029504K), [Metaspace: 34914K->34914K(1081344K)], 0.2537011 secs] [Times: user=0.89 sys=0.00, real=0.26 secs] 
1921.876: [GC (Allocation Failure) --[PSYoungGen: 163923K->163923K(298496K)] 2793995K->2794019K(3029504K), 0.2715853 secs] [Times: user=1.04 sys=0.00, real=0.27 secs] 
1922.148: [Full GC (Allocation Failure) [PSYoungGen: 163923K->163849K(298496K)] [ParOldGen: 2630096K->2630072K(2731008K)] 2794019K->2793921K(3029504K), [Metaspace: 34914K->34914K(1081344K)], 0.2552004 secs] [Times: user=0.91 sys=0.00, real=0.25 secs] 
1922.509: [GC (Allocation Failure) --[PSYoungGen: 164045K->164045K(298496K)] 2794117K->2794117K(3029504K), 0.2732125 secs] [Times: user=1.05 sys=0.00, real=0.27 secs] 
1922.782: [Full GC (Ergonomics) [PSYoungGen: 164045K->163922K(298496K)] [ParOldGen: 2630072K->2630072K(2731008K)] 2794117K->2793995K(3029504K), [Metaspace: 34914K->34914K(1081344K)], 0.2866959 secs] [Times: user=1.02 sys=0.00, real=0.29 secs] 
1923.069: [GC (Allocation Failure) --[PSYoungGen: 163922K->163922K(298496K)] 2793995K->2794003K(3029504K), 0.2930852 secs] [Times: user=1.12 sys=0.00, real=0.29 secs] 
1923.362: [Full GC (Allocation Failure) [PSYoungGen: 163922K->163849K(298496K)] [ParOldGen: 2630080K->2630072K(2731008K)] 2794003K->2793921K(3029504K), [Metaspace: 34914K->34914K(1081344K)], 0.2595416 secs] [Times: user=0.92 sys=0.00, real=0.26 secs] 
1923.708: [GC (Allocation Failure) --[PSYoungGen: 164044K->164044K(298496K)] 2794116K->2794116K(3029504K), 0.2927266 secs] [Times: user=1.12 sys=0.00, real=0.29 secs] 
1924.001: [Full GC (Ergonomics) [PSYoungGen: 164044K->163922K(298496K)] [ParOldGen: 2630072K->2630072K(2731008K)] 2794116K->2793995K(3029504K), [Metaspace: 34914K->34914K(1081344K)], 0.2545259 secs] [Times: user=0.90 sys=0.00, real=0.25 secs] 
1924.255: [GC (Allocation Failure) --[PSYoungGen: 163922K->163922K(298496K)] 2793995K->2794003K(3029504K), 0.2934875 secs] [Times: user=1.12 sys=0.00, real=0.30 secs] 
1924.549: [Full GC (Allocation Failure) [PSYoungGen: 163922K->163849K(298496K)] [ParOldGen: 2630080K->2630072K(2731008K)] 2794003K->2793921K(3029504K), [Metaspace: 34914K->34914K(1081344K)], 0.3002354 secs] [Times: user=1.08 sys=0.00, real=0.30 secs] 
1924.923: [GC (Allocation Failure) --[PSYoungGen: 164044K->164044K(298496K)] 2794117K->2794117K(3029504K), 0.3084021 secs] [Times: user=1.18 sys=0.00, real=0.31 secs] 
1925.232: [Full GC (Ergonomics) [PSYoungGen: 164044K->163922K(298496K)] [ParOldGen: 2630072K->2630072K(2731008K)] 2794117K->2793995K(3029504K), [Metaspace: 34914K->34914K(1081344K)], 0.2913145 secs] [Times: user=1.04 sys=0.00, real=0.29 secs] 
1925.523: [GC (Allocation Failure) --[PSYoungGen: 163922K->163922K(298496K)] 2793995K->2794011K(3029504K), 0.3001595 secs] [Times: user=1.14 sys=0.00, real=0.30 secs] 
1925.823: [Full GC (Allocation Failure) [PSYoungGen: 163922K->163849K(298496K)] [ParOldGen: 2630088K->2630072K(2731008K)] 2794011K->2793921K(3029504K), [Metaspace: 34914K->34914K(1081344K)], 0.2892225 secs] [Times: user=1.03 sys=0.00, real=0.29 secs] 
1926.199: [GC (Allocation Failure) --[PSYoungGen: 164045K->164045K(298496K)] 2794117K->2794117K(3029504K), 0.3255521 secs] [Times: user=1.23 sys=0.00, real=0.33 secs] 
1926.525: [Full GC (Ergonomics) [PSYoungGen: 164045K->163922K(298496K)] [ParOldGen: 2630072K->2630072K(2731008K)] 2794117K->2793995K(3029504K), [Metaspace: 34914K->34914K(1081344K)], 0.2883956 secs] [Times: user=1.02 sys=0.00, real=0.28 secs] 
1926.813: [GC (Allocation Failure) --[PSYoungGen: 163922K->163922K(298496K)] 2793995K->2794011K(3029504K), 0.2923881 secs] [Times: user=1.12 sys=0.00, real=0.30 secs] 
1927.106: [Full GC (Allocation Failure) [PSYoungGen: 163922K->163849K(298496K)] [ParOldGen: 2630088K->2630072K(2731008K)] 2794011K->2793921K(3029504K), [Metaspace: 34914K->34914K(1081344K)], 0.2917172 secs] [Times: user=1.04 sys=0.00, real=0.29 secs] 
1927.475: [GC (Allocation Failure) --[PSYoungGen: 164047K->164047K(298496K)] 2794119K->2794119K(3029504K), 0.3026654 secs] [Times: user=1.16 sys=0.00, real=0.31 secs] 
1927.778: [Full GC (Ergonomics) [PSYoungGen: 164047K->163920K(298496K)] [ParOldGen: 2630072K->2630072K(2731008K)] 2794119K->2793992K(3029504K), [Metaspace: 34914K->34914K(1081344K)], 0.2925572 secs] [Times: user=1.05 sys=0.00, real=0.29 secs] 
1928.071: [GC (Allocation Failure) --[PSYoungGen: 163920K->163920K(298496K)] 2793992K->2794008K(3029504K), 0.2909485 secs] [Times: user=1.10 sys=0.00, real=0.29 secs] 
1928.362: [Full GC (Allocation Failure) [PSYoungGen: 163920K->163848K(298496K)] [ParOldGen: 2630088K->2630072K(2731008K)] 2794008K->2793921K(3029504K), [Metaspace: 34914K->34914K(1081344K)], 0.2996005 secs] [Times: user=1.08 sys=0.00, real=0.30 secs] 
1928.752: [GC (Allocation Failure) --[PSYoungGen: 164045K->164045K(298496K)] 2794117K->2794117K(3029504K), 0.3341142 secs] [Times: user=1.26 sys=0.00, real=0.34 secs] 
1929.086: [Full GC (Ergonomics) [PSYoungGen: 164045K->163922K(298496K)] [ParOldGen: 2630072K->2630072K(2731008K)] 2794117K->2793995K(3029504K), [Metaspace: 34914K->34914K(1081344K)], 0.3054355 secs] [Times: user=1.10 sys=0.00, real=0.30 secs] 
1929.392: [GC (Allocation Failure) --[PSYoungGen: 163922K->163922K(298496K)] 2793995K->2794011K(3029504K), 0.2772653 secs] [Times: user=1.06 sys=0.00, real=0.28 secs] 
1929.669: [Full GC (Allocation Failure) [PSYoungGen: 163922K->163849K(298496K)] [ParOldGen: 2630088K->2630072K(2731008K)] 2794011K->2793921K(3029504K), [Metaspace: 34914K->34914K(1081344K)], 0.3135676 secs] [Times: user=1.12 sys=0.00, real=0.31 secs] 
1930.074: [GC (Allocation Failure) --[PSYoungGen: 164046K->164046K(298496K)] 2794118K->2794118K(3029504K), 0.2876510 secs] [Times: user=1.10 sys=0.00, real=0.29 secs] 
1930.362: [Full GC (Ergonomics) [PSYoungGen: 164046K->163922K(298496K)] [ParOldGen: 2630072K->2630072K(2731008K)] 2794118K->2793995K(3029504K), [Metaspace: 34914K->34914K(1081344K)], 0.2540080 secs] [Times: user=0.90 sys=0.00, real=0.25 secs] 
1930.616: [GC (Allocation Failure) --[PSYoungGen: 163922K->163922K(298496K)] 2793995K->2794011K(3029504K), 0.2877057 secs] [Times: user=1.10 sys=0.00, real=0.28 secs] 
1930.903: [Full GC (Allocation Failure) [PSYoungGen: 163922K->163849K(298496K)] [ParOldGen: 2630088K->2630072K(2731008K)] 2794011K->2793921K(3029504K), [Metaspace: 34914K->34914K(1081344K)], 0.2667530 secs] [Times: user=0.95 sys=0.00, real=0.27 secs] 
1931.258: [GC (Allocation Failure) --[PSYoungGen: 164044K->164044K(298496K)] 2794117K->2794117K(3029504K), 0.2769303 secs] [Times: user=1.06 sys=0.00, real=0.27 secs] 
1931.535: [Full GC (Ergonomics) [PSYoungGen: 164044K->163922K(298496K)] [ParOldGen: 2630072K->2630072K(2731008K)] 2794117K->2793995K(3029504K), [Metaspace: 34914K->34914K(1081344K)], 0.2581411 secs] [Times: user=0.91 sys=0.00, real=0.26 secs] 
1931.793: [GC (Allocation Failure) --[PSYoungGen: 163922K->163922K(298496K)] 2793995K->2794003K(3029504K), 0.2744671 secs] [Times: user=1.05 sys=0.00, real=0.28 secs] 
1932.068: [Full GC (Allocation Failure) [PSYoungGen: 163922K->163849K(298496K)] [ParOldGen: 2630080K->2630072K(2731008K)] 2794003K->2793921K(3029504K), [Metaspace: 34914K->34914K(1081344K)], 0.2563793 secs] [Times: user=0.90 sys=0.00, real=0.26 secs] 
1932.411: [GC (Allocation Failure) --[PSYoungGen: 164044K->164044K(298496K)] 2794117K->2794117K(3029504K), 0.2800310 secs] [Times: user=1.06 sys=0.00, real=0.28 secs] 
1932.691: [Full GC (Ergonomics) [PSYoungGen: 164044K->163922K(298496K)] [ParOldGen: 2630072K->2630072K(2731008K)] 2794117K->2793995K(3029504K), [Metaspace: 34914K->34914K(1081344K)], 0.2691595 secs] [Times: user=0.91 sys=0.00, real=0.27 secs] 
1932.960: [GC (Allocation Failure) --[PSYoungGen: 163922K->163922K(298496K)] 2793995K->2794011K(3029504K), 0.2724209 secs] [Times: user=1.04 sys=0.00, real=0.27 secs] 
1933.233: [Full GC (Allocation Failure) [PSYoungGen: 163922K->163849K(298496K)] [ParOldGen: 2630088K->2630072K(2731008K)] 2794011K->2793921K(3029504K), [Metaspace: 34914K->34914K(1081344K)], 0.2540647 secs] [Times: user=0.90 sys=0.00, real=0.26 secs] 
1933.564: [GC (Allocation Failure) --[PSYoungGen: 164044K->164044K(298496K)] 2794117K->2794117K(3029504K), 0.2967402 secs] [Times: user=1.12 sys=0.00, real=0.29 secs] 
1933.861: [Full GC (Ergonomics) [PSYoungGen: 164044K->163922K(298496K)] [ParOldGen: 2630072K->2630072K(2731008K)] 2794117K->2793995K(3029504K), [Metaspace: 34914K->34914K(1081344K)], 0.2529275 secs] [Times: user=0.90 sys=0.00, real=0.25 secs] 
1934.114: [GC (Allocation Failure) --[PSYoungGen: 163922K->163922K(298496K)] 2793995K->2794003K(3029504K), 0.2740464 secs] [Times: user=1.05 sys=0.00, real=0.28 secs] 
1934.388: [Full GC (Allocation Failure) [PSYoungGen: 163922K->163849K(298496K)] [ParOldGen: 2630080K->2630072K(2731008K)] 2794003K->2793921K(3029504K), [Metaspace: 34914K->34914K(1081344K)], 0.2536922 secs] [Times: user=0.89 sys=0.00, real=0.25 secs] 
1934.717: [GC (Allocation Failure) --[PSYoungGen: 164044K->164044K(298496K)] 2794116K->2794116K(3029504K), 0.2763145 secs] [Times: user=1.06 sys=0.00, real=0.27 secs] 
1934.994: [Full GC (Ergonomics) [PSYoungGen: 164044K->163922K(298496K)] [ParOldGen: 2630072K->2630072K(2731008K)] 2794116K->2793995K(3029504K), [Metaspace: 34914K->34914K(1081344K)], 0.2549394 secs] [Times: user=0.90 sys=0.00, real=0.26 secs] 
1935.249: [GC (Allocation Failure) --[PSYoungGen: 163922K->163922K(298496K)] 2793995K->2794003K(3029504K), 0.2727109 secs] [Times: user=1.05 sys=0.00, real=0.27 secs] 
1935.522: [Full GC (Allocation Failure) [PSYoungGen: 163922K->163849K(298496K)] [ParOldGen: 2630080K->2630072K(2731008K)] 2794003K->2793921K(3029504K), [Metaspace: 34914K->34914K(1081344K)], 0.2537403 secs] [Times: user=0.89 sys=0.00, real=0.25 secs] 
1935.856: [GC (Allocation Failure) --[PSYoungGen: 164046K->164046K(298496K)] 2794118K->2794118K(3029504K), 0.3094699 secs] [Times: user=1.19 sys=0.00, real=0.32 secs] 
1936.165: [Full GC (Ergonomics) [PSYoungGen: 164046K->163922K(298496K)] [ParOldGen: 2630072K->2630072K(2731008K)] 2794118K->2793995K(3029504K), [Metaspace: 34914K->34914K(1081344K)], 0.2616244 secs] [Times: user=0.92 sys=0.00, real=0.26 secs] 
1936.427: [GC (Allocation Failure) --[PSYoungGen: 163922K->163922K(298496K)] 2793995K->2794003K(3029504K), 0.2733549 secs] [Times: user=1.05 sys=0.00, real=0.27 secs] 
1936.701: [Full GC (Allocation Failure) [PSYoungGen: 163922K->163849K(298496K)] [ParOldGen: 2630080K->2630072K(2731008K)] 2794003K->2793921K(3029504K), [Metaspace: 34914K->34914K(1081344K)], 0.2562815 secs] [Times: user=0.91 sys=0.00, real=0.26 secs] 
1937.039: [GC (Allocation Failure) --[PSYoungGen: 164044K->164044K(298496K)] 2794117K->2794117K(3029504K), 0.2856693 secs] [Times: user=1.09 sys=0.00, real=0.29 secs] 
1937.325: [Full GC (Ergonomics) [PSYoungGen: 164044K->163922K(298496K)] [ParOldGen: 2630072K->2630072K(2731008K)] 2794117K->2793995K(3029504K), [Metaspace: 34914K->34914K(1081344K)], 0.2526394 secs] [Times: user=0.89 sys=0.00, real=0.25 secs] 
1937.578: [GC (Allocation Failure) --[PSYoungGen: 163922K->163922K(298496K)] 2793995K->2794011K(3029504K), 0.2733371 secs] [Times: user=1.04 sys=0.00, real=0.27 secs] 
1937.851: [Full GC (Allocation Failure) [PSYoungGen: 163922K->163849K(298496K)] [ParOldGen: 2630088K->2630072K(2731008K)] 2794011K->2793921K(3029504K), [Metaspace: 34914K->34914K(1081344K)], 0.2619427 secs] [Times: user=0.93 sys=0.00, real=0.26 secs] 
1938.208: [GC (Allocation Failure) --[PSYoungGen: 164045K->164045K(298496K)] 2794117K->2794117K(3029504K), 0.2752794 secs] [Times: user=1.06 sys=0.00, real=0.27 secs] 
1938.483: [Full GC (Ergonomics) [PSYoungGen: 164045K->163922K(298496K)] [ParOldGen: 2630072K->2630072K(2731008K)] 2794117K->2793995K(3029504K), [Metaspace: 34914K->34914K(1081344K)], 0.2577302 secs] [Times: user=0.91 sys=0.00, real=0.26 secs] 
1938.741: [GC (Allocation Failure) --[PSYoungGen: 163922K->163922K(298496K)] 2793995K->2794011K(3029504K), 0.2707785 secs] [Times: user=1.03 sys=0.00, real=0.27 secs] 
1939.012: [Full GC (Allocation Failure) [PSYoungGen: 163922K->163849K(298496K)] [ParOldGen: 2630088K->2630072K(2731008K)] 2794011K->2793921K(3029504K), [Metaspace: 34914K->34914K(1081344K)], 0.2551889 secs] [Times: user=0.90 sys=0.00, real=0.26 secs] 
1939.361: [GC (Allocation Failure) --[PSYoungGen: 164046K->164046K(298496K)] 2794119K->2794119K(3029504K), 0.2718399 secs] [Times: user=1.04 sys=0.00, real=0.27 secs] 
1939.633: [Full GC (Ergonomics) [PSYoungGen: 164046K->163922K(298496K)] [ParOldGen: 2630072K->2630072K(2731008K)] 2794119K->2793995K(3029504K), [Metaspace: 34914K->34914K(1081344K)], 0.2684402 secs] [Times: user=0.94 sys=0.00, real=0.27 secs] 
1939.901: [GC (Allocation Failure) --[PSYoungGen: 163922K->163922K(298496K)] 2793995K->2794011K(3029504K), 0.2739923 secs] [Times: user=1.05 sys=0.00, real=0.27 secs] 
1940.175: [Full GC (Allocation Failure) [PSYoungGen: 163922K->163849K(298496K)] [ParOldGen: 2630088K->2630072K(2731008K)] 2794011K->2793921K(3029504K), [Metaspace: 34914K->34914K(1081344K)], 0.2527699 secs] [Times: user=0.89 sys=0.00, real=0.26 secs] 
1940.514: [GC (Allocation Failure) --[PSYoungGen: 164045K->164045K(298496K)] 2794118K->2794118K(3029504K), 0.2789482 secs] [Times: user=1.06 sys=0.00, real=0.28 secs] 
1940.793: [Full GC (Ergonomics) [PSYoungGen: 164045K->163922K(298496K)] [ParOldGen: 2630072K->2630072K(2731008K)] 2794118K->2793995K(3029504K), [Metaspace: 34914K->34914K(1081344K)], 0.2522562 secs] [Times: user=0.89 sys=0.00, real=0.26 secs] 
1941.046: [GC (Allocation Failure) --[PSYoungGen: 163922K->163922K(298496K)] 2793995K->2794011K(3029504K), 0.2747269 secs] [Times: user=1.05 sys=0.00, real=0.27 secs] 
1941.320: [Full GC (Allocation Failure) [PSYoungGen: 163922K->163849K(298496K)] [ParOldGen: 2630088K->2630072K(2731008K)] 2794011K->2793921K(3029504K), [Metaspace: 34914K->34914K(1081344K)], 0.2519563 secs] [Times: user=0.89 sys=0.00, real=0.25 secs] 
1941.621: [GC (Allocation Failure) --[PSYoungGen: 164045K->164045K(298496K)] 2794117K->2794117K(3029504K), 0.2769356 secs] [Times: user=1.06 sys=0.00, real=0.28 secs] 
1941.899: [Full GC (Ergonomics) [PSYoungGen: 164045K->163922K(298496K)] [ParOldGen: 2630072K->2630072K(2731008K)] 2794117K->2793995K(3029504K), [Metaspace: 34914K->34914K(1081344K)], 0.2547884 secs] [Times: user=0.90 sys=0.00, real=0.25 secs] 
1942.153: [GC (Allocation Failure) --[PSYoungGen: 163922K->163922K(298496K)] 2793995K->2794003K(3029504K), 0.2722533 secs] [Times: user=1.04 sys=0.00, real=0.28 secs] 
1942.426: [Full GC (Allocation Failure) [PSYoungGen: 163922K->163849K(298496K)] [ParOldGen: 2630080K->2630072K(2731008K)] 2794003K->2793921K(3029504K), [Metaspace: 34914K->34914K(1081344K)], 0.2559958 secs] [Times: user=0.90 sys=0.00, real=0.25 secs] 
1942.774: [GC (Allocation Failure) --[PSYoungGen: 164044K->164044K(298496K)] 2794117K->2794117K(3029504K), 0.2825814 secs] [Times: user=1.08 sys=0.00, real=0.29 secs] 
1943.057: [Full GC (Ergonomics) [PSYoungGen: 164044K->163922K(298496K)] [ParOldGen: 2630072K->2630072K(2731008K)] 2794117K->2793995K(3029504K), [Metaspace: 34914K->34914K(1081344K)], 0.2560312 secs] [Times: user=0.90 sys=0.00, real=0.25 secs] 
1943.313: [GC (Allocation Failure) --[PSYoungGen: 163922K->163922K(298496K)] 2793995K->2794011K(3029504K), 0.2714018 secs] [Times: user=1.04 sys=0.00, real=0.28 secs] 
1943.585: [Full GC (Allocation Failure) [PSYoungGen: 163922K->163849K(298496K)] [ParOldGen: 2630088K->2630072K(2731008K)] 2794011K->2793921K(3029504K), [Metaspace: 34914K->34914K(1081344K)], 0.2537662 secs] [Times: user=0.89 sys=0.00, real=0.25 secs] 
1943.943: [GC (Allocation Failure) --[PSYoungGen: 164044K->164044K(298496K)] 2794116K->2794116K(3029504K), 0.2735629 secs] [Times: user=1.04 sys=0.00, real=0.28 secs] 
1944.216: [Full GC (Ergonomics) [PSYoungGen: 164044K->163922K(298496K)] [ParOldGen: 2630072K->2630072K(2731008K)] 2794116K->2793995K(3029504K), [Metaspace: 34914K->34914K(1081344K)], 0.2541021 secs] [Times: user=0.90 sys=0.00, real=0.25 secs] 
1944.471: [GC (Allocation Failure) --[PSYoungGen: 163922K->163922K(298496K)] 2793995K->2794003K(3029504K), 0.2727271 secs] [Times: user=1.04 sys=0.00, real=0.27 secs] 
1944.743: [Full GC (Allocation Failure) [PSYoungGen: 163922K->163849K(298496K)] [ParOldGen: 2630080K->2630072K(2731008K)] 2794003K->2793921K(3029504K), [Metaspace: 34914K->34914K(1081344K)], 0.2560784 secs] [Times: user=0.91 sys=0.00, real=0.26 secs] 
1945.096: [GC (Allocation Failure) --[PSYoungGen: 164044K->164044K(298496K)] 2794117K->2794117K(3029504K), 0.2950153 secs] [Times: user=1.12 sys=0.00, real=0.29 secs] 
1945.391: [Full GC (Ergonomics) [PSYoungGen: 164044K->163922K(298496K)] [ParOldGen: 2630072K->2630072K(2731008K)] 2794117K->2793995K(3029504K), [Metaspace: 34914K->34914K(1081344K)], 0.2528847 secs] [Times: user=0.90 sys=0.00, real=0.26 secs] 
1945.644: [GC (Allocation Failure) --[PSYoungGen: 163922K->163922K(298496K)] 2793995K->2794011K(3029504K), 0.2712797 secs] [Times: user=1.03 sys=0.00, real=0.26 secs] 
1945.916: [Full GC (Allocation Failure) [PSYoungGen: 163922K->163849K(298496K)] [ParOldGen: 2630088K->2630072K(2731008K)] 2794011K->2793921K(3029504K), [Metaspace: 34914K->34914K(1081344K)], 0.2550372 secs] [Times: user=0.90 sys=0.00, real=0.26 secs] 
1946.249: [GC (Allocation Failure) --[PSYoungGen: 164045K->164045K(298496K)] 2794117K->2794117K(3029504K), 0.2731085 secs] [Times: user=1.05 sys=0.00, real=0.27 secs] 
1946.522: [Full GC (Ergonomics) [PSYoungGen: 164045K->163922K(298496K)] [ParOldGen: 2630072K->2630072K(2731008K)] 2794117K->2793995K(3029504K), [Metaspace: 34914K->34914K(1081344K)], 0.2554760 secs] [Times: user=0.90 sys=0.00, real=0.26 secs] 
1946.778: [GC (Allocation Failure) --[PSYoungGen: 163922K->163922K(298496K)] 2793995K->2794011K(3029504K), 0.2721270 secs] [Times: user=1.04 sys=0.00, real=0.27 secs] 
1947.050: [Full GC (Allocation Failure) [PSYoungGen: 163922K->163849K(298496K)] [ParOldGen: 2630088K->2630072K(2731008K)] 2794011K->2793921K(3029504K), [Metaspace: 34914K->34914K(1081344K)], 0.2577025 secs] [Times: user=0.91 sys=0.00, real=0.26 secs] 
1947.402: [GC (Allocation Failure) --[PSYoungGen: 164045K->164045K(298496K)] 2794117K->2794117K(3029504K), 0.2799805 secs] [Times: user=1.07 sys=0.00, real=0.28 secs] 
1947.683: [Full GC (Ergonomics) [PSYoungGen: 164045K->163922K(298496K)] [ParOldGen: 2630072K->2630072K(2731008K)] 2794117K->2793995K(3029504K), [Metaspace: 34914K->34914K(1081344K)], 0.2549818 secs] [Times: user=0.90 sys=0.00, real=0.26 secs] 
1947.938: [GC (Allocation Failure) --[PSYoungGen: 163922K->163922K(298496K)] 2793995K->2794011K(3029504K), 0.2717823 secs] [Times: user=1.04 sys=0.00, real=0.27 secs] 
1948.210: [Full GC (Allocation Failure) [PSYoungGen: 163922K->163849K(298496K)] [ParOldGen: 2630088K->2630072K(2731008K)] 2794011K->2793921K(3029504K), [Metaspace: 34914K->34914K(1081344K)], 0.2542702 secs] [Times: user=0.90 sys=0.00, real=0.26 secs] 
1948.556: [GC (Allocation Failure) --[PSYoungGen: 164044K->164044K(298496K)] 2794116K->2794116K(3029504K), 0.2751477 secs] [Times: user=1.06 sys=0.00, real=0.28 secs] 
1948.831: [Full GC (Ergonomics) [PSYoungGen: 164044K->163922K(298496K)] [ParOldGen: 2630072K->2630072K(2731008K)] 2794116K->2793995K(3029504K), [Metaspace: 34914K->34914K(1081344K)], 0.2561646 secs] [Times: user=0.90 sys=0.00, real=0.26 secs] 
1949.087: [GC (Allocation Failure) --[PSYoungGen: 163922K->163922K(298496K)] 2793995K->2794011K(3029504K), 0.2736974 secs] [Times: user=1.05 sys=0.00, real=0.27 secs] 
1949.361: [Full GC (Allocation Failure) [PSYoungGen: 163922K->163849K(298496K)] [ParOldGen: 2630088K->2630072K(2731008K)] 2794011K->2793921K(3029504K), [Metaspace: 34914K->34914K(1081344K)], 0.2536884 secs] [Times: user=0.89 sys=0.00, real=0.25 secs] 
1949.709: [GC (Allocation Failure) --[PSYoungGen: 164044K->164044K(298496K)] 2794117K->2794117K(3029504K), 0.2783980 secs] [Times: user=1.05 sys=0.00, real=0.28 secs] 
1949.987: [Full GC (Ergonomics) [PSYoungGen: 164044K->163922K(298496K)] [ParOldGen: 2630072K->2630072K(2731008K)] 2794117K->2793995K(3029504K), [Metaspace: 34914K->34914K(1081344K)], 0.2606030 secs] [Times: user=0.93 sys=0.00, real=0.26 secs] 
1950.248: [GC (Allocation Failure) --[PSYoungGen: 163922K->163922K(298496K)] 2793995K->2794011K(3029504K), 0.2712451 secs] [Times: user=1.03 sys=0.00, real=0.27 secs] 
1950.519: [Full GC (Allocation Failure) [PSYoungGen: 163922K->163849K(298496K)] [ParOldGen: 2630088K->2630072K(2731008K)] 2794011K->2793921K(3029504K), [Metaspace: 34914K->34914K(1081344K)], 0.2574915 secs] [Times: user=0.91 sys=0.00, real=0.26 secs] 
1950.847: [GC (Allocation Failure) --[PSYoungGen: 164044K->164044K(298496K)] 2794117K->2794117K(3029504K), 0.2748488 secs] [Times: user=1.05 sys=0.00, real=0.27 secs] 
1951.122: [Full GC (Ergonomics) [PSYoungGen: 164044K->163922K(298496K)] [ParOldGen: 2630072K->2630072K(2731008K)] 2794117K->2793995K(3029504K), [Metaspace: 34914K->34914K(1081344K)], 0.2545215 secs] [Times: user=0.90 sys=0.00, real=0.26 secs] 
1951.376: [GC (Allocation Failure) --[PSYoungGen: 163922K->163922K(298496K)] 2793995K->2794011K(3029504K), 0.2719742 secs] [Times: user=1.04 sys=0.00, real=0.27 secs] 
1951.648: [Full GC (Allocation Failure) [PSYoungGen: 163922K->163849K(298496K)] [ParOldGen: 2630088K->2630072K(2731008K)] 2794011K->2793921K(3029504K), [Metaspace: 34914K->34914K(1081344K)], 0.2552570 secs] [Times: user=0.90 sys=0.00, real=0.26 secs] 
1951.969: [GC (Allocation Failure) --[PSYoungGen: 164045K->164045K(298496K)] 2794117K->2794117K(3029504K), 0.2902301 secs] [Times: user=1.11 sys=0.00, real=0.29 secs] 
1952.260: [Full GC (Ergonomics) [PSYoungGen: 164045K->163922K(298496K)] [ParOldGen: 2630072K->2630072K(2731008K)] 2794117K->2793995K(3029504K), [Metaspace: 34914K->34914K(1081344K)], 0.2539130 secs] [Times: user=0.89 sys=0.00, real=0.25 secs] 
1952.514: [GC (Allocation Failure) --[PSYoungGen: 163922K->163922K(298496K)] 2793995K->2794011K(3029504K), 0.2761554 secs] [Times: user=1.05 sys=0.00, real=0.28 secs] 
1952.790: [Full GC (Allocation Failure) [PSYoungGen: 163922K->163849K(298496K)] [ParOldGen: 2630088K->2630072K(2731008K)] 2794011K->2793921K(3029504K), [Metaspace: 34914K->34914K(1081344K)], 0.2529704 secs] [Times: user=0.90 sys=0.00, real=0.25 secs] 
1953.138: [GC (Allocation Failure) --[PSYoungGen: 164044K->164044K(298496K)] 2794116K->2794116K(3029504K), 0.2704219 secs] [Times: user=1.04 sys=0.00, real=0.27 secs] 
1953.408: [Full GC (Ergonomics) [PSYoungGen: 164044K->163922K(298496K)] [ParOldGen: 2630072K->2630072K(2731008K)] 2794116K->2793995K(3029504K), [Metaspace: 34914K->34914K(1081344K)], 0.2564873 secs] [Times: user=0.90 sys=0.00, real=0.26 secs] 
1953.665: [GC (Allocation Failure) --[PSYoungGen: 163922K->163922K(298496K)] 2793995K->2794003K(3029504K), 0.2745095 secs] [Times: user=1.05 sys=0.00, real=0.27 secs] 
1953.940: [Full GC (Allocation Failure) [PSYoungGen: 163922K->163849K(298496K)] [ParOldGen: 2630080K->2630072K(2731008K)] 2794003K->2793921K(3029504K), [Metaspace: 34914K->34914K(1081344K)], 0.2540222 secs] [Times: user=0.90 sys=0.00, real=0.25 secs] 
1954.291: [GC (Allocation Failure) --[PSYoungGen: 164044K->164044K(298496K)] 2794117K->2794117K(3029504K), 0.3043730 secs] [Times: user=1.14 sys=0.00, real=0.30 secs] 
1954.596: [Full GC (Ergonomics) [PSYoungGen: 164044K->163922K(298496K)] [ParOldGen: 2630072K->2630072K(2731008K)] 2794117K->2793995K(3029504K), [Metaspace: 34914K->34914K(1081344K)], 0.2544790 secs] [Times: user=0.90 sys=0.00, real=0.26 secs] 
1954.850: [GC (Allocation Failure) --[PSYoungGen: 163922K->163922K(298496K)] 2793995K->2794003K(3029504K), 0.2719827 secs] [Times: user=1.04 sys=0.00, real=0.27 secs] 
1955.122: [Full GC (Allocation Failure) [PSYoungGen: 163922K->163849K(298496K)] [ParOldGen: 2630080K->2630072K(2731008K)] 2794003K->2793921K(3029504K), [Metaspace: 34914K->34914K(1081344K)], 0.2551272 secs] [Times: user=0.90 sys=0.00, real=0.26 secs] 
1955.475: [GC (Allocation Failure) --[PSYoungGen: 164046K->164046K(298496K)] 2794118K->2794118K(3029504K), 0.2745458 secs] [Times: user=1.05 sys=0.00, real=0.28 secs] 
1955.749: [Full GC (Ergonomics) [PSYoungGen: 164046K->163922K(298496K)] [ParOldGen: 2630072K->2630072K(2731008K)] 2794118K->2793995K(3029504K), [Metaspace: 34914K->34914K(1081344K)], 0.2535035 secs] [Times: user=0.90 sys=0.00, real=0.25 secs] 
1956.003: [GC (Allocation Failure) --[PSYoungGen: 163922K->163922K(298496K)] 2793995K->2794003K(3029504K), 0.2720372 secs] [Times: user=1.03 sys=0.00, real=0.27 secs] 
1956.275: [Full GC (Allocation Failure) [PSYoungGen: 163922K->163849K(298496K)] [ParOldGen: 2630080K->2630072K(2731008K)] 2794003K->2793921K(3029504K), [Metaspace: 34914K->34914K(1081344K)], 0.2527938 secs] [Times: user=0.90 sys=0.00, real=0.26 secs] 
1956.613: [GC (Allocation Failure) --[PSYoungGen: 164044K->164044K(298496K)] 2794117K->2794117K(3029504K), 0.2800632 secs] [Times: user=1.06 sys=0.00, real=0.28 secs] 
1956.893: [Full GC (Ergonomics) [PSYoungGen: 164044K->163922K(298496K)] [ParOldGen: 2630072K->2630072K(2731008K)] 2794117K->2793995K(3029504K), [Metaspace: 34914K->34914K(1081344K)], 0.2534737 secs] [Times: user=0.90 sys=0.00, real=0.26 secs] 
1957.147: [GC (Allocation Failure) --[PSYoungGen: 163922K->163922K(298496K)] 2793995K->2794011K(3029504K), 0.2730907 secs] [Times: user=1.04 sys=0.00, real=0.27 secs] 
1957.420: [Full GC (Allocation Failure) [PSYoungGen: 163922K->163849K(298496K)] [ParOldGen: 2630088K->2630072K(2731008K)] 2794011K->2793921K(3029504K), [Metaspace: 34914K->34914K(1081344K)], 0.2525509 secs] [Times: user=0.89 sys=0.00, real=0.25 secs] 
1957.767: [GC (Allocation Failure) --[PSYoungGen: 164044K->164044K(298496K)] 2794116K->2794116K(3029504K), 0.2746445 secs] [Times: user=1.05 sys=0.00, real=0.27 secs] 
1958.041: [Full GC (Ergonomics) [PSYoungGen: 164044K->163922K(298496K)] [ParOldGen: 2630072K->2630072K(2731008K)] 2794116K->2793995K(3029504K), [Metaspace: 34914K->34914K(1081344K)], 0.2573619 secs] [Times: user=0.91 sys=0.00, real=0.26 secs] 
1958.299: [GC (Allocation Failure) --[PSYoungGen: 163922K->163922K(298496K)] 2793995K->2794003K(3029504K), 0.2705906 secs] [Times: user=1.03 sys=0.00, real=0.27 secs] 
1958.569: [Full GC (Allocation Failure) [PSYoungGen: 163922K->163849K(298496K)] [ParOldGen: 2630080K->2630072K(2731008K)] 2794003K->2793921K(3029504K), [Metaspace: 34914K->34914K(1081344K)], 0.2548905 secs] [Times: user=0.90 sys=0.00, real=0.26 secs] 
1958.919: [GC (Allocation Failure) --[PSYoungGen: 164044K->164044K(298496K)] 2794117K->2794117K(3029504K), 0.2779968 secs] [Times: user=1.06 sys=0.00, real=0.28 secs] 
1959.197: [Full GC (Ergonomics) [PSYoungGen: 164044K->163922K(298496K)] [ParOldGen: 2630072K->2630072K(2731008K)] 2794117K->2793995K(3029504K), [Metaspace: 34914K->34914K(1081344K)], 0.2536980 secs] [Times: user=0.90 sys=0.00, real=0.25 secs] 
1959.451: [GC (Allocation Failure) --[PSYoungGen: 163922K->163922K(298496K)] 2793995K->2794003K(3029504K), 0.2810919 secs] [Times: user=1.07 sys=0.00, real=0.28 secs] 
1959.732: [Full GC (Allocation Failure) [PSYoungGen: 163922K->163849K(298496K)] [ParOldGen: 2630080K->2630072K(2731008K)] 2794003K->2793921K(3029504K), [Metaspace: 34914K->34914K(1081344K)], 0.2577627 secs] [Times: user=0.91 sys=0.00, real=0.26 secs] 
1960.072: [GC (Allocation Failure) --[PSYoungGen: 164046K->164046K(298496K)] 2794118K->2794118K(3029504K), 0.2712183 secs] [Times: user=1.03 sys=0.00, real=0.27 secs] 
1960.344: [Full GC (Ergonomics) [PSYoungGen: 164046K->163922K(298496K)] [ParOldGen: 2630072K->2630072K(2731008K)] 2794118K->2793995K(3029504K), [Metaspace: 34914K->34914K(1081344K)], 0.2531438 secs] [Times: user=0.90 sys=0.00, real=0.26 secs] 
1960.597: [GC (Allocation Failure) --[PSYoungGen: 163922K->163922K(298496K)] 2793995K->2794003K(3029504K), 0.2731440 secs] [Times: user=1.04 sys=0.00, real=0.27 secs] 
1960.870: [Full GC (Allocation Failure) [PSYoungGen: 163922K->163849K(298496K)] [ParOldGen: 2630080K->2630072K(2731008K)] 2794003K->2793921K(3029504K), [Metaspace: 34914K->34914K(1081344K)], 0.2524705 secs] [Times: user=0.89 sys=0.00, real=0.25 secs] 
1961.195: [GC (Allocation Failure) --[PSYoungGen: 164044K->164044K(298496K)] 2794116K->2794116K(3029504K), 0.2910754 secs] [Times: user=1.10 sys=0.00, real=0.30 secs] 
1961.486: [Full GC (Ergonomics) [PSYoungGen: 164044K->163922K(298496K)] [ParOldGen: 2630072K->2630072K(2731008K)] 2794116K->2793995K(3029504K), [Metaspace: 34914K->34914K(1081344K)], 0.2526603 secs] [Times: user=0.89 sys=0.00, real=0.25 secs] 
1961.739: [GC (Allocation Failure) --[PSYoungGen: 163922K->163922K(298496K)] 2793995K->2794003K(3029504K), 0.2702262 secs] [Times: user=1.03 sys=0.00, real=0.27 secs] 
1962.009: [Full GC (Allocation Failure) [PSYoungGen: 163922K->163849K(298496K)] [ParOldGen: 2630080K->2630072K(2731008K)] 2794003K->2793921K(3029504K), [Metaspace: 34914K->34914K(1081344K)], 0.2539885 secs] [Times: user=0.90 sys=0.00, real=0.25 secs] 
1962.348: [GC (Allocation Failure) --[PSYoungGen: 164044K->164044K(298496K)] 2794117K->2794117K(3029504K), 0.2749045 secs] [Times: user=1.05 sys=0.00, real=0.27 secs] 
1962.623: [Full GC (Ergonomics) [PSYoungGen: 164044K->163922K(298496K)] [ParOldGen: 2630072K->2630072K(2731008K)] 2794117K->2793995K(3029504K), [Metaspace: 34914K->34914K(1081344K)], 0.2567628 secs] [Times: user=0.91 sys=0.00, real=0.26 secs] 
1962.880: [GC (Allocation Failure) --[PSYoungGen: 163922K->163922K(298496K)] 2793995K->2794003K(3029504K), 0.2748454 secs] [Times: user=1.05 sys=0.00, real=0.27 secs] 
1963.155: [Full GC (Allocation Failure) [PSYoungGen: 163922K->163849K(298496K)] [ParOldGen: 2630080K->2630072K(2731008K)] 2794003K->2793921K(3029504K), [Metaspace: 34914K->34914K(1081344K)], 0.2547665 secs] [Times: user=0.90 sys=0.00, real=0.26 secs] 
1963.501: [GC (Allocation Failure) --[PSYoungGen: 164044K->164044K(298496K)] 2794117K->2794117K(3029504K), 0.2714661 secs] [Times: user=1.04 sys=0.00, real=0.27 secs] 
1963.773: [Full GC (Ergonomics) [PSYoungGen: 164044K->163922K(298496K)] [ParOldGen: 2630072K->2630072K(2731008K)] 2794117K->2793995K(3029504K), [Metaspace: 34914K->34914K(1081344K)], 0.2560746 secs] [Times: user=0.90 sys=0.00, real=0.26 secs] 
1964.029: [GC (Allocation Failure) --[PSYoungGen: 163922K->163922K(298496K)] 2793995K->2794011K(3029504K), 0.2758636 secs] [Times: user=1.05 sys=0.00, real=0.28 secs] 
1964.305: [Full GC (Allocation Failure) [PSYoungGen: 163922K->163849K(298496K)] [ParOldGen: 2630088K->2630072K(2731008K)] 2794011K->2793921K(3029504K), [Metaspace: 34914K->34914K(1081344K)], 0.2528223 secs] [Times: user=0.90 sys=0.00, real=0.25 secs] 
1964.639: [GC (Allocation Failure) --[PSYoungGen: 164047K->164047K(298496K)] 2794119K->2794119K(3029504K), 0.2890771 secs] [Times: user=1.10 sys=0.00, real=0.29 secs] 
1964.928: [Full GC (Ergonomics) [PSYoungGen: 164047K->163920K(298496K)] [ParOldGen: 2630072K->2630072K(2731008K)] 2794119K->2793992K(3029504K), [Metaspace: 34914K->34914K(1081344K)], 0.2627912 secs] [Times: user=0.93 sys=0.00, real=0.26 secs] 
1965.191: [GC (Allocation Failure) --[PSYoungGen: 163920K->163920K(298496K)] 2793992K->2794000K(3029504K), 0.2698775 secs] [Times: user=1.03 sys=0.00, real=0.27 secs] 
1965.461: [Full GC (Allocation Failure) [PSYoungGen: 163920K->163848K(298496K)] [ParOldGen: 2630080K->2630072K(2731008K)] 2794000K->2793921K(3029504K), [Metaspace: 34914K->34914K(1081344K)], 0.2537641 secs] [Times: user=0.90 sys=0.00, real=0.25 secs] 
1965.792: [GC (Allocation Failure) --[PSYoungGen: 164044K->164044K(298496K)] 2794117K->2794117K(3029504K), 0.2748757 secs] [Times: user=1.05 sys=0.00, real=0.28 secs] 
1966.067: [Full GC (Ergonomics) [PSYoungGen: 164044K->163922K(298496K)] [ParOldGen: 2630072K->2630072K(2731008K)] 2794117K->2793995K(3029504K), [Metaspace: 34914K->34914K(1081344K)], 0.2547279 secs] [Times: user=0.91 sys=0.00, real=0.25 secs] 
1966.322: [GC (Allocation Failure) --[PSYoungGen: 163922K->163922K(298496K)] 2793995K->2794003K(3029504K), 0.2702198 secs] [Times: user=1.03 sys=0.00, real=0.27 secs] 
1966.592: [Full GC (Allocation Failure) [PSYoungGen: 163922K->163849K(298496K)] [ParOldGen: 2630080K->2630072K(2731008K)] 2794003K->2793921K(3029504K), [Metaspace: 34914K->34914K(1081344K)], 0.2562938 secs] [Times: user=0.90 sys=0.00, real=0.26 secs] 
1966.930: [GC (Allocation Failure) --[PSYoungGen: 164045K->164045K(298496K)] 2794117K->2794117K(3029504K), 0.2737107 secs] [Times: user=1.05 sys=0.00, real=0.27 secs] 
1967.204: [Full GC (Ergonomics) [PSYoungGen: 164045K->163922K(298496K)] [ParOldGen: 2630072K->2630072K(2731008K)] 2794117K->2793995K(3029504K), [Metaspace: 34914K->34914K(1081344K)], 0.2574401 secs] [Times: user=0.91 sys=0.00, real=0.25 secs] 
1967.461: [GC (Allocation Failure) --[PSYoungGen: 163922K->163922K(298496K)] 2793995K->2794011K(3029504K), 0.2732584 secs] [Times: user=1.04 sys=0.00, real=0.27 secs] 
1967.735: [Full GC (Allocation Failure) [PSYoungGen: 163922K->163849K(298496K)] [ParOldGen: 2630088K->2630072K(2731008K)] 2794011K->2793921K(3029504K), [Metaspace: 34914K->34914K(1081344K)], 0.2582007 secs] [Times: user=0.91 sys=0.00, real=0.26 secs] 
1968.084: [GC (Allocation Failure) --[PSYoungGen: 164044K->164044K(298496K)] 2794117K->2794117K(3029504K), 0.2966494 secs] [Times: user=1.09 sys=0.00, real=0.30 secs] 
1968.380: [Full GC (Ergonomics) [PSYoungGen: 164044K->163922K(298496K)] [ParOldGen: 2630072K->2630072K(2731008K)] 2794117K->2793995K(3029504K), [Metaspace: 34914K->34914K(1081344K)], 0.2525431 secs] [Times: user=0.90 sys=0.00, real=0.25 secs] 
1968.633: [GC (Allocation Failure) --[PSYoungGen: 163922K->163922K(298496K)] 2793995K->2794011K(3029504K), 0.2711572 secs] [Times: user=1.03 sys=0.00, real=0.28 secs] 
1968.904: [Full GC (Allocation Failure) [PSYoungGen: 163922K->163849K(298496K)] [ParOldGen: 2630088K->2630072K(2731008K)] 2794011K->2793921K(3029504K), [Metaspace: 34914K->34914K(1081344K)], 0.2527142 secs] [Times: user=0.90 sys=0.00, real=0.25 secs] 
1969.252: [GC (Allocation Failure) --[PSYoungGen: 164046K->164046K(298496K)] 2794119K->2794119K(3029504K), 0.2714540 secs] [Times: user=1.04 sys=0.00, real=0.27 secs] 
1969.523: [Full GC (Ergonomics) [PSYoungGen: 164046K->163922K(298496K)] [ParOldGen: 2630072K->2630072K(2731008K)] 2794119K->2793995K(3029504K), [Metaspace: 34914K->34914K(1081344K)], 0.2650047 secs] [Times: user=0.94 sys=0.00, real=0.27 secs] 
1969.788: [GC (Allocation Failure) --[PSYoungGen: 163922K->163922K(298496K)] 2793995K->2794011K(3029504K), 0.2889848 secs] [Times: user=1.11 sys=0.00, real=0.29 secs] 
1970.077: [Full GC (Allocation Failure) [PSYoungGen: 163922K->163849K(298496K)] [ParOldGen: 2630088K->2630072K(2731008K)] 2794011K->2793921K(3029504K), [Metaspace: 34914K->34914K(1081344K)], 0.2765040 secs] [Times: user=0.98 sys=0.00, real=0.27 secs] 
1970.452: [GC (Allocation Failure) --[PSYoungGen: 164044K->164044K(298496K)] 2794117K->2794117K(3029504K), 0.2889833 secs] [Times: user=1.10 sys=0.00, real=0.29 secs] 
1970.741: [Full GC (Ergonomics) [PSYoungGen: 164044K->163922K(298496K)] [ParOldGen: 2630072K->2630072K(2731008K)] 2794117K->2793995K(3029504K), [Metaspace: 34914K->34914K(1081344K)], 0.3024816 secs] [Times: user=1.08 sys=0.00, real=0.30 secs] 
1971.043: [GC (Allocation Failure) --[PSYoungGen: 163922K->163922K(298496K)] 2793995K->2794003K(3029504K), 0.2794123 secs] [Times: user=1.06 sys=0.00, real=0.28 secs] 
1971.323: [Full GC (Allocation Failure) [PSYoungGen: 163922K->163849K(298496K)] [ParOldGen: 2630080K->2630072K(2731008K)] 2794003K->2793921K(3029504K), [Metaspace: 34914K->34914K(1081344K)], 0.2552046 secs] [Times: user=0.90 sys=0.00, real=0.26 secs] 
1971.666: [GC (Allocation Failure) --[PSYoungGen: 164045K->164045K(298496K)] 2794117K->2794117K(3029504K), 0.2940280 secs] [Times: user=1.13 sys=0.00, real=0.29 secs] 
1971.960: [Full GC (Ergonomics) [PSYoungGen: 164045K->163922K(298496K)] [ParOldGen: 2630072K->2630072K(2731008K)] 2794117K->2793995K(3029504K), [Metaspace: 34914K->34914K(1081344K)], 0.2588105 secs] [Times: user=0.91 sys=0.00, real=0.26 secs] 
1972.219: [GC (Allocation Failure) --[PSYoungGen: 163922K->163922K(298496K)] 2793995K->2794011K(3029504K), 0.3080252 secs] [Times: user=1.18 sys=0.00, real=0.31 secs] 
1972.527: [Full GC (Allocation Failure) [PSYoungGen: 163922K->163849K(298496K)] [ParOldGen: 2630088K->2630072K(2731008K)] 2794011K->2793921K(3029504K), [Metaspace: 34914K->34914K(1081344K)], 0.2743507 secs] [Times: user=0.94 sys=0.00, real=0.27 secs] 
1972.865: [GC (Allocation Failure) --[PSYoungGen: 164046K->164046K(298496K)] 2794118K->2794118K(3029504K), 0.2921768 secs] [Times: user=1.12 sys=0.00, real=0.29 secs] 
1973.158: [Full GC (Ergonomics) [PSYoungGen: 164046K->163922K(298496K)] [ParOldGen: 2630072K->2630072K(2731008K)] 2794118K->2793995K(3029504K), [Metaspace: 34914K->34914K(1081344K)], 0.2799681 secs] [Times: user=1.00 sys=0.00, real=0.28 secs] 
1973.438: [GC (Allocation Failure) --[PSYoungGen: 163922K->163922K(298496K)] 2793995K->2794011K(3029504K), 0.2703997 secs] [Times: user=1.03 sys=0.00, real=0.27 secs] 
1973.708: [Full GC (Allocation Failure) [PSYoungGen: 163922K->163849K(298496K)] [ParOldGen: 2630088K->2630072K(2731008K)] 2794011K->2793921K(3029504K), [Metaspace: 34914K->34914K(1081344K)], 0.2538655 secs] [Times: user=0.89 sys=0.00, real=0.25 secs] 
1974.049: [GC (Allocation Failure) --[PSYoungGen: 164047K->164047K(298496K)] 2794119K->2794119K(3029504K), 0.2713743 secs] [Times: user=1.03 sys=0.00, real=0.27 secs] 
1974.321: [Full GC (Ergonomics) [PSYoungGen: 164047K->163920K(298496K)] [ParOldGen: 2630072K->2630072K(2731008K)] 2794119K->2793992K(3029504K), [Metaspace: 34914K->34914K(1081344K)], 0.2530240 secs] [Times: user=0.90 sys=0.00, real=0.25 secs] 
1974.574: [GC (Allocation Failure) --[PSYoungGen: 163920K->163920K(298496K)] 2793992K->2794008K(3029504K), 0.2908318 secs] [Times: user=1.11 sys=0.00, real=0.30 secs] 
1974.865: [Full GC (Allocation Failure) [PSYoungGen: 163920K->163848K(298496K)] [ParOldGen: 2630088K->2630072K(2731008K)] 2794008K->2793921K(3029504K), [Metaspace: 34914K->34914K(1081344K)], 0.2583814 secs] [Times: user=0.92 sys=0.00, real=0.25 secs] 
1975.218: [GC (Allocation Failure) --[PSYoungGen: 164044K->164044K(298496K)] 2794117K->2794117K(3029504K), 0.2876833 secs] [Times: user=1.09 sys=0.00, real=0.29 secs] 
1975.505: [Full GC (Ergonomics) [PSYoungGen: 164044K->163922K(298496K)] [ParOldGen: 2630072K->2630072K(2731008K)] 2794117K->2793995K(3029504K), [Metaspace: 34914K->34914K(1081344K)], 0.2557707 secs] [Times: user=0.91 sys=0.00, real=0.25 secs] 
1975.761: [GC (Allocation Failure) --[PSYoungGen: 163922K->163922K(298496K)] 2793995K->2794011K(3029504K), 0.2779673 secs] [Times: user=1.06 sys=0.00, real=0.28 secs] 
1976.039: [Full GC (Allocation Failure) [PSYoungGen: 163922K->163849K(298496K)] [ParOldGen: 2630088K->2630072K(2731008K)] 2794011K->2793921K(3029504K), [Metaspace: 34914K->34914K(1081344K)], 0.2555077 secs] [Times: user=0.90 sys=0.00, real=0.25 secs] 
1976.371: [GC (Allocation Failure) --[PSYoungGen: 164045K->164045K(298496K)] 2794117K->2794117K(3029504K), 0.2705375 secs] [Times: user=1.04 sys=0.00, real=0.27 secs] 
1976.642: [Full GC (Ergonomics) [PSYoungGen: 164045K->163922K(298496K)] [ParOldGen: 2630072K->2630072K(2731008K)] 2794117K->2793995K(3029504K), [Metaspace: 34914K->34914K(1081344K)], 0.2709377 secs] [Times: user=0.95 sys=0.00, real=0.27 secs] 
1976.913: [GC (Allocation Failure) --[PSYoungGen: 163922K->163922K(298496K)] 2793995K->2794011K(3029504K), 0.2728099 secs] [Times: user=1.05 sys=0.00, real=0.28 secs] 
1977.186: [Full GC (Allocation Failure) [PSYoungGen: 163922K->163849K(298496K)] [ParOldGen: 2630088K->2630072K(2731008K)] 2794011K->2793921K(3029504K), [Metaspace: 34914K->34914K(1081344K)], 0.2552830 secs] [Times: user=0.90 sys=0.00, real=0.25 secs] 
1977.524: [GC (Allocation Failure) --[PSYoungGen: 164044K->164044K(298496K)] 2794117K->2794117K(3029504K), 0.2928187 secs] [Times: user=1.08 sys=0.00, real=0.29 secs] 
1977.817: [Full GC (Ergonomics) [PSYoungGen: 164044K->163922K(298496K)] [ParOldGen: 2630072K->2630072K(2731008K)] 2794117K->2793995K(3029504K), [Metaspace: 34914K->34914K(1081344K)], 0.2556587 secs] [Times: user=0.91 sys=0.00, real=0.25 secs] 
1978.073: [GC (Allocation Failure) --[PSYoungGen: 163922K->163922K(298496K)] 2793995K->2794011K(3029504K), 0.2740951 secs] [Times: user=1.05 sys=0.00, real=0.28 secs] 
1978.347: [Full GC (Allocation Failure) [PSYoungGen: 163922K->163849K(298496K)] [ParOldGen: 2630088K->2630072K(2731008K)] 2794011K->2793921K(3029504K), [Metaspace: 34914K->34914K(1081344K)], 0.2550200 secs] [Times: user=0.90 sys=0.00, real=0.25 secs] 
1978.677: [GC (Allocation Failure) --[PSYoungGen: 164044K->164044K(298496K)] 2794117K->2794117K(3029504K), 0.2811217 secs] [Times: user=1.08 sys=0.00, real=0.28 secs] 
1978.958: [Full GC (Ergonomics) [PSYoungGen: 164044K->163922K(298496K)] [ParOldGen: 2630072K->2630072K(2731008K)] 2794117K->2793995K(3029504K), [Metaspace: 34914K->34914K(1081344K)], 0.2553385 secs] [Times: user=0.90 sys=0.00, real=0.25 secs] 
1979.214: [GC (Allocation Failure) --[PSYoungGen: 163922K->163922K(298496K)] 2793995K->2794011K(3029504K), 0.2747995 secs] [Times: user=1.05 sys=0.00, real=0.28 secs] 
1979.489: [Full GC (Allocation Failure) [PSYoungGen: 163922K->163849K(298496K)] [ParOldGen: 2630088K->2630072K(2731008K)] 2794011K->2793921K(3029504K), [Metaspace: 34914K->34914K(1081344K)], 0.2646366 secs] [Times: user=0.94 sys=0.00, real=0.26 secs] 
1979.846: [GC (Allocation Failure) --[PSYoungGen: 164046K->164046K(298496K)] 2794118K->2794118K(3029504K), 0.2776253 secs] [Times: user=1.07 sys=0.00, real=0.27 secs] 
1980.123: [Full GC (Ergonomics) [PSYoungGen: 164046K->163922K(298496K)] [ParOldGen: 2630072K->2630072K(2731008K)] 2794118K->2793995K(3029504K), [Metaspace: 34914K->34914K(1081344K)], 0.2626046 secs] [Times: user=0.93 sys=0.00, real=0.27 secs] 
1980.386: [GC (Allocation Failure) --[PSYoungGen: 163922K->163922K(298496K)] 2793995K->2794003K(3029504K), 0.2728499 secs] [Times: user=1.04 sys=0.00, real=0.27 secs] 
1980.659: [Full GC (Allocation Failure) [PSYoungGen: 163922K->163849K(298496K)] [ParOldGen: 2630080K->2630072K(2731008K)] 2794003K->2793921K(3029504K), [Metaspace: 34914K->34914K(1081344K)], 0.2564394 secs] [Times: user=0.90 sys=0.00, real=0.25 secs] 
1981.015: [GC (Allocation Failure) --[PSYoungGen: 164047K->164047K(298496K)] 2794119K->2794127K(3029504K), 0.2697961 secs] [Times: user=1.03 sys=0.00, real=0.28 secs] 
1981.285: [Full GC (Ergonomics) [PSYoungGen: 164047K->163923K(298496K)] [ParOldGen: 2630080K->2630072K(2731008K)] 2794127K->2793995K(3029504K), [Metaspace: 34914K->34914K(1081344K)], 0.2525062 secs] [Times: user=0.89 sys=0.00, real=0.25 secs] 
1981.537: [GC (Allocation Failure) --[PSYoungGen: 163923K->163923K(298496K)] 2793995K->2794011K(3029504K), 0.2719431 secs] [Times: user=1.04 sys=0.00, real=0.27 secs] 
1981.809: [Full GC (Allocation Failure) [PSYoungGen: 163923K->163849K(298496K)] [ParOldGen: 2630088K->2630072K(2731008K)] 2794011K->2793922K(3029504K), [Metaspace: 34914K->34914K(1081344K)], 0.3318458 secs] [Times: user=1.21 sys=0.00, real=0.33 secs] 
1982.229: [GC (Allocation Failure) --[PSYoungGen: 164045K->164045K(298496K)] 2794117K->2794117K(3029504K), 0.3041243 secs] [Times: user=1.15 sys=0.00, real=0.30 secs] 
1982.533: [Full GC (Ergonomics) [PSYoungGen: 164045K->163923K(298496K)] [ParOldGen: 2630072K->2630072K(2731008K)] 2794117K->2793995K(3029504K), [Metaspace: 34914K->34914K(1081344K)], 0.2643251 secs] [Times: user=0.94 sys=0.00, real=0.27 secs] 
1982.798: [GC (Allocation Failure) --[PSYoungGen: 163923K->163923K(298496K)] 2793995K->2794011K(3029504K), 0.2748325 secs] [Times: user=1.05 sys=0.00, real=0.27 secs] 
1983.073: [Full GC (Allocation Failure) [PSYoungGen: 163923K->163849K(298496K)] [ParOldGen: 2630088K->2630072K(2731008K)] 2794011K->2793922K(3029504K), [Metaspace: 34914K->34914K(1081344K)], 0.2594731 secs] [Times: user=0.91 sys=0.00, real=0.26 secs] 
1983.413: [GC (Allocation Failure) --[PSYoungGen: 164044K->164044K(298496K)] 2794117K->2794117K(3029504K), 0.2919904 secs] [Times: user=1.12 sys=0.00, real=0.30 secs] 
1983.706: [Full GC (Ergonomics) [PSYoungGen: 164044K->163923K(298496K)] [ParOldGen: 2630072K->2630072K(2731008K)] 2794117K->2793995K(3029504K), [Metaspace: 34914K->34914K(1081344K)], 0.3075194 secs] [Times: user=1.10 sys=0.00, real=0.30 secs] 
1984.013: [GC (Allocation Failure) --[PSYoungGen: 163923K->163923K(298496K)] 2793995K->2794003K(3029504K), 0.2807911 secs] [Times: user=1.07 sys=0.00, real=0.28 secs] 
1984.294: [Full GC (Allocation Failure) [PSYoungGen: 163923K->163849K(298496K)] [ParOldGen: 2630080K->2630072K(2731008K)] 2794003K->2793922K(3029504K), [Metaspace: 34914K->34914K(1081344K)], 0.2721187 secs] [Times: user=0.96 sys=0.00, real=0.28 secs] 
1984.674: [GC (Allocation Failure) --[PSYoungGen: 164045K->164045K(298496K)] 2794118K->2794118K(3029504K), 0.2870447 secs] [Times: user=1.10 sys=0.00, real=0.29 secs] 
1984.961: [Full GC (Ergonomics) [PSYoungGen: 164045K->163923K(298496K)] [ParOldGen: 2630072K->2630072K(2731008K)] 2794118K->2793995K(3029504K), [Metaspace: 34914K->34914K(1081344K)], 0.2592728 secs] [Times: user=0.91 sys=0.00, real=0.26 secs] 
1985.220: [GC (Allocation Failure) --[PSYoungGen: 163923K->163923K(298496K)] 2793995K->2794003K(3029504K), 0.2786447 secs] [Times: user=1.06 sys=0.00, real=0.28 secs] 
1985.499: [Full GC (Allocation Failure) [PSYoungGen: 163923K->163849K(298496K)] [ParOldGen: 2630080K->2630073K(2731008K)] 2794003K->2793922K(3029504K), [Metaspace: 34914K->34914K(1081344K)], 0.2631857 secs] [Times: user=0.94 sys=0.00, real=0.26 secs] 
1985.858: [GC (Allocation Failure) --[PSYoungGen: 164046K->164046K(298496K)] 2794119K->2794119K(3029504K), 0.2987140 secs] [Times: user=1.13 sys=0.00, real=0.30 secs] 
1986.157: [Full GC (Ergonomics) [PSYoungGen: 164046K->163922K(298496K)] [ParOldGen: 2630073K->2630072K(2731008K)] 2794119K->2793995K(3029504K), [Metaspace: 34914K->34914K(1081344K)], 0.2636120 secs] [Times: user=0.94 sys=0.00, real=0.26 secs] 
1986.421: [GC (Allocation Failure) --[PSYoungGen: 163922K->163922K(298496K)] 2793995K->2794011K(3029504K), 0.2732817 secs] [Times: user=1.04 sys=0.00, real=0.27 secs] 
1986.694: [Full GC (Allocation Failure) [PSYoungGen: 163922K->163849K(298496K)] [ParOldGen: 2630088K->2630073K(2731008K)] 2794011K->2793922K(3029504K), [Metaspace: 34914K->34914K(1081344K)], 0.2593274 secs] [Times: user=0.92 sys=0.00, real=0.26 secs] 
1987.042: [GC (Allocation Failure) --[PSYoungGen: 164044K->164044K(298496K)] 2794117K->2794117K(3029504K), 0.2969071 secs] [Times: user=1.14 sys=0.00, real=0.30 secs] 
1987.339: [Full GC (Ergonomics) [PSYoungGen: 164044K->163922K(298496K)] [ParOldGen: 2630073K->2630072K(2731008K)] 2794117K->2793995K(3029504K), [Metaspace: 34914K->34914K(1081344K)], 0.2858585 secs] [Times: user=1.01 sys=0.00, real=0.29 secs] 
1987.625: [GC (Allocation Failure) --[PSYoungGen: 163922K->163922K(298496K)] 2793995K->2794011K(3029504K), 0.2791073 secs] [Times: user=1.07 sys=0.00, real=0.28 secs] 
1987.904: [Full GC (Allocation Failure) [PSYoungGen: 163922K->163849K(298496K)] [ParOldGen: 2630088K->2630073K(2731008K)] 2794011K->2793922K(3029504K), [Metaspace: 34914K->34914K(1081344K)], 0.2745399 secs] [Times: user=0.98 sys=0.00, real=0.27 secs] 
1988.273: [GC (Allocation Failure) --[PSYoungGen: 164045K->164045K(298496K)] 2794118K->2794118K(3029504K), 0.2734871 secs] [Times: user=1.04 sys=0.00, real=0.28 secs] 
1988.546: [Full GC (Ergonomics) [PSYoungGen: 164045K->163922K(298496K)] [ParOldGen: 2630073K->2630072K(2731008K)] 2794118K->2793995K(3029504K), [Metaspace: 34914K->34914K(1081344K)], 0.2735516 secs] [Times: user=0.97 sys=0.00, real=0.27 secs] 
1988.820: [GC (Allocation Failure) --[PSYoungGen: 163922K->163922K(298496K)] 2793995K->2794003K(3029504K), 0.2730391 secs] [Times: user=1.04 sys=0.00, real=0.27 secs] 
1989.093: [Full GC (Allocation Failure) [PSYoungGen: 163922K->163849K(298496K)] [ParOldGen: 2630080K->2630073K(2731008K)] 2794003K->2793922K(3029504K), [Metaspace: 34914K->34914K(1081344K)], 0.2567467 secs] [Times: user=0.91 sys=0.00, real=0.26 secs] 
1989.456: [GC (Allocation Failure) --[PSYoungGen: 164046K->164046K(298496K)] 2794119K->2794119K(3029504K), 0.2968500 secs] [Times: user=1.13 sys=0.00, real=0.29 secs] 
1989.753: [Full GC (Ergonomics) [PSYoungGen: 164046K->163922K(298496K)] [ParOldGen: 2630073K->2630072K(2731008K)] 2794119K->2793995K(3029504K), [Metaspace: 34914K->34914K(1081344K)], 0.2590377 secs] [Times: user=0.91 sys=0.00, real=0.26 secs] 
1990.012: [GC (Allocation Failure) --[PSYoungGen: 163922K->163922K(298496K)] 2793995K->2794003K(3029504K), 0.2975511 secs] [Times: user=1.14 sys=0.00, real=0.30 secs] 
1990.310: [Full GC (Allocation Failure) [PSYoungGen: 163922K->163849K(298496K)] [ParOldGen: 2630080K->2630073K(2731008K)] 2794003K->2793922K(3029504K), [Metaspace: 34914K->34914K(1081344K)], 0.2655049 secs] [Times: user=0.95 sys=0.00, real=0.26 secs] 
1990.686: [GC (Allocation Failure) --[PSYoungGen: 164044K->164044K(298496K)] 2794117K->2794117K(3029504K), 0.2759112 secs] [Times: user=1.06 sys=0.00, real=0.27 secs] 
1990.962: [Full GC (Ergonomics) [PSYoungGen: 164044K->163922K(298496K)] [ParOldGen: 2630073K->2630072K(2731008K)] 2794117K->2793995K(3029504K), [Metaspace: 34914K->34914K(1081344K)], 0.2538751 secs] [Times: user=0.89 sys=0.00, real=0.26 secs] 
1991.216: [GC (Allocation Failure) --[PSYoungGen: 163922K->163922K(298496K)] 2793995K->2794011K(3029504K), 0.2733921 secs] [Times: user=1.05 sys=0.00, real=0.27 secs] 
1991.490: [Full GC (Allocation Failure) [PSYoungGen: 163922K->163849K(298496K)] [ParOldGen: 2630088K->2630073K(2731008K)] 2794011K->2793922K(3029504K), [Metaspace: 34914K->34914K(1081344K)], 0.2528066 secs] [Times: user=0.89 sys=0.00, real=0.25 secs] 
1991.839: [GC (Allocation Failure) --[PSYoungGen: 164045K->164045K(298496K)] 2794118K->2794118K(3029504K), 0.3084261 secs] [Times: user=1.18 sys=0.00, real=0.31 secs] 
1992.148: [Full GC (Ergonomics) [PSYoungGen: 164045K->163922K(298496K)] [ParOldGen: 2630073K->2630072K(2731008K)] 2794118K->2793995K(3029504K), [Metaspace: 34914K->34914K(1081344K)], 0.2662594 secs] [Times: user=0.95 sys=0.00, real=0.26 secs] 
1992.414: [GC (Allocation Failure) --[PSYoungGen: 163922K->163922K(298496K)] 2793995K->2794011K(3029504K), 0.2802168 secs] [Times: user=1.07 sys=0.00, real=0.28 secs] 
1992.694: [Full GC (Allocation Failure) [PSYoungGen: 163922K->163849K(298496K)] [ParOldGen: 2630088K->2630073K(2731008K)] 2794011K->2793922K(3029504K), [Metaspace: 34914K->34914K(1081344K)], 0.2656850 secs] [Times: user=0.94 sys=0.00, real=0.27 secs] 
1993.054: [GC (Allocation Failure) --[PSYoungGen: 164044K->164044K(298496K)] 2794117K->2794117K(3029504K), 0.2819967 secs] [Times: user=1.08 sys=0.00, real=0.29 secs] 
1993.336: [Full GC (Ergonomics) [PSYoungGen: 164044K->163922K(298496K)] [ParOldGen: 2630073K->2630072K(2731008K)] 2794117K->2793995K(3029504K), [Metaspace: 34914K->34914K(1081344K)], 0.2574064 secs] [Times: user=0.91 sys=0.00, real=0.25 secs] 
1993.594: [GC (Allocation Failure) --[PSYoungGen: 163922K->163922K(298496K)] 2793995K->2794011K(3029504K), 0.2811659 secs] [Times: user=1.07 sys=0.00, real=0.28 secs] 
1993.875: [Full GC (Allocation Failure) [PSYoungGen: 163922K->163849K(298496K)] [ParOldGen: 2630088K->2630073K(2731008K)] 2794011K->2793922K(3029504K), [Metaspace: 34914K->34914K(1081344K)], 0.2554392 secs] [Times: user=0.91 sys=0.00, real=0.26 secs] 
1994.238: [GC (Allocation Failure) --[PSYoungGen: 164044K->164044K(298496K)] 2794117K->2794117K(3029504K), 0.2773615 secs] [Times: user=1.06 sys=0.00, real=0.27 secs] 
1994.515: [Full GC (Ergonomics) [PSYoungGen: 164044K->163922K(298496K)] [ParOldGen: 2630073K->2630072K(2731008K)] 2794117K->2793995K(3029504K), [Metaspace: 34914K->34914K(1081344K)], 0.2686693 secs] [Times: user=0.96 sys=0.00, real=0.28 secs] 
1994.784: [GC (Allocation Failure) --[PSYoungGen: 163922K->163922K(298496K)] 2793995K->2794011K(3029504K), 0.2735821 secs] [Times: user=1.04 sys=0.00, real=0.27 secs] 
1995.058: [Full GC (Allocation Failure) [PSYoungGen: 163922K->163849K(298496K)] [ParOldGen: 2630088K->2630073K(2731008K)] 2794011K->2793922K(3029504K), [Metaspace: 34914K->34914K(1081344K)], 0.2608380 secs] [Times: user=0.92 sys=0.00, real=0.26 secs] 
1995.422: [GC (Allocation Failure) --[PSYoungGen: 164044K->164044K(298496K)] 2794118K->2794118K(3029504K), 0.2720872 secs] [Times: user=1.04 sys=0.00, real=0.27 secs] 
1995.694: [Full GC (Ergonomics) [PSYoungGen: 164044K->163922K(298496K)] [ParOldGen: 2630073K->2630072K(2731008K)] 2794118K->2793995K(3029504K), [Metaspace: 34918K->34918K(1081344K)], 0.2578737 secs] [Times: user=0.91 sys=0.00, real=0.26 secs] 
1995.952: [GC (Allocation Failure) --[PSYoungGen: 163922K->163922K(298496K)] 2793995K->2794003K(3029504K), 0.2744793 secs] [Times: user=1.05 sys=0.00, real=0.28 secs] 
1996.227: [Full GC (Allocation Failure) [PSYoungGen: 163922K->163849K(298496K)] [ParOldGen: 2630080K->2630073K(2731008K)] 2794003K->2793922K(3029504K), [Metaspace: 34918K->34918K(1081344K)], 0.2562954 secs] [Times: user=0.91 sys=0.00, real=0.25 secs] 
1996.544: [GC (Allocation Failure) --[PSYoungGen: 164047K->164047K(298496K)] 2794120K->2794128K(3029504K), 0.2775930 secs] [Times: user=1.07 sys=0.00, real=0.27 secs] 
1996.822: [Full GC (Ergonomics) [PSYoungGen: 164047K->163923K(298496K)] [ParOldGen: 2630081K->2630073K(2731008K)] 2794128K->2793996K(3029504K), [Metaspace: 34919K->34919K(1081344K)], 0.2872257 secs] [Times: user=1.02 sys=0.00, real=0.29 secs] 
1997.109: [GC (Allocation Failure) --[PSYoungGen: 163923K->163923K(298496K)] 2793996K->2794004K(3029504K), 0.2754046 secs] [Times: user=1.05 sys=0.00, real=0.28 secs] 
1997.385: [Full GC (Allocation Failure) [PSYoungGen: 163923K->163849K(298496K)] [ParOldGen: 2630081K->2630073K(2731008K)] 2794004K->2793922K(3029504K), [Metaspace: 34919K->34919K(1081344K)], 0.2611068 secs] [Times: user=0.93 sys=0.00, real=0.26 secs] 
1997.728: [GC (Allocation Failure) --[PSYoungGen: 164045K->164045K(298496K)] 2794118K->2794118K(3029504K), 0.2780032 secs] [Times: user=1.07 sys=0.00, real=0.28 secs] 
1998.006: [Full GC (Ergonomics) [PSYoungGen: 164045K->163923K(298496K)] [ParOldGen: 2630073K->2630073K(2731008K)] 2794118K->2793996K(3029504K), [Metaspace: 34919K->34919K(1081344K)], 0.2652693 secs] [Times: user=0.94 sys=0.00, real=0.26 secs] 
1998.272: [GC (Allocation Failure) --[PSYoungGen: 163923K->163923K(298496K)] 2793996K->2794004K(3029504K), 0.2752693 secs] [Times: user=1.05 sys=0.00, real=0.28 secs] 
1998.547: [Full GC (Allocation Failure) [PSYoungGen: 163923K->163849K(298496K)] [ParOldGen: 2630081K->2630073K(2731008K)] 2794004K->2793922K(3029504K), [Metaspace: 34919K->34919K(1081344K)], 0.2620750 secs] [Times: user=0.93 sys=0.00, real=0.26 secs] 
1998.897: [GC (Allocation Failure) --[PSYoungGen: 164046K->164046K(298496K)] 2794119K->2794119K(3029504K), 0.2769380 secs] [Times: user=1.06 sys=0.00, real=0.27 secs] 
1999.174: [Full GC (Ergonomics) [PSYoungGen: 164046K->163923K(298496K)] [ParOldGen: 2630073K->2630073K(2731008K)] 2794119K->2793996K(3029504K), [Metaspace: 34919K->34919K(1081344K)], 0.2585043 secs] [Times: user=0.91 sys=0.00, real=0.26 secs] 
1999.433: [GC (Allocation Failure) --[PSYoungGen: 163923K->163923K(298496K)] 2793996K->2794012K(3029504K), 0.2808590 secs] [Times: user=1.07 sys=0.00, real=0.28 secs] 
1999.713: [Full GC (Allocation Failure) [PSYoungGen: 163923K->163849K(298496K)] [ParOldGen: 2630089K->2630073K(2731008K)] 2794012K->2793922K(3029504K), [Metaspace: 34919K->34919K(1081344K)], 0.2604103 secs] [Times: user=0.92 sys=0.00, real=0.26 secs] 
2000.052: [GC (Allocation Failure) --[PSYoungGen: 164045K->164045K(298496K)] 2794118K->2794118K(3029504K), 0.2924399 secs] [Times: user=1.10 sys=0.00, real=0.30 secs] 
2000.344: [Full GC (Ergonomics) [PSYoungGen: 164045K->163923K(298496K)] [ParOldGen: 2630073K->2630073K(2731008K)] 2794118K->2793996K(3029504K), [Metaspace: 34919K->34919K(1081344K)], 0.2692344 secs] [Times: user=0.95 sys=0.00, real=0.26 secs] 
2000.614: [GC (Allocation Failure) --[PSYoungGen: 163923K->163923K(298496K)] 2793996K->2794012K(3029504K), 0.2837098 secs] [Times: user=1.09 sys=0.00, real=0.29 secs] 
2000.898: [Full GC (Allocation Failure) [PSYoungGen: 163923K->163849K(298496K)] [ParOldGen: 2630089K->2630073K(2731008K)] 2794012K->2793922K(3029504K), [Metaspace: 34919K->34919K(1081344K)], 0.2675894 secs] [Times: user=0.95 sys=0.00, real=0.27 secs] 
2001.249: [GC (Allocation Failure) --[PSYoungGen: 164045K->164045K(298496K)] 2794118K->2794118K(3029504K), 0.2699614 secs] [Times: user=1.03 sys=0.00, real=0.27 secs] 
2001.519: [Full GC (Ergonomics) [PSYoungGen: 164045K->163922K(298496K)] [ParOldGen: 2630073K->2630073K(2731008K)] 2794118K->2793996K(3029504K), [Metaspace: 34919K->34919K(1081344K)], 0.2623836 secs] [Times: user=0.93 sys=0.00, real=0.26 secs] 
2001.782: [GC (Allocation Failure) --[PSYoungGen: 163922K->163922K(298496K)] 2793996K->2794012K(3029504K), 0.2735222 secs] [Times: user=1.05 sys=0.00, real=0.27 secs] 
2002.056: [Full GC (Allocation Failure) [PSYoungGen: 163922K->163849K(298496K)] [ParOldGen: 2630089K->2630073K(2731008K)] 2794012K->2793922K(3029504K), [Metaspace: 34919K->34919K(1081344K)], 0.2567437 secs] [Times: user=0.91 sys=0.00, real=0.26 secs] 
2002.387: [GC (Allocation Failure) --[PSYoungGen: 164044K->164044K(298496K)] 2794118K->2794118K(3029504K), 0.2752434 secs] [Times: user=1.06 sys=0.00, real=0.27 secs] 
2002.663: [Full GC (Ergonomics) [PSYoungGen: 164044K->163922K(298496K)] [ParOldGen: 2630073K->2630073K(2731008K)] 2794118K->2793996K(3029504K), [Metaspace: 34919K->34919K(1081344K)], 0.2563003 secs] [Times: user=0.90 sys=0.00, real=0.26 secs] 
2002.919: [GC (Allocation Failure) --[PSYoungGen: 163922K->163922K(298496K)] 2793996K->2794012K(3029504K), 0.2764104 secs] [Times: user=1.06 sys=0.00, real=0.27 secs] 
2003.196: [Full GC (Allocation Failure) [PSYoungGen: 163922K->163849K(298496K)] [ParOldGen: 2630089K->2630073K(2731008K)] 2794012K->2793922K(3029504K), [Metaspace: 34919K->34919K(1081344K)], 0.2619239 secs] [Times: user=0.93 sys=0.00, real=0.27 secs] 
2003.571: [GC (Allocation Failure) --[PSYoungGen: 164044K->164044K(298496K)] 2794118K->2794118K(3029504K), 0.2833637 secs] [Times: user=1.07 sys=0.00, real=0.28 secs] 
2003.855: [Full GC (Ergonomics) [PSYoungGen: 164044K->163922K(298496K)] [ParOldGen: 2630073K->2630073K(2731008K)] 2794118K->2793996K(3029504K), [Metaspace: 34919K->34919K(1081344K)], 0.2612719 secs] [Times: user=0.91 sys=0.00, real=0.27 secs] 
2004.116: [GC (Allocation Failure) --[PSYoungGen: 163922K->163922K(298496K)] 2793996K->2794012K(3029504K), 0.2752009 secs] [Times: user=1.05 sys=0.00, real=0.27 secs] 
2004.391: [Full GC (Allocation Failure) [PSYoungGen: 163922K->163849K(298496K)] [ParOldGen: 2630089K->2630073K(2731008K)] 2794012K->2793922K(3029504K), [Metaspace: 34919K->34919K(1081344K)], 0.2533987 secs] [Times: user=0.90 sys=0.00, real=0.26 secs] 
2004.724: [GC (Allocation Failure) --[PSYoungGen: 164044K->164044K(298496K)] 2794118K->2794118K(3029504K), 0.2716822 secs] [Times: user=1.04 sys=0.00, real=0.27 secs] 
2004.996: [Full GC (Ergonomics) [PSYoungGen: 164044K->163922K(298496K)] [ParOldGen: 2630073K->2630073K(2731008K)] 2794118K->2793996K(3029504K), [Metaspace: 34919K->34919K(1081344K)], 0.2581683 secs] [Times: user=0.91 sys=0.00, real=0.25 secs] 
2005.254: [GC (Allocation Failure) --[PSYoungGen: 163922K->163922K(298496K)] 2793996K->2794012K(3029504K), 0.2717260 secs] [Times: user=1.04 sys=0.00, real=0.28 secs] 
2005.526: [Full GC (Allocation Failure) [PSYoungGen: 163922K->163849K(298496K)] [ParOldGen: 2630089K->2630073K(2731008K)] 2794012K->2793922K(3029504K), [Metaspace: 34919K->34919K(1081344K)], 0.2542426 secs] [Times: user=0.89 sys=0.00, real=0.25 secs] 
2005.877: [GC (Allocation Failure) --[PSYoungGen: 164044K->164044K(298496K)] 2794117K->2794117K(3029504K), 0.2926395 secs] [Times: user=1.11 sys=0.00, real=0.29 secs] 
2006.170: [Full GC (Ergonomics) [PSYoungGen: 164044K->163922K(298496K)] [ParOldGen: 2630073K->2630073K(2731008K)] 2794117K->2793996K(3029504K), [Metaspace: 34919K->34919K(1081344K)], 0.2550507 secs] [Times: user=0.90 sys=0.00, real=0.26 secs] 
2006.425: [GC (Allocation Failure) --[PSYoungGen: 163922K->163922K(298496K)] 2793996K->2794012K(3029504K), 0.2763122 secs] [Times: user=1.06 sys=0.00, real=0.27 secs] 
2006.702: [Full GC (Allocation Failure) [PSYoungGen: 163922K->163849K(298496K)] [ParOldGen: 2630089K->2630073K(2731008K)] 2794012K->2793922K(3029504K), [Metaspace: 34919K->34919K(1081344K)], 0.2591141 secs] [Times: user=0.92 sys=0.00, real=0.26 secs] 
2007.046: [GC (Allocation Failure) --[PSYoungGen: 164044K->164044K(298496K)] 2794117K->2794117K(3029504K), 0.2723453 secs] [Times: user=1.04 sys=0.00, real=0.27 secs] 
2007.319: [Full GC (Ergonomics) [PSYoungGen: 164044K->163922K(298496K)] [ParOldGen: 2630073K->2630073K(2731008K)] 2794117K->2793996K(3029504K), [Metaspace: 34919K->34919K(1081344K)], 0.2738431 secs] [Times: user=0.98 sys=0.00, real=0.27 secs] 
2007.593: [GC (Allocation Failure) --[PSYoungGen: 163922K->163922K(298496K)] 2793996K->2794012K(3029504K), 0.2750536 secs] [Times: user=1.04 sys=0.00, real=0.28 secs] 
2007.868: [Full GC (Allocation Failure) [PSYoungGen: 163922K->163849K(298496K)] [ParOldGen: 2630089K->2630073K(2731008K)] 2794012K->2793922K(3029504K), [Metaspace: 34919K->34919K(1081344K)], 0.2637921 secs] [Times: user=0.94 sys=0.00, real=0.26 secs] 
2008.230: [GC (Allocation Failure) --[PSYoungGen: 164045K->164045K(298496K)] 2794118K->2794118K(3029504K), 0.2715202 secs] [Times: user=1.03 sys=0.00, real=0.27 secs] 
2008.501: [Full GC (Ergonomics) [PSYoungGen: 164045K->163922K(298496K)] [ParOldGen: 2630073K->2630073K(2731008K)] 2794118K->2793996K(3029504K), [Metaspace: 34919K->34919K(1081344K)], 0.2545310 secs] [Times: user=0.90 sys=0.00, real=0.26 secs] 
2008.756: [GC (Allocation Failure) --[PSYoungGen: 163922K->163922K(298496K)] 2793996K->2794012K(3029504K), 0.2721453 secs] [Times: user=1.04 sys=0.00, real=0.27 secs] 
2009.028: [Full GC (Allocation Failure) [PSYoungGen: 163922K->163849K(298496K)] [ParOldGen: 2630089K->2630073K(2731008K)] 2794012K->2793922K(3029504K), [Metaspace: 34919K->34919K(1081344K)], 0.2578835 secs] [Times: user=0.91 sys=0.00, real=0.26 secs] 
2009.384: [GC (Allocation Failure) --[PSYoungGen: 164045K->164045K(298496K)] 2794118K->2794118K(3029504K), 0.2950423 secs] [Times: user=1.12 sys=0.00, real=0.30 secs] 
2009.679: [Full GC (Ergonomics) [PSYoungGen: 164045K->163922K(298496K)] [ParOldGen: 2630073K->2630073K(2731008K)] 2794118K->2793996K(3029504K), [Metaspace: 34919K->34919K(1081344K)], 0.2834407 secs] [Times: user=1.01 sys=0.00, real=0.28 secs] 
2009.962: [GC (Allocation Failure) --[PSYoungGen: 163922K->163922K(298496K)] 2793996K->2794004K(3029504K), 0.2787152 secs] [Times: user=1.06 sys=0.00, real=0.28 secs] 
2010.241: [Full GC (Allocation Failure) [PSYoungGen: 163922K->163849K(298496K)] [ParOldGen: 2630081K->2630073K(2731008K)] 2794004K->2793922K(3029504K), [Metaspace: 34919K->34919K(1081344K)], 0.2552375 secs] [Times: user=0.90 sys=0.00, real=0.26 secs] 
2010.527: [GC (Allocation Failure) --[PSYoungGen: 164046K->164046K(298496K)] 2794119K->2794119K(3029504K), 0.2790989 secs] [Times: user=1.07 sys=0.00, real=0.28 secs] 
2010.807: [Full GC (Ergonomics) [PSYoungGen: 164046K->163923K(298496K)] [ParOldGen: 2630073K->2630073K(2731008K)] 2794119K->2793996K(3029504K), [Metaspace: 34919K->34919K(1081344K)], 0.3002399 secs] [Times: user=1.06 sys=0.00, real=0.30 secs] 
2011.107: [GC (Allocation Failure) --[PSYoungGen: 163923K->163923K(298496K)] 2793996K->2794012K(3029504K), 0.2796060 secs] [Times: user=1.07 sys=0.00, real=0.28 secs] 
2011.387: [Full GC (Allocation Failure) [PSYoungGen: 163923K->163849K(298496K)] [ParOldGen: 2630089K->2630073K(2731008K)] 2794012K->2793922K(3029504K), [Metaspace: 34919K->34919K(1081344K)], 0.2675764 secs] [Times: user=0.94 sys=0.00, real=0.26 secs] 
2011.720: [GC (Allocation Failure) --[PSYoungGen: 164044K->164044K(298496K)] 2794118K->2794118K(3029504K), 0.2876760 secs] [Times: user=1.11 sys=0.00, real=0.29 secs] 
2012.008: [Full GC (Ergonomics) [PSYoungGen: 164044K->163922K(298496K)] [ParOldGen: 2630073K->2630073K(2731008K)] 2794118K->2793996K(3029504K), [Metaspace: 34919K->34919K(1081344K)], 0.2609983 secs] [Times: user=0.92 sys=0.00, real=0.26 secs] 
2012.269: [GC (Allocation Failure) --[PSYoungGen: 163922K->163922K(298496K)] 2793996K->2794012K(3029504K), 0.2746909 secs] [Times: user=1.05 sys=0.00, real=0.28 secs] 
2012.544: [Full GC (Allocation Failure) [PSYoungGen: 163922K->163849K(298496K)] [ParOldGen: 2630089K->2630073K(2731008K)] 2794012K->2793922K(3029504K), [Metaspace: 34919K->34919K(1081344K)], 0.2649784 secs] [Times: user=0.94 sys=0.00, real=0.26 secs] 
2012.904: [GC (Allocation Failure) --[PSYoungGen: 164044K->164044K(298496K)] 2794118K->2794118K(3029504K), 0.2827397 secs] [Times: user=1.08 sys=0.00, real=0.28 secs] 
2013.187: [Full GC (Ergonomics) [PSYoungGen: 164044K->163922K(298496K)] [ParOldGen: 2630073K->2630073K(2731008K)] 2794118K->2793996K(3029504K), [Metaspace: 34919K->34919K(1081344K)], 0.2601777 secs] [Times: user=0.92 sys=0.00, real=0.26 secs] 
2013.447: [GC (Allocation Failure) --[PSYoungGen: 163922K->163922K(298496K)] 2793996K->2794012K(3029504K), 0.2741139 secs] [Times: user=1.05 sys=0.00, real=0.27 secs] 
2013.722: [Full GC (Allocation Failure) [PSYoungGen: 163922K->163849K(298496K)] [ParOldGen: 2630089K->2630073K(2731008K)] 2794012K->2793922K(3029504K), [Metaspace: 34919K->34919K(1081344K)], 0.2574425 secs] [Times: user=0.90 sys=0.00, real=0.26 secs] 
2014.058: [GC (Allocation Failure) --[PSYoungGen: 164044K->164044K(298496K)] 2794118K->2794118K(3029504K), 0.2925473 secs] [Times: user=1.12 sys=0.00, real=0.29 secs] 
2014.350: [Full GC (Ergonomics) [PSYoungGen: 164044K->163922K(298496K)] [ParOldGen: 2630073K->2630073K(2731008K)] 2794118K->2793996K(3029504K), [Metaspace: 34919K->34919K(1081344K)], 0.2634733 secs] [Times: user=0.93 sys=0.00, real=0.26 secs] 
2014.614: [GC (Allocation Failure) --[PSYoungGen: 163922K->163922K(298496K)] 2793996K->2794012K(3029504K), 0.2753418 secs] [Times: user=1.05 sys=0.00, real=0.28 secs] 
2014.889: [Full GC (Allocation Failure) [PSYoungGen: 163922K->163849K(298496K)] [ParOldGen: 2630089K->2630073K(2731008K)] 2794012K->2793922K(3029504K), [Metaspace: 34919K->34919K(1081344K)], 0.2612707 secs] [Times: user=0.92 sys=0.00, real=0.26 secs] 
2015.166: [GC (Allocation Failure) --[PSYoungGen: 164044K->164044K(298496K)] 2794118K->2794118K(3029504K), 0.2830948 secs] [Times: user=1.09 sys=0.00, real=0.28 secs] 
2015.450: [Full GC (Ergonomics) [PSYoungGen: 164044K->163922K(298496K)] [ParOldGen: 2630073K->2630073K(2731008K)] 2794118K->2793996K(3029504K), [Metaspace: 34919K->34919K(1081344K)], 0.2664906 secs] [Times: user=0.94 sys=0.00, real=0.27 secs] 
2015.716: [GC (Allocation Failure) --[PSYoungGen: 163922K->163922K(298496K)] 2793996K->2794012K(3029504K), 0.2919578 secs] [Times: user=1.12 sys=0.00, real=0.29 secs] 
2016.008: [Full GC (Allocation Failure) [PSYoungGen: 163922K->163849K(298496K)] [ParOldGen: 2630089K->2630073K(2731008K)] 2794012K->2793922K(3029504K), [Metaspace: 34919K->34919K(1081344K)], 0.2678572 secs] [Times: user=0.95 sys=0.00, real=0.27 secs] 
2016.364: [GC (Allocation Failure) --[PSYoungGen: 164044K->164044K(298496K)] 2794118K->2794118K(3029504K), 0.2941425 secs] [Times: user=1.10 sys=0.00, real=0.30 secs] 
2016.658: [Full GC (Ergonomics) [PSYoungGen: 164044K->163922K(298496K)] [ParOldGen: 2630073K->2630073K(2731008K)] 2794118K->2793996K(3029504K), [Metaspace: 34919K->34919K(1081344K)], 0.2589166 secs] [Times: user=0.92 sys=0.00, real=0.26 secs] 
2016.917: [GC (Allocation Failure) --[PSYoungGen: 163922K->163922K(298496K)] 2793996K->2794012K(3029504K), 0.2856198 secs] [Times: user=1.08 sys=0.00, real=0.28 secs] 
2017.203: [Full GC (Allocation Failure) [PSYoungGen: 163922K->163849K(298496K)] [ParOldGen: 2630089K->2630073K(2731008K)] 2794012K->2793922K(3029504K), [Metaspace: 34919K->34919K(1081344K)], 0.2646402 secs] [Times: user=0.94 sys=0.00, real=0.27 secs] 
2017.548: [GC (Allocation Failure) --[PSYoungGen: 164044K->164044K(298496K)] 2794118K->2794118K(3029504K), 0.2800251 secs] [Times: user=1.07 sys=0.00, real=0.28 secs] 
2017.828: [Full GC (Ergonomics) [PSYoungGen: 164044K->163922K(298496K)] [ParOldGen: 2630073K->2630073K(2731008K)] 2794118K->2793996K(3029504K), [Metaspace: 34919K->34919K(1081344K)], 0.2610126 secs] [Times: user=0.92 sys=0.00, real=0.26 secs] 
2018.089: [GC (Allocation Failure) --[PSYoungGen: 163922K->163922K(298496K)] 2793996K->2794004K(3029504K), 0.2709342 secs] [Times: user=1.03 sys=0.00, real=0.27 secs] 
2018.360: [Full GC (Allocation Failure) [PSYoungGen: 163922K->163849K(298496K)] [ParOldGen: 2630081K->2630073K(2731008K)] 2794004K->2793922K(3029504K), [Metaspace: 34919K->34919K(1081344K)], 0.2600106 secs] [Times: user=0.92 sys=0.00, real=0.26 secs] 
2018.717: [GC (Allocation Failure) --[PSYoungGen: 164044K->164044K(298496K)] 2794117K->2794117K(3029504K), 0.2791890 secs] [Times: user=1.06 sys=0.00, real=0.28 secs] 
2018.996: [Full GC (Ergonomics) [PSYoungGen: 164044K->163922K(298496K)] [ParOldGen: 2630073K->2630073K(2731008K)] 2794117K->2793996K(3029504K), [Metaspace: 34919K->34919K(1081344K)], 0.2587612 secs] [Times: user=0.92 sys=0.00, real=0.25 secs] 
2019.255: [GC (Allocation Failure) --[PSYoungGen: 163922K->163922K(298496K)] 2793996K->2794012K(3029504K), 0.2715872 secs] [Times: user=1.04 sys=0.00, real=0.28 secs] 
2019.527: [Full GC (Allocation Failure) [PSYoungGen: 163922K->163849K(298496K)] [ParOldGen: 2630089K->2630073K(2731008K)] 2794012K->2793922K(3029504K), [Metaspace: 34919K->34919K(1081344K)], 0.2638465 secs] [Times: user=0.93 sys=0.00, real=0.26 secs] 
2019.885: [GC (Allocation Failure) --[PSYoungGen: 164044K->164044K(298496K)] 2794118K->2794118K(3029504K), 0.2752592 secs] [Times: user=1.06 sys=0.00, real=0.27 secs] 
2020.160: [Full GC (Ergonomics) [PSYoungGen: 164044K->163922K(298496K)] [ParOldGen: 2630073K->2630073K(2731008K)] 2794118K->2793996K(3029504K), [Metaspace: 34919K->34919K(1081344K)], 0.2538092 secs] [Times: user=0.90 sys=0.00, real=0.25 secs] 
2020.414: [GC (Allocation Failure) --[PSYoungGen: 163922K->163922K(298496K)] 2793996K->2794004K(3029504K), 0.2783997 secs] [Times: user=1.06 sys=0.00, real=0.28 secs] 
2020.693: [Full GC (Allocation Failure) [PSYoungGen: 163922K->163849K(298496K)] [ParOldGen: 2630081K->2630073K(2731008K)] 2794004K->2793922K(3029504K), [Metaspace: 34919K->34919K(1081344K)], 0.2675358 secs] [Times: user=0.95 sys=0.00, real=0.27 secs] 
2021.054: [GC (Allocation Failure) --[PSYoungGen: 164044K->164044K(298496K)] 2794118K->2794118K(3029504K), 0.2863168 secs] [Times: user=1.09 sys=0.00, real=0.29 secs] 
2021.340: [Full GC (Ergonomics) [PSYoungGen: 164044K->163922K(298496K)] [ParOldGen: 2630073K->2630073K(2731008K)] 2794118K->2793996K(3029504K), [Metaspace: 34919K->34919K(1081344K)], 0.2604155 secs] [Times: user=0.92 sys=0.00, real=0.26 secs] 
2021.600: [GC (Allocation Failure) --[PSYoungGen: 163922K->163922K(298496K)] 2793996K->2794012K(3029504K), 0.2710905 secs] [Times: user=1.04 sys=0.00, real=0.27 secs] 
2021.872: [Full GC (Allocation Failure) [PSYoungGen: 163922K->163849K(298496K)] [ParOldGen: 2630089K->2630073K(2731008K)] 2794012K->2793922K(3029504K), [Metaspace: 34919K->34919K(1081344K)], 0.2568785 secs] [Times: user=0.91 sys=0.00, real=0.26 secs] 
2022.222: [GC (Allocation Failure) --[PSYoungGen: 164045K->164045K(298496K)] 2794119K->2794119K(3029504K), 0.2826285 secs] [Times: user=1.08 sys=0.00, real=0.29 secs] 
2022.505: [Full GC (Ergonomics) [PSYoungGen: 164045K->163922K(298496K)] [ParOldGen: 2630073K->2630073K(2731008K)] 2794119K->2793996K(3029504K), [Metaspace: 34919K->34919K(1081344K)], 0.2567056 secs] [Times: user=0.91 sys=0.00, real=0.25 secs] 
2022.762: [GC (Allocation Failure) --[PSYoungGen: 163922K->163922K(298496K)] 2793996K->2794012K(3029504K), 0.2888056 secs] [Times: user=1.10 sys=0.00, real=0.29 secs] 
2023.051: [Full GC (Allocation Failure) [PSYoungGen: 163922K->163849K(298496K)] [ParOldGen: 2630089K->2630073K(2731008K)] 2794012K->2793922K(3029504K), [Metaspace: 34919K->34919K(1081344K)], 0.2630542 secs] [Times: user=0.93 sys=0.00, real=0.26 secs] 
2023.376: [GC (Allocation Failure) --[PSYoungGen: 164044K->164044K(298496K)] 2794118K->2794118K(3029504K), 0.2871231 secs] [Times: user=1.10 sys=0.00, real=0.29 secs] 
2023.663: [Full GC (Ergonomics) [PSYoungGen: 164044K->163922K(298496K)] [ParOldGen: 2630073K->2630073K(2731008K)] 2794118K->2793996K(3029504K), [Metaspace: 34919K->34919K(1081344K)], 0.2689074 secs] [Times: user=0.96 sys=0.00, real=0.27 secs] 
2023.932: [GC (Allocation Failure) --[PSYoungGen: 163922K->163922K(298496K)] 2793996K->2794012K(3029504K), 0.2805150 secs] [Times: user=1.07 sys=0.00, real=0.28 secs] 
2024.213: [Full GC (Allocation Failure) [PSYoungGen: 163922K->163849K(298496K)] [ParOldGen: 2630089K->2630073K(2731008K)] 2794012K->2793922K(3029504K), [Metaspace: 34919K->34919K(1081344K)], 0.2643680 secs] [Times: user=0.93 sys=0.00, real=0.27 secs] 
2024.544: [GC (Allocation Failure) --[PSYoungGen: 164044K->164044K(298496K)] 2794117K->2794117K(3029504K), 0.2952211 secs] [Times: user=1.14 sys=0.00, real=0.29 secs] 
2024.839: [Full GC (Ergonomics) [PSYoungGen: 164044K->163922K(298496K)] [ParOldGen: 2630073K->2630073K(2731008K)] 2794117K->2793996K(3029504K), [Metaspace: 34919K->34919K(1081344K)], 0.2645051 secs] [Times: user=0.94 sys=0.00, real=0.27 secs] 
2025.104: [GC (Allocation Failure) --[PSYoungGen: 163922K->163922K(298496K)] 2793996K->2794004K(3029504K), 0.2714264 secs] [Times: user=1.03 sys=0.00, real=0.26 secs] 
2025.375: [Full GC (Allocation Failure) [PSYoungGen: 163922K->163849K(298496K)] [ParOldGen: 2630081K->2630073K(2731008K)] 2794004K->2793922K(3029504K), [Metaspace: 34919K->34919K(1081344K)], 0.2526636 secs] [Times: user=0.89 sys=0.00, real=0.26 secs] 
2025.697: [GC (Allocation Failure) --[PSYoungGen: 164044K->164044K(298496K)] 2794118K->2794118K(3029504K), 0.2714852 secs] [Times: user=1.03 sys=0.00, real=0.27 secs] 
2025.969: [Full GC (Ergonomics) [PSYoungGen: 164044K->163922K(298496K)] [ParOldGen: 2630073K->2630073K(2731008K)] 2794118K->2793996K(3029504K), [Metaspace: 34919K->34919K(1081344K)], 0.2526315 secs] [Times: user=0.89 sys=0.00, real=0.25 secs] 
2026.222: [GC (Allocation Failure) --[PSYoungGen: 163922K->163922K(298496K)] 2793996K->2794004K(3029504K), 0.2705132 secs] [Times: user=1.03 sys=0.00, real=0.27 secs] 
2026.492: [Full GC (Allocation Failure) [PSYoungGen: 163922K->163849K(298496K)] [ParOldGen: 2630081K->2630073K(2731008K)] 2794004K->2793922K(3029504K), [Metaspace: 34919K->34919K(1081344K)], 0.2637727 secs] [Times: user=0.93 sys=0.00, real=0.27 secs] 
2026.850: [GC (Allocation Failure) --[PSYoungGen: 164044K->164044K(298496K)] 2794118K->2794118K(3029504K), 0.2849772 secs] [Times: user=1.09 sys=0.00, real=0.28 secs] 
2027.135: [Full GC (Ergonomics) [PSYoungGen: 164044K->163922K(298496K)] [ParOldGen: 2630073K->2630073K(2731008K)] 2794118K->2793996K(3029504K), [Metaspace: 34919K->34919K(1081344K)], 0.2605125 secs] [Times: user=0.92 sys=0.00, real=0.27 secs] 
2027.396: [GC (Allocation Failure) --[PSYoungGen: 163922K->163922K(298496K)] 2793996K->2794012K(3029504K), 0.2739610 secs] [Times: user=1.04 sys=0.00, real=0.27 secs] 
2027.670: [Full GC (Allocation Failure) [PSYoungGen: 163922K->163849K(298496K)] [ParOldGen: 2630089K->2630073K(2731008K)] 2794012K->2793922K(3029504K), [Metaspace: 34919K->34919K(1081344K)], 0.2553921 secs] [Times: user=0.91 sys=0.00, real=0.26 secs] 
2028.019: [GC (Allocation Failure) --[PSYoungGen: 164044K->164044K(298496K)] 2794118K->2794118K(3029504K), 0.3095316 secs] [Times: user=1.17 sys=0.00, real=0.31 secs] 
2028.329: [Full GC (Ergonomics) [PSYoungGen: 164044K->163922K(298496K)] [ParOldGen: 2630073K->2630073K(2731008K)] 2794118K->2793996K(3029504K), [Metaspace: 34919K->34919K(1081344K)], 0.2619219 secs] [Times: user=0.92 sys=0.00, real=0.26 secs] 
2028.591: [GC (Allocation Failure) --[PSYoungGen: 163922K->163922K(298496K)] 2793996K->2794012K(3029504K), 0.2717440 secs] [Times: user=1.04 sys=0.00, real=0.27 secs] 
2028.862: [Full GC (Allocation Failure) [PSYoungGen: 163922K->163849K(298496K)] [ParOldGen: 2630089K->2630073K(2731008K)] 2794012K->2793922K(3029504K), [Metaspace: 34919K->34919K(1081344K)], 0.2541255 secs] [Times: user=0.90 sys=0.00, real=0.26 secs] 
2029.148: [GC (Allocation Failure) --[PSYoungGen: 164044K->164044K(298496K)] 2794118K->2794118K(3029504K), 0.2730005 secs] [Times: user=1.05 sys=0.00, real=0.27 secs] 
2029.421: [Full GC (Ergonomics) [PSYoungGen: 164044K->163922K(298496K)] [ParOldGen: 2630073K->2630073K(2731008K)] 2794118K->2793996K(3029504K), [Metaspace: 34919K->34919K(1081344K)], 0.2547457 secs] [Times: user=0.90 sys=0.00, real=0.26 secs] 
2029.676: [GC (Allocation Failure) --[PSYoungGen: 163922K->163922K(298496K)] 2793996K->2794012K(3029504K), 0.2850947 secs] [Times: user=1.09 sys=0.00, real=0.28 secs] 
2029.961: [Full GC (Allocation Failure) [PSYoungGen: 163922K->163849K(298496K)] [ParOldGen: 2630089K->2630073K(2731008K)] 2794012K->2793922K(3029504K), [Metaspace: 34919K->34919K(1081344K)], 0.2574864 secs] [Times: user=0.91 sys=0.00, real=0.26 secs] 
2030.310: [GC (Allocation Failure) --[PSYoungGen: 164044K->164044K(298496K)] 2794118K->2794118K(3029504K), 0.2812213 secs] [Times: user=1.08 sys=0.00, real=0.28 secs] 
2030.591: [Full GC (Ergonomics) [PSYoungGen: 164044K->163922K(298496K)] [ParOldGen: 2630073K->2630073K(2731008K)] 2794118K->2793996K(3029504K), [Metaspace: 34919K->34919K(1081344K)], 0.2566748 secs] [Times: user=0.91 sys=0.00, real=0.26 secs] 
2030.848: [GC (Allocation Failure) --[PSYoungGen: 163922K->163922K(298496K)] 2793996K->2794004K(3029504K), 0.2882029 secs] [Times: user=1.08 sys=0.00, real=0.29 secs] 
2031.136: [Full GC (Allocation Failure) [PSYoungGen: 163922K->163849K(298496K)] [ParOldGen: 2630081K->2630073K(2731008K)] 2794004K->2793922K(3029504K), [Metaspace: 34919K->34919K(1081344K)], 0.2615250 secs] [Times: user=0.93 sys=0.00, real=0.26 secs] 
2031.497: [GC (Allocation Failure) --[PSYoungGen: 164044K->164044K(298496K)] 2794118K->2794118K(3029504K), 0.2886140 secs] [Times: user=1.10 sys=0.00, real=0.29 secs] 
2031.786: [Full GC (Ergonomics) [PSYoungGen: 164044K->163923K(298496K)] [ParOldGen: 2630073K->2630073K(2731008K)] 2794118K->2793997K(3029504K), [Metaspace: 34919K->34919K(1081344K)], 0.2653386 secs] [Times: user=0.94 sys=0.00, real=0.26 secs] 
2032.052: [GC (Allocation Failure) --[PSYoungGen: 163923K->163923K(298496K)] 2793997K->2794013K(3029504K), 0.2785360 secs] [Times: user=1.06 sys=0.00, real=0.28 secs] 
2032.330: [Full GC (Allocation Failure) [PSYoungGen: 163923K->163849K(298496K)] [ParOldGen: 2630089K->2630073K(2731008K)] 2794013K->2793923K(3029504K), [Metaspace: 34919K->34919K(1081344K)], 0.2681868 secs] [Times: user=0.95 sys=0.00, real=0.27 secs] 
2032.693: [GC (Allocation Failure) --[PSYoungGen: 164045K->164045K(298496K)] 2794119K->2794119K(3029504K), 0.2717834 secs] [Times: user=1.03 sys=0.00, real=0.28 secs] 
2032.965: [Full GC (Ergonomics) [PSYoungGen: 164045K->163923K(298496K)] [ParOldGen: 2630073K->2630073K(2731008K)] 2794119K->2793997K(3029504K), [Metaspace: 34919K->34919K(1081344K)], 0.2542131 secs] [Times: user=0.90 sys=0.00, real=0.25 secs] 
2033.219: [GC (Allocation Failure) --[PSYoungGen: 163923K->163923K(298496K)] 2793997K->2794005K(3029504K), 0.2737302 secs] [Times: user=1.04 sys=0.00, real=0.27 secs] 
2033.493: [Full GC (Allocation Failure) [PSYoungGen: 163923K->163849K(298496K)] [ParOldGen: 2630081K->2630073K(2731008K)] 2794005K->2793923K(3029504K), [Metaspace: 34919K->34919K(1081344K)], 0.2566995 secs] [Times: user=0.91 sys=0.00, real=0.26 secs] 
2033.863: [GC (Allocation Failure) --[PSYoungGen: 164046K->164046K(298496K)] 2794119K->2794119K(3029504K), 0.2895364 secs] [Times: user=1.09 sys=0.00, real=0.29 secs] 
2034.152: [Full GC (Ergonomics) [PSYoungGen: 164046K->163923K(298496K)] [ParOldGen: 2630073K->2630073K(2731008K)] 2794119K->2793997K(3029504K), [Metaspace: 34919K->34919K(1081344K)], 0.2528415 secs] [Times: user=0.89 sys=0.00, real=0.26 secs] 
2034.405: [GC (Allocation Failure) --[PSYoungGen: 163923K->163923K(298496K)] 2793997K->2794005K(3029504K), 0.2723183 secs] [Times: user=1.04 sys=0.00, real=0.27 secs] 
2034.678: [Full GC (Allocation Failure) [PSYoungGen: 163923K->163849K(298496K)] [ParOldGen: 2630081K->2630073K(2731008K)] 2794005K->2793923K(3029504K), [Metaspace: 34919K->34919K(1081344K)], 0.2558223 secs] [Times: user=0.91 sys=0.00, real=0.25 secs] 
2035.015: [GC (Allocation Failure) --[PSYoungGen: 164045K->164045K(298496K)] 2794119K->2794119K(3029504K), 0.2739448 secs] [Times: user=1.05 sys=0.00, real=0.28 secs] 
2035.289: [Full GC (Ergonomics) [PSYoungGen: 164045K->163923K(298496K)] [ParOldGen: 2630073K->2630073K(2731008K)] 2794119K->2793997K(3029504K), [Metaspace: 34919K->34919K(1081344K)], 0.2580317 secs] [Times: user=0.91 sys=0.00, real=0.26 secs] 
2035.547: [GC (Allocation Failure) --[PSYoungGen: 163923K->163923K(298496K)] 2793997K->2794013K(3029504K), 0.2726179 secs] [Times: user=1.04 sys=0.00, real=0.27 secs] 
2035.820: [Full GC (Allocation Failure) [PSYoungGen: 163923K->163849K(298496K)] [ParOldGen: 2630089K->2630074K(2731008K)] 2794013K->2793923K(3029504K), [Metaspace: 34919K->34919K(1081344K)], 0.2529348 secs] [Times: user=0.88 sys=0.00, real=0.25 secs] 
2036.168: [GC (Allocation Failure) --[PSYoungGen: 164044K->164044K(298496K)] 2794118K->2794118K(3029504K), 0.2705625 secs] [Times: user=1.03 sys=0.00, real=0.27 secs] 
2036.439: [Full GC (Ergonomics) [PSYoungGen: 164044K->163922K(298496K)] [ParOldGen: 2630074K->2630074K(2731008K)] 2794118K->2793997K(3029504K), [Metaspace: 34919K->34919K(1081344K)], 0.2548463 secs] [Times: user=0.90 sys=0.00, real=0.25 secs] 
2036.694: [GC (Allocation Failure) --[PSYoungGen: 163922K->163922K(298496K)] 2793997K->2794005K(3029504K), 0.2712385 secs] [Times: user=1.03 sys=0.00, real=0.28 secs] 
2036.965: [Full GC (Allocation Failure) [PSYoungGen: 163922K->163849K(298496K)] [ParOldGen: 2630082K->2630074K(2731008K)] 2794005K->2793923K(3029504K), [Metaspace: 34919K->34919K(1081344K)], 0.2524449 secs] [Times: user=0.90 sys=0.00, real=0.25 secs] 
2037.306: [GC (Allocation Failure) --[PSYoungGen: 164044K->164044K(298496K)] 2794119K->2794119K(3029504K), 0.2891322 secs] [Times: user=1.09 sys=0.00, real=0.28 secs] 
2037.595: [Full GC (Ergonomics) [PSYoungGen: 164044K->163922K(298496K)] [ParOldGen: 2630074K->2630074K(2731008K)] 2794119K->2793997K(3029504K), [Metaspace: 34919K->34919K(1081344K)], 0.2540516 secs] [Times: user=0.90 sys=0.00, real=0.26 secs] 
2037.849: [GC (Allocation Failure) --[PSYoungGen: 163922K->163922K(298496K)] 2793997K->2794013K(3029504K), 0.2722933 secs] [Times: user=1.04 sys=0.00, real=0.27 secs] 
2038.122: [Full GC (Allocation Failure) [PSYoungGen: 163922K->163849K(298496K)] [ParOldGen: 2630090K->2630074K(2731008K)] 2794013K->2793923K(3029504K), [Metaspace: 34919K->34919K(1081344K)], 0.2539082 secs] [Times: user=0.90 sys=0.00, real=0.26 secs] 
2038.460: [GC (Allocation Failure) --[PSYoungGen: 164044K->164044K(298496K)] 2794119K->2794119K(3029504K), 0.2728849 secs] [Times: user=1.04 sys=0.00, real=0.27 secs] 
2038.733: [Full GC (Ergonomics) [PSYoungGen: 164044K->163922K(298496K)] [ParOldGen: 2630074K->2630074K(2731008K)] 2794119K->2793997K(3029504K), [Metaspace: 34919K->34919K(1081344K)], 0.2555552 secs] [Times: user=0.91 sys=0.00, real=0.26 secs] 
2038.988: [GC (Allocation Failure) --[PSYoungGen: 163922K->163922K(298496K)] 2793997K->2794005K(3029504K), 0.2725720 secs] [Times: user=1.04 sys=0.00, real=0.27 secs] 
2039.261: [Full GC (Allocation Failure) [PSYoungGen: 163922K->163849K(298496K)] [ParOldGen: 2630082K->2630074K(2731008K)] 2794005K->2793923K(3029504K), [Metaspace: 34919K->34919K(1081344K)], 0.2552189 secs] [Times: user=0.90 sys=0.00, real=0.26 secs] 
2039.597: [GC (Allocation Failure) --[PSYoungGen: 164044K->164044K(298496K)] 2794119K->2794119K(3029504K), 0.2756071 secs] [Times: user=1.06 sys=0.00, real=0.27 secs] 
2039.873: [Full GC (Ergonomics) [PSYoungGen: 164044K->163922K(298496K)] [ParOldGen: 2630074K->2630074K(2731008K)] 2794119K->2793997K(3029504K), [Metaspace: 34919K->34919K(1081344K)], 0.2572893 secs] [Times: user=0.91 sys=0.00, real=0.26 secs] 
2040.131: [GC (Allocation Failure) --[PSYoungGen: 163922K->163922K(298496K)] 2793997K->2794005K(3029504K), 0.2735876 secs] [Times: user=1.05 sys=0.00, real=0.28 secs] 
2040.404: [Full GC (Allocation Failure) [PSYoungGen: 163922K->163849K(298496K)] [ParOldGen: 2630082K->2630074K(2731008K)] 2794005K->2793923K(3029504K), [Metaspace: 34919K->34919K(1081344K)], 0.2517604 secs] [Times: user=0.89 sys=0.00, real=0.25 secs] 
2040.735: [GC (Allocation Failure) --[PSYoungGen: 164044K->164044K(298496K)] 2794118K->2794118K(3029504K), 0.2850501 secs] [Times: user=1.09 sys=0.00, real=0.29 secs] 
2041.020: [Full GC (Ergonomics) [PSYoungGen: 164044K->163922K(298496K)] [ParOldGen: 2630074K->2630074K(2731008K)] 2794118K->2793997K(3029504K), [Metaspace: 34919K->34919K(1081344K)], 0.2537865 secs] [Times: user=0.89 sys=0.00, real=0.25 secs] 
2041.274: [GC (Allocation Failure) --[PSYoungGen: 163922K->163922K(298496K)] 2793997K->2794005K(3029504K), 0.2720117 secs] [Times: user=1.04 sys=0.00, real=0.28 secs] 
2041.546: [Full GC (Allocation Failure) [PSYoungGen: 163922K->163849K(298496K)] [ParOldGen: 2630082K->2630074K(2731008K)] 2794005K->2793923K(3029504K), [Metaspace: 34919K->34919K(1081344K)], 0.2547820 secs] [Times: user=0.90 sys=0.00, real=0.25 secs] 
2041.888: [GC (Allocation Failure) --[PSYoungGen: 164044K->164044K(298496K)] 2794118K->2794118K(3029504K), 0.2725703 secs] [Times: user=1.04 sys=0.00, real=0.27 secs] 
2042.161: [Full GC (Ergonomics) [PSYoungGen: 164044K->163922K(298496K)] [ParOldGen: 2630074K->2630074K(2731008K)] 2794118K->2793997K(3029504K), [Metaspace: 34919K->34919K(1081344K)], 0.2529792 secs] [Times: user=0.90 sys=0.00, real=0.25 secs] 
2042.414: [GC (Allocation Failure) --[PSYoungGen: 163922K->163922K(298496K)] 2793997K->2794005K(3029504K), 0.2751348 secs] [Times: user=1.05 sys=0.00, real=0.28 secs] 
2042.689: [Full GC (Allocation Failure) [PSYoungGen: 163922K->163849K(298496K)] [ParOldGen: 2630082K->2630074K(2731008K)] 2794005K->2793923K(3029504K), [Metaspace: 34919K->34919K(1081344K)], 0.2580798 secs] [Times: user=0.91 sys=0.00, real=0.26 secs] 
2043.011: [GC (Allocation Failure) --[PSYoungGen: 164044K->164044K(298496K)] 2794119K->2794119K(3029504K), 0.2802073 secs] [Times: user=1.07 sys=0.00, real=0.28 secs] 
2043.291: [Full GC (Ergonomics) [PSYoungGen: 164044K->163922K(298496K)] [ParOldGen: 2630074K->2630074K(2731008K)] 2794119K->2793997K(3029504K), [Metaspace: 34919K->34919K(1081344K)], 0.2660649 secs] [Times: user=0.95 sys=0.00, real=0.27 secs] 
2043.557: [GC (Allocation Failure) --[PSYoungGen: 163922K->163922K(298496K)] 2793997K->2794005K(3029504K), 0.2832310 secs] [Times: user=1.08 sys=0.00, real=0.28 secs] 
2043.840: [Full GC (Allocation Failure) [PSYoungGen: 163922K->163849K(298496K)] [ParOldGen: 2630082K->2630074K(2731008K)] 2794005K->2793923K(3029504K), [Metaspace: 34919K->34919K(1081344K)], 0.2544915 secs] [Times: user=0.90 sys=0.00, real=0.25 secs] 
2044.179: [GC (Allocation Failure) --[PSYoungGen: 164044K->164044K(298496K)] 2794119K->2794119K(3029504K), 0.2887660 secs] [Times: user=1.10 sys=0.00, real=0.29 secs] 
2044.468: [Full GC (Ergonomics) [PSYoungGen: 164044K->163922K(298496K)] [ParOldGen: 2630074K->2630074K(2731008K)] 2794119K->2793997K(3029504K), [Metaspace: 34919K->34919K(1081344K)], 0.2604796 secs] [Times: user=0.93 sys=0.00, real=0.26 secs] 
2044.729: [GC (Allocation Failure) --[PSYoungGen: 163922K->163922K(298496K)] 2793997K->2794013K(3029504K), 0.2758111 secs] [Times: user=1.05 sys=0.00, real=0.28 secs] 
2045.005: [Full GC (Allocation Failure) [PSYoungGen: 163922K->163849K(298496K)] [ParOldGen: 2630090K->2630074K(2731008K)] 2794013K->2793923K(3029504K), [Metaspace: 34919K->34919K(1081344K)], 0.2552576 secs] [Times: user=0.90 sys=0.00, real=0.25 secs] 
2045.363: [GC (Allocation Failure) --[PSYoungGen: 164044K->164044K(298496K)] 2794118K->2794118K(3029504K), 0.2753185 secs] [Times: user=1.05 sys=0.00, real=0.28 secs] 
2045.639: [Full GC (Ergonomics) [PSYoungGen: 164044K->163922K(298496K)] [ParOldGen: 2630074K->2630074K(2731008K)] 2794118K->2793997K(3029504K), [Metaspace: 34919K->34919K(1081344K)], 0.2542434 secs] [Times: user=0.90 sys=0.00, real=0.25 secs] 
2045.893: [GC (Allocation Failure) --[PSYoungGen: 163922K->163922K(298496K)] 2793997K->2794013K(3029504K), 0.2704773 secs] [Times: user=1.03 sys=0.00, real=0.27 secs] 
2046.163: [Full GC (Allocation Failure) [PSYoungGen: 163922K->163849K(298496K)] [ParOldGen: 2630090K->2630074K(2731008K)] 2794013K->2793923K(3029504K), [Metaspace: 34919K->34919K(1081344K)], 0.2770984 secs] [Times: user=0.98 sys=0.00, real=0.28 secs] 
2046.517: [GC (Allocation Failure) --[PSYoungGen: 164044K->164044K(298496K)] 2794119K->2794119K(3029504K), 0.2800172 secs] [Times: user=1.07 sys=0.00, real=0.28 secs] 
2046.798: [Full GC (Ergonomics) [PSYoungGen: 164044K->163922K(298496K)] [ParOldGen: 2630074K->2630074K(2731008K)] 2794119K->2793997K(3029504K), [Metaspace: 34919K->34919K(1081344K)], 0.2703576 secs] [Times: user=0.96 sys=0.00, real=0.27 secs] 
2047.068: [GC (Allocation Failure) --[PSYoungGen: 163922K->163922K(298496K)] 2793997K->2794013K(3029504K), 0.2714684 secs] [Times: user=1.04 sys=0.00, real=0.27 secs] 
2047.340: [Full GC (Allocation Failure) [PSYoungGen: 163922K->163849K(298496K)] [ParOldGen: 2630090K->2630074K(2731008K)] 2794013K->2793923K(3029504K), [Metaspace: 34919K->34919K(1081344K)], 0.2539995 secs] [Times: user=0.90 sys=0.00, real=0.25 secs] 
2047.685: [GC (Allocation Failure) --[PSYoungGen: 164044K->164044K(298496K)] 2794118K->2794118K(3029504K), 0.2963188 secs] [Times: user=1.12 sys=0.00, real=0.29 secs] 
2047.982: [Full GC (Ergonomics) [PSYoungGen: 164044K->163922K(298496K)] [ParOldGen: 2630074K->2630074K(2731008K)] 2794118K->2793997K(3029504K), [Metaspace: 34919K->34919K(1081344K)], 0.2539882 secs] [Times: user=0.90 sys=0.00, real=0.26 secs] 
2048.236: [GC (Allocation Failure) --[PSYoungGen: 163922K->163922K(298496K)] 2793997K->2794013K(3029504K), 0.2758287 secs] [Times: user=1.05 sys=0.00, real=0.27 secs] 
2048.512: [Full GC (Allocation Failure) [PSYoungGen: 163922K->163849K(298496K)] [ParOldGen: 2630090K->2630074K(2731008K)] 2794013K->2793923K(3029504K), [Metaspace: 34919K->34919K(1081344K)], 0.2588855 secs] [Times: user=0.92 sys=0.00, real=0.26 secs] 
2048.870: [GC (Allocation Failure) --[PSYoungGen: 164044K->164044K(298496K)] 2794119K->2794119K(3029504K), 0.2760892 secs] [Times: user=1.06 sys=0.00, real=0.28 secs] 
2049.146: [Full GC (Ergonomics) [PSYoungGen: 164044K->163922K(298496K)] [ParOldGen: 2630074K->2630074K(2731008K)] 2794119K->2793997K(3029504K), [Metaspace: 34919K->34919K(1081344K)], 0.2609858 secs] [Times: user=0.93 sys=0.00, real=0.26 secs] 
2049.407: [GC (Allocation Failure) --[PSYoungGen: 163922K->163922K(298496K)] 2793997K->2794013K(3029504K), 0.2786196 secs] [Times: user=1.06 sys=0.00, real=0.28 secs] 
2049.685: [Full GC (Allocation Failure) [PSYoungGen: 163922K->163849K(298496K)] [ParOldGen: 2630090K->2630074K(2731008K)] 2794013K->2793923K(3029504K), [Metaspace: 34919K->34919K(1081344K)], 0.2657091 secs] [Times: user=0.94 sys=0.00, real=0.26 secs] 
2050.038: [GC (Allocation Failure) --[PSYoungGen: 164044K->164044K(298496K)] 2794119K->2794119K(3029504K), 0.2853351 secs] [Times: user=1.07 sys=0.00, real=0.28 secs] 
2050.323: [Full GC (Ergonomics) [PSYoungGen: 164044K->163922K(298496K)] [ParOldGen: 2630074K->2630074K(2731008K)] 2794119K->2793997K(3029504K), [Metaspace: 34919K->34919K(1081344K)], 0.2529294 secs] [Times: user=0.89 sys=0.00, real=0.26 secs] 
2050.576: [GC (Allocation Failure) --[PSYoungGen: 163922K->163922K(298496K)] 2793997K->2794005K(3029504K), 0.2722523 secs] [Times: user=1.04 sys=0.00, real=0.27 secs] 
2050.848: [Full GC (Allocation Failure) [PSYoungGen: 163922K->163849K(298496K)] [ParOldGen: 2630082K->2630074K(2731008K)] 2794005K->2793923K(3029504K), [Metaspace: 34919K->34919K(1081344K)], 0.2542245 secs] [Times: user=0.90 sys=0.00, real=0.25 secs] 
2051.206: [GC (Allocation Failure) --[PSYoungGen: 164044K->164044K(298496K)] 2794118K->2794118K(3029504K), 0.2739699 secs] [Times: user=1.04 sys=0.00, real=0.27 secs] 
2051.480: [Full GC (Ergonomics) [PSYoungGen: 164044K->163922K(298496K)] [ParOldGen: 2630074K->2630074K(2731008K)] 2794118K->2793997K(3029504K), [Metaspace: 34919K->34919K(1081344K)], 0.2625204 secs] [Times: user=0.93 sys=0.00, real=0.26 secs] 
2051.743: [GC (Allocation Failure) --[PSYoungGen: 163922K->163922K(298496K)] 2793997K->2794013K(3029504K), 0.2880086 secs] [Times: user=1.10 sys=0.00, real=0.29 secs] 
2052.031: [Full GC (Allocation Failure) [PSYoungGen: 163922K->163849K(298496K)] [ParOldGen: 2630090K->2630074K(2731008K)] 2794013K->2793923K(3029504K), [Metaspace: 34919K->34919K(1081344K)], 0.2534208 secs] [Times: user=0.90 sys=0.00, real=0.26 secs] 
2052.390: [GC (Allocation Failure) --[PSYoungGen: 164044K->164044K(298496K)] 2794119K->2794119K(3029504K), 0.2908620 secs] [Times: user=1.09 sys=0.00, real=0.29 secs] 
2052.681: [Full GC (Ergonomics) [PSYoungGen: 164044K->163922K(298496K)] [ParOldGen: 2630074K->2630074K(2731008K)] 2794119K->2793997K(3029504K), [Metaspace: 34919K->34919K(1081344K)], 0.2589396 secs] [Times: user=0.92 sys=0.00, real=0.26 secs] 
2052.940: [GC (Allocation Failure) --[PSYoungGen: 163922K->163922K(298496K)] 2793997K->2794013K(3029504K), 0.2715467 secs] [Times: user=1.03 sys=0.00, real=0.27 secs] 
2053.212: [Full GC (Allocation Failure) [PSYoungGen: 163922K->163849K(298496K)] [ParOldGen: 2630090K->2630074K(2731008K)] 2794013K->2793923K(3029504K), [Metaspace: 34919K->34919K(1081344K)], 0.2548306 secs] [Times: user=0.91 sys=0.00, real=0.26 secs] 
2053.543: [GC (Allocation Failure) --[PSYoungGen: 164044K->164044K(298496K)] 2794118K->2794118K(3029504K), 0.2706594 secs] [Times: user=1.03 sys=0.00, real=0.27 secs] 
2053.814: [Full GC (Ergonomics) [PSYoungGen: 164044K->163922K(298496K)] [ParOldGen: 2630074K->2630074K(2731008K)] 2794118K->2793997K(3029504K), [Metaspace: 34919K->34919K(1081344K)], 0.2525474 secs] [Times: user=0.90 sys=0.00, real=0.26 secs] 
2054.066: [GC (Allocation Failure) --[PSYoungGen: 163922K->163922K(298496K)] 2793997K->2794005K(3029504K), 0.2712543 secs] [Times: user=1.03 sys=0.00, real=0.27 secs] 
2054.338: [Full GC (Allocation Failure) [PSYoungGen: 163922K->163849K(298496K)] [ParOldGen: 2630082K->2630074K(2731008K)] 2794005K->2793923K(3029504K), [Metaspace: 34919K->34919K(1081344K)], 0.2526804 secs] [Times: user=0.89 sys=0.00, real=0.25 secs] 
2054.681: [GC (Allocation Failure) --[PSYoungGen: 164044K->164044K(298496K)] 2794119K->2794119K(3029504K), 0.2740572 secs] [Times: user=1.04 sys=0.00, real=0.27 secs] 
2054.955: [Full GC (Ergonomics) [PSYoungGen: 164044K->163922K(298496K)] [ParOldGen: 2630074K->2630074K(2731008K)] 2794119K->2793997K(3029504K), [Metaspace: 34919K->34919K(1081344K)], 0.2548398 secs] [Times: user=0.90 sys=0.00, real=0.26 secs] 
2055.211: [GC (Allocation Failure) --[PSYoungGen: 163922K->163922K(298496K)] 2793997K->2794013K(3029504K), 0.2739168 secs] [Times: user=1.05 sys=0.00, real=0.28 secs] 
2055.485: [Full GC (Allocation Failure) [PSYoungGen: 163922K->163849K(298496K)] [ParOldGen: 2630090K->2630074K(2731008K)] 2794013K->2793923K(3029504K), [Metaspace: 34919K->34919K(1081344K)], 0.2560549 secs] [Times: user=0.90 sys=0.00, real=0.25 secs] 
2055.834: [GC (Allocation Failure) --[PSYoungGen: 164044K->164044K(298496K)] 2794119K->2794119K(3029504K), 0.2916071 secs] [Times: user=1.11 sys=0.00, real=0.30 secs] 
2056.126: [Full GC (Ergonomics) [PSYoungGen: 164044K->163922K(298496K)] [ParOldGen: 2630074K->2630074K(2731008K)] 2794119K->2793997K(3029504K), [Metaspace: 34919K->34919K(1081344K)], 0.2556077 secs] [Times: user=0.90 sys=0.00, real=0.25 secs] 
2056.382: [GC (Allocation Failure) --[PSYoungGen: 163922K->163922K(298496K)] 2793997K->2794013K(3029504K), 0.2714670 secs] [Times: user=1.03 sys=0.00, real=0.27 secs] 
2056.653: [Full GC (Allocation Failure) [PSYoungGen: 163922K->163849K(298496K)] [ParOldGen: 2630090K->2630074K(2731008K)] 2794013K->2793923K(3029504K), [Metaspace: 34919K->34919K(1081344K)], 0.2541819 secs] [Times: user=0.90 sys=0.00, real=0.26 secs] 
2056.988: [GC (Allocation Failure) --[PSYoungGen: 164044K->164044K(298496K)] 2794119K->2794119K(3029504K), 0.2718733 secs] [Times: user=1.04 sys=0.00, real=0.27 secs] 
2057.260: [Full GC (Ergonomics) [PSYoungGen: 164044K->163922K(298496K)] [ParOldGen: 2630074K->2630074K(2731008K)] 2794119K->2793997K(3029504K), [Metaspace: 34919K->34919K(1081344K)], 0.2542242 secs] [Times: user=0.90 sys=0.00, real=0.25 secs] 
2057.514: [GC (Allocation Failure) --[PSYoungGen: 163922K->163922K(298496K)] 2793997K->2794013K(3029504K), 0.2742931 secs] [Times: user=1.05 sys=0.00, real=0.28 secs] 
2057.788: [Full GC (Allocation Failure) [PSYoungGen: 163922K->163849K(298496K)] [ParOldGen: 2630090K->2630074K(2731008K)] 2794013K->2793923K(3029504K), [Metaspace: 34919K->34919K(1081344K)], 0.2621946 secs] [Times: user=0.92 sys=0.00, real=0.26 secs] 
2058.141: [GC (Allocation Failure) --[PSYoungGen: 164044K->164044K(298496K)] 2794119K->2794119K(3029504K), 0.2741716 secs] [Times: user=1.05 sys=0.00, real=0.27 secs] 
2058.415: [Full GC (Ergonomics) [PSYoungGen: 164044K->163922K(298496K)] [ParOldGen: 2630074K->2630074K(2731008K)] 2794119K->2793997K(3029504K), [Metaspace: 34919K->34919K(1081344K)], 0.2554293 secs] [Times: user=0.90 sys=0.00, real=0.26 secs] 
2058.671: [GC (Allocation Failure) --[PSYoungGen: 163922K->163922K(298496K)] 2793997K->2794013K(3029504K), 0.2736324 secs] [Times: user=1.05 sys=0.00, real=0.28 secs] 
2058.944: [Full GC (Allocation Failure) [PSYoungGen: 163922K->163849K(298496K)] [ParOldGen: 2630090K->2630074K(2731008K)] 2794013K->2793923K(3029504K), [Metaspace: 34919K->34919K(1081344K)], 0.2564041 secs] [Times: user=0.90 sys=0.00, real=0.25 secs] 
2059.279: [GC (Allocation Failure) --[PSYoungGen: 164044K->164044K(298496K)] 2794118K->2794118K(3029504K), 0.2832936 secs] [Times: user=1.08 sys=0.00, real=0.28 secs] 
2059.562: [Full GC (Ergonomics) [PSYoungGen: 164044K->163922K(298496K)] [ParOldGen: 2630074K->2630074K(2731008K)] 2794118K->2793997K(3029504K), [Metaspace: 34919K->34919K(1081344K)], 0.2815894 secs] [Times: user=0.99 sys=0.00, real=0.29 secs] 
2059.844: [GC (Allocation Failure) --[PSYoungGen: 163922K->163922K(298496K)] 2793997K->2794005K(3029504K), 0.2785760 secs] [Times: user=1.06 sys=0.00, real=0.27 secs] 
2060.122: [Full GC (Allocation Failure) [PSYoungGen: 163922K->163849K(298496K)] [ParOldGen: 2630082K->2630074K(2731008K)] 2794005K->2793923K(3029504K), [Metaspace: 34919K->34919K(1081344K)], 0.2575299 secs] [Times: user=0.91 sys=0.00, real=0.26 secs] 
2060.447: [GC (Allocation Failure) --[PSYoungGen: 164044K->164044K(298496K)] 2794118K->2794118K(3029504K), 0.2786501 secs] [Times: user=1.07 sys=0.00, real=0.28 secs] 
2060.726: [Full GC (Ergonomics) [PSYoungGen: 164044K->163922K(298496K)] [ParOldGen: 2630074K->2630074K(2731008K)] 2794118K->2793997K(3029504K), [Metaspace: 34919K->34919K(1081344K)], 0.2602641 secs] [Times: user=0.89 sys=0.00, real=0.26 secs] 
2060.986: [GC (Allocation Failure) --[PSYoungGen: 163922K->163922K(298496K)] 2793997K->2794005K(3029504K), 0.2798670 secs] [Times: user=1.05 sys=0.00, real=0.28 secs] 
2061.266: [Full GC (Allocation Failure) [PSYoungGen: 163922K->163849K(298496K)] [ParOldGen: 2630082K->2630074K(2731008K)] 2794005K->2793923K(3029504K), [Metaspace: 34919K->34919K(1081344K)], 0.2710482 secs] [Times: user=0.96 sys=0.00, real=0.27 secs] 
2061.616: [GC (Allocation Failure) --[PSYoungGen: 164044K->164044K(298496K)] 2794118K->2794118K(3029504K), 0.2770702 secs] [Times: user=1.07 sys=0.00, real=0.27 secs] 
2061.893: [Full GC (Ergonomics) [PSYoungGen: 164044K->163922K(298496K)] [ParOldGen: 2630074K->2630074K(2731008K)] 2794118K->2793997K(3029504K), [Metaspace: 34919K->34919K(1081344K)], 0.2612488 secs] [Times: user=0.92 sys=0.00, real=0.26 secs] 
2062.154: [GC (Allocation Failure) --[PSYoungGen: 163922K->163922K(298496K)] 2793997K->2794013K(3029504K), 0.2778617 secs] [Times: user=1.06 sys=0.00, real=0.28 secs] 
2062.432: [Full GC (Allocation Failure) [PSYoungGen: 163922K->163849K(298496K)] [ParOldGen: 2630090K->2630074K(2731008K)] 2794013K->2793923K(3029504K), [Metaspace: 34919K->34919K(1081344K)], 0.2602218 secs] [Times: user=0.93 sys=0.00, real=0.26 secs] 
2062.784: [GC (Allocation Failure) --[PSYoungGen: 164044K->164044K(298496K)] 2794118K->2794118K(3029504K), 0.2847420 secs] [Times: user=1.08 sys=0.00, real=0.28 secs] 
2063.069: [Full GC (Ergonomics) [PSYoungGen: 164044K->163922K(298496K)] [ParOldGen: 2630074K->2630074K(2731008K)] 2794118K->2793997K(3029504K), [Metaspace: 34919K->34919K(1081344K)], 0.2629689 secs] [Times: user=0.94 sys=0.00, real=0.26 secs] 
2063.332: [GC (Allocation Failure) --[PSYoungGen: 163922K->163922K(298496K)] 2793997K->2794005K(3029504K), 0.2732971 secs] [Times: user=1.04 sys=0.00, real=0.28 secs] 
2063.605: [Full GC (Allocation Failure) [PSYoungGen: 163922K->163849K(298496K)] [ParOldGen: 2630082K->2630074K(2731008K)] 2794005K->2793923K(3029504K), [Metaspace: 34919K->34919K(1081344K)], 0.2583090 secs] [Times: user=0.91 sys=0.00, real=0.26 secs] 
2063.968: [GC (Allocation Failure) --[PSYoungGen: 164044K->164044K(298496K)] 2794119K->2794119K(3029504K), 0.2720053 secs] [Times: user=1.04 sys=0.00, real=0.27 secs] 
2064.240: [Full GC (Ergonomics) [PSYoungGen: 164044K->163922K(298496K)] [ParOldGen: 2630074K->2630074K(2731008K)] 2794119K->2793997K(3029504K), [Metaspace: 34919K->34919K(1081344K)], 0.2580622 secs] [Times: user=0.91 sys=0.00, real=0.26 secs] 
2064.498: [GC (Allocation Failure) --[PSYoungGen: 163922K->163922K(298496K)] 2793997K->2794013K(3029504K), 0.2799183 secs] [Times: user=1.07 sys=0.00, real=0.28 secs] 
2064.778: [Full GC (Allocation Failure) [PSYoungGen: 163922K->163849K(298496K)] [ParOldGen: 2630090K->2630074K(2731008K)] 2794013K->2793923K(3029504K), [Metaspace: 34919K->34919K(1081344K)], 0.2614454 secs] [Times: user=0.93 sys=0.00, real=0.26 secs] 
2065.152: [GC (Allocation Failure) --[PSYoungGen: 164044K->164044K(298496K)] 2794118K->2794118K(3029504K), 0.2894187 secs] [Times: user=1.05 sys=0.00, real=0.29 secs] 
2065.442: [Full GC (Ergonomics) [PSYoungGen: 164044K->163922K(298496K)] [ParOldGen: 2630074K->2630074K(2731008K)] 2794118K->2793997K(3029504K), [Metaspace: 34919K->34919K(1081344K)], 0.2710275 secs] [Times: user=0.96 sys=0.00, real=0.27 secs] 
2065.713: [GC (Allocation Failure) --[PSYoungGen: 163922K->163922K(298496K)] 2793997K->2794005K(3029504K), 0.2911594 secs] [Times: user=1.10 sys=0.00, real=0.30 secs] 
2066.005: [Full GC (Allocation Failure) [PSYoungGen: 163922K->163849K(298496K)] [ParOldGen: 2630082K->2630074K(2731008K)] 2794005K->2793923K(3029504K), [Metaspace: 34919K->34919K(1081344K)], 0.2703550 secs] [Times: user=0.96 sys=0.00, real=0.26 secs] 
2066.368: [GC (Allocation Failure) --[PSYoungGen: 164044K->164044K(298496K)] 2794118K->2794118K(3029504K), 0.2745387 secs] [Times: user=1.05 sys=0.00, real=0.27 secs] 
2066.642: [Full GC (Ergonomics) [PSYoungGen: 164044K->163922K(298496K)] [ParOldGen: 2630074K->2630074K(2731008K)] 2794118K->2793997K(3029504K), [Metaspace: 34919K->34919K(1081344K)], 0.2656407 secs] [Times: user=0.95 sys=0.00, real=0.27 secs] 
2066.908: [GC (Allocation Failure) --[PSYoungGen: 163922K->163922K(298496K)] 2793997K->2794013K(3029504K), 0.2713927 secs] [Times: user=1.03 sys=0.00, real=0.27 secs] 
2067.180: [Full GC (Allocation Failure) [PSYoungGen: 163922K->163849K(298496K)] [ParOldGen: 2630090K->2630074K(2731008K)] 2794013K->2793923K(3029504K), [Metaspace: 34919K->34919K(1081344K)], 0.2554329 secs] [Times: user=0.91 sys=0.00, real=0.25 secs] 
2067.520: [GC (Allocation Failure) --[PSYoungGen: 164046K->164046K(298496K)] 2794121K->2794129K(3029504K), 0.2770636 secs] [Times: user=1.06 sys=0.00, real=0.28 secs] 
2067.797: [Full GC (Ergonomics) [PSYoungGen: 164046K->163924K(298496K)] [ParOldGen: 2630082K->2630074K(2731008K)] 2794129K->2793999K(3029504K), [Metaspace: 34943K->34943K(1081344K)], 0.2572670 secs] [Times: user=0.91 sys=0.00, real=0.25 secs] 
2068.054: [GC (Allocation Failure) --[PSYoungGen: 163924K->163924K(298496K)] 2793999K->2794007K(3029504K), 0.2782214 secs] [Times: user=1.06 sys=0.00, real=0.28 secs] 
2068.333: [Full GC (Allocation Failure) [PSYoungGen: 163924K->163850K(298496K)] [ParOldGen: 2630082K->2630074K(2731008K)] 2794007K->2793925K(3029504K), [Metaspace: 34943K->34943K(1081344K)], 0.2524390 secs] [Times: user=0.89 sys=0.00, real=0.26 secs] 
2068.673: [GC (Allocation Failure) --[PSYoungGen: 164046K->164046K(298496K)] 2794121K->2794121K(3029504K), 0.2811688 secs] [Times: user=1.07 sys=0.00, real=0.28 secs] 
2068.954: [Full GC (Ergonomics) [PSYoungGen: 164046K->163924K(298496K)] [ParOldGen: 2630074K->2630074K(2731008K)] 2794121K->2793999K(3029504K), [Metaspace: 34943K->34943K(1081344K)], 0.2616696 secs] [Times: user=0.92 sys=0.00, real=0.27 secs] 
2069.216: [GC (Allocation Failure) --[PSYoungGen: 163924K->163924K(298496K)] 2793999K->2794015K(3029504K), 0.2719289 secs] [Times: user=1.04 sys=0.00, real=0.27 secs] 
2069.488: [Full GC (Allocation Failure) [PSYoungGen: 163924K->163850K(298496K)] [ParOldGen: 2630090K->2630074K(2731008K)] 2794015K->2793925K(3029504K), [Metaspace: 34943K->34943K(1081344K)], 0.2565649 secs] [Times: user=0.91 sys=0.00, real=0.26 secs] 
2069.842: [GC (Allocation Failure) --[PSYoungGen: 164046K->164046K(298496K)] 2794121K->2794121K(3029504K), 0.2766063 secs] [Times: user=1.06 sys=0.00, real=0.28 secs] 
2070.118: [Full GC (Ergonomics) [PSYoungGen: 164046K->163924K(298496K)] [ParOldGen: 2630074K->2630074K(2731008K)] 2794121K->2793999K(3029504K), [Metaspace: 34943K->34943K(1081344K)], 0.2547096 secs] [Times: user=0.90 sys=0.00, real=0.25 secs] 
2070.373: [GC (Allocation Failure) --[PSYoungGen: 163924K->163924K(298496K)] 2793999K->2794007K(3029504K), 0.2763720 secs] [Times: user=1.05 sys=0.00, real=0.28 secs] 
2070.650: [Full GC (Allocation Failure) [PSYoungGen: 163924K->163850K(298496K)] [ParOldGen: 2630082K->2630074K(2731008K)] 2794007K->2793925K(3029504K), [Metaspace: 34943K->34943K(1081344K)], 0.2545001 secs] [Times: user=0.90 sys=0.00, real=0.26 secs] 
2070.995: [GC (Allocation Failure) --[PSYoungGen: 164045K->164045K(298496K)] 2794120K->2794120K(3029504K), 0.2767846 secs] [Times: user=1.06 sys=0.00, real=0.28 secs] 
2071.272: [Full GC (Ergonomics) [PSYoungGen: 164045K->163924K(298496K)] [ParOldGen: 2630074K->2630074K(2731008K)] 2794120K->2793999K(3029504K), [Metaspace: 34943K->34943K(1081344K)], 0.2516114 secs] [Times: user=0.88 sys=0.00, real=0.25 secs] 
2071.523: [GC (Allocation Failure) --[PSYoungGen: 163924K->163924K(298496K)] 2793999K->2794015K(3029504K), 0.2728236 secs] [Times: user=1.04 sys=0.00, real=0.28 secs] 
2071.796: [Full GC (Allocation Failure) [PSYoungGen: 163924K->163849K(298496K)] [ParOldGen: 2630090K->2630076K(2731008K)] 2794015K->2793925K(3029504K), [Metaspace: 34943K->34943K(1081344K)], 0.2543741 secs] [Times: user=0.90 sys=0.00, real=0.25 secs] 
2072.148: [GC (Allocation Failure) --[PSYoungGen: 164044K->164044K(298496K)] 2794120K->2794120K(3029504K), 0.2725400 secs] [Times: user=1.05 sys=0.00, real=0.27 secs] 
2072.421: [Full GC (Ergonomics) [PSYoungGen: 164044K->163922K(298496K)] [ParOldGen: 2630076K->2630076K(2731008K)] 2794120K->2793999K(3029504K), [Metaspace: 34943K->34943K(1081344K)], 0.2539077 secs] [Times: user=0.90 sys=0.00, real=0.25 secs] 
2072.675: [GC (Allocation Failure) --[PSYoungGen: 163922K->163922K(298496K)] 2793999K->2794007K(3029504K), 0.2735244 secs] [Times: user=1.04 sys=0.00, real=0.28 secs] 
2072.949: [Full GC (Allocation Failure) [PSYoungGen: 163922K->163849K(298496K)] [ParOldGen: 2630084K->2630076K(2731008K)] 2794007K->2793925K(3029504K), [Metaspace: 34943K->34943K(1081344K)], 0.2539092 secs] [Times: user=0.90 sys=0.00, real=0.25 secs] 
2073.271: [GC (Allocation Failure) --[PSYoungGen: 164044K->164044K(298496K)] 2794120K->2794120K(3029504K), 0.2758716 secs] [Times: user=1.06 sys=0.00, real=0.28 secs] 
2073.547: [Full GC (Ergonomics) [PSYoungGen: 164044K->163922K(298496K)] [ParOldGen: 2630076K->2630076K(2731008K)] 2794120K->2793999K(3029504K), [Metaspace: 34943K->34943K(1081344K)], 0.2640035 secs] [Times: user=0.93 sys=0.00, real=0.26 secs] 
2073.811: [GC (Allocation Failure) --[PSYoungGen: 163922K->163922K(298496K)] 2793999K->2794015K(3029504K), 0.2892615 secs] [Times: user=1.07 sys=0.00, real=0.29 secs] 
2074.100: [Full GC (Allocation Failure) [PSYoungGen: 163922K->163849K(298496K)] [ParOldGen: 2630092K->2630076K(2731008K)] 2794015K->2793925K(3029504K), [Metaspace: 34943K->34943K(1081344K)], 0.2526534 secs] [Times: user=0.89 sys=0.00, real=0.25 secs] 
2074.440: [GC (Allocation Failure) --[PSYoungGen: 164044K->164044K(298496K)] 2794120K->2794120K(3029504K), 0.2702626 secs] [Times: user=1.03 sys=0.00, real=0.27 secs] 
2074.710: [Full GC (Ergonomics) [PSYoungGen: 164044K->163922K(298496K)] [ParOldGen: 2630076K->2630076K(2731008K)] 2794120K->2793999K(3029504K), [Metaspace: 34943K->34943K(1081344K)], 0.2568133 secs] [Times: user=0.91 sys=0.00, real=0.26 secs] 
2074.967: [GC (Allocation Failure) --[PSYoungGen: 163922K->163922K(298496K)] 2793999K->2794007K(3029504K), 0.2730697 secs] [Times: user=1.04 sys=0.00, real=0.27 secs] 
2075.240: [Full GC (Allocation Failure) [PSYoungGen: 163922K->163849K(298496K)] [ParOldGen: 2630084K->2630076K(2731008K)] 2794007K->2793925K(3029504K), [Metaspace: 34943K->34943K(1081344K)], 0.2596515 secs] [Times: user=0.89 sys=0.00, real=0.26 secs] 
2075.562: [GC (Allocation Failure) --[PSYoungGen: 164044K->164044K(298496K)] 2794120K->2794120K(3029504K), 0.2785939 secs] [Times: user=1.06 sys=0.00, real=0.28 secs] 
2075.841: [Full GC (Ergonomics) [PSYoungGen: 164044K->163922K(298496K)] [ParOldGen: 2630076K->2630076K(2731008K)] 2794120K->2793999K(3029504K), [Metaspace: 34943K->34943K(1081344K)], 0.2540086 secs] [Times: user=0.90 sys=0.00, real=0.25 secs] 
2076.095: [GC (Allocation Failure) --[PSYoungGen: 163922K->163922K(298496K)] 2793999K->2794015K(3029504K), 0.2722296 secs] [Times: user=1.04 sys=0.00, real=0.28 secs] 
2076.367: [Full GC (Allocation Failure) [PSYoungGen: 163922K->163849K(298496K)] [ParOldGen: 2630092K->2630076K(2731008K)] 2794015K->2793925K(3029504K), [Metaspace: 34943K->34943K(1081344K)], 0.2523862 secs] [Times: user=0.90 sys=0.00, real=0.25 secs] 
2076.700: [GC (Allocation Failure) --[PSYoungGen: 164044K->164044K(298496K)] 2794120K->2794120K(3029504K), 0.2849558 secs] [Times: user=1.09 sys=0.00, real=0.29 secs] 
2076.985: [Full GC (Ergonomics) [PSYoungGen: 164044K->163922K(298496K)] [ParOldGen: 2630076K->2630076K(2731008K)] 2794120K->2793999K(3029504K), [Metaspace: 34943K->34943K(1081344K)], 0.2541171 secs] [Times: user=0.90 sys=0.00, real=0.25 secs] 
2077.239: [GC (Allocation Failure) --[PSYoungGen: 163922K->163922K(298496K)] 2793999K->2794015K(3029504K), 0.2741071 secs] [Times: user=1.04 sys=0.00, real=0.27 secs] 
2077.513: [Full GC (Allocation Failure) [PSYoungGen: 163922K->163849K(298496K)] [ParOldGen: 2630092K->2630076K(2731008K)] 2794015K->2793925K(3029504K), [Metaspace: 34943K->34943K(1081344K)], 0.2570383 secs] [Times: user=0.90 sys=0.00, real=0.26 secs] 
2077.853: [GC (Allocation Failure) --[PSYoungGen: 164044K->164044K(298496K)] 2794120K->2794120K(3029504K), 0.2713241 secs] [Times: user=1.04 sys=0.00, real=0.28 secs] 
2078.124: [Full GC (Ergonomics) [PSYoungGen: 164044K->163922K(298496K)] [ParOldGen: 2630076K->2630076K(2731008K)] 2794120K->2793999K(3029504K), [Metaspace: 34943K->34943K(1081344K)], 0.2569737 secs] [Times: user=0.91 sys=0.00, real=0.25 secs] 
2078.381: [GC (Allocation Failure) --[PSYoungGen: 163922K->163922K(298496K)] 2793999K->2794015K(3029504K), 0.2753209 secs] [Times: user=1.05 sys=0.00, real=0.28 secs] 
2078.657: [Full GC (Allocation Failure) [PSYoungGen: 163922K->163849K(298496K)] [ParOldGen: 2630092K->2630076K(2731008K)] 2794015K->2793925K(3029504K), [Metaspace: 34943K->34943K(1081344K)], 0.2585138 secs] [Times: user=0.91 sys=0.00, real=0.25 secs] 
2078.976: [GC (Allocation Failure) --[PSYoungGen: 164044K->164044K(298496K)] 2794120K->2794120K(3029504K), 0.2761607 secs] [Times: user=1.05 sys=0.00, real=0.28 secs] 
2079.252: [Full GC (Ergonomics) [PSYoungGen: 164044K->163922K(298496K)] [ParOldGen: 2630076K->2630076K(2731008K)] 2794120K->2793999K(3029504K), [Metaspace: 34943K->34943K(1081344K)], 0.2563078 secs] [Times: user=0.91 sys=0.00, real=0.26 secs] 
2079.508: [GC (Allocation Failure) --[PSYoungGen: 163922K->163922K(298496K)] 2793999K->2794007K(3029504K), 0.2753160 secs] [Times: user=1.04 sys=0.00, real=0.27 secs] 
2079.784: [Full GC (Allocation Failure) [PSYoungGen: 163922K->163849K(298496K)] [ParOldGen: 2630084K->2630076K(2731008K)] 2794007K->2793925K(3029504K), [Metaspace: 34943K->34943K(1081344K)], 0.2744074 secs] [Times: user=0.90 sys=0.00, real=0.27 secs] 
2080.159: [GC (Allocation Failure) --[PSYoungGen: 164046K->164046K(298496K)] 2794123K->2794123K(3029504K), 0.2768550 secs] [Times: user=1.06 sys=0.00, real=0.28 secs] 
2080.436: [Full GC (Ergonomics) [PSYoungGen: 164046K->163923K(298496K)] [ParOldGen: 2630076K->2630076K(2731008K)] 2794123K->2793999K(3029504K), [Metaspace: 34943K->34943K(1081344K)], 0.2540068 secs] [Times: user=0.90 sys=0.00, real=0.25 secs] 
2080.690: [GC (Allocation Failure) --[PSYoungGen: 163923K->163923K(298496K)] 2793999K->2794015K(3029504K), 0.2738552 secs] [Times: user=1.04 sys=0.00, real=0.28 secs] 
2080.964: [Full GC (Allocation Failure) [PSYoungGen: 163923K->163849K(298496K)] [ParOldGen: 2630092K->2630076K(2731008K)] 2794015K->2793925K(3029504K), [Metaspace: 34943K->34943K(1081344K)], 0.2632629 secs] [Times: user=0.94 sys=0.00, real=0.26 secs] 
2081.298: [GC (Allocation Failure) --[PSYoungGen: 164045K->164045K(298496K)] 2794121K->2794121K(3029504K), 0.2786262 secs] [Times: user=1.06 sys=0.00, real=0.28 secs] 
2081.576: [Full GC (Ergonomics) [PSYoungGen: 164045K->163923K(298496K)] [ParOldGen: 2630076K->2630076K(2731008K)] 2794121K->2793999K(3029504K), [Metaspace: 34943K->34943K(1081344K)], 0.2729800 secs] [Times: user=0.97 sys=0.00, real=0.27 secs] 
2081.850: [GC (Allocation Failure) --[PSYoungGen: 163923K->163923K(298496K)] 2793999K->2794015K(3029504K), 0.2731362 secs] [Times: user=1.04 sys=0.00, real=0.27 secs] 
2082.123: [Full GC (Allocation Failure) [PSYoungGen: 163923K->163849K(298496K)] [ParOldGen: 2630092K->2630076K(2731008K)] 2794015K->2793925K(3029504K), [Metaspace: 34943K->34943K(1081344K)], 0.2596279 secs] [Times: user=0.92 sys=0.00, real=0.26 secs] 
2082.481: [GC (Allocation Failure) --[PSYoungGen: 164044K->164044K(298496K)] 2794121K->2794121K(3029504K), 0.2722626 secs] [Times: user=1.04 sys=0.00, real=0.27 secs] 
2082.753: [Full GC (Ergonomics) [PSYoungGen: 164044K->163923K(298496K)] [ParOldGen: 2630076K->2630076K(2731008K)] 2794121K->2793999K(3029504K), [Metaspace: 34943K->34943K(1081344K)], 0.2575609 secs] [Times: user=0.91 sys=0.00, real=0.26 secs] 
2083.011: [GC (Allocation Failure) --[PSYoungGen: 163923K->163923K(298496K)] 2793999K->2794007K(3029504K), 0.2717980 secs] [Times: user=1.04 sys=0.00, real=0.27 secs] 
2083.283: [Full GC (Allocation Failure) [PSYoungGen: 163923K->163849K(298496K)] [ParOldGen: 2630084K->2630076K(2731008K)] 2794007K->2793925K(3029504K), [Metaspace: 34943K->34943K(1081344K)], 0.2541309 secs] [Times: user=0.89 sys=0.00, real=0.26 secs] 
2083.603: [GC (Allocation Failure) --[PSYoungGen: 164044K->164044K(298496K)] 2794120K->2794120K(3029504K), 0.2811046 secs] [Times: user=1.07 sys=0.00, real=0.29 secs] 
2083.884: [Full GC (Ergonomics) [PSYoungGen: 164044K->163923K(298496K)] [ParOldGen: 2630076K->2630076K(2731008K)] 2794120K->2793999K(3029504K), [Metaspace: 34943K->34943K(1081344K)], 0.2620707 secs] [Times: user=0.93 sys=0.00, real=0.26 secs] 
2084.147: [GC (Allocation Failure) --[PSYoungGen: 163923K->163923K(298496K)] 2793999K->2794015K(3029504K), 0.2805834 secs] [Times: user=1.08 sys=0.00, real=0.28 secs] 
2084.427: [Full GC (Allocation Failure) [PSYoungGen: 163923K->163849K(298496K)] [ParOldGen: 2630092K->2630076K(2731008K)] 2794015K->2793926K(3029504K), [Metaspace: 34943K->34943K(1081344K)], 0.2576227 secs] [Times: user=0.91 sys=0.00, real=0.26 secs] 
2084.756: [GC (Allocation Failure) --[PSYoungGen: 164044K->164044K(298496K)] 2794121K->2794121K(3029504K), 0.2846140 secs] [Times: user=1.09 sys=0.00, real=0.28 secs] 
2085.041: [Full GC (Ergonomics) [PSYoungGen: 164044K->163922K(298496K)] [ParOldGen: 2630076K->2630076K(2731008K)] 2794121K->2793999K(3029504K), [Metaspace: 34943K->34943K(1081344K)], 0.2575905 secs] [Times: user=0.92 sys=0.00, real=0.26 secs] 
2085.299: [GC (Allocation Failure) --[PSYoungGen: 163922K->163922K(298496K)] 2793999K->2794007K(3029504K), 0.2690963 secs] [Times: user=1.02 sys=0.00, real=0.27 secs] 
2085.568: [Full GC (Allocation Failure) [PSYoungGen: 163922K->163849K(298496K)] [ParOldGen: 2630084K->2630076K(2731008K)] 2794007K->2793926K(3029504K), [Metaspace: 34943K->34943K(1081344K)], 0.2608786 secs] [Times: user=0.93 sys=0.00, real=0.26 secs] 
2085.925: [GC (Allocation Failure) --[PSYoungGen: 164044K->164044K(298496K)] 2794121K->2794121K(3029504K), 0.2944793 secs] [Times: user=1.13 sys=0.00, real=0.29 secs] 
2086.220: [Full GC (Ergonomics) [PSYoungGen: 164044K->163922K(298496K)] [ParOldGen: 2630076K->2630076K(2731008K)] 2794121K->2793999K(3029504K), [Metaspace: 34943K->34943K(1081344K)], 0.2602761 secs] [Times: user=0.92 sys=0.00, real=0.26 secs] 
2086.480: [GC (Allocation Failure) --[PSYoungGen: 163922K->163922K(298496K)] 2793999K->2794015K(3029504K), 0.2754395 secs] [Times: user=1.06 sys=0.00, real=0.28 secs] 
2086.756: [Full GC (Allocation Failure) [PSYoungGen: 163922K->163849K(298496K)] [ParOldGen: 2630092K->2630076K(2731008K)] 2794015K->2793925K(3029504K), [Metaspace: 34943K->34943K(1081344K)], 0.2559852 secs] [Times: user=0.90 sys=0.00, real=0.25 secs] 
2087.109: [GC (Allocation Failure) --[PSYoungGen: 164044K->164044K(298496K)] 2794121K->2794121K(3029504K), 0.2733740 secs] [Times: user=1.05 sys=0.00, real=0.27 secs] 
2087.383: [Full GC (Ergonomics) [PSYoungGen: 164044K->163922K(298496K)] [ParOldGen: 2630076K->2630076K(2731008K)] 2794121K->2793999K(3029504K), [Metaspace: 34943K->34943K(1081344K)], 0.2566935 secs] [Times: user=0.91 sys=0.00, real=0.26 secs] 
2087.639: [GC (Allocation Failure) --[PSYoungGen: 163922K->163922K(298496K)] 2793999K->2794007K(3029504K), 0.2740658 secs] [Times: user=1.05 sys=0.00, real=0.27 secs] 
2087.914: [Full GC (Allocation Failure) [PSYoungGen: 163922K->163849K(298496K)] [ParOldGen: 2630084K->2630076K(2731008K)] 2794007K->2793925K(3029504K), [Metaspace: 34943K->34943K(1081344K)], 0.2579046 secs] [Times: user=0.91 sys=0.00, real=0.26 secs] 
2088.262: [GC (Allocation Failure) --[PSYoungGen: 164044K->164044K(298496K)] 2794121K->2794121K(3029504K), 0.2787162 secs] [Times: user=1.07 sys=0.00, real=0.28 secs] 
2088.541: [Full GC (Ergonomics) [PSYoungGen: 164044K->163922K(298496K)] [ParOldGen: 2630076K->2630076K(2731008K)] 2794121K->2793999K(3029504K), [Metaspace: 34943K->34943K(1081344K)], 0.2606226 secs] [Times: user=0.92 sys=0.00, real=0.26 secs] 
2088.802: [GC (Allocation Failure) --[PSYoungGen: 163922K->163922K(298496K)] 2793999K->2794015K(3029504K), 0.2837601 secs] [Times: user=1.09 sys=0.00, real=0.29 secs] 
2089.086: [Full GC (Allocation Failure) [PSYoungGen: 163922K->163849K(298496K)] [ParOldGen: 2630092K->2630076K(2731008K)] 2794015K->2793925K(3029504K), [Metaspace: 34943K->34943K(1081344K)], 0.2643620 secs] [Times: user=0.93 sys=0.00, real=0.26 secs] 
2089.415: [GC (Allocation Failure) --[PSYoungGen: 164044K->164044K(298496K)] 2794121K->2794121K(3029504K), 0.3029271 secs] [Times: user=1.16 sys=0.00, real=0.31 secs] 
2089.718: [Full GC (Ergonomics) [PSYoungGen: 164044K->163922K(298496K)] [ParOldGen: 2630076K->2630076K(2731008K)] 2794121K->2793999K(3029504K), [Metaspace: 34943K->34943K(1081344K)], 0.2738257 secs] [Times: user=0.97 sys=0.00, real=0.27 secs] 
2089.992: [GC (Allocation Failure) --[PSYoungGen: 163922K->163922K(298496K)] 2793999K->2794007K(3029504K), 0.2731199 secs] [Times: user=1.04 sys=0.00, real=0.28 secs] 
2090.265: [Full GC (Allocation Failure) [PSYoungGen: 163922K->163849K(298496K)] [ParOldGen: 2630084K->2630076K(2731008K)] 2794007K->2793925K(3029504K), [Metaspace: 34943K->34943K(1081344K)], 0.2620746 secs] [Times: user=0.93 sys=0.00, real=0.26 secs] 
2090.600: [GC (Allocation Failure) --[PSYoungGen: 164044K->164044K(298496K)] 2794121K->2794121K(3029504K), 0.2867100 secs] [Times: user=1.09 sys=0.00, real=0.29 secs] 
2090.886: [Full GC (Ergonomics) [PSYoungGen: 164044K->163922K(298496K)] [ParOldGen: 2630076K->2630076K(2731008K)] 2794121K->2793999K(3029504K), [Metaspace: 34943K->34943K(1081344K)], 0.2596214 secs] [Times: user=0.92 sys=0.00, real=0.26 secs] 
2091.146: [GC (Allocation Failure) --[PSYoungGen: 163922K->163922K(298496K)] 2793999K->2794007K(3029504K), 0.2738020 secs] [Times: user=1.03 sys=0.00, real=0.27 secs] 
2091.420: [Full GC (Allocation Failure) [PSYoungGen: 163922K->163849K(298496K)] [ParOldGen: 2630084K->2630076K(2731008K)] 2794007K->2793925K(3029504K), [Metaspace: 34943K->34943K(1081344K)], 0.2594737 secs] [Times: user=0.92 sys=0.00, real=0.26 secs] 
2091.768: [GC (Allocation Failure) --[PSYoungGen: 164044K->164044K(298496K)] 2794121K->2794121K(3029504K), 0.2722257 secs] [Times: user=1.04 sys=0.00, real=0.27 secs] 
2092.041: [Full GC (Ergonomics) [PSYoungGen: 164044K->163922K(298496K)] [ParOldGen: 2630076K->2630076K(2731008K)] 2794121K->2793999K(3029504K), [Metaspace: 34943K->34943K(1081344K)], 0.2587253 secs] [Times: user=0.92 sys=0.00, real=0.26 secs] 
2092.299: [GC (Allocation Failure) --[PSYoungGen: 163922K->163922K(298496K)] 2793999K->2794007K(3029504K), 0.2740270 secs] [Times: user=1.05 sys=0.00, real=0.27 secs] 
2092.574: [Full GC (Allocation Failure) [PSYoungGen: 163922K->163849K(298496K)] [ParOldGen: 2630084K->2630076K(2731008K)] 2794007K->2793925K(3029504K), [Metaspace: 34943K->34943K(1081344K)], 0.2667278 secs] [Times: user=0.93 sys=0.00, real=0.27 secs] 
2092.937: [GC (Allocation Failure) --[PSYoungGen: 164044K->164044K(298496K)] 2794121K->2794121K(3029504K), 0.2878179 secs] [Times: user=1.10 sys=0.00, real=0.29 secs] 
2093.224: [Full GC (Ergonomics) [PSYoungGen: 164044K->163922K(298496K)] [ParOldGen: 2630076K->2630076K(2731008K)] 2794121K->2793999K(3029504K), [Metaspace: 34943K->34943K(1081344K)], 0.2549708 secs] [Times: user=0.90 sys=0.00, real=0.25 secs] 
2093.480: [GC (Allocation Failure) --[PSYoungGen: 163922K->163922K(298496K)] 2793999K->2794015K(3029504K), 0.2760396 secs] [Times: user=1.05 sys=0.00, real=0.28 secs] 
2093.756: [Full GC (Allocation Failure) [PSYoungGen: 163922K->163849K(298496K)] [ParOldGen: 2630092K->2630076K(2731008K)] 2794015K->2793925K(3029504K), [Metaspace: 34943K->34943K(1081344K)], 0.2702519 secs] [Times: user=0.96 sys=0.00, real=0.27 secs] 
2094.105: [GC (Allocation Failure) --[PSYoungGen: 164044K->164044K(298496K)] 2794121K->2794121K(3029504K), 0.2748156 secs] [Times: user=1.06 sys=0.00, real=0.27 secs] 
2094.380: [Full GC (Ergonomics) [PSYoungGen: 164044K->163922K(298496K)] [ParOldGen: 2630076K->2630076K(2731008K)] 2794121K->2793999K(3029504K), [Metaspace: 34943K->34943K(1081344K)], 0.2619695 secs] [Times: user=0.92 sys=0.00, real=0.26 secs] 
2094.642: [GC (Allocation Failure) --[PSYoungGen: 163922K->163922K(298496K)] 2793999K->2794007K(3029504K), 0.3095682 secs] [Times: user=1.19 sys=0.00, real=0.31 secs] 
2094.952: [Full GC (Allocation Failure) [PSYoungGen: 163922K->163849K(298496K)] [ParOldGen: 2630084K->2630076K(2731008K)] 2794007K->2793926K(3029504K), [Metaspace: 34943K->34943K(1081344K)], 0.2981331 secs] [Times: user=1.07 sys=0.00, real=0.30 secs] 
2095.336: [GC (Allocation Failure) --[PSYoungGen: 164046K->164046K(298496K)] 2794123K->2794123K(3029504K), 0.2983474 secs] [Times: user=1.14 sys=0.00, real=0.29 secs] 
2095.634: [Full GC (Ergonomics) [PSYoungGen: 164046K->163920K(298496K)] [ParOldGen: 2630076K->2630076K(2731008K)] 2794123K->2793997K(3029504K), [Metaspace: 34943K->34943K(1081344K)], 0.3152590 secs] [Times: user=1.09 sys=0.00, real=0.32 secs] 
2095.950: [GC (Allocation Failure) --[PSYoungGen: 163920K->163920K(298496K)] 2793997K->2794013K(3029504K), 0.2871899 secs] [Times: user=1.09 sys=0.00, real=0.29 secs] 
2096.237: [Full GC (Allocation Failure) [PSYoungGen: 163920K->163848K(298496K)] [ParOldGen: 2630092K->2630076K(2731008K)] 2794013K->2793925K(3029504K), [Metaspace: 34943K->34943K(1081344K)], 0.2753999 secs] [Times: user=0.98 sys=0.00, real=0.27 secs] 
2096.596: [GC (Allocation Failure) --[PSYoungGen: 164044K->164044K(298496K)] 2794121K->2794121K(3029504K), 0.3069735 secs] [Times: user=1.18 sys=0.00, real=0.30 secs] 
2096.903: [Full GC (Ergonomics) [PSYoungGen: 164044K->163922K(298496K)] [ParOldGen: 2630076K->2630076K(2731008K)] 2794121K->2793999K(3029504K), [Metaspace: 34943K->34943K(1081344K)], 0.2885482 secs] [Times: user=1.03 sys=0.00, real=0.29 secs] 
2097.192: [GC (Allocation Failure) --[PSYoungGen: 163922K->163922K(298496K)] 2793999K->2794015K(3029504K), 0.2802475 secs] [Times: user=1.07 sys=0.00, real=0.28 secs] 
2097.472: [Full GC (Allocation Failure) [PSYoungGen: 163922K->163849K(298496K)] [ParOldGen: 2630092K->2630076K(2731008K)] 2794015K->2793926K(3029504K), [Metaspace: 34943K->34943K(1081344K)], 0.2676568 secs] [Times: user=0.95 sys=0.00, real=0.27 secs] 
2097.826: [GC (Allocation Failure) --[PSYoungGen: 164044K->164044K(298496K)] 2794121K->2794121K(3029504K), 0.2867022 secs] [Times: user=1.11 sys=0.00, real=0.28 secs] 
2098.113: [Full GC (Ergonomics) [PSYoungGen: 164044K->163922K(298496K)] [ParOldGen: 2630076K->2630076K(2731008K)] 2794121K->2793999K(3029504K), [Metaspace: 34943K->34943K(1081344K)], 0.2548978 secs] [Times: user=0.89 sys=0.00, real=0.26 secs] 
2098.368: [GC (Allocation Failure) --[PSYoungGen: 163922K->163922K(298496K)] 2793999K->2794007K(3029504K), 0.2931925 secs] [Times: user=1.12 sys=0.00, real=0.29 secs] 
2098.661: [Full GC (Allocation Failure) [PSYoungGen: 163922K->163849K(298496K)] [ParOldGen: 2630084K->2630077K(2731008K)] 2794007K->2793926K(3029504K), [Metaspace: 34943K->34943K(1081344K)], 0.2526594 secs] [Times: user=0.90 sys=0.00, real=0.25 secs] 
2099.010: [GC (Allocation Failure) --[PSYoungGen: 164044K->164044K(298496K)] 2794121K->2794121K(3029504K), 0.2743049 secs] [Times: user=1.05 sys=0.00, real=0.28 secs] 
2099.284: [Full GC (Ergonomics) [PSYoungGen: 164044K->163922K(298496K)] [ParOldGen: 2630077K->2630077K(2731008K)] 2794121K->2793999K(3029504K), [Metaspace: 34943K->34943K(1081344K)], 0.3028299 secs] [Times: user=1.06 sys=0.00, real=0.30 secs] 
2099.587: [GC (Allocation Failure) --[PSYoungGen: 163922K->163922K(298496K)] 2793999K->2794015K(3029504K), 0.2864632 secs] [Times: user=1.10 sys=0.00, real=0.28 secs] 
2099.874: [Full GC (Allocation Failure) [PSYoungGen: 163922K->163849K(298496K)] [ParOldGen: 2630093K->2630077K(2731008K)] 2794015K->2793926K(3029504K), [Metaspace: 34943K->34943K(1081344K)], 0.2637351 secs] [Times: user=0.93 sys=0.00, real=0.27 secs] 
2100.225: [GC (Allocation Failure) --[PSYoungGen: 164044K->164044K(298496K)] 2794121K->2794121K(3029504K), 0.2822187 secs] [Times: user=1.07 sys=0.00, real=0.28 secs] 
2100.507: [Full GC (Ergonomics) [PSYoungGen: 164044K->163922K(298496K)] [ParOldGen: 2630077K->2630077K(2731008K)] 2794121K->2793999K(3029504K), [Metaspace: 34943K->34943K(1081344K)], 0.2590529 secs] [Times: user=0.92 sys=0.00, real=0.26 secs] 
2100.767: [GC (Allocation Failure) --[PSYoungGen: 163922K->163922K(298496K)] 2793999K->2794007K(3029504K), 0.2772465 secs] [Times: user=1.05 sys=0.00, real=0.28 secs] 
2101.044: [Full GC (Allocation Failure) [PSYoungGen: 163922K->163849K(298496K)] [ParOldGen: 2630085K->2630077K(2731008K)] 2794007K->2793926K(3029504K), [Metaspace: 34943K->34943K(1081344K)], 0.2605494 secs] [Times: user=0.92 sys=0.00, real=0.26 secs] 
2101.394: [GC (Allocation Failure) --[PSYoungGen: 164044K->164044K(298496K)] 2794121K->2794121K(3029504K), 0.2831313 secs] [Times: user=1.09 sys=0.00, real=0.29 secs] 
2101.677: [Full GC (Ergonomics) [PSYoungGen: 164044K->163922K(298496K)] [ParOldGen: 2630077K->2630077K(2731008K)] 2794121K->2793999K(3029504K), [Metaspace: 34943K->34943K(1081344K)], 0.3030652 secs] [Times: user=1.08 sys=0.00, real=0.30 secs] 
2101.980: [GC (Allocation Failure) --[PSYoungGen: 163922K->163922K(298496K)] 2793999K->2794015K(3029504K), 0.3061772 secs] [Times: user=1.17 sys=0.00, real=0.31 secs] 
2102.286: [Full GC (Allocation Failure) [PSYoungGen: 163922K->163849K(298496K)] [ParOldGen: 2630093K->2630077K(2731008K)] 2794015K->2793926K(3029504K), [Metaspace: 34943K->34943K(1081344K)], 0.2984800 secs] [Times: user=1.07 sys=0.00, real=0.30 secs] 
2102.685: [GC (Allocation Failure) --[PSYoungGen: 164044K->164044K(298496K)] 2794121K->2794121K(3029504K), 0.2992168 secs] [Times: user=1.14 sys=0.00, real=0.30 secs] 
2102.984: [Full GC (Ergonomics) [PSYoungGen: 164044K->163922K(298496K)] [ParOldGen: 2630077K->2630077K(2731008K)] 2794121K->2793999K(3029504K), [Metaspace: 34943K->34943K(1081344K)], 0.3000657 secs] [Times: user=1.08 sys=0.00, real=0.30 secs] 
2103.285: [GC (Allocation Failure) --[PSYoungGen: 163922K->163922K(298496K)] 2793999K->2794015K(3029504K), 0.2854060 secs] [Times: user=1.10 sys=0.00, real=0.28 secs] 
2103.570: [Full GC (Allocation Failure) [PSYoungGen: 163922K->163849K(298496K)] [ParOldGen: 2630093K->2630077K(2731008K)] 2794015K->2793926K(3029504K), [Metaspace: 34943K->34943K(1081344K)], 0.2647872 secs] [Times: user=0.93 sys=0.00, real=0.26 secs] 
2103.915: [GC (Allocation Failure) --[PSYoungGen: 164044K->164044K(298496K)] 2794121K->2794121K(3029504K), 0.2897544 secs] [Times: user=1.11 sys=0.00, real=0.30 secs] 
2104.205: [Full GC (Ergonomics) [PSYoungGen: 164044K->163922K(298496K)] [ParOldGen: 2630077K->2630077K(2731008K)] 2794121K->2793999K(3029504K), [Metaspace: 34943K->34943K(1081344K)], 0.2799217 secs] [Times: user=0.99 sys=0.00, real=0.28 secs] 
2104.485: [GC (Allocation Failure) --[PSYoungGen: 163922K->163922K(298496K)] 2793999K->2794015K(3029504K), 0.2717530 secs] [Times: user=1.04 sys=0.00, real=0.27 secs] 
2104.757: [Full GC (Allocation Failure) [PSYoungGen: 163922K->163849K(298496K)] [ParOldGen: 2630093K->2630077K(2731008K)] 2794015K->2793926K(3029504K), [Metaspace: 34943K->34943K(1081344K)], 0.2571874 secs] [Times: user=0.91 sys=0.00, real=0.25 secs] 
2105.099: [GC (Allocation Failure) --[PSYoungGen: 164044K->164044K(298496K)] 2794121K->2794121K(3029504K), 0.2732792 secs] [Times: user=1.04 sys=0.00, real=0.27 secs] 
2105.372: [Full GC (Ergonomics) [PSYoungGen: 164044K->163922K(298496K)] [ParOldGen: 2630077K->2630077K(2731008K)] 2794121K->2793999K(3029504K), [Metaspace: 34943K->34943K(1081344K)], 0.2864353 secs] [Times: user=1.02 sys=0.00, real=0.29 secs] 
2105.659: [GC (Allocation Failure) --[PSYoungGen: 163922K->163922K(298496K)] 2793999K->2794007K(3029504K), 0.2812674 secs] [Times: user=1.07 sys=0.00, real=0.28 secs] 
2105.940: [Full GC (Allocation Failure) [PSYoungGen: 163922K->163849K(298496K)] [ParOldGen: 2630085K->2630077K(2731008K)] 2794007K->2793926K(3029504K), [Metaspace: 34943K->34943K(1081344K)], 0.2534445 secs] [Times: user=0.90 sys=0.00, real=0.25 secs] 
2106.269: [GC (Allocation Failure) --[PSYoungGen: 164044K->164044K(298496K)] 2794121K->2794121K(3029504K), 0.3156773 secs] [Times: user=1.19 sys=0.00, real=0.32 secs] 
2106.584: [Full GC (Ergonomics) [PSYoungGen: 164044K->163922K(298496K)] [ParOldGen: 2630077K->2630077K(2731008K)] 2794121K->2793999K(3029504K), [Metaspace: 34943K->34943K(1081344K)], 0.2596884 secs] [Times: user=0.92 sys=0.00, real=0.26 secs] 
2106.844: [GC (Allocation Failure) --[PSYoungGen: 163922K->163922K(298496K)] 2793999K->2794015K(3029504K), 0.2710743 secs] [Times: user=1.04 sys=0.00, real=0.26 secs] 
2107.116: [Full GC (Allocation Failure) [PSYoungGen: 163922K->163849K(298496K)] [ParOldGen: 2630093K->2630077K(2731008K)] 2794015K->2793926K(3029504K), [Metaspace: 34943K->34943K(1081344K)], 0.2564320 secs] [Times: user=0.89 sys=0.00, real=0.26 secs] 
2107.438: [GC (Allocation Failure) --[PSYoungGen: 164044K->164044K(298496K)] 2794122K->2794122K(3029504K), 0.2783496 secs] [Times: user=1.06 sys=0.00, real=0.28 secs] 
2107.716: [Full GC (Ergonomics) [PSYoungGen: 164044K->163922K(298496K)] [ParOldGen: 2630077K->2630077K(2731008K)] 2794122K->2793999K(3029504K), [Metaspace: 34943K->34943K(1081344K)], 0.2560423 secs] [Times: user=0.90 sys=0.00, real=0.25 secs] 
2107.972: [GC (Allocation Failure) --[PSYoungGen: 163922K->163922K(298496K)] 2793999K->2794007K(3029504K), 0.2848787 secs] [Times: user=1.09 sys=0.00, real=0.29 secs] 
2108.257: [Full GC (Allocation Failure) [PSYoungGen: 163922K->163849K(298496K)] [ParOldGen: 2630085K->2630077K(2731008K)] 2794007K->2793926K(3029504K), [Metaspace: 34943K->34943K(1081344K)], 0.2857943 secs] [Times: user=1.02 sys=0.00, real=0.28 secs] 
2108.651: [GC (Allocation Failure) --[PSYoungGen: 164045K->164045K(298496K)] 2794122K->2794122K(3029504K), 0.2880035 secs] [Times: user=1.10 sys=0.00, real=0.29 secs] 
2108.939: [Full GC (Ergonomics) [PSYoungGen: 164045K->163922K(298496K)] [ParOldGen: 2630077K->2630077K(2731008K)] 2794122K->2793999K(3029504K), [Metaspace: 34943K->34943K(1081344K)], 0.3237230 secs] [Times: user=1.16 sys=0.00, real=0.32 secs] 
2109.263: [GC (Allocation Failure) --[PSYoungGen: 163922K->163922K(298496K)] 2793999K->2794015K(3029504K), 0.2917142 secs] [Times: user=1.11 sys=0.00, real=0.29 secs] 
2109.555: [Full GC (Allocation Failure) [PSYoungGen: 163922K->163849K(298496K)] [ParOldGen: 2630093K->2630077K(2731008K)] 2794015K->2793926K(3029504K), [Metaspace: 34943K->34943K(1081344K)], 0.2822104 secs] [Times: user=0.98 sys=0.00, real=0.29 secs] 
2109.912: [GC (Allocation Failure) --[PSYoungGen: 164045K->164045K(298496K)] 2794122K->2794122K(3029504K), 0.3072437 secs] [Times: user=1.17 sys=0.00, real=0.31 secs] 
2110.219: [Full GC (Ergonomics) [PSYoungGen: 164045K->163922K(298496K)] [ParOldGen: 2630077K->2630077K(2731008K)] 2794122K->2793999K(3029504K), [Metaspace: 34943K->34943K(1081344K)], 0.2653731 secs] [Times: user=0.94 sys=0.00, real=0.27 secs] 
2110.485: [GC (Allocation Failure) --[PSYoungGen: 163922K->163922K(298496K)] 2793999K->2794007K(3029504K), 0.2904625 secs] [Times: user=1.11 sys=0.00, real=0.28 secs] 
2110.775: [Full GC (Allocation Failure) [PSYoungGen: 163922K->163849K(298496K)] [ParOldGen: 2630085K->2630077K(2731008K)] 2794007K->2793926K(3029504K), [Metaspace: 34943K->34943K(1081344K)], 0.2550009 secs] [Times: user=0.90 sys=0.00, real=0.26 secs] 
2111.127: [GC (Allocation Failure) --[PSYoungGen: 164045K->164045K(298496K)] 2794122K->2794122K(3029504K), 0.2868143 secs] [Times: user=1.10 sys=0.00, real=0.28 secs] 
2111.414: [Full GC (Ergonomics) [PSYoungGen: 164045K->163922K(298496K)] [ParOldGen: 2630077K->2630077K(2731008K)] 2794122K->2793999K(3029504K), [Metaspace: 34943K->34943K(1081344K)], 0.2588739 secs] [Times: user=0.92 sys=0.00, real=0.26 secs] 
2111.673: [GC (Allocation Failure) --[PSYoungGen: 163922K->163922K(298496K)] 2793999K->2794015K(3029504K), 0.2938512 secs] [Times: user=1.12 sys=0.00, real=0.30 secs] 
2111.966: [Full GC (Allocation Failure) [PSYoungGen: 163922K->163849K(298496K)] [ParOldGen: 2630093K->2630077K(2731008K)] 2794015K->2793926K(3029504K), [Metaspace: 34943K->34943K(1081344K)], 0.2804353 secs] [Times: user=1.00 sys=0.00, real=0.28 secs] 
2112.341: [GC (Allocation Failure) --[PSYoungGen: 164045K->164045K(298496K)] 2794122K->2794122K(3029504K), 0.2755317 secs] [Times: user=1.05 sys=0.00, real=0.28 secs] 
2112.617: [Full GC (Ergonomics) [PSYoungGen: 164045K->163922K(298496K)] [ParOldGen: 2630077K->2630077K(2731008K)] 2794122K->2793999K(3029504K), [Metaspace: 34943K->34943K(1081344K)], 0.2546620 secs] [Times: user=0.90 sys=0.00, real=0.25 secs] 
2112.871: [GC (Allocation Failure) --[PSYoungGen: 163922K->163922K(298496K)] 2793999K->2794015K(3029504K), 0.2730179 secs] [Times: user=1.04 sys=0.00, real=0.28 secs] 
2113.145: [Full GC (Allocation Failure) [PSYoungGen: 163922K->163849K(298496K)] [ParOldGen: 2630093K->2630077K(2731008K)] 2794015K->2793926K(3029504K), [Metaspace: 34943K->34943K(1081344K)], 0.2553217 secs] [Times: user=0.90 sys=0.00, real=0.25 secs] 
2113.464: [GC (Allocation Failure) --[PSYoungGen: 164043K->164043K(298496K)] 2794120K->2794120K(3029504K), 0.2769654 secs] [Times: user=1.06 sys=0.00, real=0.27 secs] 
2113.741: [Full GC (Ergonomics) [PSYoungGen: 164043K->163922K(298496K)] [ParOldGen: 2630077K->2630077K(2731008K)] 2794120K->2793999K(3029504K), [Metaspace: 34943K->34943K(1081344K)], 0.2571307 secs] [Times: user=0.90 sys=0.00, real=0.26 secs] 
2113.998: [GC (Allocation Failure) --[PSYoungGen: 163922K->163922K(298496K)] 2793999K->2794007K(3029504K), 0.2819435 secs] [Times: user=1.08 sys=0.00, real=0.28 secs] 
2114.280: [Full GC (Allocation Failure) [PSYoungGen: 163922K->163849K(298496K)] [ParOldGen: 2630085K->2630077K(2731008K)] 2794007K->2793926K(3029504K), [Metaspace: 34943K->34943K(1081344K)], 0.2849427 secs] [Times: user=1.02 sys=0.00, real=0.29 secs] 
2114.647: [GC (Allocation Failure) --[PSYoungGen: 164045K->164045K(298496K)] 2794122K->2794122K(3029504K), 0.2778502 secs] [Times: user=1.07 sys=0.00, real=0.28 secs] 
2114.925: [Full GC (Ergonomics) [PSYoungGen: 164045K->163922K(298496K)] [ParOldGen: 2630077K->2630077K(2731008K)] 2794122K->2793999K(3029504K), [Metaspace: 34943K->34943K(1081344K)], 0.2571681 secs] [Times: user=0.90 sys=0.00, real=0.25 secs] 
2115.183: [GC (Allocation Failure) --[PSYoungGen: 163922K->163922K(298496K)] 2793999K->2794015K(3029504K), 0.2966072 secs] [Times: user=1.14 sys=0.00, real=0.30 secs] 
2115.479: [Full GC (Allocation Failure) [PSYoungGen: 163922K->163849K(298496K)] [ParOldGen: 2630093K->2630077K(2731008K)] 2794015K->2793926K(3029504K), [Metaspace: 34943K->34943K(1081344K)], 0.2947144 secs] [Times: user=1.05 sys=0.00, real=0.29 secs] 
2115.862: [GC (Allocation Failure) --[PSYoungGen: 164044K->164044K(298496K)] 2794121K->2794121K(3029504K), 0.2874280 secs] [Times: user=1.11 sys=0.00, real=0.29 secs] 
2116.150: [Full GC (Ergonomics) [PSYoungGen: 164044K->163922K(298496K)] [ParOldGen: 2630077K->2630077K(2731008K)] 2794121K->2793999K(3029504K), [Metaspace: 34943K->34943K(1081344K)], 0.2736954 secs] [Times: user=0.97 sys=0.00, real=0.28 secs] 
2116.424: [GC (Allocation Failure) --[PSYoungGen: 163922K->163922K(298496K)] 2793999K->2794007K(3029504K), 0.3110372 secs] [Times: user=1.19 sys=0.00, real=0.30 secs] 
2116.735: [Full GC (Allocation Failure) [PSYoungGen: 163922K->163849K(298496K)] [ParOldGen: 2630085K->2630077K(2731008K)] 2794007K->2793926K(3029504K), [Metaspace: 34943K->34943K(1081344K)], 0.2555169 secs] [Times: user=0.90 sys=0.00, real=0.26 secs] 
2117.092: [GC (Allocation Failure) --[PSYoungGen: 164045K->164045K(298496K)] 2794122K->2794122K(3029504K), 0.3237912 secs] [Times: user=1.22 sys=0.00, real=0.33 secs] 
2117.416: [Full GC (Ergonomics) [PSYoungGen: 164045K->163922K(298496K)] [ParOldGen: 2630077K->2630077K(2731008K)] 2794122K->2793999K(3029504K), [Metaspace: 34943K->34943K(1081344K)], 0.2607836 secs] [Times: user=0.92 sys=0.00, real=0.26 secs] 
2117.677: [GC (Allocation Failure) --[PSYoungGen: 163922K->163922K(298496K)] 2793999K->2794015K(3029504K), 0.2762151 secs] [Times: user=1.06 sys=0.00, real=0.27 secs] 
2117.953: [Full GC (Allocation Failure) [PSYoungGen: 163922K->163849K(298496K)] [ParOldGen: 2630093K->2630077K(2731008K)] 2794015K->2793926K(3029504K), [Metaspace: 34943K->34943K(1081344K)], 0.2636608 secs] [Times: user=0.93 sys=0.00, real=0.27 secs] 
2118.276: [GC (Allocation Failure) --[PSYoungGen: 164045K->164045K(298496K)] 2794122K->2794122K(3029504K), 0.2770590 secs] [Times: user=1.06 sys=0.00, real=0.27 secs] 
2118.554: [Full GC (Ergonomics) [PSYoungGen: 164045K->163922K(298496K)] [ParOldGen: 2630077K->2630077K(2731008K)] 2794122K->2793999K(3029504K), [Metaspace: 34943K->34943K(1081344K)], 0.2757454 secs] [Times: user=0.98 sys=0.00, real=0.28 secs] 
2118.829: [GC (Allocation Failure) --[PSYoungGen: 163922K->163922K(298496K)] 2793999K->2794015K(3029504K), 0.2942232 secs] [Times: user=1.13 sys=0.00, real=0.30 secs] 
2119.124: [Full GC (Allocation Failure) [PSYoungGen: 163922K->163849K(298496K)] [ParOldGen: 2630093K->2630077K(2731008K)] 2794015K->2793926K(3029504K), [Metaspace: 34943K->34943K(1081344K)], 0.2741175 secs] [Times: user=0.97 sys=0.00, real=0.27 secs] 
2119.476: [GC (Allocation Failure) --[PSYoungGen: 164044K->164044K(298496K)] 2794121K->2794121K(3029504K), 0.3012438 secs] [Times: user=1.16 sys=0.00, real=0.30 secs] 
2119.777: [Full GC (Ergonomics) [PSYoungGen: 164044K->163922K(298496K)] [ParOldGen: 2630077K->2630077K(2731008K)] 2794121K->2793999K(3029504K), [Metaspace: 34943K->34943K(1081344K)], 0.2858368 secs] [Times: user=0.99 sys=0.00, real=0.28 secs] 
2120.063: [GC (Allocation Failure) --[PSYoungGen: 163922K->163922K(298496K)] 2793999K->2794007K(3029504K), 0.2913880 secs] [Times: user=1.12 sys=0.00, real=0.29 secs] 
2120.355: [Full GC (Allocation Failure) [PSYoungGen: 163922K->163849K(298496K)] [ParOldGen: 2630085K->2630077K(2731008K)] 2794007K->2793926K(3029504K), [Metaspace: 34943K->34943K(1081344K)], 0.2836715 secs] [Times: user=1.01 sys=0.00, real=0.29 secs] 
2120.722: [GC (Allocation Failure) --[PSYoungGen: 164044K->164044K(298496K)] 2794121K->2794121K(3029504K), 0.2971813 secs] [Times: user=1.14 sys=0.00, real=0.30 secs] 
2121.019: [Full GC (Ergonomics) [PSYoungGen: 164044K->163922K(298496K)] [ParOldGen: 2630077K->2630077K(2731008K)] 2794121K->2793999K(3029504K), [Metaspace: 34943K->34943K(1081344K)], 0.3011308 secs] [Times: user=1.08 sys=0.00, real=0.30 secs] 
2121.320: [GC (Allocation Failure) --[PSYoungGen: 163922K->163922K(298496K)] 2793999K->2794015K(3029504K), 0.2782045 secs] [Times: user=1.06 sys=0.00, real=0.28 secs] 
2121.599: [Full GC (Allocation Failure) [PSYoungGen: 163922K->163849K(298496K)] [ParOldGen: 2630093K->2630077K(2731008K)] 2794015K->2793926K(3029504K), [Metaspace: 34943K->34943K(1081344K)], 0.2682190 secs] [Times: user=0.95 sys=0.00, real=0.27 secs] 
2122.005: [GC (Allocation Failure) --[PSYoungGen: 164044K->164044K(298496K)] 2794121K->2794121K(3029504K), 0.2797511 secs] [Times: user=1.08 sys=0.00, real=0.28 secs] 
2122.285: [Full GC (Ergonomics) [PSYoungGen: 164044K->163922K(298496K)] [ParOldGen: 2630077K->2630077K(2731008K)] 2794121K->2793999K(3029504K), [Metaspace: 34943K->34943K(1081344K)], 0.2596965 secs] [Times: user=0.92 sys=0.00, real=0.26 secs] 
2122.545: [GC (Allocation Failure) --[PSYoungGen: 163922K->163922K(298496K)] 2793999K->2794015K(3029504K), 0.2743872 secs] [Times: user=1.05 sys=0.00, real=0.27 secs] 
2122.819: [Full GC (Allocation Failure) [PSYoungGen: 163922K->163849K(298496K)] [ParOldGen: 2630093K->2630077K(2731008K)] 2794015K->2793926K(3029504K), [Metaspace: 34943K->34943K(1081344K)], 0.2540652 secs] [Times: user=0.89 sys=0.00, real=0.25 secs] 
2123.166: [GC (Allocation Failure) --[PSYoungGen: 164044K->164044K(298496K)] 2794121K->2794121K(3029504K), 0.2745642 secs] [Times: user=1.05 sys=0.00, real=0.27 secs] 
2123.440: [Full GC (Ergonomics) [PSYoungGen: 164044K->163922K(298496K)] [ParOldGen: 2630077K->2630077K(2731008K)] 2794121K->2793999K(3029504K), [Metaspace: 34943K->34943K(1081344K)], 0.2581430 secs] [Times: user=0.91 sys=0.00, real=0.26 secs] 
2123.699: [GC (Allocation Failure) --[PSYoungGen: 163922K->163922K(298496K)] 2793999K->2794015K(3029504K), 0.2726449 secs] [Times: user=1.05 sys=0.00, real=0.27 secs] 
2123.971: [Full GC (Allocation Failure) [PSYoungGen: 163922K->163849K(298496K)] [ParOldGen: 2630093K->2630077K(2731008K)] 2794015K->2793926K(3029504K), [Metaspace: 34943K->34943K(1081344K)], 0.2550936 secs] [Times: user=0.90 sys=0.00, real=0.26 secs] 
2124.304: [GC (Allocation Failure) --[PSYoungGen: 164043K->164043K(298496K)] 2794121K->2794121K(3029504K), 0.2838368 secs] [Times: user=1.09 sys=0.00, real=0.28 secs] 
2124.588: [Full GC (Ergonomics) [PSYoungGen: 164043K->163922K(298496K)] [ParOldGen: 2630077K->2630077K(2731008K)] 2794121K->2793999K(3029504K), [Metaspace: 34943K->34943K(1081344K)], 0.2607506 secs] [Times: user=0.92 sys=0.00, real=0.26 secs] 
2124.849: [GC (Allocation Failure) --[PSYoungGen: 163922K->163922K(298496K)] 2793999K->2794007K(3029504K), 0.2756458 secs] [Times: user=1.06 sys=0.00, real=0.28 secs] 
2125.125: [Full GC (Allocation Failure) [PSYoungGen: 163922K->163849K(298496K)] [ParOldGen: 2630085K->2630077K(2731008K)] 2794007K->2793926K(3029504K), [Metaspace: 34943K->34943K(1081344K)], 0.2551528 secs] [Times: user=0.90 sys=0.00, real=0.25 secs] 
2125.472: [GC (Allocation Failure) --[PSYoungGen: 164043K->164043K(298496K)] 2794121K->2794121K(3029504K), 0.3233166 secs] [Times: user=1.23 sys=0.00, real=0.32 secs] 
2125.796: [Full GC (Ergonomics) [PSYoungGen: 164043K->163922K(298496K)] [ParOldGen: 2630077K->2630077K(2731008K)] 2794121K->2793999K(3029504K), [Metaspace: 34943K->34943K(1081344K)], 0.2652125 secs] [Times: user=0.93 sys=0.00, real=0.27 secs] 
2126.061: [GC (Allocation Failure) --[PSYoungGen: 163922K->163922K(298496K)] 2793999K->2794015K(3029504K), 0.2756075 secs] [Times: user=1.05 sys=0.00, real=0.28 secs] 
2126.337: [Full GC (Allocation Failure) [PSYoungGen: 163922K->163849K(298496K)] [ParOldGen: 2630093K->2630077K(2731008K)] 2794015K->2793926K(3029504K), [Metaspace: 34943K->34943K(1081344K)], 0.2537110 secs] [Times: user=0.89 sys=0.00, real=0.25 secs] 
2126.672: [GC (Allocation Failure) --[PSYoungGen: 164044K->164044K(298496K)] 2794121K->2794121K(3029504K), 0.2768977 secs] [Times: user=1.05 sys=0.00, real=0.28 secs] 
2126.949: [Full GC (Ergonomics) [PSYoungGen: 164044K->163922K(298496K)] [ParOldGen: 2630077K->2630077K(2731008K)] 2794121K->2793999K(3029504K), [Metaspace: 34943K->34943K(1081344K)], 0.2620221 secs] [Times: user=0.93 sys=0.00, real=0.26 secs] 
2127.211: [GC (Allocation Failure) --[PSYoungGen: 163922K->163922K(298496K)] 2793999K->2794015K(3029504K), 0.2724768 secs] [Times: user=1.04 sys=0.00, real=0.27 secs] 
2127.483: [Full GC (Allocation Failure) [PSYoungGen: 163922K->163849K(298496K)] [ParOldGen: 2630093K->2630077K(2731008K)] 2794015K->2793926K(3029504K), [Metaspace: 34943K->34943K(1081344K)], 0.2538828 secs] [Times: user=0.89 sys=0.00, real=0.26 secs] 
2127.810: [GC (Allocation Failure) --[PSYoungGen: 164043K->164043K(298496K)] 2794120K->2794120K(3029504K), 0.2850632 secs] [Times: user=1.09 sys=0.00, real=0.28 secs] 
2128.095: [Full GC (Ergonomics) [PSYoungGen: 164043K->163922K(298496K)] [ParOldGen: 2630077K->2630077K(2731008K)] 2794120K->2793999K(3029504K), [Metaspace: 34943K->34943K(1081344K)], 0.2605351 secs] [Times: user=0.92 sys=0.00, real=0.27 secs] 
2128.356: [GC (Allocation Failure) --[PSYoungGen: 163922K->163922K(298496K)] 2793999K->2794015K(3029504K), 0.2732575 secs] [Times: user=1.04 sys=0.00, real=0.27 secs] 
2128.629: [Full GC (Allocation Failure) [PSYoungGen: 163922K->163849K(298496K)] [ParOldGen: 2630093K->2630077K(2731008K)] 2794015K->2793926K(3029504K), [Metaspace: 34943K->34943K(1081344K)], 0.2565059 secs] [Times: user=0.91 sys=0.00, real=0.26 secs] 
2128.978: [GC (Allocation Failure) --[PSYoungGen: 164044K->164044K(298496K)] 2794121K->2794121K(3029504K), 0.3160605 secs] [Times: user=1.21 sys=0.00, real=0.31 secs] 
2129.294: [Full GC (Ergonomics) [PSYoungGen: 164044K->163922K(298496K)] [ParOldGen: 2630077K->2630077K(2731008K)] 2794121K->2793999K(3029504K), [Metaspace: 34943K->34943K(1081344K)], 0.2603993 secs] [Times: user=0.92 sys=0.00, real=0.26 secs] 
2129.555: [GC (Allocation Failure) --[PSYoungGen: 163922K->163922K(298496K)] 2793999K->2794015K(3029504K), 0.2801417 secs] [Times: user=1.07 sys=0.00, real=0.28 secs] 
2129.835: [Full GC (Allocation Failure) [PSYoungGen: 163922K->163849K(298496K)] [ParOldGen: 2630093K->2630077K(2731008K)] 2794015K->2793926K(3029504K), [Metaspace: 34943K->34943K(1081344K)], 0.2601254 secs] [Times: user=0.92 sys=0.00, real=0.26 secs] 
2130.178: [GC (Allocation Failure) --[PSYoungGen: 164044K->164044K(298496K)] 2794121K->2794121K(3029504K), 0.2925740 secs] [Times: user=1.13 sys=0.00, real=0.29 secs] 
2130.470: [Full GC (Ergonomics) [PSYoungGen: 164044K->163922K(298496K)] [ParOldGen: 2630077K->2630077K(2731008K)] 2794121K->2793999K(3029504K), [Metaspace: 34943K->34943K(1081344K)], 0.3095893 secs] [Times: user=1.10 sys=0.00, real=0.31 secs] 
2130.780: [GC (Allocation Failure) --[PSYoungGen: 163922K->163922K(298496K)] 2793999K->2794015K(3029504K), 0.3113756 secs] [Times: user=1.19 sys=0.00, real=0.31 secs] 
2131.091: [Full GC (Allocation Failure) [PSYoungGen: 163922K->163849K(298496K)] [ParOldGen: 2630093K->2630077K(2731008K)] 2794015K->2793926K(3029504K), [Metaspace: 34943K->34943K(1081344K)], 0.3259806 secs] [Times: user=1.17 sys=0.00, real=0.33 secs] 
2138.066: [GC (Allocation Failure) --[PSYoungGen: 164045K->164045K(298496K)] 2794122K->2794122K(3029504K), 0.3797605 secs] [Times: user=1.44 sys=0.00, real=0.38 secs] 
2138.446: [Full GC (Ergonomics) [PSYoungGen: 164045K->163922K(298496K)] [ParOldGen: 2630077K->2630077K(2731008K)] 2794122K->2793999K(3029504K), [Metaspace: 34943K->34943K(1081344K)], 0.3178648 secs] [Times: user=1.14 sys=0.00, real=0.31 secs] 
2138.764: [GC (Allocation Failure) --[PSYoungGen: 163922K->163922K(298496K)] 2793999K->2794015K(3029504K), 0.3103906 secs] [Times: user=1.19 sys=0.00, real=0.30 secs] 
2139.074: [Full GC (Allocation Failure) [PSYoungGen: 163922K->163849K(298496K)] [ParOldGen: 2630093K->2630077K(2731008K)] 2794015K->2793926K(3029504K), [Metaspace: 34943K->34943K(1081344K)], 0.3523605 secs] [Times: user=1.27 sys=0.00, real=0.36 secs] 
2139.480: [GC (Allocation Failure) --[PSYoungGen: 164045K->164045K(298496K)] 2794122K->2794122K(3029504K), 0.3096228 secs] [Times: user=1.19 sys=0.00, real=0.31 secs] 
2139.790: [Full GC (Ergonomics) [PSYoungGen: 164045K->163922K(298496K)] [ParOldGen: 2630077K->2630077K(2731008K)] 2794122K->2793999K(3029504K), [Metaspace: 34943K->34943K(1081344K)], 0.3678853 secs] [Times: user=1.28 sys=0.00, real=0.37 secs] 
2140.158: [GC (Allocation Failure) --[PSYoungGen: 163922K->163922K(298496K)] 2793999K->2794015K(3029504K), 0.2949141 secs] [Times: user=1.13 sys=0.00, real=0.29 secs] 
2140.453: [Full GC (Allocation Failure) [PSYoungGen: 163922K->163849K(298496K)] [ParOldGen: 2630093K->2630077K(2731008K)] 2794015K->2793926K(3029504K), [Metaspace: 34943K->34943K(1081344K)], 0.2974121 secs] [Times: user=1.06 sys=0.00, real=0.30 secs] 
2140.834: [GC (Allocation Failure) --[PSYoungGen: 164045K->164045K(298496K)] 2794122K->2794122K(3029504K), 0.3016318 secs] [Times: user=1.16 sys=0.00, real=0.30 secs] 
2141.135: [Full GC (Ergonomics) [PSYoungGen: 164045K->163922K(298496K)] [ParOldGen: 2630077K->2630077K(2731008K)] 2794122K->2793999K(3029504K), [Metaspace: 34943K->34943K(1081344K)], 0.3028577 secs] [Times: user=1.08 sys=0.00, real=0.31 secs] 
2141.438: [GC (Allocation Failure) --[PSYoungGen: 163922K->163922K(298496K)] 2793999K->2794015K(3029504K), 0.2955414 secs] [Times: user=1.13 sys=0.00, real=0.29 secs] 
2141.734: [Full GC (Allocation Failure) [PSYoungGen: 163922K->163849K(298496K)] [ParOldGen: 2630093K->2630077K(2731008K)] 2794015K->2793926K(3029504K), [Metaspace: 34943K->34943K(1081344K)], 0.2930671 secs] [Times: user=1.05 sys=0.00, real=0.30 secs] 
2142.094: [GC (Allocation Failure) --[PSYoungGen: 164045K->164045K(298496K)] 2794122K->2794122K(3029504K), 0.3014635 secs] [Times: user=1.16 sys=0.00, real=0.30 secs] 
2142.395: [Full GC (Ergonomics) [PSYoungGen: 164045K->163922K(298496K)] [ParOldGen: 2630077K->2630077K(2731008K)] 2794122K->2793999K(3029504K), [Metaspace: 34943K->34943K(1081344K)], 0.3443893 secs] [Times: user=1.25 sys=0.00, real=0.35 secs] 
2142.740: [GC (Allocation Failure) --[PSYoungGen: 163922K->163922K(298496K)] 2793999K->2794007K(3029504K), 0.2976008 secs] [Times: user=1.13 sys=0.00, real=0.30 secs] 
2143.037: [Full GC (Allocation Failure) [PSYoungGen: 163922K->163849K(298496K)] [ParOldGen: 2630085K->2630077K(2731008K)] 2794007K->2793926K(3029504K), [Metaspace: 34943K->34943K(1081344K)], 0.2925738 secs] [Times: user=1.05 sys=0.00, real=0.29 secs] 
2143.432: [GC (Allocation Failure) --[PSYoungGen: 164045K->164045K(298496K)] 2794122K->2794122K(3029504K), 0.3002591 secs] [Times: user=1.15 sys=0.00, real=0.30 secs] 
2143.732: [Full GC (Ergonomics) [PSYoungGen: 164045K->163922K(298496K)] [ParOldGen: 2630077K->2630077K(2731008K)] 2794122K->2793999K(3029504K), [Metaspace: 34943K->34943K(1081344K)], 0.3069238 secs] [Times: user=1.10 sys=0.00, real=0.31 secs] 
2144.039: [GC (Allocation Failure) --[PSYoungGen: 163922K->163922K(298496K)] 2793999K->2794015K(3029504K), 0.2959994 secs] [Times: user=1.13 sys=0.00, real=0.29 secs] 
2144.335: [Full GC (Allocation Failure) [PSYoungGen: 163922K->163849K(298496K)] [ParOldGen: 2630093K->2630077K(2731008K)] 2794015K->2793926K(3029504K), [Metaspace: 34943K->34943K(1081344K)], 0.2924889 secs] [Times: user=1.04 sys=0.00, real=0.30 secs] 
2144.708: [GC (Allocation Failure) --[PSYoungGen: 164043K->164043K(298496K)] 2794121K->2794121K(3029504K), 0.3004791 secs] [Times: user=1.15 sys=0.00, real=0.30 secs] 
2145.008: [Full GC (Ergonomics) [PSYoungGen: 164043K->163922K(298496K)] [ParOldGen: 2630077K->2630077K(2731008K)] 2794121K->2793999K(3029504K), [Metaspace: 34943K->34943K(1081344K)], 0.3078529 secs] [Times: user=1.10 sys=0.00, real=0.31 secs] 
2145.316: [GC (Allocation Failure) --[PSYoungGen: 163922K->163922K(298496K)] 2793999K->2794015K(3029504K), 0.2967106 secs] [Times: user=1.13 sys=0.00, real=0.29 secs] 
2145.613: [Full GC (Allocation Failure) [PSYoungGen: 163922K->163849K(298496K)] [ParOldGen: 2630093K->2630077K(2731008K)] 2794015K->2793926K(3029504K), [Metaspace: 34943K->34943K(1081344K)], 0.2951864 secs] [Times: user=1.05 sys=0.00, real=0.30 secs] 
2145.984: [GC (Allocation Failure) --[PSYoungGen: 164045K->164045K(298496K)] 2794122K->2794122K(3029504K), 0.3548429 secs] [Times: user=1.31 sys=0.00, real=0.35 secs] 
2146.339: [Full GC (Ergonomics) [PSYoungGen: 164045K->163922K(298496K)] [ParOldGen: 2630077K->2630077K(2731008K)] 2794122K->2793999K(3029504K), [Metaspace: 34943K->34943K(1081344K)], 0.3153584 secs] [Times: user=1.13 sys=0.00, real=0.31 secs] 
2146.655: [GC (Allocation Failure) --[PSYoungGen: 163922K->163922K(298496K)] 2793999K->2794015K(3029504K), 0.3084142 secs] [Times: user=1.17 sys=0.00, real=0.31 secs] 
2146.963: [Full GC (Allocation Failure) [PSYoungGen: 163922K->163849K(298496K)] [ParOldGen: 2630093K->2630077K(2731008K)] 2794015K->2793926K(3029504K), [Metaspace: 34943K->34943K(1081344K)], 0.3018379 secs] [Times: user=1.09 sys=0.00, real=0.31 secs] 
2147.353: [GC (Allocation Failure) --[PSYoungGen: 164043K->164043K(298496K)] 2794121K->2794121K(3029504K), 0.3104726 secs] [Times: user=1.19 sys=0.00, real=0.31 secs] 
2147.664: [Full GC (Ergonomics) [PSYoungGen: 164043K->163922K(298496K)] [ParOldGen: 2630077K->2630077K(2731008K)] 2794121K->2793999K(3029504K), [Metaspace: 34943K->34943K(1081344K)], 0.3298829 secs] [Times: user=1.19 sys=0.00, real=0.33 secs] 
2147.994: [GC (Allocation Failure) --[PSYoungGen: 163922K->163922K(298496K)] 2793999K->2794007K(3029504K), 0.3106187 secs] [Times: user=1.18 sys=0.00, real=0.32 secs] 
2148.304: [Full GC (Allocation Failure) [PSYoungGen: 163922K->163849K(298496K)] [ParOldGen: 2630085K->2630077K(2731008K)] 2794007K->2793926K(3029504K), [Metaspace: 34943K->34943K(1081344K)], 0.3001367 secs] [Times: user=1.07 sys=0.00, real=0.30 secs] 
2267.398: [GC (Allocation Failure) --[PSYoungGen: 164077K->164077K(298496K)] 2794154K->2794154K(3029504K), 0.3585609 secs] [Times: user=1.29 sys=0.00, real=0.36 secs] 
2267.756: [Full GC (Ergonomics) [PSYoungGen: 164077K->163923K(298496K)] [ParOldGen: 2630077K->2630077K(2731008K)] 2794154K->2794000K(3029504K), [Metaspace: 34943K->34943K(1081344K)], 0.3254990 secs] [Times: user=1.16 sys=0.00, real=0.32 secs] 
2268.082: [GC (Allocation Failure) --[PSYoungGen: 163923K->163923K(298496K)] 2794000K->2794016K(3029504K), 0.3046117 secs] [Times: user=1.16 sys=0.00, real=0.31 secs] 
2268.387: [Full GC (Allocation Failure) [PSYoungGen: 163923K->163849K(298496K)] [ParOldGen: 2630093K->2630077K(2731008K)] 2794016K->2793926K(3029504K), [Metaspace: 34943K->34943K(1081344K)], 0.3200985 secs] [Times: user=1.13 sys=0.00, real=0.32 secs] 
2268.793: [GC (Allocation Failure) --[PSYoungGen: 164045K->164045K(298496K)] 2794122K->2794122K(3029504K), 0.3114793 secs] [Times: user=1.19 sys=0.00, real=0.32 secs] 
2269.105: [Full GC (Ergonomics) [PSYoungGen: 164045K->163923K(298496K)] [ParOldGen: 2630077K->2630077K(2731008K)] 2794122K->2794001K(3029504K), [Metaspace: 34943K->34943K(1081344K)], 0.2685623 secs] [Times: user=0.94 sys=0.00, real=0.26 secs] 
2269.373: [GC (Allocation Failure) --[PSYoungGen: 163923K->163923K(298496K)] 2794001K->2794009K(3029504K), 0.3016427 secs] [Times: user=1.15 sys=0.00, real=0.30 secs] 
2269.675: [Full GC (Allocation Failure) [PSYoungGen: 163923K->163850K(298496K)] [ParOldGen: 2630085K->2630077K(2731008K)] 2794009K->2793927K(3029504K), [Metaspace: 34943K->34943K(1081344K)], 0.3108367 secs] [Times: user=1.09 sys=0.00, real=0.32 secs] 
2270.084: [GC (Allocation Failure) --[PSYoungGen: 164045K->164045K(298496K)] 2794122K->2794122K(3029504K), 0.2965871 secs] [Times: user=1.13 sys=0.00, real=0.30 secs] 
2270.380: [Full GC (Ergonomics) [PSYoungGen: 164045K->163924K(298496K)] [ParOldGen: 2630077K->2630077K(2731008K)] 2794122K->2794001K(3029504K), [Metaspace: 34943K->34943K(1081344K)], 0.2913956 secs] [Times: user=1.03 sys=0.00, real=0.29 secs] 
2270.672: [GC (Allocation Failure) --[PSYoungGen: 163924K->163924K(298496K)] 2794001K->2794017K(3029504K), 0.3011772 secs] [Times: user=1.14 sys=0.00, real=0.30 secs] 
2270.973: [Full GC (Allocation Failure) [PSYoungGen: 163924K->163850K(298496K)] [ParOldGen: 2630093K->2630077K(2731008K)] 2794017K->2793927K(3029504K), [Metaspace: 34943K->34943K(1081344K)], 0.3034400 secs] [Times: user=1.06 sys=0.00, real=0.31 secs] 
2271.375: [GC (Allocation Failure) --[PSYoungGen: 164046K->164046K(298496K)] 2794123K->2794123K(3029504K), 0.2760522 secs] [Times: user=1.05 sys=0.00, real=0.28 secs] 
2271.651: [Full GC (Ergonomics) [PSYoungGen: 164046K->163924K(298496K)] [ParOldGen: 2630077K->2630077K(2731008K)] 2794123K->2794001K(3029504K), [Metaspace: 34943K->34943K(1081344K)], 0.2721958 secs] [Times: user=0.96 sys=0.00, real=0.28 secs] 
2271.924: [GC (Allocation Failure) --[PSYoungGen: 163924K->163924K(298496K)] 2794001K->2794017K(3029504K), 0.2987649 secs] [Times: user=1.14 sys=0.00, real=0.29 secs] 
2272.223: [Full GC (Allocation Failure) [PSYoungGen: 163924K->163850K(298496K)] [ParOldGen: 2630093K->2630077K(2731008K)] 2794017K->2793928K(3029504K), [Metaspace: 34943K->34943K(1081344K)], 0.3017399 secs] [Times: user=1.08 sys=0.00, real=0.31 secs] 
2272.624: [GC (Allocation Failure) --[PSYoungGen: 164045K->164045K(298496K)] 2794123K->2794123K(3029504K), 0.2975536 secs] [Times: user=1.13 sys=0.00, real=0.29 secs] 
2272.922: [Full GC (Ergonomics) [PSYoungGen: 164045K->163924K(298496K)] [ParOldGen: 2630077K->2630077K(2731008K)] 2794123K->2794002K(3029504K), [Metaspace: 34943K->34943K(1081344K)], 0.2866296 secs] [Times: user=1.01 sys=0.00, real=0.29 secs] 
2273.209: [GC (Allocation Failure) --[PSYoungGen: 163924K->163924K(298496K)] 2794002K->2794010K(3029504K), 0.3005586 secs] [Times: user=1.15 sys=0.00, real=0.30 secs] 
2273.509: [Full GC (Allocation Failure) [PSYoungGen: 163924K->163850K(298496K)] [ParOldGen: 2630085K->2630078K(2731008K)] 2794010K->2793928K(3029504K), [Metaspace: 34943K->34943K(1081344K)], 0.2949559 secs] [Times: user=1.04 sys=0.00, real=0.30 secs] 
2273.897: [GC (Allocation Failure) --[PSYoungGen: 164047K->164047K(298496K)] 2794125K->2794133K(3029504K), 0.2965254 secs] [Times: user=1.12 sys=0.00, real=0.29 secs] 
2274.194: [Full GC (Ergonomics) [PSYoungGen: 164047K->163923K(298496K)] [ParOldGen: 2630086K->2630078K(2731008K)] 2794133K->2794002K(3029504K), [Metaspace: 34948K->34948K(1081344K)], 0.2652132 secs] [Times: user=0.94 sys=0.00, real=0.27 secs] 
2274.459: [GC (Allocation Failure) --[PSYoungGen: 163923K->163923K(298496K)] 2794002K->2794018K(3029504K), 0.2730320 secs] [Times: user=1.04 sys=0.00, real=0.27 secs] 
2274.732: [Full GC (Allocation Failure) [PSYoungGen: 163923K->163850K(298496K)] [ParOldGen: 2630094K->2630078K(2731008K)] 2794018K->2793928K(3029504K), [Metaspace: 34948K->34948K(1081344K)], 0.2560952 secs] [Times: user=0.91 sys=0.00, real=0.26 secs] 
2275.067: [GC (Allocation Failure) --[PSYoungGen: 164045K->164045K(298496K)] 2794124K->2794124K(3029504K), 0.2986132 secs] [Times: user=1.08 sys=0.00, real=0.30 secs] 
2275.365: [Full GC (Ergonomics) [PSYoungGen: 164045K->163923K(298496K)] [ParOldGen: 2630078K->2630078K(2731008K)] 2794124K->2794002K(3029504K), [Metaspace: 34948K->34948K(1081344K)], 0.2614939 secs] [Times: user=0.93 sys=0.00, real=0.26 secs] 
2275.627: [GC (Allocation Failure) --[PSYoungGen: 163923K->163923K(298496K)] 2794002K->2794018K(3029504K), 0.2767200 secs] [Times: user=1.05 sys=0.00, real=0.28 secs] 
2275.904: [Full GC (Allocation Failure) [PSYoungGen: 163923K->163849K(298496K)] [ParOldGen: 2630094K->2630079K(2731008K)] 2794018K->2793928K(3029504K), [Metaspace: 34948K->34948K(1081344K)], 0.2596595 secs] [Times: user=0.90 sys=0.00, real=0.25 secs] 
2276.265: [GC (Allocation Failure) --[PSYoungGen: 164044K->164044K(298496K)] 2794123K->2794123K(3029504K), 0.2816412 secs] [Times: user=1.08 sys=0.00, real=0.28 secs] 
2276.547: [Full GC (Ergonomics) [PSYoungGen: 164044K->163923K(298496K)] [ParOldGen: 2630079K->2630079K(2731008K)] 2794123K->2794002K(3029504K), [Metaspace: 34948K->34948K(1081344K)], 0.2681464 secs] [Times: user=0.95 sys=0.00, real=0.26 secs] 
2276.815: [GC (Allocation Failure) --[PSYoungGen: 163923K->163923K(298496K)] 2794002K->2794018K(3029504K), 0.2748477 secs] [Times: user=1.04 sys=0.00, real=0.28 secs] 
2277.090: [Full GC (Allocation Failure) [PSYoungGen: 163923K->163849K(298496K)] [ParOldGen: 2630095K->2630079K(2731008K)] 2794018K->2793928K(3029504K), [Metaspace: 34948K->34948K(1081344K)], 0.2542839 secs] [Times: user=0.90 sys=0.00, real=0.26 secs] 
2277.433: [GC (Allocation Failure) --[PSYoungGen: 164044K->164044K(298496K)] 2794124K->2794124K(3029504K), 0.2808365 secs] [Times: user=1.08 sys=0.00, real=0.28 secs] 
2277.714: [Full GC (Ergonomics) [PSYoungGen: 164044K->163922K(298496K)] [ParOldGen: 2630079K->2630079K(2731008K)] 2794124K->2794002K(3029504K), [Metaspace: 34948K->34948K(1081344K)], 0.2636957 secs] [Times: user=0.93 sys=0.00, real=0.27 secs] 
2277.978: [GC (Allocation Failure) --[PSYoungGen: 163922K->163922K(298496K)] 2794002K->2794026K(3029504K), 0.2748601 secs] [Times: user=1.04 sys=0.00, real=0.27 secs] 
2278.253: [Full GC (Allocation Failure) [PSYoungGen: 163922K->163849K(298496K)] [ParOldGen: 2630103K->2630079K(2731008K)] 2794026K->2793928K(3029504K), [Metaspace: 34948K->34948K(1081344K)], 0.2588806 secs] [Times: user=0.91 sys=0.00, real=0.26 secs] 
2278.587: [GC (Allocation Failure) --[PSYoungGen: 164043K->164043K(298496K)] 2794122K->2794122K(3029504K), 0.2743114 secs] [Times: user=1.05 sys=0.00, real=0.27 secs] 
2278.861: [Full GC (Ergonomics) [PSYoungGen: 164043K->163920K(298496K)] [ParOldGen: 2630079K->2630079K(2731008K)] 2794122K->2793999K(3029504K), [Metaspace: 34948K->34948K(1081344K)], 0.2666339 secs] [Times: user=0.94 sys=0.00, real=0.27 secs] 
2279.128: [GC (Allocation Failure) --[PSYoungGen: 163920K->163920K(298496K)] 2793999K->2794015K(3029504K), 0.2747332 secs] [Times: user=1.04 sys=0.00, real=0.27 secs] 
2279.403: [Full GC (Allocation Failure) [PSYoungGen: 163920K->163848K(298496K)] [ParOldGen: 2630095K->2630079K(2731008K)] 2794015K->2793928K(3029504K), [Metaspace: 34948K->34948K(1081344K)], 0.2525477 secs] [Times: user=0.90 sys=0.00, real=0.25 secs] 
2279.725: [GC (Allocation Failure) --[PSYoungGen: 164044K->164044K(298496K)] 2794123K->2794123K(3029504K), 0.2878596 secs] [Times: user=1.10 sys=0.00, real=0.28 secs] 
2280.013: [Full GC (Ergonomics) [PSYoungGen: 164044K->163922K(298496K)] [ParOldGen: 2630079K->2630079K(2731008K)] 2794123K->2794002K(3029504K), [Metaspace: 34948K->34948K(1081344K)], 0.2620640 secs] [Times: user=0.93 sys=0.00, real=0.26 secs] 
2280.275: [GC (Allocation Failure) --[PSYoungGen: 163922K->163922K(298496K)] 2794002K->2794018K(3029504K), 0.2760771 secs] [Times: user=1.04 sys=0.00, real=0.28 secs] 
2280.551: [Full GC (Allocation Failure) [PSYoungGen: 163922K->163849K(298496K)] [ParOldGen: 2630095K->2630079K(2731008K)] 2794018K->2793928K(3029504K), [Metaspace: 34948K->34948K(1081344K)], 0.2589572 secs] [Times: user=0.91 sys=0.00, real=0.26 secs] 
2280.925: [GC (Allocation Failure) --[PSYoungGen: 164043K->164043K(298496K)] 2794123K->2794123K(3029504K), 0.2807763 secs] [Times: user=1.06 sys=0.00, real=0.28 secs] 
2281.206: [Full GC (Ergonomics) [PSYoungGen: 164043K->163922K(298496K)] [ParOldGen: 2630079K->2630079K(2731008K)] 2794123K->2794002K(3029504K), [Metaspace: 34948K->34948K(1081344K)], 0.2945626 secs] [Times: user=1.00 sys=0.00, real=0.29 secs] 
2281.500: [GC (Allocation Failure) --[PSYoungGen: 163922K->163922K(298496K)] 2794002K->2794018K(3029504K), 0.2931244 secs] [Times: user=0.88 sys=0.00, real=0.29 secs] 
2281.794: [Full GC (Allocation Failure) [PSYoungGen: 163922K->163849K(298496K)] [ParOldGen: 2630095K->2630079K(2731008K)] 2794018K->2793928K(3029504K), [Metaspace: 34948K->34948K(1081344K)], 0.2533323 secs] [Times: user=0.89 sys=0.00, real=0.26 secs] 
2282.139: [GC (Allocation Failure) --[PSYoungGen: 164045K->164045K(298496K)] 2794124K->2794124K(3029504K), 0.3083249 secs] [Times: user=1.17 sys=0.00, real=0.31 secs] 
2282.447: [Full GC (Ergonomics) [PSYoungGen: 164045K->163922K(298496K)] [ParOldGen: 2630079K->2630079K(2731008K)] 2794124K->2794002K(3029504K), [Metaspace: 34948K->34948K(1081344K)], 0.2736591 secs] [Times: user=0.97 sys=0.00, real=0.27 secs] 
2282.721: [GC (Allocation Failure) --[PSYoungGen: 163922K->163922K(298496K)] 2794002K->2794018K(3029504K), 0.3006891 secs] [Times: user=1.14 sys=0.00, real=0.30 secs] 
2283.022: [Full GC (Allocation Failure) [PSYoungGen: 163922K->163849K(298496K)] [ParOldGen: 2630095K->2630079K(2731008K)] 2794018K->2793928K(3029504K), [Metaspace: 34948K->34948K(1081344K)], 0.2920151 secs] [Times: user=1.04 sys=0.00, real=0.29 secs] 
2283.400: [GC (Allocation Failure) --[PSYoungGen: 164044K->164044K(298496K)] 2794124K->2794124K(3029504K), 0.3126921 secs] [Times: user=1.20 sys=0.00, real=0.31 secs] 
2283.712: [Full GC (Ergonomics) [PSYoungGen: 164044K->163922K(298496K)] [ParOldGen: 2630079K->2630079K(2731008K)] 2794124K->2794002K(3029504K), [Metaspace: 34948K->34948K(1081344K)], 0.3117872 secs] [Times: user=1.11 sys=0.00, real=0.32 secs] 
2284.024: [GC (Allocation Failure) --[PSYoungGen: 163922K->163922K(298496K)] 2794002K->2794010K(3029504K), 0.3031951 secs] [Times: user=1.14 sys=0.00, real=0.30 secs] 
2284.328: [Full GC (Allocation Failure) [PSYoungGen: 163922K->163849K(298496K)] [ParOldGen: 2630087K->2630079K(2731008K)] 2794010K->2793928K(3029504K), [Metaspace: 34948K->34948K(1081344K)], 0.2916052 secs] [Times: user=1.04 sys=0.00, real=0.29 secs] 
2284.699: [GC (Allocation Failure) --[PSYoungGen: 164045K->164045K(298496K)] 2794124K->2794124K(3029504K), 0.3111005 secs] [Times: user=1.20 sys=0.00, real=0.31 secs] 
2285.010: [Full GC (Ergonomics) [PSYoungGen: 164045K->163922K(298496K)] [ParOldGen: 2630079K->2630079K(2731008K)] 2794124K->2794002K(3029504K), [Metaspace: 34948K->34948K(1081344K)], 0.3010542 secs] [Times: user=1.08 sys=0.00, real=0.30 secs] 
2285.311: [GC (Allocation Failure) --[PSYoungGen: 163922K->163922K(298496K)] 2794002K->2794010K(3029504K), 0.2984759 secs] [Times: user=1.14 sys=0.00, real=0.30 secs] 
2285.610: [Full GC (Allocation Failure) [PSYoungGen: 163922K->163849K(298496K)] [ParOldGen: 2630087K->2630079K(2731008K)] 2794010K->2793928K(3029504K), [Metaspace: 34948K->34948K(1081344K)], 0.3028929 secs] [Times: user=1.07 sys=0.00, real=0.30 secs] 
2285.998: [GC (Allocation Failure) --[PSYoungGen: 164044K->164044K(298496K)] 2794124K->2794124K(3029504K), 0.3159155 secs] [Times: user=1.20 sys=0.00, real=0.31 secs] 
2286.314: [Full GC (Ergonomics) [PSYoungGen: 164044K->163922K(298496K)] [ParOldGen: 2630079K->2630079K(2731008K)] 2794124K->2794002K(3029504K), [Metaspace: 34948K->34948K(1081344K)], 0.3104957 secs] [Times: user=1.09 sys=0.00, real=0.32 secs] 
2286.625: [GC (Allocation Failure) --[PSYoungGen: 163922K->163922K(298496K)] 2794002K->2794010K(3029504K), 0.3033871 secs] [Times: user=1.16 sys=0.00, real=0.30 secs] 
2286.928: [Full GC (Allocation Failure) [PSYoungGen: 163922K->163849K(298496K)] [ParOldGen: 2630087K->2630079K(2731008K)] 2794010K->2793928K(3029504K), [Metaspace: 34948K->34948K(1081344K)], 0.2965482 secs] [Times: user=1.04 sys=0.00, real=0.30 secs] 
2287.305: [GC (Allocation Failure) --[PSYoungGen: 164043K->164043K(298496K)] 2794123K->2794123K(3029504K), 0.3096140 secs] [Times: user=1.18 sys=0.00, real=0.30 secs] 
2287.614: [Full GC (Ergonomics) [PSYoungGen: 164043K->163922K(298496K)] [ParOldGen: 2630079K->2630079K(2731008K)] 2794123K->2794002K(3029504K), [Metaspace: 34948K->34948K(1081344K)], 0.3103910 secs] [Times: user=1.10 sys=0.00, real=0.32 secs] 
2287.925: [GC (Allocation Failure) --[PSYoungGen: 163922K->163922K(298496K)] 2794002K->2794010K(3029504K), 0.2998900 secs] [Times: user=1.14 sys=0.00, real=0.30 secs] 
2288.225: [Full GC (Allocation Failure) [PSYoungGen: 163922K->163849K(298496K)] [ParOldGen: 2630087K->2630079K(2731008K)] 2794010K->2793928K(3029504K), [Metaspace: 34948K->34948K(1081344K)], 0.2955796 secs] [Times: user=1.05 sys=0.00, real=0.29 secs] 
2288.597: [GC (Allocation Failure) --[PSYoungGen: 164044K->164044K(298496K)] 2794123K->2794123K(3029504K), 0.3468323 secs] [Times: user=1.32 sys=0.00, real=0.34 secs] 
2288.944: [Full GC (Ergonomics) [PSYoungGen: 164044K->163922K(298496K)] [ParOldGen: 2630079K->2630079K(2731008K)] 2794123K->2794002K(3029504K), [Metaspace: 34948K->34948K(1081344K)], 0.3116235 secs] [Times: user=1.11 sys=0.00, real=0.31 secs] 
2289.255: [GC (Allocation Failure) --[PSYoungGen: 163922K->163922K(298496K)] 2794002K->2794018K(3029504K), 0.2972993 secs] [Times: user=1.13 sys=0.00, real=0.30 secs] 
2289.553: [Full GC (Allocation Failure) [PSYoungGen: 163922K->163849K(298496K)] [ParOldGen: 2630095K->2630079K(2731008K)] 2794018K->2793928K(3029504K), [Metaspace: 34948K->34948K(1081344K)], 0.2934133 secs] [Times: user=1.05 sys=0.00, real=0.30 secs] 
2289.935: [GC (Allocation Failure) --[PSYoungGen: 164044K->164044K(298496K)] 2794124K->2794124K(3029504K), 0.3079195 secs] [Times: user=1.18 sys=0.00, real=0.31 secs] 
2290.243: [Full GC (Ergonomics) [PSYoungGen: 164044K->163922K(298496K)] [ParOldGen: 2630079K->2630079K(2731008K)] 2794124K->2794002K(3029504K), [Metaspace: 34948K->34948K(1081344K)], 0.2902833 secs] [Times: user=1.03 sys=0.00, real=0.29 secs] 
2290.533: [GC (Allocation Failure) --[PSYoungGen: 163922K->163922K(298496K)] 2794002K->2794018K(3029504K), 0.2733765 secs] [Times: user=1.04 sys=0.00, real=0.28 secs] 
2290.807: [Full GC (Allocation Failure) [PSYoungGen: 163922K->163849K(298496K)] [ParOldGen: 2630095K->2630079K(2731008K)] 2794018K->2793928K(3029504K), [Metaspace: 34948K->34948K(1081344K)], 0.2540633 secs] [Times: user=0.90 sys=0.00, real=0.25 secs] 
2291.150: [GC (Allocation Failure) --[PSYoungGen: 164042K->164042K(298496K)] 2794122K->2794122K(3029504K), 0.3069894 secs] [Times: user=1.16 sys=0.00, real=0.31 secs] 
2291.457: [Full GC (Ergonomics) [PSYoungGen: 164042K->163922K(298496K)] [ParOldGen: 2630079K->2630079K(2731008K)] 2794122K->2794002K(3029504K), [Metaspace: 34948K->34948K(1081344K)], 0.3064634 secs] [Times: user=1.09 sys=0.00, real=0.31 secs] 
2291.764: [GC (Allocation Failure) --[PSYoungGen: 163922K->163922K(298496K)] 2794002K->2794010K(3029504K), 0.2798583 secs] [Times: user=1.06 sys=0.00, real=0.28 secs] 
2292.044: [Full GC (Allocation Failure) [PSYoungGen: 163922K->163849K(298496K)] [ParOldGen: 2630087K->2630079K(2731008K)] 2794010K->2793928K(3029504K), [Metaspace: 34948K->34948K(1081344K)], 0.2547428 secs] [Times: user=0.90 sys=0.00, real=0.25 secs] 
2292.388: [GC (Allocation Failure) --[PSYoungGen: 164045K->164045K(298496K)] 2794124K->2794124K(3029504K), 0.3079076 secs] [Times: user=1.18 sys=0.00, real=0.30 secs] 
2292.696: [Full GC (Ergonomics) [PSYoungGen: 164045K->163922K(298496K)] [ParOldGen: 2630079K->2630079K(2731008K)] 2794124K->2794002K(3029504K), [Metaspace: 34948K->34948K(1081344K)], 0.3008258 secs] [Times: user=1.05 sys=0.00, real=0.30 secs] 
2292.997: [GC (Allocation Failure) --[PSYoungGen: 163922K->163922K(298496K)] 2794002K->2794018K(3029504K), 0.2769781 secs] [Times: user=1.05 sys=0.00, real=0.27 secs] 
2293.274: [Full GC (Allocation Failure) [PSYoungGen: 163922K->163849K(298496K)] [ParOldGen: 2630095K->2630079K(2731008K)] 2794018K->2793928K(3029504K), [Metaspace: 34948K->34948K(1081344K)], 0.2600871 secs] [Times: user=0.91 sys=0.00, real=0.26 secs] 
2293.625: [GC (Allocation Failure) --[PSYoungGen: 164045K->164045K(298496K)] 2794124K->2794124K(3029504K), 0.3015041 secs] [Times: user=1.16 sys=0.00, real=0.30 secs] 
2293.926: [Full GC (Ergonomics) [PSYoungGen: 164045K->163922K(298496K)] [ParOldGen: 2630079K->2630079K(2731008K)] 2794124K->2794002K(3029504K), [Metaspace: 34948K->34948K(1081344K)], 0.2941557 secs] [Times: user=1.03 sys=0.00, real=0.29 secs] 
2294.220: [GC (Allocation Failure) --[PSYoungGen: 163922K->163922K(298496K)] 2794002K->2794018K(3029504K), 0.2742935 secs] [Times: user=1.04 sys=0.00, real=0.27 secs] 
2294.495: [Full GC (Allocation Failure) [PSYoungGen: 163922K->163849K(298496K)] [ParOldGen: 2630095K->2630079K(2731008K)] 2794018K->2793928K(3029504K), [Metaspace: 34948K->34948K(1081344K)], 0.2536637 secs] [Times: user=0.90 sys=0.00, real=0.26 secs] 
2294.839: [GC (Allocation Failure) --[PSYoungGen: 164045K->164045K(298496K)] 2794124K->2794124K(3029504K), 0.3023795 secs] [Times: user=1.16 sys=0.00, real=0.30 secs] 
2295.142: [Full GC (Ergonomics) [PSYoungGen: 164045K->163922K(298496K)] [ParOldGen: 2630079K->2630079K(2731008K)] 2794124K->2794002K(3029504K), [Metaspace: 34948K->34948K(1081344K)], 0.3172224 secs] [Times: user=1.14 sys=0.00, real=0.32 secs] 
2295.459: [GC (Allocation Failure) --[PSYoungGen: 163922K->163922K(298496K)] 2794002K->2794018K(3029504K), 0.2806284 secs] [Times: user=1.07 sys=0.00, real=0.28 secs] 
2295.740: [Full GC (Allocation Failure) [PSYoungGen: 163922K->163849K(298496K)] [ParOldGen: 2630095K->2630079K(2731008K)] 2794018K->2793928K(3029504K), [Metaspace: 34948K->34948K(1081344K)], 0.2857192 secs] [Times: user=1.02 sys=0.00, real=0.29 secs] 
2296.085: [GC (Allocation Failure) --[PSYoungGen: 164045K->164045K(298496K)] 2794124K->2794124K(3029504K), 0.3162938 secs] [Times: user=1.21 sys=0.00, real=0.31 secs] 
2296.401: [Full GC (Ergonomics) [PSYoungGen: 164045K->163922K(298496K)] [ParOldGen: 2630079K->2630079K(2731008K)] 2794124K->2794002K(3029504K), [Metaspace: 34948K->34948K(1081344K)], 0.3118615 secs] [Times: user=1.11 sys=0.00, real=0.31 secs] 
2296.713: [GC (Allocation Failure) --[PSYoungGen: 163922K->163922K(298496K)] 2794002K->2794018K(3029504K), 0.2818571 secs] [Times: user=1.08 sys=0.00, real=0.28 secs] 
2296.995: [Full GC (Allocation Failure) [PSYoungGen: 163922K->163849K(298496K)] [ParOldGen: 2630095K->2630079K(2731008K)] 2794018K->2793928K(3029504K), [Metaspace: 34948K->34948K(1081344K)], 0.2769152 secs] [Times: user=0.98 sys=0.00, real=0.28 secs] 
2297.361: [GC (Allocation Failure) --[PSYoungGen: 164045K->164045K(298496K)] 2794124K->2794124K(3029504K), 0.3763589 secs] [Times: user=1.19 sys=0.00, real=0.38 secs] 
2297.737: [Full GC (Ergonomics) [PSYoungGen: 164045K->163922K(298496K)] [ParOldGen: 2630079K->2630079K(2731008K)] 2794124K->2794002K(3029504K), [Metaspace: 34948K->34948K(1081344K)], 0.4695201 secs] [Times: user=1.04 sys=0.00, real=0.47 secs] 
2298.207: [GC (Allocation Failure) --[PSYoungGen: 163922K->163922K(298496K)] 2794002K->2794018K(3029504K), 0.2730682 secs] [Times: user=1.04 sys=0.00, real=0.27 secs] 
2298.480: [Full GC (Allocation Failure) [PSYoungGen: 163922K->163849K(298496K)] [ParOldGen: 2630095K->2630079K(2731008K)] 2794018K->2793928K(3029504K), [Metaspace: 34948K->34948K(1081344K)], 0.2568485 secs] [Times: user=0.90 sys=0.00, real=0.26 secs] 
2298.838: [GC (Allocation Failure) --[PSYoungGen: 164044K->164044K(298496K)] 2794124K->2794124K(3029504K), 0.2995361 secs] [Times: user=1.15 sys=0.00, real=0.30 secs] 
2299.137: [Full GC (Ergonomics) [PSYoungGen: 164044K->163922K(298496K)] [ParOldGen: 2630079K->2630079K(2731008K)] 2794124K->2794002K(3029504K), [Metaspace: 34948K->34948K(1081344K)], 0.3034101 secs] [Times: user=0.98 sys=0.00, real=0.30 secs] 
2299.441: [GC (Allocation Failure) --[PSYoungGen: 163922K->163922K(298496K)] 2794002K->2794010K(3029504K), 0.2753878 secs] [Times: user=1.04 sys=0.00, real=0.28 secs] 
2299.716: [Full GC (Allocation Failure) [PSYoungGen: 163922K->163849K(298496K)] [ParOldGen: 2630087K->2630079K(2731008K)] 2794010K->2793928K(3029504K), [Metaspace: 34948K->34948K(1081344K)], 0.2656712 secs] [Times: user=0.92 sys=0.00, real=0.26 secs] 
2300.067: [GC (Allocation Failure) --[PSYoungGen: 164044K->164044K(298496K)] 2794123K->2794123K(3029504K), 0.3767311 secs] [Times: user=1.41 sys=0.00, real=0.38 secs] 
2300.444: [Full GC (Ergonomics) [PSYoungGen: 164044K->163922K(298496K)] [ParOldGen: 2630079K->2630079K(2731008K)] 2794123K->2794002K(3029504K), [Metaspace: 34948K->34948K(1081344K)], 0.2993518 secs] [Times: user=1.08 sys=0.00, real=0.29 secs] 
2300.743: [GC (Allocation Failure) --[PSYoungGen: 163922K->163922K(298496K)] 2794002K->2794018K(3029504K), 0.2743733 secs] [Times: user=1.04 sys=0.00, real=0.28 secs] 
2301.018: [Full GC (Allocation Failure) [PSYoungGen: 163922K->163849K(298496K)] [ParOldGen: 2630095K->2630079K(2731008K)] 2794018K->2793928K(3029504K), [Metaspace: 34948K->34948K(1081344K)], 0.2587769 secs] [Times: user=0.90 sys=0.00, real=0.26 secs] 
2301.374: [GC (Allocation Failure) --[PSYoungGen: 164044K->164044K(298496K)] 2794123K->2794123K(3029504K), 0.3070862 secs] [Times: user=1.16 sys=0.00, real=0.31 secs] 
2301.681: [Full GC (Ergonomics) [PSYoungGen: 164044K->163922K(298496K)] [ParOldGen: 2630079K->2630079K(2731008K)] 2794123K->2794002K(3029504K), [Metaspace: 34948K->34948K(1081344K)], 0.2957875 secs] [Times: user=1.04 sys=0.00, real=0.30 secs] 
2301.977: [GC (Allocation Failure) --[PSYoungGen: 163922K->163922K(298496K)] 2794002K->2794010K(3029504K), 0.2767101 secs] [Times: user=1.05 sys=0.00, real=0.27 secs] 
2302.254: [Full GC (Allocation Failure) [PSYoungGen: 163922K->163849K(298496K)] [ParOldGen: 2630087K->2630079K(2731008K)] 2794010K->2793928K(3029504K), [Metaspace: 34948K->34948K(1081344K)], 0.2617249 secs] [Times: user=0.92 sys=0.00, real=0.27 secs] 
2302.604: [GC (Allocation Failure) --[PSYoungGen: 164044K->164044K(298496K)] 2794124K->2794124K(3029504K), 0.3052090 secs] [Times: user=1.17 sys=0.00, real=0.30 secs] 
2302.910: [Full GC (Ergonomics) [PSYoungGen: 164044K->163922K(298496K)] [ParOldGen: 2630079K->2630079K(2731008K)] 2794124K->2794002K(3029504K), [Metaspace: 34948K->34948K(1081344K)], 0.3153459 secs] [Times: user=1.12 sys=0.00, real=0.32 secs] 
2303.225: [GC (Allocation Failure) --[PSYoungGen: 163922K->163922K(298496K)] 2794002K->2794018K(3029504K), 0.2839808 secs] [Times: user=1.08 sys=0.00, real=0.28 secs] 
2303.509: [Full GC (Allocation Failure) [PSYoungGen: 163922K->163849K(298496K)] [ParOldGen: 2630095K->2630079K(2731008K)] 2794018K->2793928K(3029504K), [Metaspace: 34948K->34948K(1081344K)], 0.2559500 secs] [Times: user=0.90 sys=0.00, real=0.26 secs] 
2303.880: [GC (Allocation Failure) --[PSYoungGen: 164045K->164045K(298496K)] 2794124K->2794124K(3029504K), 0.3116581 secs] [Times: user=1.15 sys=0.00, real=0.31 secs] 
2304.192: [Full GC (Ergonomics) [PSYoungGen: 164045K->163922K(298496K)] [ParOldGen: 2630079K->2630079K(2731008K)] 2794124K->2794002K(3029504K), [Metaspace: 34948K->34948K(1081344K)], 0.2935619 secs] [Times: user=1.03 sys=0.00, real=0.30 secs] 
2304.486: [GC (Allocation Failure) --[PSYoungGen: 163922K->163922K(298496K)] 2794002K->2794018K(3029504K), 0.2745905 secs] [Times: user=1.04 sys=0.00, real=0.27 secs] 
2304.760: [Full GC (Allocation Failure) [PSYoungGen: 163922K->163849K(298496K)] [ParOldGen: 2630095K->2630079K(2731008K)] 2794018K->2793928K(3029504K), [Metaspace: 34948K->34948K(1081344K)], 0.2577430 secs] [Times: user=0.91 sys=0.00, real=0.26 secs] 
2305.081: [GC (Allocation Failure) --[PSYoungGen: 164044K->164044K(298496K)] 2794124K->2794124K(3029504K), 0.3064692 secs] [Times: user=1.16 sys=0.00, real=0.31 secs] 
2305.387: [Full GC (Ergonomics) [PSYoungGen: 164044K->163922K(298496K)] [ParOldGen: 2630079K->2630079K(2731008K)] 2794124K->2794002K(3029504K), [Metaspace: 34948K->34948K(1081344K)], 0.3078215 secs] [Times: user=1.10 sys=0.00, real=0.30 secs] 
2305.695: [GC (Allocation Failure) --[PSYoungGen: 163922K->163922K(298496K)] 2794002K->2794010K(3029504K), 0.2911784 secs] [Times: user=1.09 sys=0.00, real=0.30 secs] 
2305.986: [Full GC (Allocation Failure) [PSYoungGen: 163922K->163849K(298496K)] [ParOldGen: 2630087K->2630079K(2731008K)] 2794010K->2793928K(3029504K), [Metaspace: 34948K->34948K(1081344K)], 0.2569483 secs] [Times: user=0.90 sys=0.00, real=0.25 secs] 
2306.310: [GC (Allocation Failure) --[PSYoungGen: 164043K->164043K(298496K)] 2794123K->2794123K(3029504K), 0.2985997 secs] [Times: user=1.14 sys=0.00, real=0.30 secs] 
2306.608: [Full GC (Ergonomics) [PSYoungGen: 164043K->163922K(298496K)] [ParOldGen: 2630079K->2630079K(2731008K)] 2794123K->2794002K(3029504K), [Metaspace: 34948K->34948K(1081344K)], 0.2951255 secs] [Times: user=1.06 sys=0.00, real=0.29 secs] 
2306.904: [GC (Allocation Failure) --[PSYoungGen: 163922K->163922K(298496K)] 2794002K->2794018K(3029504K), 0.2723196 secs] [Times: user=1.03 sys=0.00, real=0.28 secs] 
2307.176: [Full GC (Allocation Failure) [PSYoungGen: 163922K->163849K(298496K)] [ParOldGen: 2630095K->2630079K(2731008K)] 2794018K->2793928K(3029504K), [Metaspace: 34948K->34948K(1081344K)], 0.2551245 secs] [Times: user=0.90 sys=0.00, real=0.25 secs] 
2307.525: [GC (Allocation Failure) --[PSYoungGen: 164044K->164044K(298496K)] 2794124K->2794124K(3029504K), 0.3366625 secs] [Times: user=1.20 sys=0.00, real=0.33 secs] 
2307.861: [Full GC (Ergonomics) [PSYoungGen: 164044K->163923K(298496K)] [ParOldGen: 2630079K->2630079K(2731008K)] 2794124K->2794002K(3029504K), [Metaspace: 34948K->34948K(1081344K)], 0.3313489 secs] [Times: user=1.07 sys=0.00, real=0.33 secs] 
2308.193: [GC (Allocation Failure) --[PSYoungGen: 163923K->163923K(298496K)] 2794002K->2794010K(3029504K), 0.3602425 secs] [Times: user=1.32 sys=0.00, real=0.36 secs] 
2308.553: [Full GC (Allocation Failure) [PSYoungGen: 163923K->163849K(298496K)] [ParOldGen: 2630087K->2630079K(2731008K)] 2794010K->2793929K(3029504K), [Metaspace: 34948K->34948K(1081344K)], 0.3224684 secs] [Times: user=1.11 sys=0.00, real=0.33 secs] 
2308.970: [GC (Allocation Failure) --[PSYoungGen: 164044K->164044K(298496K)] 2794124K->2794124K(3029504K), 0.3197619 secs] [Times: user=1.22 sys=0.00, real=0.32 secs] 
2309.290: [Full GC (Ergonomics) [PSYoungGen: 164044K->163922K(298496K)] [ParOldGen: 2630079K->2630079K(2731008K)] 2794124K->2794002K(3029504K), [Metaspace: 34948K->34948K(1081344K)], 0.3371162 secs] [Times: user=1.20 sys=0.00, real=0.34 secs] 
2309.628: [GC (Allocation Failure) --[PSYoungGen: 163922K->163922K(298496K)] 2794002K->2794018K(3029504K), 0.2983119 secs] [Times: user=1.14 sys=0.00, real=0.30 secs] 
2309.926: [Full GC (Allocation Failure) [PSYoungGen: 163922K->163849K(298496K)] [ParOldGen: 2630095K->2630079K(2731008K)] 2794018K->2793928K(3029504K), [Metaspace: 34948K->34948K(1081344K)], 0.3144568 secs] [Times: user=1.09 sys=0.00, real=0.31 secs] 
2310.323: [GC (Allocation Failure) --[PSYoungGen: 164044K->164044K(298496K)] 2794124K->2794124K(3029504K), 0.3142895 secs] [Times: user=1.18 sys=0.00, real=0.32 secs] 
2310.638: [Full GC (Ergonomics) [PSYoungGen: 164044K->163922K(298496K)] [ParOldGen: 2630079K->2630079K(2731008K)] 2794124K->2794002K(3029504K), [Metaspace: 34948K->34948K(1081344K)], 0.3130059 secs] [Times: user=1.10 sys=0.00, real=0.31 secs] 
2310.951: [GC (Allocation Failure) --[PSYoungGen: 163922K->163922K(298496K)] 2794002K->2794018K(3029504K), 0.2996067 secs] [Times: user=1.15 sys=0.00, real=0.30 secs] 
2311.250: [Full GC (Allocation Failure) [PSYoungGen: 163922K->163849K(298496K)] [ParOldGen: 2630095K->2630079K(2731008K)] 2794018K->2793928K(3029504K), [Metaspace: 34948K->34948K(1081344K)], 0.2988523 secs] [Times: user=1.05 sys=0.00, real=0.30 secs] 
2311.600: [GC (Allocation Failure) --[PSYoungGen: 164044K->164044K(298496K)] 2794124K->2794124K(3029504K), 0.3717083 secs] [Times: user=1.37 sys=0.00, real=0.37 secs] 
2311.971: [Full GC (Ergonomics) [PSYoungGen: 164044K->163922K(298496K)] [ParOldGen: 2630079K->2630079K(2731008K)] 2794124K->2794002K(3029504K), [Metaspace: 34948K->34948K(1081344K)], 0.3156066 secs] [Times: user=1.12 sys=0.00, real=0.32 secs] 
2312.287: [GC (Allocation Failure) --[PSYoungGen: 163922K->163922K(298496K)] 2794002K->2794018K(3029504K), 0.3083105 secs] [Times: user=1.18 sys=0.00, real=0.30 secs] 
2312.595: [Full GC (Allocation Failure) [PSYoungGen: 163922K->163849K(298496K)] [ParOldGen: 2630095K->2630079K(2731008K)] 2794018K->2793928K(3029504K), [Metaspace: 34948K->34948K(1081344K)], 0.3156263 secs] [Times: user=1.13 sys=0.00, real=0.32 secs] 
2312.998: [GC (Allocation Failure) --[PSYoungGen: 164044K->164044K(298496K)] 2794123K->2794123K(3029504K), 0.2970267 secs] [Times: user=1.14 sys=0.00, real=0.29 secs] 
2313.295: [Full GC (Ergonomics) [PSYoungGen: 164044K->163922K(298496K)] [ParOldGen: 2630079K->2630079K(2731008K)] 2794123K->2794002K(3029504K), [Metaspace: 34948K->34948K(1081344K)], 0.3021873 secs] [Times: user=1.08 sys=0.00, real=0.31 secs] 
2313.598: [GC (Allocation Failure) --[PSYoungGen: 163922K->163922K(298496K)] 2794002K->2794018K(3029504K), 0.3245030 secs] [Times: user=1.24 sys=0.00, real=0.32 secs] 
2313.923: [Full GC (Allocation Failure) [PSYoungGen: 163922K->163849K(298496K)] [ParOldGen: 2630095K->2630079K(2731008K)] 2794018K->2793928K(3029504K), [Metaspace: 34948K->34948K(1081344K)], 0.2975954 secs] [Times: user=1.06 sys=0.00, real=0.30 secs] 
2314.305: [GC (Allocation Failure) --[PSYoungGen: 164044K->164044K(298496K)] 2794123K->2794123K(3029504K), 0.3148662 secs] [Times: user=1.21 sys=0.00, real=0.31 secs] 
2314.620: [Full GC (Ergonomics) [PSYoungGen: 164044K->163922K(298496K)] [ParOldGen: 2630079K->2630079K(2731008K)] 2794123K->2794002K(3029504K), [Metaspace: 34948K->34948K(1081344K)], 0.3185633 secs] [Times: user=1.12 sys=0.00, real=0.32 secs] 
2314.939: [GC (Allocation Failure) --[PSYoungGen: 163922K->163922K(298496K)] 2794002K->2794010K(3029504K), 0.3075422 secs] [Times: user=1.17 sys=0.00, real=0.31 secs] 
2315.247: [Full GC (Allocation Failure) [PSYoungGen: 163922K->163849K(298496K)] [ParOldGen: 2630087K->2630079K(2731008K)] 2794010K->2793928K(3029504K), [Metaspace: 34948K->34948K(1081344K)], 0.2965270 secs] [Times: user=1.06 sys=0.00, real=0.29 secs] 
2315.675: [GC (Allocation Failure) --[PSYoungGen: 164044K->164044K(298496K)] 2794124K->2794124K(3029504K), 0.3166104 secs] [Times: user=1.21 sys=0.00, real=0.32 secs] 
2315.992: [Full GC (Ergonomics) [PSYoungGen: 164044K->163922K(298496K)] [ParOldGen: 2630079K->2630079K(2731008K)] 2794124K->2794002K(3029504K), [Metaspace: 34948K->34948K(1081344K)], 0.2941397 secs] [Times: user=1.04 sys=0.00, real=0.30 secs] 
2316.286: [GC (Allocation Failure) --[PSYoungGen: 163922K->163922K(298496K)] 2794002K->2794018K(3029504K), 0.2730782 secs] [Times: user=1.04 sys=0.00, real=0.27 secs] 
2316.559: [Full GC (Allocation Failure) [PSYoungGen: 163922K->163849K(298496K)] [ParOldGen: 2630095K->2630079K(2731008K)] 2794018K->2793928K(3029504K), [Metaspace: 34948K->34948K(1081344K)], 0.2624288 secs] [Times: user=0.93 sys=0.00, real=0.26 secs] 
2316.905: [GC (Allocation Failure) --[PSYoungGen: 164043K->164043K(298496K)] 2794123K->2794123K(3029504K), 0.3070891 secs] [Times: user=1.18 sys=0.00, real=0.30 secs] 
2317.212: [Full GC (Ergonomics) [PSYoungGen: 164043K->163922K(298496K)] [ParOldGen: 2630079K->2630079K(2731008K)] 2794123K->2794002K(3029504K), [Metaspace: 34948K->34948K(1081344K)], 0.3083008 secs] [Times: user=1.10 sys=0.00, real=0.31 secs] 
2317.520: [GC (Allocation Failure) --[PSYoungGen: 163922K->163922K(298496K)] 2794002K->2794018K(3029504K), 0.2759262 secs] [Times: user=1.05 sys=0.00, real=0.28 secs] 
2317.796: [Full GC (Allocation Failure) [PSYoungGen: 163922K->163849K(298496K)] [ParOldGen: 2630095K->2630079K(2731008K)] 2794018K->2793928K(3029504K), [Metaspace: 34948K->34948K(1081344K)], 0.2569606 secs] [Times: user=0.90 sys=0.00, real=0.25 secs] 
2318.150: [GC (Allocation Failure) --[PSYoungGen: 164044K->164044K(298496K)] 2794124K->2794124K(3029504K), 0.3051503 secs] [Times: user=1.17 sys=0.00, real=0.30 secs] 
2318.455: [Full GC (Ergonomics) [PSYoungGen: 164044K->163922K(298496K)] [ParOldGen: 2630079K->2630079K(2731008K)] 2794124K->2794002K(3029504K), [Metaspace: 34948K->34948K(1081344K)], 0.2997272 secs] [Times: user=1.07 sys=0.00, real=0.30 secs] 
2318.755: [GC (Allocation Failure) --[PSYoungGen: 163922K->163922K(298496K)] 2794002K->2794018K(3029504K), 0.2811953 secs] [Times: user=1.08 sys=0.00, real=0.29 secs] 
2319.036: [Full GC (Allocation Failure) [PSYoungGen: 163922K->163849K(298496K)] [ParOldGen: 2630095K->2630079K(2731008K)] 2794018K->2793928K(3029504K), [Metaspace: 34948K->34948K(1081344K)], 0.2546011 secs] [Times: user=0.89 sys=0.00, real=0.25 secs] 
2319.379: [GC (Allocation Failure) --[PSYoungGen: 164044K->164044K(298496K)] 2794123K->2794123K(3029504K), 0.3471436 secs] [Times: user=1.25 sys=0.00, real=0.35 secs] 
2319.726: [Full GC (Ergonomics) [PSYoungGen: 164044K->163922K(298496K)] [ParOldGen: 2630079K->2630079K(2731008K)] 2794123K->2794002K(3029504K), [Metaspace: 34948K->34948K(1081344K)], 0.3248592 secs] [Times: user=1.15 sys=0.00, real=0.32 secs] 
2320.051: [GC (Allocation Failure) --[PSYoungGen: 163922K->163922K(298496K)] 2794002K->2794018K(3029504K), 0.3189564 secs] [Times: user=1.22 sys=0.00, real=0.32 secs] 
2320.370: [Full GC (Allocation Failure) [PSYoungGen: 163922K->163849K(298496K)] [ParOldGen: 2630095K->2630079K(2731008K)] 2794018K->2793928K(3029504K), [Metaspace: 34948K->34948K(1081344K)], 0.3023374 secs] [Times: user=1.08 sys=0.00, real=0.30 secs] 
2320.749: [GC (Allocation Failure) --[PSYoungGen: 164045K->164045K(298496K)] 2794124K->2794124K(3029504K), 0.3090579 secs] [Times: user=1.17 sys=0.00, real=0.31 secs] 
2321.058: [Full GC (Ergonomics) [PSYoungGen: 164045K->163922K(298496K)] [ParOldGen: 2630079K->2630079K(2731008K)] 2794124K->2794002K(3029504K), [Metaspace: 34948K->34948K(1081344K)], 0.3231883 secs] [Times: user=1.15 sys=0.00, real=0.32 secs] 
2321.382: [GC (Allocation Failure) --[PSYoungGen: 163922K->163922K(298496K)] 2794002K->2794018K(3029504K), 0.3072169 secs] [Times: user=1.18 sys=0.00, real=0.31 secs] 
2321.689: [Full GC (Allocation Failure) [PSYoungGen: 163922K->163849K(298496K)] [ParOldGen: 2630095K->2630079K(2731008K)] 2794018K->2793928K(3029504K), [Metaspace: 34948K->34948K(1081344K)], 0.3098026 secs] [Times: user=1.10 sys=0.00, real=0.31 secs] 
2322.055: [GC (Allocation Failure) --[PSYoungGen: 164043K->164043K(298496K)] 2794123K->2794123K(3029504K), 0.3533671 secs] [Times: user=1.32 sys=0.00, real=0.36 secs] 
2322.409: [Full GC (Ergonomics) [PSYoungGen: 164043K->163922K(298496K)] [ParOldGen: 2630079K->2630079K(2731008K)] 2794123K->2794002K(3029504K), [Metaspace: 34948K->34948K(1081344K)], 0.2764674 secs] [Times: user=0.98 sys=0.00, real=0.28 secs] 
2322.685: [GC (Allocation Failure) --[PSYoungGen: 163922K->163922K(298496K)] 2794002K->2794010K(3029504K), 0.3084335 secs] [Times: user=1.18 sys=0.00, real=0.30 secs] 
2322.994: [Full GC (Allocation Failure) [PSYoungGen: 163922K->163849K(298496K)] [ParOldGen: 2630087K->2630079K(2731008K)] 2794010K->2793928K(3029504K), [Metaspace: 34948K->34948K(1081344K)], 0.2901227 secs] [Times: user=1.03 sys=0.00, real=0.30 secs] 
2323.362: [GC (Allocation Failure) --[PSYoungGen: 164045K->164045K(298496K)] 2794124K->2794124K(3029504K), 0.2832775 secs] [Times: user=1.09 sys=0.00, real=0.29 secs] 
2323.646: [Full GC (Ergonomics) [PSYoungGen: 164045K->163922K(298496K)] [ParOldGen: 2630079K->2630079K(2731008K)] 2794124K->2794002K(3029504K), [Metaspace: 34950K->34950K(1081344K)], 0.2676067 secs] [Times: user=0.95 sys=0.00, real=0.26 secs] 
2323.914: [GC (Allocation Failure) --[PSYoungGen: 163922K->163922K(298496K)] 2794002K->2794018K(3029504K), 0.3046838 secs] [Times: user=1.16 sys=0.00, real=0.31 secs] 
2324.218: [Full GC (Allocation Failure) [PSYoungGen: 163922K->163849K(298496K)] [ParOldGen: 2630095K->2630079K(2731008K)] 2794018K->2793929K(3029504K), [Metaspace: 34950K->34950K(1081344K)], 0.2845693 secs] [Times: user=1.00 sys=0.00, real=0.28 secs] 
2324.592: [GC (Allocation Failure) --[PSYoungGen: 164044K->164044K(298496K)] 2794124K->2794124K(3029504K), 0.3129701 secs] [Times: user=1.19 sys=0.00, real=0.32 secs] 
2324.906: [Full GC (Ergonomics) [PSYoungGen: 164044K->163922K(298496K)] [ParOldGen: 2630079K->2630079K(2731008K)] 2794124K->2794002K(3029504K), [Metaspace: 34950K->34950K(1081344K)], 0.3161524 secs] [Times: user=1.12 sys=0.00, real=0.31 secs] 
2325.222: [GC (Allocation Failure) --[PSYoungGen: 163922K->163922K(298496K)] 2794002K->2794018K(3029504K), 0.2870097 secs] [Times: user=1.10 sys=0.00, real=0.29 secs] 
2325.509: [Full GC (Allocation Failure) [PSYoungGen: 163922K->163849K(298496K)] [ParOldGen: 2630095K->2630079K(2731008K)] 2794018K->2793928K(3029504K), [Metaspace: 34950K->34950K(1081344K)], 0.3450169 secs] [Times: user=1.24 sys=0.00, real=0.34 secs] 
2325.930: [GC (Allocation Failure) --[PSYoungGen: 164042K->164042K(298496K)] 2794122K->2794122K(3029504K), 0.3132805 secs] [Times: user=1.20 sys=0.00, real=0.31 secs] 
2326.243: [Full GC (Ergonomics) [PSYoungGen: 164042K->163922K(298496K)] [ParOldGen: 2630079K->2630079K(2731008K)] 2794122K->2794002K(3029504K), [Metaspace: 34950K->34950K(1081344K)], 0.3055025 secs] [Times: user=1.09 sys=0.00, real=0.31 secs] 
2326.549: [GC (Allocation Failure) --[PSYoungGen: 163922K->163922K(298496K)] 2794002K->2794018K(3029504K), 0.3098796 secs] [Times: user=1.18 sys=0.00, real=0.31 secs] 
2326.859: [Full GC (Allocation Failure) [PSYoungGen: 163922K->163849K(298496K)] [ParOldGen: 2630095K->2630079K(2731008K)] 2794018K->2793928K(3029504K), [Metaspace: 34950K->34950K(1081344K)], 0.2848784 secs] [Times: user=1.02 sys=0.00, real=0.29 secs] 
2327.221: [GC (Allocation Failure) --[PSYoungGen: 164044K->164044K(298496K)] 2794123K->2794123K(3029504K), 0.2876948 secs] [Times: user=1.10 sys=0.00, real=0.29 secs] 
2327.509: [Full GC (Ergonomics) [PSYoungGen: 164044K->163922K(298496K)] [ParOldGen: 2630079K->2630079K(2731008K)] 2794123K->2794002K(3029504K), [Metaspace: 34950K->34950K(1081344K)], 0.2921727 secs] [Times: user=1.04 sys=0.00, real=0.29 secs] 
2327.801: [GC (Allocation Failure) --[PSYoungGen: 163922K->163922K(298496K)] 2794002K->2794018K(3029504K), 0.3601694 secs] [Times: user=1.38 sys=0.00, real=0.36 secs] 
2328.162: [Full GC (Allocation Failure) [PSYoungGen: 163922K->163849K(298496K)] [ParOldGen: 2630095K->2630079K(2731008K)] 2794018K->2793929K(3029504K), [Metaspace: 34950K->34950K(1081344K)], 0.3020537 secs] [Times: user=1.07 sys=0.00, real=0.31 secs] 
2328.529: [GC (Allocation Failure) --[PSYoungGen: 164044K->164044K(298496K)] 2794124K->2794124K(3029504K), 0.3149044 secs] [Times: user=1.20 sys=0.00, real=0.32 secs] 
2328.844: [Full GC (Ergonomics) [PSYoungGen: 164044K->163922K(298496K)] [ParOldGen: 2630079K->2630079K(2731008K)] 2794124K->2794002K(3029504K), [Metaspace: 34950K->34950K(1081344K)], 0.2986856 secs] [Times: user=1.06 sys=0.00, real=0.29 secs] 
2329.143: [GC (Allocation Failure) --[PSYoungGen: 163922K->163922K(298496K)] 2794002K->2794018K(3029504K), 0.3255776 secs] [Times: user=1.25 sys=0.00, real=0.33 secs] 
2329.469: [Full GC (Allocation Failure) [PSYoungGen: 163922K->163849K(298496K)] [ParOldGen: 2630095K->2630079K(2731008K)] 2794018K->2793928K(3029504K), [Metaspace: 34950K->34950K(1081344K)], 0.3030990 secs] [Times: user=1.07 sys=0.00, real=0.30 secs] 
4999.296: [GC (Allocation Failure) --[PSYoungGen: 164807K->164807K(298496K)] 2794887K->2794895K(3029504K), 0.6387820 secs] [Times: user=2.42 sys=0.00, real=0.64 secs] 
4999.934: [Full GC (Ergonomics) [PSYoungGen: 164807K->163849K(298496K)] [ParOldGen: 2630087K->2630079K(2731008K)] 2794895K->2793929K(3029504K), [Metaspace: 34983K->34983K(1081344K)], 0.3694535 secs] [Times: user=1.28 sys=0.00, real=0.38 secs] 
5000.304: [GC (Allocation Failure) --[PSYoungGen: 163849K->163849K(298496K)] 2793929K->2793945K(3029504K), 0.3398321 secs] [Times: user=1.29 sys=0.00, real=0.34 secs] 
5000.644: [Full GC (Allocation Failure) [PSYoungGen: 163849K->163849K(298496K)] [ParOldGen: 2630095K->2630079K(2731008K)] 2793945K->2793929K(3029504K), [Metaspace: 34983K->34983K(1081344K)], 0.4056699 secs] [Times: user=1.46 sys=0.00, real=0.40 secs] 
5001.119: [GC (Allocation Failure) --[PSYoungGen: 164048K->164048K(298496K)] 2794128K->2794128K(3029504K), 0.2911588 secs] [Times: user=1.11 sys=0.00, real=0.29 secs] 
5001.411: [Full GC (Ergonomics) [PSYoungGen: 164048K->163923K(298496K)] [ParOldGen: 2630079K->2630079K(2731008K)] 2794128K->2794003K(3029504K), [Metaspace: 34983K->34983K(1081344K)], 0.2663001 secs] [Times: user=0.95 sys=0.00, real=0.27 secs] 
5001.677: [GC (Allocation Failure) --[PSYoungGen: 163923K->163923K(298496K)] 2794003K->2794011K(3029504K), 0.3055323 secs] [Times: user=1.16 sys=0.00, real=0.30 secs] 
5001.983: [Full GC (Allocation Failure) [PSYoungGen: 163923K->163849K(298496K)] [ParOldGen: 2630087K->2630079K(2731008K)] 2794011K->2793929K(3029504K), [Metaspace: 34983K->34983K(1081344K)], 0.2903845 secs] [Times: user=1.04 sys=0.00, real=0.29 secs] 
5002.349: [GC (Allocation Failure) --[PSYoungGen: 164045K->164045K(298496K)] 2794124K->2794124K(3029504K), 0.3009948 secs] [Times: user=1.15 sys=0.00, real=0.30 secs] 
5002.650: [Full GC (Ergonomics) [PSYoungGen: 164045K->163923K(298496K)] [ParOldGen: 2630079K->2630079K(2731008K)] 2794124K->2794003K(3029504K), [Metaspace: 34983K->34983K(1081344K)], 0.2836581 secs] [Times: user=0.99 sys=0.00, real=0.28 secs] 
5002.934: [GC (Allocation Failure) --[PSYoungGen: 163923K->163923K(298496K)] 2794003K->2794019K(3029504K), 0.2793310 secs] [Times: user=1.06 sys=0.00, real=0.28 secs] 
5003.214: [Full GC (Allocation Failure) [PSYoungGen: 163923K->163849K(298496K)] [ParOldGen: 2630095K->2630079K(2731008K)] 2794019K->2793929K(3029504K), [Metaspace: 34983K->34983K(1081344K)], 0.3030011 secs] [Times: user=1.08 sys=0.00, real=0.31 secs] 
5003.579: [GC (Allocation Failure) --[PSYoungGen: 164045K->164045K(298496K)] 2794125K->2794125K(3029504K), 0.2828483 secs] [Times: user=1.08 sys=0.00, real=0.28 secs] 
5003.862: [Full GC (Ergonomics) [PSYoungGen: 164045K->163923K(298496K)] [ParOldGen: 2630079K->2630079K(2731008K)] 2794125K->2794003K(3029504K), [Metaspace: 34983K->34983K(1081344K)], 0.2719296 secs] [Times: user=0.96 sys=0.00, real=0.27 secs] 
5004.134: [GC (Allocation Failure) --[PSYoungGen: 163923K->163923K(298496K)] 2794003K->2794019K(3029504K), 0.3007666 secs] [Times: user=1.15 sys=0.00, real=0.30 secs] 
5004.435: [Full GC (Allocation Failure) [PSYoungGen: 163923K->163849K(298496K)] [ParOldGen: 2630095K->2630080K(2731008K)] 2794019K->2793929K(3029504K), [Metaspace: 34983K->34983K(1081344K)], 0.2941625 secs] [Times: user=1.05 sys=0.00, real=0.30 secs] 
5004.840: [GC (Allocation Failure) --[PSYoungGen: 164045K->164045K(298496K)] 2794125K->2794125K(3029504K), 0.3028042 secs] [Times: user=1.16 sys=0.00, real=0.30 secs] 
5005.143: [Full GC (Ergonomics) [PSYoungGen: 164045K->163922K(298496K)] [ParOldGen: 2630080K->2630080K(2731008K)] 2794125K->2794003K(3029504K), [Metaspace: 34983K->34983K(1081344K)], 0.3077004 secs] [Times: user=1.10 sys=0.00, real=0.31 secs] 
5005.451: [GC (Allocation Failure) --[PSYoungGen: 163922K->163922K(298496K)] 2794003K->2794011K(3029504K), 0.3005377 secs] [Times: user=1.15 sys=0.00, real=0.30 secs] 
5005.752: [Full GC (Allocation Failure) [PSYoungGen: 163922K->163849K(298496K)] [ParOldGen: 2630088K->2630080K(2731008K)] 2794011K->2793929K(3029504K), [Metaspace: 34983K->34983K(1081344K)], 0.3064738 secs] [Times: user=1.09 sys=0.00, real=0.31 secs] 
5006.133: [GC (Allocation Failure) --[PSYoungGen: 164044K->164044K(298496K)] 2794125K->2794125K(3029504K), 0.3802319 secs] [Times: user=1.41 sys=0.00, real=0.38 secs] 
5006.513: [Full GC (Ergonomics) [PSYoungGen: 164044K->163922K(298496K)] [ParOldGen: 2630080K->2630080K(2731008K)] 2794125K->2794003K(3029504K), [Metaspace: 34983K->34983K(1081344K)], 0.3154516 secs] [Times: user=1.13 sys=0.00, real=0.32 secs] 
5006.829: [GC (Allocation Failure) --[PSYoungGen: 163922K->163922K(298496K)] 2794003K->2794011K(3029504K), 0.3015090 secs] [Times: user=1.15 sys=0.00, real=0.30 secs] 
5007.130: [Full GC (Allocation Failure) [PSYoungGen: 163922K->163849K(298496K)] [ParOldGen: 2630088K->2630080K(2731008K)] 2794011K->2793929K(3029504K), [Metaspace: 34983K->34983K(1081344K)], 0.3005530 secs] [Times: user=1.07 sys=0.00, real=0.30 secs] 
7278.074: [GC (Allocation Failure) --[PSYoungGen: 164555K->164555K(298496K)] 2794635K->2794635K(3029504K), 0.5638703 secs] [Times: user=2.16 sys=0.00, real=0.57 secs] 
7278.638: [Full GC (Ergonomics) [PSYoungGen: 164555K->163849K(298496K)] [ParOldGen: 2630080K->2630080K(2731008K)] 2794635K->2793929K(3029504K), [Metaspace: 34987K->34987K(1081344K)], 0.3184742 secs] [Times: user=1.12 sys=0.00, real=0.32 secs] 
7278.956: [GC (Allocation Failure) --[PSYoungGen: 163849K->163849K(298496K)] 2793929K->2793945K(3029504K), 0.3071631 secs] [Times: user=1.17 sys=0.00, real=0.30 secs] 
7279.264: [Full GC (Allocation Failure) [PSYoungGen: 163849K->163849K(298496K)] [ParOldGen: 2630096K->2630080K(2731008K)] 2793945K->2793929K(3029504K), [Metaspace: 34987K->34987K(1081344K)], 0.2976364 secs] [Times: user=1.06 sys=0.00, real=0.30 secs] 
7279.642: [GC (Allocation Failure) --[PSYoungGen: 164046K->164046K(298496K)] 2794126K->2794126K(3029504K), 0.3464567 secs] [Times: user=1.27 sys=0.00, real=0.35 secs] 
7279.988: [Full GC (Ergonomics) [PSYoungGen: 164046K->163922K(298496K)] [ParOldGen: 2630080K->2630080K(2731008K)] 2794126K->2794003K(3029504K), [Metaspace: 34987K->34987K(1081344K)], 0.3122338 secs] [Times: user=1.12 sys=0.00, real=0.31 secs] 
7280.301: [GC (Allocation Failure) --[PSYoungGen: 163922K->163922K(298496K)] 2794003K->2794011K(3029504K), 0.3100944 secs] [Times: user=1.19 sys=0.00, real=0.31 secs] 
7280.611: [Full GC (Allocation Failure) [PSYoungGen: 163922K->163849K(298496K)] [ParOldGen: 2630088K->2630080K(2731008K)] 2794011K->2793929K(3029504K), [Metaspace: 34987K->34987K(1081344K)], 0.3008683 secs] [Times: user=1.07 sys=0.00, real=0.30 secs] 
7280.994: [GC (Allocation Failure) --[PSYoungGen: 164044K->164044K(298496K)] 2794124K->2794124K(3029504K), 0.3194950 secs] [Times: user=1.22 sys=0.00, real=0.32 secs] 
7281.314: [Full GC (Ergonomics) [PSYoungGen: 164044K->163922K(298496K)] [ParOldGen: 2630080K->2630080K(2731008K)] 2794124K->2794003K(3029504K), [Metaspace: 34987K->34987K(1081344K)], 0.3177997 secs] [Times: user=1.14 sys=0.00, real=0.32 secs] 
7281.632: [GC (Allocation Failure) --[PSYoungGen: 163922K->163922K(298496K)] 2794003K->2794011K(3029504K), 0.3218234 secs] [Times: user=1.22 sys=0.00, real=0.32 secs] 
7281.954: [Full GC (Allocation Failure) [PSYoungGen: 163922K->163849K(298496K)] [ParOldGen: 2630088K->2630080K(2731008K)] 2794011K->2793929K(3029504K), [Metaspace: 34987K->34987K(1081344K)], 0.3009308 secs] [Times: user=1.08 sys=0.00, real=0.30 secs] 
7282.348: [GC (Allocation Failure) --[PSYoungGen: 164044K->164044K(298496K)] 2794125K->2794125K(3029504K), 0.3460101 secs] [Times: user=1.27 sys=0.00, real=0.34 secs] 
7282.694: [Full GC (Ergonomics) [PSYoungGen: 164044K->163922K(298496K)] [ParOldGen: 2630080K->2630080K(2731008K)] 2794125K->2794003K(3029504K), [Metaspace: 34987K->34987K(1081344K)], 1.6289379 secs] [Times: user=1.07 sys=0.00, real=1.63 secs] 
7284.323: [GC (Allocation Failure) --[PSYoungGen: 163922K->163922K(298496K)] 2794003K->2794019K(3029504K), 0.3057763 secs] [Times: user=1.16 sys=0.00, real=0.31 secs] 
7284.629: [Full GC (Allocation Failure) [PSYoungGen: 163922K->163849K(298496K)] [ParOldGen: 2630096K->2630080K(2731008K)] 2794019K->2793929K(3029504K), [Metaspace: 34987K->34987K(1081344K)], 0.3124573 secs] [Times: user=1.10 sys=0.00, real=0.31 secs] 
7285.040: [GC (Allocation Failure) --[PSYoungGen: 164044K->164044K(298496K)] 2794124K->2794124K(3029504K), 0.3908731 secs] [Times: user=1.46 sys=0.00, real=0.39 secs] 
7285.431: [Full GC (Ergonomics) [PSYoungGen: 164044K->163922K(298496K)] [ParOldGen: 2630080K->2630080K(2731008K)] 2794124K->2794003K(3029504K), [Metaspace: 34987K->34987K(1081344K)], 0.3195921 secs] [Times: user=1.13 sys=0.00, real=0.32 secs] 
7285.751: [GC (Allocation Failure) --[PSYoungGen: 163922K->163922K(298496K)] 2794003K->2794011K(3029504K), 0.3079607 secs] [Times: user=1.17 sys=0.00, real=0.31 secs] 
7286.059: [Full GC (Allocation Failure) [PSYoungGen: 163922K->163849K(298496K)] [ParOldGen: 2630088K->2630080K(2731008K)] 2794011K->2793929K(3029504K), [Metaspace: 34987K->34987K(1081344K)], 0.3040379 secs] [Times: user=1.08 sys=0.00, real=0.30 secs] 
7286.454: [GC (Allocation Failure) --[PSYoungGen: 164043K->164043K(298496K)] 2794123K->2794123K(3029504K), 0.3046515 secs] [Times: user=1.17 sys=0.00, real=0.31 secs] 
7286.758: [Full GC (Ergonomics) [PSYoungGen: 164043K->163923K(298496K)] [ParOldGen: 2630080K->2630080K(2731008K)] 2794123K->2794003K(3029504K), [Metaspace: 34987K->34987K(1081344K)], 0.3191079 secs] [Times: user=1.10 sys=0.00, real=0.32 secs] 
7287.078: [GC (Allocation Failure) --[PSYoungGen: 163923K->163923K(298496K)] 2794003K->2794011K(3029504K), 0.3053218 secs] [Times: user=1.17 sys=0.00, real=0.30 secs] 
7287.383: [Full GC (Allocation Failure) [PSYoungGen: 163923K->163849K(298496K)] [ParOldGen: 2630088K->2630080K(2731008K)] 2794011K->2793930K(3029504K), [Metaspace: 34987K->34987K(1081344K)], 0.3008298 secs] [Times: user=1.07 sys=0.00, real=0.31 secs] 
7287.775: [GC (Allocation Failure) --[PSYoungGen: 164044K->164044K(298496K)] 2794125K->2794125K(3029504K), 0.3723273 secs] [Times: user=1.39 sys=0.00, real=0.38 secs] 
7288.147: [Full GC (Ergonomics) [PSYoungGen: 164044K->163923K(298496K)] [ParOldGen: 2630080K->2630080K(2731008K)] 2794125K->2794003K(3029504K), [Metaspace: 34987K->34987K(1081344K)], 0.3079964 secs] [Times: user=1.10 sys=0.00, real=0.30 secs] 
7288.456: [GC (Allocation Failure) --[PSYoungGen: 163923K->163923K(298496K)] 2794003K->2794019K(3029504K), 0.2779999 secs] [Times: user=1.06 sys=0.00, real=0.28 secs] 
7288.734: [Full GC (Allocation Failure) [PSYoungGen: 163923K->163849K(298496K)] [ParOldGen: 2630096K->2630080K(2731008K)] 2794019K->2793929K(3029504K), [Metaspace: 34987K->34987K(1081344K)], 0.2594786 secs] [Times: user=0.92 sys=0.00, real=0.26 secs] 
7289.082: [GC (Allocation Failure) --[PSYoungGen: 164045K->164045K(298496K)] 2794125K->2794125K(3029504K), 0.3063573 secs] [Times: user=1.17 sys=0.00, real=0.31 secs] 
7289.389: [Full GC (Ergonomics) [PSYoungGen: 164045K->163923K(298496K)] [ParOldGen: 2630080K->2630080K(2731008K)] 2794125K->2794003K(3029504K), [Metaspace: 34987K->34987K(1081344K)], 0.2958922 secs] [Times: user=1.06 sys=0.00, real=0.30 secs] 
7289.684: [GC (Allocation Failure) --[PSYoungGen: 163923K->163923K(298496K)] 2794003K->2794019K(3029504K), 0.2799153 secs] [Times: user=1.06 sys=0.00, real=0.28 secs] 
7289.964: [Full GC (Allocation Failure) [PSYoungGen: 163923K->163849K(298496K)] [ParOldGen: 2630096K->2630080K(2731008K)] 2794019K->2793929K(3029504K), [Metaspace: 34987K->34987K(1081344K)], 0.2600395 secs] [Times: user=0.92 sys=0.00, real=0.26 secs] 
7290.297: [GC (Allocation Failure) --[PSYoungGen: 164045K->164045K(298496K)] 2794125K->2794125K(3029504K), 0.3090529 secs] [Times: user=1.19 sys=0.00, real=0.31 secs] 
7290.606: [Full GC (Ergonomics) [PSYoungGen: 164045K->163923K(298496K)] [ParOldGen: 2630080K->2630080K(2731008K)] 2794125K->2794003K(3029504K), [Metaspace: 34987K->34987K(1081344K)], 0.3201009 secs] [Times: user=1.13 sys=0.00, real=0.32 secs] 
7290.926: [GC (Allocation Failure) --[PSYoungGen: 163923K->163923K(298496K)] 2794003K->2794027K(3029504K), 0.2861577 secs] [Times: user=1.08 sys=0.00, real=0.28 secs] 
7291.213: [Full GC (Allocation Failure) [PSYoungGen: 163923K->163849K(298496K)] [ParOldGen: 2630104K->2630080K(2731008K)] 2794027K->2793929K(3029504K), [Metaspace: 34987K->34987K(1081344K)], 0.2651765 secs] [Times: user=0.93 sys=0.00, real=0.27 secs] 
7291.573: [GC (Allocation Failure) --[PSYoungGen: 164045K->164045K(298496K)] 2794125K->2794125K(3029504K), 0.3103472 secs] [Times: user=1.17 sys=0.00, real=0.31 secs] 
7291.883: [Full GC (Ergonomics) [PSYoungGen: 164045K->163922K(298496K)] [ParOldGen: 2630080K->2630080K(2731008K)] 2794125K->2794003K(3029504K), [Metaspace: 34987K->34987K(1081344K)], 0.2986873 secs] [Times: user=1.07 sys=0.00, real=0.30 secs] 
7292.182: [GC (Allocation Failure) --[PSYoungGen: 163922K->163922K(298496K)] 2794003K->2794011K(3029504K), 0.2800786 secs] [Times: user=1.07 sys=0.00, real=0.28 secs] 
7292.462: [Full GC (Allocation Failure) [PSYoungGen: 163922K->163849K(298496K)] [ParOldGen: 2630088K->2630080K(2731008K)] 2794011K->2793929K(3029504K), [Metaspace: 34987K->34987K(1081344K)], 0.2623001 secs] [Times: user=0.91 sys=0.00, real=0.27 secs] 
7292.803: [GC (Allocation Failure) --[PSYoungGen: 164045K->164045K(298496K)] 2794125K->2794125K(3029504K), 0.3586757 secs] [Times: user=1.33 sys=0.00, real=0.36 secs] 
7293.162: [Full GC (Ergonomics) [PSYoungGen: 164045K->163922K(298496K)] [ParOldGen: 2630080K->2630080K(2731008K)] 2794125K->2794003K(3029504K), [Metaspace: 34987K->34987K(1081344K)], 0.3154980 secs] [Times: user=1.13 sys=0.00, real=0.32 secs] 
7293.477: [GC (Allocation Failure) --[PSYoungGen: 163922K->163922K(298496K)] 2794003K->2794011K(3029504K), 0.2807895 secs] [Times: user=1.07 sys=0.00, real=0.28 secs] 
7293.758: [Full GC (Allocation Failure) [PSYoungGen: 163922K->163849K(298496K)] [ParOldGen: 2630088K->2630080K(2731008K)] 2794011K->2793929K(3029504K), [Metaspace: 34987K->34987K(1081344K)], 0.2603647 secs] [Times: user=0.92 sys=0.00, real=0.26 secs] 
7294.095: [GC (Allocation Failure) --[PSYoungGen: 164047K->164047K(298496K)] 2794127K->2794127K(3029504K), 0.3022680 secs] [Times: user=1.16 sys=0.00, real=0.31 secs] 
7294.398: [Full GC (Ergonomics) [PSYoungGen: 164047K->163923K(298496K)] [ParOldGen: 2630080K->2630080K(2731008K)] 2794127K->2794004K(3029504K), [Metaspace: 34997K->34997K(1081344K)], 0.3043691 secs] [Times: user=1.08 sys=0.00, real=0.30 secs] 
7294.702: [GC (Allocation Failure) --[PSYoungGen: 163923K->163923K(298496K)] 2794004K->2794020K(3029504K), 0.2787173 secs] [Times: user=1.07 sys=0.00, real=0.28 secs] 
7294.981: [Full GC (Allocation Failure) [PSYoungGen: 163923K->163849K(298496K)] [ParOldGen: 2630096K->2630080K(2731008K)] 2794020K->2793930K(3029504K), [Metaspace: 34997K->34997K(1081344K)], 0.2842321 secs] [Times: user=1.01 sys=0.00, real=0.29 secs] 
7295.356: [GC (Allocation Failure) --[PSYoungGen: 164044K->164044K(298496K)] 2794125K->2794133K(3029504K), 0.3111055 secs] [Times: user=1.18 sys=0.00, real=0.31 secs] 
7295.667: [Full GC (Ergonomics) [PSYoungGen: 164044K->163923K(298496K)] [ParOldGen: 2630088K->2630080K(2731008K)] 2794133K->2794004K(3029504K), [Metaspace: 34997K->34997K(1081344K)], 1.0862002 secs] [Times: user=1.01 sys=0.00, real=1.08 secs] 
7296.753: [GC (Allocation Failure) --[PSYoungGen: 163923K->163923K(298496K)] 2794004K->2794020K(3029504K), 0.2763953 secs] [Times: user=1.06 sys=0.00, real=0.28 secs] 
7297.030: [Full GC (Allocation Failure) [PSYoungGen: 163923K->163849K(298496K)] [ParOldGen: 2630096K->2630081K(2731008K)] 2794020K->2793930K(3029504K), [Metaspace: 34997K->34997K(1081344K)], 0.2736477 secs] [Times: user=0.95 sys=0.00, real=0.27 secs] 
7297.402: [GC (Allocation Failure) --[PSYoungGen: 164045K->164045K(298496K)] 2794126K->2794126K(3029504K), 0.3373658 secs] [Times: user=1.21 sys=0.00, real=0.34 secs] 
7297.739: [Full GC (Ergonomics) [PSYoungGen: 164045K->163923K(298496K)] [ParOldGen: 2630081K->2630080K(2731008K)] 2794126K->2794004K(3029504K), [Metaspace: 34997K->34997K(1081344K)], 0.2936659 secs] [Times: user=1.04 sys=0.00, real=0.29 secs] 
7298.033: [GC (Allocation Failure) --[PSYoungGen: 163923K->163923K(298496K)] 2794004K->2794012K(3029504K), 0.2802555 secs] [Times: user=1.07 sys=0.00, real=0.28 secs] 
7298.314: [Full GC (Allocation Failure) [PSYoungGen: 163923K->163849K(298496K)] [ParOldGen: 2630088K->2630081K(2731008K)] 2794012K->2793930K(3029504K), [Metaspace: 34997K->34997K(1081344K)], 0.2943569 secs] [Times: user=0.97 sys=0.00, real=0.30 secs] 
7298.677: [GC (Allocation Failure) --[PSYoungGen: 164044K->164044K(298496K)] 2794125K->2794125K(3029504K), 0.3824858 secs] [Times: user=1.43 sys=0.00, real=0.38 secs] 
7299.059: [Full GC (Ergonomics) [PSYoungGen: 164044K->163923K(298496K)] [ParOldGen: 2630081K->2630080K(2731008K)] 2794125K->2794004K(3029504K), [Metaspace: 34997K->34997K(1081344K)], 0.3071995 secs] [Times: user=1.10 sys=0.00, real=0.31 secs] 
7299.367: [GC (Allocation Failure) --[PSYoungGen: 163923K->163923K(298496K)] 2794004K->2794020K(3029504K), 0.2778706 secs] [Times: user=1.06 sys=0.00, real=0.28 secs] 
7299.645: [Full GC (Allocation Failure) [PSYoungGen: 163923K->163849K(298496K)] [ParOldGen: 2630096K->2630081K(2731008K)] 2794020K->2793930K(3029504K), [Metaspace: 34997K->34997K(1081344K)], 0.2595580 secs] [Times: user=0.92 sys=0.00, real=0.26 secs] 
7299.999: [GC (Allocation Failure) --[PSYoungGen: 164044K->164044K(298496K)] 2794125K->2794125K(3029504K), 0.3082626 secs] [Times: user=1.17 sys=0.00, real=0.31 secs] 
7300.307: [Full GC (Ergonomics) [PSYoungGen: 164044K->163922K(298496K)] [ParOldGen: 2630081K->2630081K(2731008K)] 2794125K->2794004K(3029504K), [Metaspace: 34997K->34997K(1081344K)], 0.2980322 secs] [Times: user=1.06 sys=0.00, real=0.30 secs] 
7300.606: [GC (Allocation Failure) --[PSYoungGen: 163922K->163922K(298496K)] 2794004K->2794020K(3029504K), 0.2804086 secs] [Times: user=1.07 sys=0.00, real=0.28 secs] 
7300.886: [Full GC (Allocation Failure) [PSYoungGen: 163922K->163849K(298496K)] [ParOldGen: 2630097K->2630081K(2731008K)] 2794020K->2793930K(3029504K), [Metaspace: 34997K->34997K(1081344K)], 0.2695910 secs] [Times: user=0.94 sys=0.00, real=0.27 secs] 
7301.244: [GC (Allocation Failure) --[PSYoungGen: 164045K->164045K(298496K)] 2794126K->2794126K(3029504K), 0.3195643 secs] [Times: user=1.20 sys=0.00, real=0.32 secs] 
7301.564: [Full GC (Ergonomics) [PSYoungGen: 164045K->163922K(298496K)] [ParOldGen: 2630081K->2630081K(2731008K)] 2794126K->2794004K(3029504K), [Metaspace: 34997K->34997K(1081344K)], 0.3426204 secs] [Times: user=1.23 sys=0.00, real=0.34 secs] 
7301.907: [GC (Allocation Failure) --[PSYoungGen: 163922K->163922K(298496K)] 2794004K->2794020K(3029504K), 0.2763902 secs] [Times: user=1.05 sys=0.00, real=0.27 secs] 
7302.183: [Full GC (Allocation Failure) [PSYoungGen: 163922K->163849K(298496K)] [ParOldGen: 2630097K->2630081K(2731008K)] 2794020K->2793930K(3029504K), [Metaspace: 34997K->34997K(1081344K)], 0.2854871 secs] [Times: user=1.01 sys=0.00, real=0.29 secs] 
7302.576: [GC (Allocation Failure) --[PSYoungGen: 164044K->164044K(298496K)] 2794126K->2794126K(3029504K), 0.3212381 secs] [Times: user=1.21 sys=0.00, real=0.32 secs] 
7302.898: [Full GC (Ergonomics) [PSYoungGen: 164044K->163922K(298496K)] [ParOldGen: 2630081K->2630081K(2731008K)] 2794126K->2794004K(3029504K), [Metaspace: 34997K->34997K(1081344K)], 0.2929626 secs] [Times: user=1.05 sys=0.00, real=0.29 secs] 
7303.191: [GC (Allocation Failure) --[PSYoungGen: 163922K->163922K(298496K)] 2794004K->2794020K(3029504K), 0.2826893 secs] [Times: user=1.07 sys=0.00, real=0.28 secs] 
7303.474: [Full GC (Allocation Failure) [PSYoungGen: 163922K->163849K(298496K)] [ParOldGen: 2630097K->2630081K(2731008K)] 2794020K->2793930K(3029504K), [Metaspace: 34997K->34997K(1081344K)], 0.2678523 secs] [Times: user=0.94 sys=0.00, real=0.27 secs] 
7303.828: [GC (Allocation Failure) --[PSYoungGen: 164044K->164044K(298496K)] 2794126K->2794126K(3029504K), 0.3374488 secs] [Times: user=1.28 sys=0.00, real=0.34 secs] 
7304.165: [Full GC (Ergonomics) [PSYoungGen: 164044K->163922K(298496K)] [ParOldGen: 2630081K->2630081K(2731008K)] 2794126K->2794004K(3029504K), [Metaspace: 34997K->34997K(1081344K)], 0.3148724 secs] [Times: user=1.12 sys=0.00, real=0.31 secs] 
7304.481: [GC (Allocation Failure) --[PSYoungGen: 163922K->163922K(298496K)] 2794004K->2794020K(3029504K), 0.2812529 secs] [Times: user=1.07 sys=0.00, real=0.28 secs] 
7304.762: [Full GC (Allocation Failure) [PSYoungGen: 163922K->163849K(298496K)] [ParOldGen: 2630097K->2630081K(2731008K)] 2794020K->2793930K(3029504K), [Metaspace: 34997K->34997K(1081344K)], 0.2634146 secs] [Times: user=0.91 sys=0.00, real=0.27 secs] 
7305.137: [GC (Allocation Failure) --[PSYoungGen: 164044K->164044K(298496K)] 2794126K->2794126K(3029504K), 0.3100353 secs] [Times: user=1.18 sys=0.00, real=0.31 secs] 
7305.447: [Full GC (Ergonomics) [PSYoungGen: 164044K->163922K(298496K)] [ParOldGen: 2630081K->2630081K(2731008K)] 2794126K->2794004K(3029504K), [Metaspace: 34997K->34997K(1081344K)], 0.2976331 secs] [Times: user=1.07 sys=0.00, real=0.30 secs] 
7305.745: [GC (Allocation Failure) --[PSYoungGen: 163922K->163922K(298496K)] 2794004K->2794012K(3029504K), 0.2833654 secs] [Times: user=1.08 sys=0.00, real=0.28 secs] 
7306.028: [Full GC (Allocation Failure) [PSYoungGen: 163922K->163849K(298496K)] [ParOldGen: 2630089K->2630081K(2731008K)] 2794012K->2793930K(3029504K), [Metaspace: 34997K->34997K(1081344K)], 1.5694565 secs] [Times: user=0.91 sys=0.00, real=1.57 secs] 
7307.672: [GC (Allocation Failure) --[PSYoungGen: 164044K->164044K(298496K)] 2794126K->2794126K(3029504K), 0.3125950 secs] [Times: user=1.19 sys=0.00, real=0.32 secs] 
7307.985: [Full GC (Ergonomics) [PSYoungGen: 164044K->163922K(298496K)] [ParOldGen: 2630081K->2630081K(2731008K)] 2794126K->2794004K(3029504K), [Metaspace: 34997K->34997K(1081344K)], 0.3164046 secs] [Times: user=1.13 sys=0.00, real=0.31 secs] 
7308.301: [GC (Allocation Failure) --[PSYoungGen: 163922K->163922K(298496K)] 2794004K->2794020K(3029504K), 0.3145722 secs] [Times: user=1.19 sys=0.00, real=0.32 secs] 
7308.616: [Full GC (Allocation Failure) [PSYoungGen: 163922K->163849K(298496K)] [ParOldGen: 2630097K->2630081K(2731008K)] 2794020K->2793930K(3029504K), [Metaspace: 34997K->34997K(1081344K)], 0.3063982 secs] [Times: user=1.07 sys=0.00, real=0.30 secs] 
7309.024: [GC (Allocation Failure) --[PSYoungGen: 164045K->164045K(298496K)] 2794126K->2794126K(3029504K), 0.3109254 secs] [Times: user=1.17 sys=0.00, real=0.30 secs] 
7309.335: [Full GC (Ergonomics) [PSYoungGen: 164045K->163922K(298496K)] [ParOldGen: 2630081K->2630081K(2731008K)] 2794126K->2794004K(3029504K), [Metaspace: 34997K->34997K(1081344K)], 0.3083106 secs] [Times: user=1.10 sys=0.00, real=0.32 secs] 
7309.644: [GC (Allocation Failure) --[PSYoungGen: 163922K->163922K(298496K)] 2794004K->2794020K(3029504K), 0.3149752 secs] [Times: user=1.18 sys=0.00, real=0.31 secs] 
7309.959: [Full GC (Allocation Failure) [PSYoungGen: 163922K->163849K(298496K)] [ParOldGen: 2630097K->2630081K(2731008K)] 2794020K->2793930K(3029504K), [Metaspace: 34997K->34997K(1081344K)], 0.3024880 secs] [Times: user=1.08 sys=0.00, real=0.30 secs] 
7310.332: [GC (Allocation Failure) --[PSYoungGen: 164042K->164042K(298496K)] 2794124K->2794124K(3029504K), 0.3556961 secs] [Times: user=1.34 sys=0.00, real=0.36 secs] 
7310.687: [Full GC (Ergonomics) [PSYoungGen: 164042K->163922K(298496K)] [ParOldGen: 2630081K->2630081K(2731008K)] 2794124K->2794004K(3029504K), [Metaspace: 34997K->34997K(1081344K)], 1.6626216 secs] [Times: user=1.10 sys=0.00, real=1.66 secs] 
7312.350: [GC (Allocation Failure) --[PSYoungGen: 163922K->163922K(298496K)] 2794004K->2794012K(3029504K), 0.3050095 secs] [Times: user=1.17 sys=0.00, real=0.30 secs] 
7312.655: [Full GC (Allocation Failure) [PSYoungGen: 163922K->163849K(298496K)] [ParOldGen: 2630089K->2630081K(2731008K)] 2794012K->2793930K(3029504K), [Metaspace: 34997K->34997K(1081344K)], 0.3006654 secs] [Times: user=1.07 sys=0.00, real=0.31 secs] 
7313.053: [GC (Allocation Failure) --[PSYoungGen: 164045K->164045K(298496K)] 2794126K->2794126K(3029504K), 0.3217990 secs] [Times: user=1.21 sys=0.00, real=0.32 secs] 
7313.375: [Full GC (Ergonomics) [PSYoungGen: 164045K->163922K(298496K)] [ParOldGen: 2630081K->2630081K(2731008K)] 2794126K->2794004K(3029504K), [Metaspace: 34997K->34997K(1081344K)], 0.3158054 secs] [Times: user=1.12 sys=0.00, real=0.32 secs] 
7313.691: [GC (Allocation Failure) --[PSYoungGen: 163922K->163922K(298496K)] 2794004K->2794020K(3029504K), 0.3137152 secs] [Times: user=1.18 sys=0.00, real=0.32 secs] 
7314.005: [Full GC (Allocation Failure) [PSYoungGen: 163922K->163849K(298496K)] [ParOldGen: 2630097K->2630081K(2731008K)] 2794020K->2793930K(3029504K), [Metaspace: 34997K->34997K(1081344K)], 0.3001236 secs] [Times: user=1.05 sys=0.00, real=0.30 secs] 
7314.375: [GC (Allocation Failure) --[PSYoungGen: 164044K->164044K(298496K)] 2794125K->2794125K(3029504K), 0.3155171 secs] [Times: user=1.19 sys=0.00, real=0.32 secs] 
7314.691: [Full GC (Ergonomics) [PSYoungGen: 164044K->163922K(298496K)] [ParOldGen: 2630081K->2630081K(2731008K)] 2794125K->2794004K(3029504K), [Metaspace: 34997K->34997K(1081344K)], 0.3153088 secs] [Times: user=1.13 sys=0.00, real=0.32 secs] 
7315.006: [GC (Allocation Failure) --[PSYoungGen: 163922K->163922K(298496K)] 2794004K->2794020K(3029504K), 0.3108610 secs] [Times: user=1.18 sys=0.00, real=0.31 secs] 
7315.317: [Full GC (Allocation Failure) [PSYoungGen: 163922K->163849K(298496K)] [ParOldGen: 2630097K->2630081K(2731008K)] 2794020K->2793930K(3029504K), [Metaspace: 34997K->34997K(1081344K)], 0.2970648 secs] [Times: user=1.06 sys=0.00, real=0.29 secs] 
7315.714: [GC (Allocation Failure) --[PSYoungGen: 164042K->164042K(298496K)] 2794124K->2794124K(3029504K), 0.3661056 secs] [Times: user=1.39 sys=0.00, real=0.37 secs] 
7316.080: [Full GC (Ergonomics) [PSYoungGen: 164042K->163922K(298496K)] [ParOldGen: 2630081K->2630081K(2731008K)] 2794124K->2794004K(3029504K), [Metaspace: 34997K->34997K(1081344K)], 0.3289493 secs] [Times: user=1.15 sys=0.00, real=0.33 secs] 
7316.409: [GC (Allocation Failure) --[PSYoungGen: 163922K->163922K(298496K)] 2794004K->2794020K(3029504K), 0.3084009 secs] [Times: user=1.17 sys=0.00, real=0.31 secs] 
7316.718: [Full GC (Allocation Failure) [PSYoungGen: 163922K->163849K(298496K)] [ParOldGen: 2630097K->2630081K(2731008K)] 2794020K->2793930K(3029504K), [Metaspace: 34997K->34997K(1081344K)], 0.3133990 secs] [Times: user=1.08 sys=0.00, real=0.31 secs] 
7317.113: [GC (Allocation Failure) --[PSYoungGen: 164045K->164045K(298496K)] 2794126K->2794126K(3029504K), 0.3124033 secs] [Times: user=1.17 sys=0.00, real=0.32 secs] 
7317.425: [Full GC (Ergonomics) [PSYoungGen: 164045K->163922K(298496K)] [ParOldGen: 2630081K->2630081K(2731008K)] 2794126K->2794004K(3029504K), [Metaspace: 34997K->34997K(1081344K)], 0.3009772 secs] [Times: user=1.07 sys=0.00, real=0.30 secs] 
7317.726: [GC (Allocation Failure) --[PSYoungGen: 163922K->163922K(298496K)] 2794004K->2794012K(3029504K), 0.2805208 secs] [Times: user=1.07 sys=0.00, real=0.28 secs] 
7318.007: [Full GC (Allocation Failure) [PSYoungGen: 163922K->163849K(298496K)] [ParOldGen: 2630089K->2630081K(2731008K)] 2794012K->2793930K(3029504K), [Metaspace: 34997K->34997K(1081344K)], 0.2608640 secs] [Times: user=0.92 sys=0.00, real=0.26 secs] 
7318.358: [GC (Allocation Failure) --[PSYoungGen: 164045K->164045K(298496K)] 2794126K->2794126K(3029504K), 0.3196107 secs] [Times: user=1.20 sys=0.00, real=0.32 secs] 
7318.678: [Full GC (Ergonomics) [PSYoungGen: 164045K->163922K(298496K)] [ParOldGen: 2630081K->2630081K(2731008K)] 2794126K->2794004K(3029504K), [Metaspace: 34997K->34997K(1081344K)], 0.3613997 secs] [Times: user=1.29 sys=0.00, real=0.36 secs] 
7319.039: [GC (Allocation Failure) --[PSYoungGen: 163922K->163922K(298496K)] 2794004K->2794012K(3029504K), 0.2778423 secs] [Times: user=1.06 sys=0.00, real=0.28 secs] 
7319.317: [Full GC (Allocation Failure) [PSYoungGen: 163922K->163849K(298496K)] [ParOldGen: 2630089K->2630081K(2731008K)] 2794012K->2793930K(3029504K), [Metaspace: 34997K->34997K(1081344K)], 0.2633694 secs] [Times: user=0.92 sys=0.00, real=0.26 secs] 
7319.665: [GC (Allocation Failure) --[PSYoungGen: 164045K->164045K(298496K)] 2794126K->2794126K(3029504K), 0.3079747 secs] [Times: user=1.18 sys=0.00, real=0.30 secs] 
7319.973: [Full GC (Ergonomics) [PSYoungGen: 164045K->163922K(298496K)] [ParOldGen: 2630081K->2630081K(2731008K)] 2794126K->2794004K(3029504K), [Metaspace: 34997K->34997K(1081344K)], 0.2972085 secs] [Times: user=1.04 sys=0.00, real=0.30 secs] 
7320.270: [GC (Allocation Failure) --[PSYoungGen: 163922K->163922K(298496K)] 2794004K->2794012K(3029504K), 0.2797760 secs] [Times: user=1.07 sys=0.00, real=0.28 secs] 
7320.550: [Full GC (Allocation Failure) [PSYoungGen: 163922K->163849K(298496K)] [ParOldGen: 2630089K->2630081K(2731008K)] 2794012K->2793930K(3029504K), [Metaspace: 34997K->34997K(1081344K)], 0.2599465 secs] [Times: user=0.92 sys=0.00, real=0.26 secs] 
7320.895: [GC (Allocation Failure) --[PSYoungGen: 164045K->164045K(298496K)] 2794126K->2794126K(3029504K), 0.3066201 secs] [Times: user=1.17 sys=0.00, real=0.31 secs] 
7321.202: [Full GC (Ergonomics) [PSYoungGen: 164045K->163922K(298496K)] [ParOldGen: 2630081K->2630081K(2731008K)] 2794126K->2794004K(3029504K), [Metaspace: 34997K->34997K(1081344K)], 0.3180681 secs] [Times: user=1.13 sys=0.00, real=0.32 secs] 
7321.520: [GC (Allocation Failure) --[PSYoungGen: 163922K->163922K(298496K)] 2794004K->2794020K(3029504K), 0.2805854 secs] [Times: user=1.07 sys=0.00, real=0.28 secs] 
7321.801: [Full GC (Allocation Failure) [PSYoungGen: 163922K->163849K(298496K)] [ParOldGen: 2630097K->2630081K(2731008K)] 2794020K->2793930K(3029504K), [Metaspace: 34997K->34997K(1081344K)], 0.2659082 secs] [Times: user=0.92 sys=0.00, real=0.27 secs] 
7322.156: [GC (Allocation Failure) --[PSYoungGen: 164045K->164045K(298496K)] 2794126K->2794126K(3029504K), 1.5393697 secs] [Times: user=1.10 sys=0.00, real=1.54 secs] 
7323.695: [Full GC (Ergonomics) [PSYoungGen: 164045K->163922K(298496K)] [ParOldGen: 2630081K->2630081K(2731008K)] 2794126K->2794004K(3029504K), [Metaspace: 34997K->34997K(1081344K)], 0.2705747 secs] [Times: user=0.94 sys=0.00, real=0.28 secs] 
7323.966: [GC (Allocation Failure) --[PSYoungGen: 163922K->163922K(298496K)] 2794004K->2794020K(3029504K), 0.2849943 secs] [Times: user=1.08 sys=0.00, real=0.28 secs] 
7324.251: [Full GC (Allocation Failure) [PSYoungGen: 163922K->163849K(298496K)] [ParOldGen: 2630097K->2630081K(2731008K)] 2794020K->2793930K(3029504K), [Metaspace: 34997K->34997K(1081344K)], 0.2618030 secs] [Times: user=0.92 sys=0.00, real=0.26 secs] 
7324.601: [GC (Allocation Failure) --[PSYoungGen: 164044K->164044K(298496K)] 2794126K->2794126K(3029504K), 0.3821768 secs] [Times: user=1.41 sys=0.00, real=0.38 secs] 
7324.983: [Full GC (Ergonomics) [PSYoungGen: 164044K->163922K(298496K)] [ParOldGen: 2630081K->2630081K(2731008K)] 2794126K->2794004K(3029504K), [Metaspace: 34997K->34997K(1081344K)], 0.3378404 secs] [Times: user=1.17 sys=0.00, real=0.34 secs] 
7325.321: [GC (Allocation Failure) --[PSYoungGen: 163922K->163922K(298496K)] 2794004K->2794012K(3029504K), 0.2913669 secs] [Times: user=1.10 sys=0.00, real=0.29 secs] 
7325.613: [Full GC (Allocation Failure) [PSYoungGen: 163922K->163849K(298496K)] [ParOldGen: 2630089K->2630081K(2731008K)] 2794012K->2793930K(3029504K), [Metaspace: 34997K->34997K(1081344K)], 0.2677240 secs] [Times: user=0.92 sys=0.00, real=0.27 secs] 
7325.954: [GC (Allocation Failure) --[PSYoungGen: 164045K->164045K(298496K)] 2794127K->2794127K(3029504K), 0.3137569 secs] [Times: user=1.17 sys=0.00, real=0.32 secs] 
7326.268: [Full GC (Ergonomics) [PSYoungGen: 164045K->163922K(298496K)] [ParOldGen: 2630081K->2630081K(2731008K)] 2794127K->2794004K(3029504K), [Metaspace: 34997K->34997K(1081344K)], 0.3043497 secs] [Times: user=1.06 sys=0.00, real=0.30 secs] 
7326.572: [GC (Allocation Failure) --[PSYoungGen: 163922K->163922K(298496K)] 2794004K->2794020K(3029504K), 0.2789641 secs] [Times: user=1.06 sys=0.00, real=0.28 secs] 
7326.851: [Full GC (Allocation Failure) [PSYoungGen: 163922K->163849K(298496K)] [ParOldGen: 2630097K->2630081K(2731008K)] 2794020K->2793930K(3029504K), [Metaspace: 34997K->34997K(1081344K)], 0.2599636 secs] [Times: user=0.92 sys=0.00, real=0.26 secs] 
7327.199: [GC (Allocation Failure) --[PSYoungGen: 164042K->164042K(298496K)] 2794124K->2794124K(3029504K), 0.3273576 secs] [Times: user=1.23 sys=0.00, real=0.33 secs] 
7327.526: [Full GC (Ergonomics) [PSYoungGen: 164042K->163922K(298496K)] [ParOldGen: 2630081K->2630081K(2731008K)] 2794124K->2794004K(3029504K), [Metaspace: 34997K->34997K(1081344K)], 0.3327156 secs] [Times: user=1.18 sys=0.00, real=0.33 secs] 
7327.859: [GC (Allocation Failure) --[PSYoungGen: 163922K->163922K(298496K)] 2794004K->2794020K(3029504K), 0.2858596 secs] [Times: user=1.06 sys=0.00, real=0.29 secs] 
7328.145: [Full GC (Allocation Failure) [PSYoungGen: 163922K->163849K(298496K)] [ParOldGen: 2630097K->2630081K(2731008K)] 2794020K->2793930K(3029504K), [Metaspace: 34997K->34997K(1081344K)], 0.2613912 secs] [Times: user=0.92 sys=0.00, real=0.26 secs] 
7328.490: [GC (Allocation Failure) --[PSYoungGen: 164044K->164044K(298496K)] 2794125K->2794125K(3029504K), 0.3164924 secs] [Times: user=1.20 sys=0.00, real=0.32 secs] 
7328.807: [Full GC (Ergonomics) [PSYoungGen: 164044K->163922K(298496K)] [ParOldGen: 2630081K->2630081K(2731008K)] 2794125K->2794004K(3029504K), [Metaspace: 34997K->34997K(1081344K)], 0.3173745 secs] [Times: user=1.10 sys=0.00, real=0.32 secs] 
7329.125: [GC (Allocation Failure) --[PSYoungGen: 163922K->163922K(298496K)] 2794004K->2794012K(3029504K), 0.2833785 secs] [Times: user=1.09 sys=0.00, real=0.28 secs] 
7329.408: [Full GC (Allocation Failure) [PSYoungGen: 163922K->163849K(298496K)] [ParOldGen: 2630089K->2630081K(2731008K)] 2794012K->2793930K(3029504K), [Metaspace: 34997K->34997K(1081344K)], 0.2637086 secs] [Times: user=0.93 sys=0.00, real=0.26 secs] 
7329.751: [GC (Allocation Failure) --[PSYoungGen: 164045K->164045K(298496K)] 2794127K->2794127K(3029504K), 0.3381059 secs] [Times: user=1.30 sys=0.00, real=0.34 secs] 
7330.090: [Full GC (Ergonomics) [PSYoungGen: 164045K->163922K(298496K)] [ParOldGen: 2630081K->2630081K(2731008K)] 2794127K->2794004K(3029504K), [Metaspace: 34997K->34997K(1081344K)], 0.3282937 secs] [Times: user=1.17 sys=0.00, real=0.33 secs] 
7330.418: [GC (Allocation Failure) --[PSYoungGen: 163922K->163922K(298496K)] 2794004K->2794020K(3029504K), 0.3135910 secs] [Times: user=1.20 sys=0.00, real=0.31 secs] 
7330.732: [Full GC (Allocation Failure) [PSYoungGen: 163922K->163849K(298496K)] [ParOldGen: 2630097K->2630081K(2731008K)] 2794020K->2793930K(3029504K), [Metaspace: 34997K->34997K(1081344K)], 0.3063417 secs] [Times: user=1.09 sys=0.00, real=0.31 secs] 
7331.138: [GC (Allocation Failure) --[PSYoungGen: 164044K->164044K(298496K)] 2794126K->2794126K(3029504K), 0.3376939 secs] [Times: user=1.29 sys=0.00, real=0.34 secs] 
7331.477: [Full GC (Ergonomics) [PSYoungGen: 164044K->163922K(298496K)] [ParOldGen: 2630081K->2630081K(2731008K)] 2794126K->2794004K(3029504K), [Metaspace: 34997K->34997K(1081344K)], 0.3126238 secs] [Times: user=1.12 sys=0.00, real=0.31 secs] 
7331.790: [GC (Allocation Failure) --[PSYoungGen: 163922K->163922K(298496K)] 2794004K->2794012K(3029504K), 0.2895234 secs] [Times: user=1.11 sys=0.00, real=0.29 secs] 
7332.079: [Full GC (Allocation Failure) [PSYoungGen: 163922K->163849K(298496K)] [ParOldGen: 2630089K->2630081K(2731008K)] 2794012K->2793930K(3029504K), [Metaspace: 34997K->34997K(1081344K)], 0.2991721 secs] [Times: user=1.06 sys=0.00, real=0.30 secs] 
7332.489: [GC (Allocation Failure) --[PSYoungGen: 164044K->164044K(298496K)] 2794126K->2794126K(3029504K), 0.3101287 secs] [Times: user=1.19 sys=0.00, real=0.31 secs] 
7332.799: [Full GC (Ergonomics) [PSYoungGen: 164044K->163922K(298496K)] [ParOldGen: 2630081K->2630081K(2731008K)] 2794126K->2794004K(3029504K), [Metaspace: 34997K->34997K(1081344K)], 0.3575223 secs] [Times: user=1.29 sys=0.00, real=0.36 secs] 
7333.156: [GC (Allocation Failure) --[PSYoungGen: 163922K->163922K(298496K)] 2794004K->2794012K(3029504K), 0.2875692 secs] [Times: user=1.10 sys=0.00, real=0.29 secs] 
7333.444: [Full GC (Allocation Failure) [PSYoungGen: 163922K->163849K(298496K)] [ParOldGen: 2630089K->2630081K(2731008K)] 2794012K->2793930K(3029504K), [Metaspace: 34997K->34997K(1081344K)], 0.2765576 secs] [Times: user=0.99 sys=0.00, real=0.27 secs] 
7333.796: [GC (Allocation Failure) --[PSYoungGen: 164044K->164044K(298496K)] 2794126K->2794126K(3029504K), 0.3181432 secs] [Times: user=1.22 sys=0.00, real=0.31 secs] 
7334.114: [Full GC (Ergonomics) [PSYoungGen: 164044K->163922K(298496K)] [ParOldGen: 2630081K->2630081K(2731008K)] 2794126K->2794004K(3029504K), [Metaspace: 34997K->34997K(1081344K)], 0.3053331 secs] [Times: user=1.09 sys=0.00, real=0.31 secs] 
7334.420: [GC (Allocation Failure) --[PSYoungGen: 163922K->163922K(298496K)] 2794004K->2794012K(3029504K), 0.2802405 secs] [Times: user=1.07 sys=0.00, real=0.28 secs] 
7334.700: [Full GC (Allocation Failure) [PSYoungGen: 163922K->163849K(298496K)] [ParOldGen: 2630089K->2630081K(2731008K)] 2794012K->2793930K(3029504K), [Metaspace: 34997K->34997K(1081344K)], 0.2639963 secs] [Times: user=0.93 sys=0.00, real=0.27 secs] 
7335.057: [GC (Allocation Failure) --[PSYoungGen: 164044K->164044K(298496K)] 2794126K->2794126K(3029504K), 0.3861135 secs] [Times: user=1.45 sys=0.00, real=0.38 secs] 
7335.443: [Full GC (Ergonomics) [PSYoungGen: 164044K->163922K(298496K)] [ParOldGen: 2630081K->2630081K(2731008K)] 2794126K->2794004K(3029504K), [Metaspace: 34997K->34997K(1081344K)], 0.3445790 secs] [Times: user=1.25 sys=0.00, real=0.35 secs] 
7335.787: [GC (Allocation Failure) --[PSYoungGen: 163922K->163922K(298496K)] 2794004K->2794020K(3029504K), 0.2840013 secs] [Times: user=1.08 sys=0.00, real=0.28 secs] 
7336.072: [Full GC (Allocation Failure) [PSYoungGen: 163922K->163849K(298496K)] [ParOldGen: 2630097K->2630081K(2731008K)] 2794020K->2793930K(3029504K), [Metaspace: 34997K->34997K(1081344K)], 0.2695875 secs] [Times: user=0.96 sys=0.00, real=0.27 secs] 
7336.425: [GC (Allocation Failure) --[PSYoungGen: 164044K->164044K(298496K)] 2794126K->2794126K(3029504K), 0.3169046 secs] [Times: user=1.22 sys=0.00, real=0.31 secs] 
7336.742: [Full GC (Ergonomics) [PSYoungGen: 164044K->163922K(298496K)] [ParOldGen: 2630081K->2630081K(2731008K)] 2794126K->2794004K(3029504K), [Metaspace: 34997K->34997K(1081344K)], 0.3213260 secs] [Times: user=1.15 sys=0.00, real=0.32 secs] 
7337.063: [GC (Allocation Failure) --[PSYoungGen: 163922K->163922K(298496K)] 2794004K->2794012K(3029504K), 0.3434552 secs] [Times: user=1.31 sys=0.00, real=0.35 secs] 
7337.407: [Full GC (Allocation Failure) [PSYoungGen: 163922K->163849K(298496K)] [ParOldGen: 2630089K->2630081K(2731008K)] 2794012K->2793930K(3029504K), [Metaspace: 34997K->34997K(1081344K)], 0.3190897 secs] [Times: user=1.14 sys=0.00, real=0.32 secs] 
7337.808: [GC (Allocation Failure) --[PSYoungGen: 164045K->164045K(298496K)] 2794126K->2794126K(3029504K), 0.3382095 secs] [Times: user=1.29 sys=0.00, real=0.34 secs] 
7338.147: [Full GC (Ergonomics) [PSYoungGen: 164045K->163922K(298496K)] [ParOldGen: 2630081K->2630081K(2731008K)] 2794126K->2794004K(3029504K), [Metaspace: 34997K->34997K(1081344K)], 0.3158769 secs] [Times: user=1.13 sys=0.00, real=0.31 secs] 
7338.463: [GC (Allocation Failure) --[PSYoungGen: 163922K->163922K(298496K)] 2794004K->2794020K(3029504K), 0.3246738 secs] [Times: user=1.24 sys=0.00, real=0.33 secs] 
7338.788: [Full GC (Allocation Failure) [PSYoungGen: 163922K->163849K(298496K)] [ParOldGen: 2630097K->2630081K(2731008K)] 2794020K->2793930K(3029504K), [Metaspace: 34997K->34997K(1081344K)], 0.3147804 secs] [Times: user=1.12 sys=0.00, real=0.31 secs] 
7339.192: [GC (Allocation Failure) --[PSYoungGen: 164043K->164043K(298496K)] 2794125K->2794125K(3029504K), 0.3175012 secs] [Times: user=1.22 sys=0.00, real=0.32 secs] 
7339.510: [Full GC (Ergonomics) [PSYoungGen: 164043K->163922K(298496K)] [ParOldGen: 2630081K->2630081K(2731008K)] 2794125K->2794004K(3029504K), [Metaspace: 34997K->34997K(1081344K)], 0.3284807 secs] [Times: user=1.17 sys=0.00, real=0.33 secs] 
7339.838: [GC (Allocation Failure) --[PSYoungGen: 163922K->163922K(298496K)] 2794004K->2794020K(3029504K), 0.3150649 secs] [Times: user=1.20 sys=0.00, real=0.31 secs] 
7340.154: [Full GC (Allocation Failure) [PSYoungGen: 163922K->163849K(298496K)] [ParOldGen: 2630097K->2630081K(2731008K)] 2794020K->2793930K(3029504K), [Metaspace: 34997K->34997K(1081344K)], 0.3122618 secs] [Times: user=1.09 sys=0.00, real=0.32 secs] 
7340.499: [GC (Allocation Failure) --[PSYoungGen: 164044K->164044K(298496K)] 2794125K->2794125K(3029504K), 0.4018634 secs] [Times: user=1.52 sys=0.00, real=0.40 secs] 
7340.901: [Full GC (Ergonomics) [PSYoungGen: 164044K->163922K(298496K)] [ParOldGen: 2630081K->2630081K(2731008K)] 2794125K->2794004K(3029504K), [Metaspace: 34997K->34997K(1081344K)], 0.3352853 secs] [Times: user=1.19 sys=0.00, real=0.34 secs] 
7341.237: [GC (Allocation Failure) --[PSYoungGen: 163922K->163922K(298496K)] 2794004K->2794020K(3029504K), 0.3139517 secs] [Times: user=1.20 sys=0.00, real=0.31 secs] 
7341.551: [Full GC (Allocation Failure) [PSYoungGen: 163922K->163849K(298496K)] [ParOldGen: 2630097K->2630081K(2731008K)] 2794020K->2793930K(3029504K), [Metaspace: 34997K->34997K(1081344K)], 0.3190891 secs] [Times: user=1.13 sys=0.00, real=0.32 secs] 
7569.008: [GC (Heap Inspection Initiated GC) --[PSYoungGen: 164076K->164076K(298496K)] 2794158K->2794158K(3029504K), 0.3146527 secs] [Times: user=1.15 sys=0.00, real=0.31 secs] 
7569.323: [Full GC (Heap Inspection Initiated GC) [PSYoungGen: 164076K->163918K(298496K)] [ParOldGen: 2630081K->2630081K(2731008K)] 2794158K->2794000K(3029504K), [Metaspace: 34997K->34997K(1081344K)], 0.2560101 secs] [Times: user=0.89 sys=0.00, real=0.26 secs] 
